03-14 21:05:33.198 21357 21376 I TestRunner: started: testSnackbarMessageForIncompleteFields(com.example.group8_bartertrader.ProductFormEspressoTest)
03-14 21:05:33.203  2188  2400 W adservices: Skip logging because Cobalt logger is null
03-14 21:05:33.205 21357 21376 W Settings: Setting always_finish_activities has moved from android.provider.Settings.System to android.provider.Settings.Global, returning read-only value.
03-14 21:05:33.216   584  2036 V GrammaticalInflectionUtils: AttributionSource: android.content.AttributionSource@2e77a409 does not have READ_SYSTEM_GRAMMATICAL_GENDER permission.
03-14 21:05:33.223  1055  1055 W SplitSelectStateCtor: Missing session instanceIds
03-14 21:05:33.223  1055  1055 D StatsLog: LAUNCHER_SPLIT_SELECTION_EXIT_INTERRUPTED
03-14 21:05:33.228  1055  1055 I TopTaskTracker: onTaskMovedToFront: (moved taskInfo to front) taskId=620, baseIntent=Intent { act=android.intent.action.MAIN cat=[android.intent.category.LAUNCHER] flg=0x10008000 cmp=com.example.group8_bartertrader/.ProductForm }
03-14 21:05:33.238   411   411 I BpBinder: onLastStrongRef automatically unlinking death recipients:
03-14 21:05:33.265 21357 21357 D AppCompatDelegate: Checking for metadata for AppLocalesMetadataHolderService : Service not found
03-14 21:05:33.273 21357 21357 D LifecycleMonitor: Lifecycle status change: com.example.group8_bartertrader.ProductForm@5009f51 in: PRE_ON_CREATE
03-14 21:05:33.274 21357 21357 V ActivityScenario: Activity lifecycle changed event received but ignored because the reported transition was not ON_CREATE while the last known transition was PRE_ON_CREATE
03-14 21:05:33.275  1055  1565 D EGL_emulation: app_time_stats: avg=408.73ms min=15.71ms max=1146.01ms count=3
03-14 21:05:33.297 21357 21387 D TrafficStats: tagSocket(111) with statsTag=0x8001, statsUid=-1
03-14 21:05:33.300 21357 21357 D CompatChangeReporter: Compat change id reported: 309578419; UID 10545; state: ENABLED
03-14 21:05:33.311  1055  1565 D EGL_emulation: app_time_stats: avg=781.99ms min=2.27ms max=14597.53ms count=19
03-14 21:05:33.318 21357 21357 W p8_bartertrader: Accessing hidden method Landroid/view/ViewGroup;->makeOptionalFitsSystemWindows()V (unsupported, reflection, allowed)
03-14 21:05:33.324  5899  5899 D BoundBrokerSvc: onBind: Intent { act=com.google.android.gms.measurement.START pkg=com.google.android.gms }
03-14 21:05:33.329  5899  5899 D BoundBrokerSvc: Loading bound service for intent: Intent { act=com.google.android.gms.measurement.START pkg=com.google.android.gms }
03-14 21:05:33.336 21357 21374 I FA      : Tag Manager is not found and thus will not be used
03-14 21:05:33.346 21357 21357 D CompatChangeReporter: Compat change id reported: 63938206; UID 10545; state: ENABLED
03-14 21:05:33.378 21357 21357 D CompatChangeReporter: Compat change id reported: 303326708; UID 10545; state: ENABLED
03-14 21:05:33.458 21357 21357 D LifecycleMonitor: Lifecycle status change: com.example.group8_bartertrader.ProductForm@5009f51 in: CREATED
03-14 21:05:33.458 21357 21357 V ActivityScenario: Update currentActivityStage to CREATED, currentActivity=com.example.group8_bartertrader.ProductForm@5009f51
03-14 21:05:33.464 21357 21357 D LifecycleMonitor: Lifecycle status change: com.example.group8_bartertrader.ProductForm@5009f51 in: STARTED
03-14 21:05:33.465 21357 21357 V ActivityScenario: Update currentActivityStage to STARTED, currentActivity=com.example.group8_bartertrader.ProductForm@5009f51
03-14 21:05:33.468 21357 21357 D LifecycleMonitor: Lifecycle status change: com.example.group8_bartertrader.ProductForm@5009f51 in: RESUMED
03-14 21:05:33.469 21357 21357 V ActivityScenario: Update currentActivityStage to RESUMED, currentActivity=com.example.group8_bartertrader.ProductForm@5009f51
03-14 21:05:33.474 21357 21357 W HWUI    : Unknown dataspace 0
03-14 21:05:33.491 21357 21397 D TrafficStats: tagSocket(120) with statsTag=0xffffffff, statsUid=-1
03-14 21:05:33.524   411  1086 W ServiceManagerCppClient: Permission failure: android.permission.ACCESS_SURFACE_FLINGER from uid=10545 pid=21357
03-14 21:05:33.524   411  1086 D PermissionCache: checking android.permission.ACCESS_SURFACE_FLINGER for uid=10545 => denied (278 us)
03-14 21:05:33.524   411   481 W ServiceManagerCppClient: Permission failure: android.permission.ACCESS_SURFACE_FLINGER from uid=10545 pid=0
03-14 21:05:33.524   411   481 D PermissionCache: checking android.permission.ACCESS_SURFACE_FLINGER for uid=10545 => denied (804 us)
03-14 21:05:33.524   411  1086 W ServiceManagerCppClient: Permission failure: android.permission.ROTATE_SURFACE_FLINGER from uid=10545 pid=21357
03-14 21:05:33.524   411  1086 D PermissionCache: checking android.permission.ROTATE_SURFACE_FLINGER for uid=10545 => denied (358 us)
03-14 21:05:33.525   411   481 W ServiceManagerCppClient: Permission failure: android.permission.ROTATE_SURFACE_FLINGER from uid=10545 pid=0
03-14 21:05:33.525   411   481 D PermissionCache: checking android.permission.ROTATE_SURFACE_FLINGER for uid=10545 => denied (401 us)
03-14 21:05:33.525   411   481 W ServiceManagerCppClient: Permission failure: android.permission.INTERNAL_SYSTEM_WINDOW from uid=10545 pid=0
03-14 21:05:33.525   411   481 D PermissionCache: checking android.permission.INTERNAL_SYSTEM_WINDOW for uid=10545 => denied (243 us)
03-14 21:05:33.525   411  1086 W ServiceManagerCppClient: Permission failure: android.permission.INTERNAL_SYSTEM_WINDOW from uid=10545 pid=21357
03-14 21:05:33.525   411  1086 D PermissionCache: checking android.permission.INTERNAL_SYSTEM_WINDOW for uid=10545 => denied (384 us)
03-14 21:05:33.526 21357 21383 I EGL_emulation: Opening libGLESv1_CM_emulation.so
03-14 21:05:33.526 21357 21383 I EGL_emulation: Opening libGLESv2_emulation.so
03-14 21:05:33.532 21357 21383 W HWUI    : Failed to choose config with EGL_SWAP_BEHAVIOR_PRESERVED, retrying without...
03-14 21:05:33.532 21357 21383 W HWUI    : Failed to initialize 101010-2 format, error = EGL_SUCCESS
03-14 21:05:33.557  1055  1055 D VRI[NexusLauncherActivity]: visibilityChanged oldVisibility=true newVisibility=false
03-14 21:05:33.562   156   156 I hwservicemanager: getTransport: Cannot find entry android.hardware.graphics.mapper@4.0::IMapper/default in either framework or device VINTF manifest.
03-14 21:05:33.562 21357 21383 I Gralloc4: mapper 4.x is not supported
03-14 21:05:33.571  1055  1055 D NexusLauncherModelDelegate: notifySmartspaceEvent: SmartspaceTargetEvent{mSmartspaceTarget=null, mSmartspaceActionId='null', mEventType=7}
03-14 21:05:33.612   584  1701 W ServiceManagerCppClient: Permission failure: android.permission.ACCESS_SURFACE_FLINGER from uid=10545 pid=0
03-14 21:05:33.612   584  1701 D PermissionCache: checking android.permission.ACCESS_SURFACE_FLINGER for uid=10545 => denied (88 us)
03-14 21:05:33.612   584  1701 W ServiceManagerCppClient: Permission failure: android.permission.ROTATE_SURFACE_FLINGER from uid=10545 pid=0
03-14 21:05:33.612   584  1701 D PermissionCache: checking android.permission.ROTATE_SURFACE_FLINGER for uid=10545 => denied (39 us)
03-14 21:05:33.612   584  1701 W ServiceManagerCppClient: Permission failure: android.permission.INTERNAL_SYSTEM_WINDOW from uid=10545 pid=0
03-14 21:05:33.612   584  1701 D PermissionCache: checking android.permission.INTERNAL_SYSTEM_WINDOW for uid=10545 => denied (14 us)
03-14 21:05:33.613   584   603 W ziparchive: Unable to open '/data/app/~~7E-qjCVth_CgVoi68LprNQ==/com.example.group8_bartertrader-5_9Ng7szyZGNAiOAnlGDdw==/base.dm': No such file or directory
03-14 21:05:33.616   584   603 I ActivityTaskManager: Displayed com.example.group8_bartertrader/.ProductForm for user 0: +398ms
03-14 21:05:33.629  5899 20426 D AdvertisingIdClient: AdvertisingIdClient already created.
03-14 21:05:33.631  1055  1055 D BaseDepthController: setSurface:
03-14 21:05:33.631  1055  1055 D BaseDepthController: 	mWaitingOnSurfaceValidity: false
03-14 21:05:33.631  1055  1055 D BaseDepthController: 	mSurface: null
03-14 21:05:33.631  1055  1055 D BaseDepthController: mSurface is null and mCurrentBlur is: 23
03-14 21:05:33.631  5899 20426 I AdvertisingIdClient: shouldSendLog 11048139
03-14 21:05:33.631  5899 20426 I AdvertisingIdClient: GetInfoInternal elapse 2ms
03-14 21:05:33.631  1055  1055 D StatsLog: LAUNCHER_ONSTOP
03-14 21:05:33.631  1055  5338 D GmsPlayProvider: Shut down the binder channel
03-14 21:05:33.631  1055  1055 D StatsLog: LAUNCHER_GOOGLE_SEARCH_RESTORE_LIST_SIZE_AFTER_ACTIVITY_RESTART
03-14 21:05:33.632  1055  1622 D OneSearchSuggestProvider: Shut down the binder channel
03-14 21:05:33.632  1055  2217 I IPCThreadState: oneway function results for code 2 on binder at 0xb400007c8515a110 will be dropped but finished with status UNKNOWN_TRANSACTION
03-14 21:05:33.644   584   699 I ImeTracker: com.example.group8_bartertrader:2c08a9bb: onRequestHide at ORIGIN_SERVER reason HIDE_UNSPECIFIED_WINDOW fromUser false
03-14 21:05:33.644   584   699 I ImeTracker: com.example.group8_bartertrader:2c08a9bb: onCancelled at PHASE_SERVER_SHOULD_HIDE
03-14 21:05:33.647  1259  1259 I GoogleInputMethodService: GoogleInputMethodService.onFinishInput():2589
03-14 21:05:33.648  1039 20473 W NetworkScheduler.ATC: Called cancelTask for already completed task com.google.android.gms/.measurement.PackageMeasurementTaskService{u=0 tag="Measurement.PackageMeasurementTaskService.UPLOAD_TASK_TAG" trigger=window{start=0s,end=1s,earliest=-20s,latest=-19s} requirements=[NET_CONNECTED,PREFERRED_NET_UNMETERED,PREFERRED_CHARGING] attributes=[PERSISTED] scheduled=-20s last_run=-20s exec_window_multiplier=1.0000 jid=N/A status=ACTIVE retries=0 client_lib=GMS_TASK_SCHEDULER-244933000} :1 [CONTEXT service_id=218 ]
03-14 21:05:33.648  1259  1259 I Module  : DeviceLockedStatusModuleProvider$Module.updateDeviceLockedStatus():100 repeatCheckTimes = 0, locked = false
03-14 21:05:33.649  1259  1259 I GoogleInputMethodService: GoogleInputMethodService.onStartInput():1568 onStartInput(EditorInfo{EditorInfo{packageName=com.example.group8_bartertrader, inputType=0, inputTypeString=NULL, enableLearning=false, autoCorrection=false, autoComplete=false, imeOptions=0, privateImeOptions=null, actionName=UNSPECIFIED, actionLabel=null, initialSelStart=-1, initialSelEnd=-1, initialCapsMode=0, label=null, fieldId=0, fieldName=null, extras=null, hintText=null, hintLocales=[]}}, false)
03-14 21:05:33.650  1259  1259 I Module  : DeviceLockedStatusModuleProvider$Module.updateDeviceLockedStatus():100 repeatCheckTimes = 1, locked = false
03-14 21:05:33.650  1259  1259 I AndroidIME: InputBundleManager.loadActiveInputBundleId():407 loadActiveInputBundleId: und-Latn-x-password, password
03-14 21:05:33.659 12546 14190 I Finsky  : [137] arcf.L(185): Package com.google.android.gms is verified.
03-14 21:05:33.662  5899 20426 W FA-SVC  : Service response is missing Install Referrer install timestamp
03-14 21:05:33.664 12546 12546 I Finsky  : [2] zhu.onTrimMemory(11): Memory trim requested to level 40
03-14 21:05:33.664 12546 12546 I Finsky  : [2] adua.accept(139): Flushing in-memory image cache
03-14 21:05:33.686 21357 21376 W FileTestStorage: Output properties is not supported.
03-14 21:05:33.686  1039 19353 W NetworkScheduler.ATC: Called cancelTask for already completed task com.google.android.gms/.measurement.PackageMeasurementTaskService{u=0 tag="Measurement.PackageMeasurementTaskService.UPLOAD_TASK_TAG" trigger=window{start=0s,end=1s,earliest=-20s,latest=-19s} requirements=[NET_CONNECTED,PREFERRED_NET_UNMETERED,PREFERRED_CHARGING] attributes=[PERSISTED] scheduled=-20s last_run=-20s exec_window_multiplier=1.0000 jid=N/A status=ACTIVE retries=0 client_lib=GMS_TASK_SCHEDULER-244933000} :1 [CONTEXT service_id=218 ]
03-14 21:05:33.686 21357 21376 I Tracing : Tracer added: class androidx.test.platform.tracing.AndroidXTracer
03-14 21:05:33.695  1039 20875 W NetworkScheduler.ATC: Called cancelTask for already completed task com.google.android.gms/.measurement.PackageMeasurementTaskService{u=0 tag="Measurement.PackageMeasurementTaskService.UPLOAD_TASK_TAG" trigger=window{start=0s,end=1s,earliest=-20s,latest=-19s} requirements=[NET_CONNECTED,PREFERRED_NET_UNMETERED,PREFERRED_CHARGING] attributes=[PERSISTED] scheduled=-20s last_run=-20s exec_window_multiplier=1.0000 jid=N/A status=ACTIVE retries=0 client_lib=GMS_TASK_SCHEDULER-244933000} :1 [CONTEXT service_id=218 ]
03-14 21:05:33.697 21357 21376 D EventInjectionStrategy: Creating injection strategy with input manager.
03-14 21:05:33.698 21357 21376 W p8_bartertrader: Accessing hidden method Landroid/hardware/input/InputManager;->getInstance()Landroid/hardware/input/InputManager; (unsupported, reflection, allowed)
03-14 21:05:33.698 21357 21376 W p8_bartertrader: Accessing hidden method Landroid/hardware/input/InputManager;->injectInputEvent(Landroid/view/InputEvent;I)Z (unsupported, reflection, allowed)
03-14 21:05:33.698 21357 21376 W p8_bartertrader: Accessing hidden field Landroid/hardware/input/InputManager;->INJECT_INPUT_EVENT_MODE_WAIT_FOR_FINISH:I (unsupported, reflection, allowed)
03-14 21:05:33.701 21357 21376 W p8_bartertrader: Accessing hidden method Landroid/view/ViewConfiguration;->getDoubleTapMinTime()I (unsupported, reflection, allowed)
03-14 21:05:33.703 21357 21357 W p8_bartertrader: Accessing hidden method Landroid/os/MessageQueue;->next()Landroid/os/Message; (unsupported, reflection, allowed)
03-14 21:05:33.703 21357 21357 W p8_bartertrader: Accessing hidden field Landroid/os/MessageQueue;->mMessages:Landroid/os/Message; (unsupported, reflection, allowed)
03-14 21:05:33.703 21357 21357 W p8_bartertrader: Accessing hidden method Landroid/os/Message;->recycleUnchecked()V (unsupported, reflection, allowed)
03-14 21:05:33.708 21357 21357 I ViewInteraction: Performing 'single click' action on view view.getId() is <2131296734/com.example.group8_bartertrader:id/submitProduct>
03-14 21:05:33.760   402   663 D audioserver: logFgsApiBegin: FGS Logger Transaction failed, -129
03-14 21:05:33.760   584   905 W AS.PlaybackActivityMon: No piid assigned for invalid/internal port id 15
03-14 21:05:33.876 21357 21361 I p8_bartertrader: Compiler allocated 4206KB to compile void android.widget.TextView.<init>(android.content.Context, android.util.AttributeSet, int, int)
03-14 21:05:33.892   817   880 W WindowOnBackDispatcher: sendCancelIfRunning: isInProgress=false callback=android.view.ViewRootImpl$$ExternalSyntheticLambda11@b1349c
03-14 21:05:33.893   584  2036 W InputManager-JNI: Input channel object '3c5dd31 Splash Screen com.example.group8_bartertrader (client)' was disposed without first being removed with the input manager!
03-14 21:05:33.962   402   515 D audioserver: logFgsApiEnd: FGS Logger Transaction failed, -129
03-14 21:05:33.978  1039  1050 I FontLog : (REDACTED) Received query %s, URI %s
03-14 21:05:33.978  1039  1050 I FontLog : (REDACTED) Query [%s] resolved to %s
03-14 21:05:33.979  1039  1050 I FontLog : (REDACTED) Fetch %s end status %s
03-14 21:05:33.982  1039  1050 I FontLog : (REDACTED) Pulling font file for id = %d, cache size = %d
03-14 21:05:33.986  1039  1050 I FontLog : (REDACTED) Pulling font file for id = %d, cache size = %d
03-14 21:05:34.078   817   909 D EGL_emulation: app_time_stats: avg=1783.11ms min=11.87ms max=15919.70ms count=9
03-14 21:05:34.083 21357 21357 I ViewInteraction: Checking 'MatchesViewAssertion{viewMatcher=(view has effective visibility <VISIBLE> and view.getGlobalVisibleRect() to return non-empty rectangle)}' assertion on view an instance of android.widget.TextView and view.getText() with or without transformation to match: is "All fields are required"
03-14 21:05:34.088   584   905 V GrammaticalInflectionUtils: AttributionSource: android.content.AttributionSource@302c7ca8 does not have READ_SYSTEM_GRAMMATICAL_GENDER permission.
03-14 21:05:34.096   584   606 V GrammaticalInflectionUtils: AttributionSource: android.content.AttributionSource@302c7ca8 does not have READ_SYSTEM_GRAMMATICAL_GENDER permission.
03-14 21:05:34.097  1055  1055 I TopTaskTracker: onTaskMovedToFront: (moved taskInfo to front) taskId=621, baseIntent=Intent { act=android.intent.action.MAIN cat=[android.intent.category.LAUNCHER] flg=0x10000000 cmp=com.example.group8_bartertrader.test/androidx.test.core.app.InstrumentationActivityInvoker$EmptyActivity }
03-14 21:05:34.099 21357 21357 D LifecycleMonitor: Lifecycle status change: com.example.group8_bartertrader.ProductForm@5009f51 in: PAUSED
03-14 21:05:34.099 21357 21357 V ActivityScenario: Update currentActivityStage to PAUSED, currentActivity=com.example.group8_bartertrader.ProductForm@5009f51
03-14 21:05:34.105   411   411 I BpBinder: onLastStrongRef automatically unlinking death recipients:
03-14 21:05:34.114   363   363 D Zygote  : Forked child process 21416
03-14 21:05:34.120 21416 21416 I rtertrader.test: Late-enabling -Xcheck:jni
03-14 21:05:34.147 21416 21416 I rtertrader.test: Using CollectorTypeCMC GC.
03-14 21:05:34.153   416   454 I adbd    : jdwp connection from 21416
03-14 21:05:34.158 21416 21416 D nativeloader: Load libframework-connectivity-tiramisu-jni.so using APEX ns com_android_tethering for caller /apex/com.android.tethering/javalib/framework-connectivity-t.jar: ok
03-14 21:05:34.185 21416 21416 D ApplicationLoaders: Returning zygote-cached class loader: /system/framework/android.test.base.jar
03-14 21:05:34.191 21416 21416 D nativeloader: Configuring clns-7 for other apk /system/framework/android.test.mock.jar. target_sdk_version=35, uses_libraries=ALL, library_path=/data/app/~~15atbQQvUPRd_iPY-2CFOQ==/com.example.group8_bartertrader.test-VpWj9nTRLasy-v5CBL6k8w==/lib/arm64, permitted_path=/data:/mnt/expand:/data/user/0/com.example.group8_bartertrader.test
03-14 21:05:34.192 21416 21416 D ApplicationLoaders: Returning zygote-cached class loader: /system/framework/android.test.base.jar
03-14 21:05:34.193 21416 21416 D nativeloader: Configuring clns-8 for other apk /system/framework/android.test.runner.jar. target_sdk_version=35, uses_libraries=ALL, library_path=/data/app/~~15atbQQvUPRd_iPY-2CFOQ==/com.example.group8_bartertrader.test-VpWj9nTRLasy-v5CBL6k8w==/lib/arm64, permitted_path=/data:/mnt/expand:/data/user/0/com.example.group8_bartertrader.test
03-14 21:05:34.194 21416 21416 W ziparchive: Unable to open '/data/app/~~15atbQQvUPRd_iPY-2CFOQ==/com.example.group8_bartertrader.test-VpWj9nTRLasy-v5CBL6k8w==/base.dm': No such file or directory
03-14 21:05:34.194 21416 21416 W ziparchive: Unable to open '/data/app/~~15atbQQvUPRd_iPY-2CFOQ==/com.example.group8_bartertrader.test-VpWj9nTRLasy-v5CBL6k8w==/base.dm': No such file or directory
03-14 21:05:34.220 21416 21416 D nativeloader: Configuring clns-9 for other apk /data/app/~~15atbQQvUPRd_iPY-2CFOQ==/com.example.group8_bartertrader.test-VpWj9nTRLasy-v5CBL6k8w==/base.apk. target_sdk_version=35, uses_libraries=, library_path=/data/app/~~15atbQQvUPRd_iPY-2CFOQ==/com.example.group8_bartertrader.test-VpWj9nTRLasy-v5CBL6k8w==/lib/arm64, permitted_path=/data:/mnt/expand:/data/user/0/com.example.group8_bartertrader.test
03-14 21:05:34.221 21416 21416 D CompatChangeReporter: Compat change id reported: 202956589; UID 10546; state: ENABLED
03-14 21:05:34.231 21416 21416 V GraphicsEnvironment: Currently set values for:
03-14 21:05:34.232 21416 21416 V GraphicsEnvironment:   angle_gl_driver_selection_pkgs=[]
03-14 21:05:34.232 21416 21416 V GraphicsEnvironment:   angle_gl_driver_selection_values=[]
03-14 21:05:34.232 21416 21416 V GraphicsEnvironment: Global.Settings values are invalid: number of packages: 0, number of values: 0
03-14 21:05:34.233 21416 21416 V GraphicsEnvironment: Neither updatable production driver nor prerelease driver is supported.
03-14 21:05:34.270 21416 21416 D CompatChangeReporter: Compat change id reported: 279646685; UID 10546; state: ENABLED
03-14 21:05:34.272 21416 21416 D CompatChangeReporter: Compat change id reported: 309578419; UID 10546; state: ENABLED
03-14 21:05:34.275 21357 21361 I p8_bartertrader: Compiler allocated 5250KB to compile void android.view.ViewRootImpl.performTraversals()
03-14 21:05:34.288 21416 21416 W HWUI    : Unknown dataspace 0
03-14 21:05:34.297  1055  1055 I TopTaskTracker: onTaskMovedToFront: (moved taskInfo to front) taskId=558, baseIntent=Intent { act=android.intent.action.MAIN cat=[android.intent.category.HOME] flg=0x10000100 cmp=com.google.android.apps.nexuslauncher/.NexusLauncherActivity }
03-14 21:05:34.311   411  1086 W ServiceManagerCppClient: Permission failure: android.permission.ACCESS_SURFACE_FLINGER from uid=10546 pid=21416
03-14 21:05:34.311   411  1086 D PermissionCache: checking android.permission.ACCESS_SURFACE_FLINGER for uid=10546 => denied (187 us)
03-14 21:05:34.312   411  1086 W ServiceManagerCppClient: Permission failure: android.permission.ROTATE_SURFACE_FLINGER from uid=10546 pid=21416
03-14 21:05:34.312   411  1086 D PermissionCache: checking android.permission.ROTATE_SURFACE_FLINGER for uid=10546 => denied (324 us)
03-14 21:05:34.312   411  1086 W ServiceManagerCppClient: Permission failure: android.permission.INTERNAL_SYSTEM_WINDOW from uid=10546 pid=21416
03-14 21:05:34.312   411  1086 D PermissionCache: checking android.permission.INTERNAL_SYSTEM_WINDOW for uid=10546 => denied (306 us)
03-14 21:05:34.313 21416 21430 I EGL_emulation: Opening libGLESv1_CM_emulation.so
03-14 21:05:34.313 21416 21430 I EGL_emulation: Opening libGLESv2_emulation.so
03-14 21:05:34.317   411   482 W ServiceManagerCppClient: Permission failure: android.permission.ACCESS_SURFACE_FLINGER from uid=10546 pid=0
03-14 21:05:34.317   411   482 D PermissionCache: checking android.permission.ACCESS_SURFACE_FLINGER for uid=10546 => denied (6226 us)
03-14 21:05:34.319 21416 21430 W HWUI    : Failed to choose config with EGL_SWAP_BEHAVIOR_PRESERVED, retrying without...
03-14 21:05:34.319 21416 21430 W HWUI    : Failed to initialize 101010-2 format, error = EGL_SUCCESS
03-14 21:05:34.328   156   156 I hwservicemanager: getTransport: Cannot find entry android.hardware.graphics.mapper@4.0::IMapper/default in either framework or device VINTF manifest.
03-14 21:05:34.328 21416 21430 I Gralloc4: mapper 4.x is not supported
03-14 21:05:34.346   584  2036 W ServiceManagerCppClient: Permission failure: android.permission.ACCESS_SURFACE_FLINGER from uid=10546 pid=0
03-14 21:05:34.346   584  2036 D PermissionCache: checking android.permission.ACCESS_SURFACE_FLINGER for uid=10546 => denied (188 us)
03-14 21:05:34.346   584  2036 W ServiceManagerCppClient: Permission failure: android.permission.ROTATE_SURFACE_FLINGER from uid=10546 pid=0
03-14 21:05:34.346   584  2036 D PermissionCache: checking android.permission.ROTATE_SURFACE_FLINGER for uid=10546 => denied (41 us)
03-14 21:05:34.347   584  2036 W ServiceManagerCppClient: Permission failure: android.permission.INTERNAL_SYSTEM_WINDOW from uid=10546 pid=0
03-14 21:05:34.347   584  2036 D PermissionCache: checking android.permission.INTERNAL_SYSTEM_WINDOW for uid=10546 => denied (98 us)
03-14 21:05:34.361  1055  1055 D StatsLog: LAUNCHER_ONRESUME
03-14 21:05:34.363   584  1420 W AppSearchIcing: icing-search-engine.cc:321: Error: 5, Message: Document (com.google.android.googlequicksearchbox$OneSearchZeroStateGoogleSuggestions/default, zp) not found.
03-14 21:05:34.364  1055  1622 D OneSearchSuggestProvider: AppSearch 0-state cache not available, fallback to AGA
03-14 21:05:34.364  1055  1622 D OneSearchSuggestProvider: java.util.concurrent.CompletionException: java.util.NoSuchElementException: No value present
03-14 21:05:34.364  1055  1622 D OneSearchSuggestProvider: 	at java.util.concurrent.CompletableFuture.encodeThrowable(CompletableFuture.java:308)
03-14 21:05:34.364  1055  1622 D OneSearchSuggestProvider: 	at java.util.concurrent.CompletableFuture.completeThrowable(CompletableFuture.java:323)
03-14 21:05:34.364  1055  1622 D OneSearchSuggestProvider: 	at java.util.concurrent.CompletableFuture$UniAccept.tryFire(CompletableFuture.java:684)
03-14 21:05:34.364  1055  1622 D OneSearchSuggestProvider: 	at java.util.concurrent.CompletableFuture.postComplete(CompletableFuture.java:486)
03-14 21:05:34.364  1055  1622 D OneSearchSuggestProvider: 	at java.util.concurrent.CompletableFuture.completeExceptionally(CompletableFuture.java:2138)
03-14 21:05:34.364  1055  1622 D OneSearchSuggestProvider: 	at com.google.android.apps.nexuslauncher.allapps.E0.onResult(go/retraceme 2855a437b73635ce9cad76b9289087e631bbb67fc90008a0da13d343a00e5041:67)
03-14 21:05:34.364  1055  1622 D OneSearchSuggestProvider: 	at android.app.appsearch.SearchSessionUtil$1.lambda$onResult$0(go/retraceme 64eee9e9f568ff45978879ad2ff83146f2618ee8a88278736fbdf5fae931976e:144)
03-14 21:05:34.364  1055  1622 D OneSearchSuggestProvider: 	at android.app.appsearch.SearchSessionUtil$1.$r8$lambda$CEk3q8sDAQVhU3rQwVueB8FAj_M(go/retraceme 64eee9e9f568ff45978879ad2ff83146f2618ee8a88278736fbdf5fae931976e:1)
03-14 21:05:34.364  1055  1622 D OneSearchSuggestProvider: 	at android.app.appsearch.SearchSessionUtil$1$$ExternalSyntheticLambda0.run(go/retraceme 64eee9e9f568ff45978879ad2ff83146f2618ee8a88278736fbdf5fae931976e:22)
03-14 21:05:34.364  1055  1622 D OneSearchSuggestProvider: 	at android.os.Handler.handleCallback(Handler.java:959)
03-14 21:05:34.364  1055  1622 D OneSearchSuggestProvider: 	at android.os.Handler.dispatchMessage(Handler.java:100)
03-14 21:05:34.364  1055  1622 D OneSearchSuggestProvider: 	at android.os.Looper.loopOnce(Looper.java:232)
03-14 21:05:34.364  1055  1622 D OneSearchSuggestProvider: 	at android.os.Looper.loop(Looper.java:317)
03-14 21:05:34.364  1055  1622 D OneSearchSuggestProvider: 	at android.os.HandlerThread.run(HandlerThread.java:85)
03-14 21:05:34.364  1055  1622 D OneSearchSuggestProvider: Caused by: java.util.NoSuchElementException: No value present
03-14 21:05:34.364  1055  1622 D OneSearchSuggestProvider: 	at java.util.Optional.get(Optional.java:143)
03-14 21:05:34.364  1055  1622 D OneSearchSuggestProvider: 	at com.google.android.apps.nexuslauncher.allapps.E0.onResult(go/retraceme 2855a437b73635ce9cad76b9289087e631bbb67fc90008a0da13d343a00e5041:28)
03-14 21:05:34.364  1055  1622 D OneSearchSuggestProvider: 	... 8 more
03-14 21:05:34.365  1055  1118 D QuickstepModelDelegate: notifyAppTargetEvent action=1 launchLocation=
03-14 21:05:34.366  1055  1622 D OneSearchSuggestProvider: Created the binder channel successfully for end point service =com.google.android.apps.search.googleapp.search.suggest.plugins.onesearch.server.OneSearchSuggestService , mChannel=i1{delegate=f{logId=189, target=directaddress:///AndroidComponentAddress%5BIntent%20%7B%20act=grpc.io.action.BIND%20cmp=com.google.android.googlequicksearchbox/com.google.android.apps.search.googleapp.search.suggest.plugins.onesearch.server.OneSearchSuggestService%20%7D%5D}} , mOneSearchConnection=l2.Z@a42b123
03-14 21:05:34.369  5228  5228 I flik    : (REDACTED) Created gRPC endpoint for service %s
03-14 21:05:34.371  1055  1055 D NexusLauncherModelDelegate: notifySmartspaceEvent: SmartspaceTargetEvent{mSmartspaceTarget=null, mSmartspaceActionId='null', mEventType=6}
03-14 21:05:34.372  1055  1055 D BaseDepthController: mSurface is null and mCurrentBlur is: 23
03-14 21:05:34.377  1055  1055 D BaseDepthController: setSurface:
03-14 21:05:34.377  1055  1055 D BaseDepthController: 	mWaitingOnSurfaceValidity: false
03-14 21:05:34.377  1055  1055 D BaseDepthController: 	mSurface: Surface(name=com.google.android.apps.nexuslauncher/com.google.android.apps.nexuslauncher.NexusLauncherActivity)/@0x7d19eac
03-14 21:05:34.379  1364  1477 I AiAiEcho: Predicting[0]:  [CONTEXT sampling_count=5 ]
03-14 21:05:34.379  1364  1477 I AiAiEcho: EchoTargets:
03-14 21:05:34.379  1364  1477 I AiAiEcho: Filtered by AiAi flag check:
03-14 21:05:34.379  1364  1477 I AiAiEcho: [CONTEXT ratelimit_period="10 SECONDS" ]
03-14 21:05:34.379  1364  1477 I AiAiEcho: Ranked targets strategy: SORT, count: 0, ranking metadata:  [CONTEXT ratelimit_period="10 SECONDS" ]
03-14 21:05:34.379  1364  1477 I AiAiEcho: #remoteViewsTwiddler: feature disabled.
03-14 21:05:34.379  1364  1477 I AiAiEcho: #postPredictionTargets: Sending updates to UISurface home with targets# 0 (types=[])
03-14 21:05:34.384  1055  1055 D SsBaseTemplateCard: No text view can be set up
03-14 21:05:34.384  1055  1055 D SsBaseTemplateCard: Passed-in item info is null
03-14 21:05:34.384  1055  1055 D SsBaseTemplateCard: Passed-in item info is null
03-14 21:05:34.384  1055  1055 D SsBaseTemplateCard: Passed-in item info is null
03-14 21:05:34.384  1055  1055 I SsBaseTemplateCard: Secondary card pane is null
03-14 21:05:34.394 21357 21357 D VRI[ProductForm]: visibilityChanged oldVisibility=true newVisibility=false
03-14 21:05:34.410 21357 21383 D HWUI    : endAllActiveAnimators on 0xb400007b850e14b0 (RippleDrawable) with handle 0xb400007c85113a90
03-14 21:05:34.411  1055  1055 D SearchTargetUtil: queryLength=0 size=15
03-14 21:05:34.411  1055  1055 D SearchTargetUtil: layoutType=short_icon_row resultType=131072 packageName=com.google.android.googlequicksearchbox extras=Bundle{suggestion_type=33,suggest_truncate_start=false,is_answer=false,is_entity=false,is_personal=false,suggest_raw_text=nvidia geforce rtx 5070,input_query=android.app.search.Query@ae77d03,group_id=web11503540,response_id=86e41375-08b3-4cba-bfd1-f5461886e0f4,support_query_builder=false,} searchAction=nvidia geforce rtx 5070 searchActionExtras=Bundle{learn_more_url=https://support.google.com/websearch/answer/106230?hl=106230,suggestion_action_text=Report this,should_start_for_result=true,allow_pinning=true,skip_logging_in_target_handler=true,suggestion_action_rpc=2,}ParentID: null targetID: d7565112-c528-4ce4-ba39-3f960c11b2c2
03-14 21:05:34.411  1055  1055 D SearchTargetUtil: layoutType=short_icon_row resultType=131072 packageName=com.google.android.googlequicksearchbox extras=Bundle{suggestion_type=33,suggest_truncate_start=false,is_answer=false,is_entity=false,is_personal=false,suggest_raw_text=m&m's strawberries & creme flavor,input_query=android.app.search.Query@ae77d03,group_id=web11503540,response_id=86e41375-08b3-4cba-bfd1-f5461886e0f4,support_query_builder=false,} searchAction=m&m's strawberries & creme flavor searchActionExtras=Bundle{learn_more_url=https://support.google.com/websearch/answer/106230?hl=106230,suggestion_action_text=Report this,should_start_for_result=true,allow_pinning=true,skip_logging_in_target_handler=true,suggestion_action_rpc=2,}ParentID: null targetID: 75bd31d3-c1c2-4e08-929d-bfb7d35cafe4
03-14 21:05:34.411  1055  1055 D SearchTargetUtil: layoutType=extra_tall_icon_row resultType=131072 packageName=com.google.android.googlequicksearchbox extras=Bundle{bitmap_url=data:image/jpeg;base64,/9j/4AAQSkZJRgABAQAAAQABAAD/2wCEAAkGBwgHBgkIBwgKCgkLDRYPDQwMDRsUFRAWIB0iIiAdHx8kKDQsJCYxJx8fLT0tMTU3Ojo6Iys/RD84QzQ5OjcBCgoKDQwNGg8PGjclHyU3Nzc3Nzc3Nzc3Nzc3Nzc3Nzc3Nzc3Nzc3Nzc3Nzc3Nzc3Nzc3Nzc3Nzc3Nzc3Nzc3N//AABEIAHwAUwMBEQACEQEDEQH/xAAbAAACAwEBAQAAAAAAAAAAAAADBAABBQIGB//EADYQAAIBAwMBBQUHAwUAAAAAAAECAwAEEQUSITETIkFRYUJxgZGhBhQjMrHR8BUzwSVScpLx/8QAGgEAAgMBAQAAAAAAAAAAAAAAAAMBAgQFBv/EAC4RAAICAQMDAwIGAgMAAAAAAAABAgMRBBIhMUFREyJhkfAFMnGBweGh0RSx8f/aAAwDAQACEQMRAD8A+LWdpJdSFEAzjPNLssUFljq6XMbOlTpw0bfKlLURfRm2GkyuOQEtvInWGQeu00yMk+4q2vZw0UtlI6q25Ru8CG4+lX3IyOOSxYNnG8Z/4n9qncRtCLprn2wPepxUOaGRqbOHsHVclvhsbj6UKRWUMAWt5FbbsZvUKeaYpLBRpnEkbJ+ZGXnHIxU5XYjkHVWBVQAaN2QgoxB9KhxT6joTlHobOn/aG8tCBIFmTycf5rHboa59ODXDVYfvX8G4NY0bULcrOslpNjjHK5rF/wAXVUy9r3I6lOpomsSlx8/7PJTyN2hCTTbR5v412Irjk4dyju9ucGv9mI9OnvlGt3t3FD4GIbufWotjJRzEZp64zeG+Tf1ew0fs/wDStZ3rnADW8gPzxWNTafKOpHRtxz0+j/6PHXsFxBIwkld1PtBjg1trcZLKOVqaLKpe4lqk9xIEhE8j+SljT4qHgwXWenHLeC7yB48LNuz1wxJxR7eyE12uZnuMHpUM0I5zVACLxQOTwdE5qSG8kBxUMEzpiAQAc5GTQkTJpcG/pelSyoSZHtxHwzL1ZuuPhx86zai9R4O/+G/hdl2cPbjq/nx+wzd2stvb7jL2pBAy3Vhg9fpzSITU+xv1Wjs08M7s/r3/AFFZGRk6eHQ/Wn1pp5MVjhKOMC1pNd6bOZrKdom8x4iujGKaPK6yMI2enJZ8Gi/2jW9UJrFlFL4drH3WHrVXUs+BLpnFex5/X7/gw9XWy7ZBp0jyKR3t/gaGu3cvTvw3NYFNsY4ZHz41RxkWzLszhag0BVHmKnAJnccJmlVEwCxwM9KgZXW7JqMe56y1Z9S1CGyu7K33Q4kaRB1x+/HyrOtK6W3k9MtQ9XYqLa1mPLa+PHj6/AzBJNGqoYWZZbiVt4GQAWPr6VlujGS56m/QXXVT2qPEm+cf2IyzyXPaZT8NXwuB1ABqIQjHuLv1Nmocsr2p8fRmZdBomRiMZXP1rZDvg42oTraf31HdNsW1K4WCGIySHkAeVdTSSg09xwvxtOChZHvx/Jf2gsrexkSKSJVljwXUNwa0zUGt3Y4mknfJyi2ZOrXltPewSRW/ZhR3x51hm8SRvqqmq5IWe4iLH9qq2gVUsCqUo2hRViAttL2NxHJjO1s4qrHaez07Iz8HqNDujJdz3QXZkYI9KtbPcsno/wANzbZZZjGTVB26czrltrOvd64JyD9a5t1fvydrT27aHH57GJbSBLSQLvJU8bsdaj03KxZOdTaoUSSzx5M66zJ2Y6kjA9Oua2pJcHJ1Hv2mhomoSaXKLmD+8nAz0OQQQa10bejOdrqZ3VqK+vyYOq3U15dSTTtudzkmjUTbZgpqjVHbESlkMrbmxmkTm5vLLxgorCBmowB2lSWCirYIOiKhoDV0ecQwsIyTKxPB6CoSXU62gv8ATg1H8z/x9/BuxXb2jttA2SBRhhwB0zSbFFpprqduF8qZZQnqtndWVwQT2obPKjH0pcJxx4Faui+qWeqZm24LszE9CCB0/nSmNnNpTlJyYRsRggePOPWtlEH1E6mcYLBmzpuzTJxycrImyYNZtpbJRTmm7Re4tKUhgZBmrpFWEVGd1RPzMQoz5mq2PbFtl64OyagurGbm1lsEEonRugI24/nSskLvUeMHRv0k9Gt6kn9/0P6NNJqV2lpFAfxGDTP12KOpHz/Sq2LastmnSXy1E1XGPXqel1Zmd5do56CsLmso9fZudLx1PM3S26qA9yic4O1uTjqOK0wlPPCPNamFCjiViX3yuOTMguYhM4klmEPscA/Pxrarr4RSgziRWmna3Y3t7f2c3lwgkURMHXqTV677ZfnFaiFMWlUwTpzzWjZyZs8DpgjBxtqHLk56skZaUlHUGUFOiirLZmjKvH+ZTkcZpdyW3DL1SlCSlHqhyGKW/P3i8/sJ7K8bj5CsEmqvbDqdequzWP1tR+ReO78f7Z6H7MWcNjqEpVmMgg75J47zdB/1pFtjlBM6/wCHaOFGoaT5xz+7/oLqszM7JE4R3Bw3+wedIgucvodTW2NR9ODw338LyePgtUuLuSKOUmNcntNvLCulKbjFNo8TVpo23ShGXC746lX1qkC5R2OOoaiE3LqRqtPCpZixNE3nrgCmN4MlcNz5NNLd5lLKp246108px3eTFZaq3tYfZjgsOKzOXJlzkx4xS4nVyNxinxKnbS9kcKAd6Ore4ik3x3NI002+mnjumvqgy2F8sSMsxBA3rGGPH+M1hdtbfQ6C0OrjBNS+Usv/AMyOaFdNFDPPIXdmJLHqTgUrURy1FG/8I1GyE7p5b6vzwjIu7l7qd7iRu83GB0A8q1QgoLaji6nUT1Fjtm+X/heBeOWSGQPGxBHrVnFSWGZoWyqlui+SppnlJL45OeBQoqPQLLZWP3A1crn1owUjJxNX+pzyWcUeQqImzA9K2VuKgjLKhSm5PuJGeTP5zUOUS/pR8AomAPNKixw9EAw4NaY4ZBzIRFOrspKgYJFIv/Nj4HVva9zXBrQXiToShyQcZ/SuVKDi+T0dWqjbHMev3gHZXSs9w6dOgPmcVNkHhJi9Lqk5TlH74M3VGg/DECorDIbbT6t3O45evdPtVaSfOcCGacc4vgDPyoZKxjJQ499QWjwddphdtMjL24Il1B5qMlS0DE8A1CYD1tBK3iqjzZqZGaRZl3UwiWS33LJ6r0zSrPdNSHxuUaXX5E1J3YDEA+RoYmLecZIHeItsYrng4NRhPqSpShnDwUDtYE84oKrh5OScnNSVbyV4VAEzQGSjUpgSjIFhiPGoAYtYJbnfskVduM72xQ7NpZJsa/pwMY7wWT2izdceQ8aX6nJbYKNbvHdCAshYkAMpypq+7KyVxh4DnTpCGJmi3BSQN2M4x5+/g1T1F4LODfcIdPidFMTYLDK75B8z6eHxo9TAbEBOnvsJEiZGTg5H6+Pp7vOp3orsKsbVZlMkh7gyMKec4olLARjkLc6eqxGSJhhck97d4egqIzy8EuHdGdTChVAEoA1NKES2dzLJ92DLJGoa4RmABD5xgHyFZ7sucYrPfp+w2vG1sYsbGN1lWSJZbq5id4Y1BARcHDAeZPT094qlljWGnhJrP38d/ktCC79WP6ZYWElpInZRzNDuVps53t3M49BkgfPxpN1tikucZxx9RlcIOP38CmkWVrcaI73CRqzTtH2zuFMYwuDyRnBPTxGabdZON2I+OnnqUrhF15Ytp1oYby8iuEg7SGEkdtymdy8+7B499XtszCLjnDfbr3KwhiTT7D8jWkdnF93FgDK7rLuiZtzYXIjODgc+OOTxxSVvc3uzxjuvnqMe1RWMffgN92tw9289tZx7DL92O0kbVJBLAZ6Hb6/Cqb5Yik2+mf38feC22OXlLvgzTNEtpcyywWTofw4WiiI3OQMkZ5woOenUjzrRse+KTfz+n9isra20jFrUIJQB
03-14 21:05:34.411  1055  1055 D SearchTargetUtil: layoutType=short_icon_row resultType=131072 packageName=com.google.android.googlequicksearchbox extras=Bundle{suggestion_type=33,suggest_truncate_start=false,is_answer=false,is_entity=false,is_personal=false,suggest_raw_text=carnival cruise lines,input_query=android.app.search.Query@ae77d03,group_id=web11503540,response_id=86e41375-08b3-4cba-bfd1-f5461886e0f4,support_query_builder=false,} searchAction=carnival cruise lines searchActionExtras=Bundle{learn_more_url=https://support.google.com/websearch/answer/106230?hl=106230,suggestion_action_text=Report this,should_start_for_result=true,allow_pinning=true,skip_logging_in_target_handler=true,suggestion_action_rpc=2,}ParentID: null targetID: 4cf56f42-a328-402e-8a70-2e92dce61943
03-14 21:05:34.411  1055  1055 D SearchTargetUtil: layoutType=short_icon_row resultType=131072 packageName=com.google.android.googlequicksearchbox extras=Bundle{suggestion_type=33,suggest_truncate_start=false,is_answer=false,is_entity=false,is_personal=false,suggest_raw_text=dodge charger daytona,input_query=android.app.search.Query@ae77d03,group_id=web11503540,response_id=86e41375-08b3-4cba-bfd1-f5461886e0f4,support_query_builder=false,} searchAction=dodge charger daytona searchActionExtras=Bundle{learn_more_url=https://support.google.com/websearch/answer/106230?hl=106230,suggestion_action_text=Report this,should_start_for_result=true,allow_pinning=true,skip_logging_in_target_handler=true,suggestion_action_rpc=2,}ParentID: null targetID: 38e75cd4-17ba-4b7a-9636-d3710f8d684a
03-14 21:05:34.411  1055  1055 D SearchTargetUtil: layoutType=short_icon_row resultType=131072 packageName=com.google.android.googlequicksearchbox extras=Bundle{suggestion_type=33,suggest_truncate_start=false,is_answer=false,is_entity=false,is_personal=false,suggest_raw_text=severance season 2,input_query=android.app.search.Query@ae77d03,group_id=web11503540,response_id=86e41375-08b3-4cba-bfd1-f5461886e0f4,support_query_builder=false,} searchAction=severance season 2 searchActionExtras=Bundle{learn_more_url=https://support.google.com/websearch/answer/106230?hl=106230,suggestion_action_text=Report this,should_start_for_result=true,allow_pinning=true,skip_logging_in_target_handler=true,suggestion_action_rpc=2,}ParentID: null targetID: bf31d97a-6876-44cb-a1d8-51fe7c783491
03-14 21:05:34.411  1055  1055 D SearchTargetUtil: layoutType=short_icon_row resultType=131072 packageName=com.google.android.googlequicksearchbox extras=Bundle{suggestion_type=33,suggest_truncate_start=false,is_answer=false,is_entity=false,is_personal=false,suggest_raw_text=richmond va boil water advisory,input_query=android.app.search.Query@ae77d03,group_id=web11503540,response_id=86e41375-08b3-4cba-bfd1-f5461886e0f4,support_query_builder=false,} searchAction=richmond va boil water advisory searchActionExtras=Bundle{learn_more_url=https://support.google.com/websearch/answer/106230?hl=106230,suggestion_action_text=Report this,should_start_for_result=true,allow_pinning=true,skip_logging_in_target_handler=true,suggestion_action_rpc=2,}ParentID: null targetID: f720de19-cd6c-488a-aa64-28bfa3cd7420
03-14 21:05:34.411  1055  1055 D SearchTargetUtil: layoutType=short_icon_row resultType=131072 packageName=com.google.android.googlequicksearchbox extras=Bundle{suggestion_type=33,suggest_truncate_start=false,is_answer=false,is_entity=false,is_personal=false,suggest_raw_text=zodiac signs daily horoscope today,input_query=android.app.search.Query@ae77d03,group_id=web11503540,response_id=86e41375-08b3-4cba-bfd1-f5461886e0f4,support_query_builder=false,} searchAction=zodiac signs daily horoscope today searchActionExtras=Bundle{learn_more_url=https://support.google.com/websearch/answer/106230?hl=106230,suggestion_action_text=Report this,should_start_for_result=true,allow_pinning=true,skip_logging_in_target_handler=true,suggestion_action_rpc=2,}ParentID: null targetID: 98d08f9b-0308-4ec6-a3dd-8f310ac70b60
03-14 21:05:34.411  1055  1055 D SearchTargetUtil: layoutType=short_icon_row resultType=131072 packageName=com.google.android.googlequicksearchbox extras=Bundle{suggestion_type=33,suggest_truncate_start=false,is_answer=false,is_entity=false,is_personal=false,suggest_raw_text=jpmorgan chase bank,input_query=android.app.search.Query@ae77d03,group_id=web11503540,response_id=86e41375-08b3-4cba-bfd1-f5461886e0f4,support_query_builder=false,} searchAction=jpmorgan chase bank searchActionExtras=Bundle{learn_more_url=https://support.google.com/websearch/answer/106230?hl=106230,suggestion_action_text=Report this,should_start_for_result=true,allow_pinning=true,skip_logging_in_target_handler=true,suggestion_action_rpc=2,}ParentID: null targetID: de95479c-a84f-44d5-b8d8-b6c0fa81bf7b
03-14 21:05:34.411  1055  1055 D SearchTargetUtil: layoutType=short_icon_row resultType=131072 packageName=com.google.android.googlequicksearchbox extras=Bundle{suggestion_type=33,suggest_truncate_start=false,is_answer=false,is_entity=false,is_personal=false,suggest_raw_text=border patrol in bakersfield california,input_query=android.app.search.Query@ae77d03,group_id=web11503540,response_id=86e41375-08b3-4cba-bfd1-f5461886e0f4,support_query_builder=false,} searchAction=border patrol in bakersfield california searchActionExtras=Bundle{learn_more_url=https://support.google.com/websearch/answer/106230?hl=106230,suggestion_action_text=Report this,should_start_for_result=true,allow_pinning=true,skip_logging_in_target_handler=true,suggestion_action_rpc=2,}ParentID: null targetID: a2f21420-8633-4ee5-aa1a-d9e7d548525d
03-14 21:05:34.411  1055  1055 D SearchTargetUtil: layoutType=short_icon_row resultType=131072 packageName=com.google.android.googlequicksearchbox extras=Bundle{suggestion_type=33,suggest_truncate_start=false,is_answer=false,is_entity=false,is_personal=false,suggest_raw_text=chicken nuggets taco bell,input_query=android.app.search.Query@ae77d03,group_id=web11503540,response_id=86e41375-08b3-4cba-bfd1-f5461886e0f4,support_query_builder=false,} searchAction=chicken nuggets taco bell searchActionExtras=Bundle{learn_more_url=https://support.google.com/websearch/answer/106230?hl=106230,suggestion_action_text=Report this,should_start_for_result=true,allow_pinning=true,skip_logging_in_target_handler=true,suggestion_action_rpc=2,}ParentID: null targetID: 2b35c0c3-60f4-4646-bed2-70ef52a63864
03-14 21:05:34.411  1055  1055 D SearchTargetUtil: layoutType=short_icon_row resultType=131072 packageName=com.google.android.googlequicksearchbox extras=Bundle{suggestion_type=33,suggest_truncate_start=false,is_answer=false,is_entity=false,is_personal=false,suggest_raw_text=mega millions jackpot lottery numbers,input_query=android.app.search.Query@ae77d03,group_id=web11503540,response_id=86e41375-08b3-4cba-bfd1-f5461886e0f4,support_query_builder=false,} searchAction=mega millions jackpot lottery numbers searchActionExtras=Bundle{learn_more_url=https://support.google.com/websearch/answer/106230?hl=106230,suggestion_action_text=Report this,should_start_for_result=true,allow_pinning=true,skip_logging_in_target_handler=true,suggestion_action_rpc=2,}ParentID: null targetID: 188834ee-76a5-47ef-9042-cfe8ebce2586
03-14 21:05:34.411  1055  1055 D SearchTargetUtil: layoutType=short_icon_row resultType=131072 packageName=com.google.android.googlequicksearchbox extras=Bundle{suggestion_type=33,suggest_truncate_start=false,is_answer=false,is_entity=false,is_personal=false,suggest_raw_text=the enron egg price,input_query=android.app.search.Query@ae77d03,group_id=web11503540,response_id=86e41375-08b3-4cba-bfd1-f5461886e0f4,support_query_builder=false,} searchAction=the enron egg price searchActionExtras=Bundle{learn_more_url=https://support.google.com/websearch/answer/106230?hl=106230,suggestion_action_text=Report this,should_start_for_result=true,allow_pinning=true,skip_logging_in_target_handler=true,suggestion_action_rpc=2,}ParentID: null targetID: 8dccbd87-ecfe-48af-abaf-6a124719e29a
03-14 21:05:34.412  1055  1055 D SearchTargetUtil: layoutType=short_icon_row resultType=131072 packageName=com.google.android.googlequicksearchbox extras=Bundle{suggestion_type=33,suggest_truncate_start=false,is_answer=false,is_entity=false,is_personal=false,suggest_raw_text=human metapneumovirus hmpv virus china,input_query=android.app.search.Query@ae77d03,group_id=web11503540,response_id=86e41375-08b3-4cba-bfd1-f5461886e0f4,support_query_builder=false,} searchAction=human metapneumovirus hmpv virus china searchActionExtras=Bundle{learn_more_url=https://support.google.com/websearch/answer/106230?hl=106230,suggestion_action_text=Report this,should_start_for_result=true,allow_pinning=true,skip_logging_in_target_handler=true,suggestion_action_rpc=2,}ParentID: null targetID: 0fc55e1b-b137-4c79-9471-6058455e3d20
03-14 21:05:34.412  1055  1055 D SearchTargetUtil: layoutType=short_icon_row resultType=131072 packageName=com.google.android.googlequicksearchbox extras=Bundle{suggestion_type=33,suggest_truncate_start=false,is_answer=false,is_entity=false,is_personal=false,suggest_raw_text=laken riley act senate,input_query=android.app.search.Query@ae77d03,group_id=web11503540,response_id=86e41375-08b3-4cba-bfd1-f5461886e0f4,support_query_builder=false,} searchAction=laken riley act senate searchActionExtras=Bundle{learn_more_url=https://support.google.com/websearch/answer/106230?hl=106230,suggestion_action_text=Report this,should_start_for_result=true,allow_pinning=true,skip_logging_in_target_handler=true,suggestion_action_rpc=2,}ParentID: null targetID: 06779306-18a4-4161-9f9a-ad3255a123ca
03-14 21:05:34.413   584   699 I ImeTracker: com.google.android.apps.nexuslauncher:9f0948ad: onRequestHide at ORIGIN_SERVER reason HIDE_UNSPECIFIED_WINDOW fromUser false
03-14 21:05:34.414   584   699 I ImeTracker: com.google.android.apps.nexuslauncher:9f0948ad: onCancelled at PHASE_SERVER_SHOULD_HIDE
03-14 21:05:34.416  1259  1259 I GoogleInputMethodService: GoogleInputMethodService.onFinishInput():2589
03-14 21:05:34.417  1259  1259 I Module  : DeviceLockedStatusModuleProvider$Module.updateDeviceLockedStatus():100 repeatCheckTimes = 0, locked = false
03-14 21:05:34.417  1259  1259 I GoogleInputMethodService: GoogleInputMethodService.onStartInput():1568 onStartInput(EditorInfo{EditorInfo{packageName=com.google.android.apps.nexuslauncher, inputType=0, inputTypeString=NULL, enableLearning=false, autoCorrection=false, autoComplete=false, imeOptions=0, privateImeOptions=null, actionName=UNSPECIFIED, actionLabel=null, initialSelStart=-1, initialSelEnd=-1, initialCapsMode=0, label=null, fieldId=0, fieldName=null, extras=null, hintText=null, hintLocales=[]}}, false)
03-14 21:05:34.418  1259  1259 I Module  : DeviceLockedStatusModuleProvider$Module.updateDeviceLockedStatus():100 repeatCheckTimes = 1, locked = false
03-14 21:05:34.419  1259  1259 I AndroidIME: InputBundleManager.loadActiveInputBundleId():407 loadActiveInputBundleId: und-Latn-x-password, password
03-14 21:05:34.419 21357 21357 D LifecycleMonitor: Lifecycle status change: com.example.group8_bartertrader.ProductForm@5009f51 in: STOPPED
03-14 21:05:34.419 21357 21357 V ActivityScenario: Update currentActivityStage to STOPPED, currentActivity=com.example.group8_bartertrader.ProductForm@5009f51
03-14 21:05:34.423 21357 21357 D LifecycleMonitor: Lifecycle status change: com.example.group8_bartertrader.ProductForm@5009f51 in: DESTROYED
03-14 21:05:34.423 21357 21357 V ActivityScenario: Update currentActivityStage to DESTROYED, currentActivity=null
03-14 21:05:34.423 21357 21376 I TestRunner: finished: testSnackbarMessageForIncompleteFields(com.example.group8_bartertrader.ProductFormEspressoTest)
