04-04 14:44:47.343 25010 25036 I TestRunner: started: testSendNotificationButton(com.example.group8_bartertrader.notification.PushNotificationUITest)
04-04 14:44:47.352 25010 25036 W Settings: Setting always_finish_activities has moved from android.provider.Settings.System to android.provider.Settings.Global, returning read-only value.
04-04 14:44:47.356  1715  1715 E adservices: Encryption key fetch job is disabled, skip scheduling.
04-04 14:44:47.360 25010 25039 D TrafficStats: tagSocket(102) with statsTag=0x8001, statsUid=-1
04-04 14:44:47.362  1715  1936 W adservices: Skip logging because Cobalt logger is null
04-04 14:44:47.365   578   905 V GrammaticalInflectionUtils: AttributionSource: android.content.AttributionSource@ec18cb6d does not have READ_SYSTEM_GRAMMATICAL_GENDER permission.
04-04 14:44:47.378  1157  1157 W SplitSelectStateCtor: Missing session instanceIds
04-04 14:44:47.378  1157  1157 D StatsLog: LAUNCHER_SPLIT_SELECTION_EXIT_INTERRUPTED
04-04 14:44:47.387  1157  1157 I TopTaskTracker: onTaskMovedToFront: (moved taskInfo to front) taskId=867, baseIntent=Intent { act=android.intent.action.MAIN cat=[android.intent.category.LAUNCHER] flg=0x10008000 cmp=com.example.group8_bartertrader/.notification.NotificationActivity }
04-04 14:44:47.404   412   412 I BpBinder: onLastStrongRef automatically unlinking death recipients:
04-04 14:44:47.441 25010 25010 D AppCompatDelegate: Checking for metadata for AppLocalesMetadataHolderService : Service not found
04-04 14:44:47.446 25010 25010 D LifecycleMonitor: Lifecycle status change: com.example.group8_bartertrader.notification.NotificationActivity@b522ea3 in: PRE_ON_CREATE
04-04 14:44:47.446 25010 25010 V ActivityScenario: Activity lifecycle changed event received but ignored because the reported transition was not ON_CREATE while the last known transition was PRE_ON_CREATE
04-04 14:44:47.459  1157  1611 D EGL_emulation: app_time_stats: avg=1059.88ms min=8.95ms max=24522.03ms count=24
04-04 14:44:47.473 25010 25010 D CompatChangeReporter: Compat change id reported: 309578419; UID 10560; state: ENABLED
04-04 14:44:47.497   834  1039 D EGL_emulation: app_time_stats: avg=1353.40ms min=10.46ms max=25356.45ms count=19
04-04 14:44:47.497 25010 25010 W p8_bartertrader: Accessing hidden method Landroid/view/ViewGroup;->makeOptionalFitsSystemWindows()V (unsupported, reflection, allowed)
04-04 14:44:47.507  1157  1611 D EGL_emulation: app_time_stats: avg=1340.83ms min=12.74ms max=25085.12ms count=19
04-04 14:44:47.515 22179 22179 D BoundBrokerSvc: onBind: Intent { act=com.google.android.gms.measurement.START pkg=com.google.android.gms }
04-04 14:44:47.516 22179 22179 D BoundBrokerSvc: Loading bound service for intent: Intent { act=com.google.android.gms.measurement.START pkg=com.google.android.gms }
04-04 14:44:47.528 25010 25010 D CompatChangeReporter: Compat change id reported: 63938206; UID 10560; state: ENABLED
04-04 14:44:47.530 25010 25035 I FA      : Tag Manager is not found and thus will not be used
04-04 14:44:47.578 25010 25010 D LifecycleMonitor: Lifecycle status change: com.example.group8_bartertrader.notification.NotificationActivity@b522ea3 in: CREATED
04-04 14:44:47.578 25010 25010 V ActivityScenario: Update currentActivityStage to CREATED, currentActivity=com.example.group8_bartertrader.notification.NotificationActivity@b522ea3
04-04 14:44:47.580 25010 25010 D LifecycleMonitor: Lifecycle status change: com.example.group8_bartertrader.notification.NotificationActivity@b522ea3 in: STARTED
04-04 14:44:47.580 25010 25010 V ActivityScenario: Update currentActivityStage to STARTED, currentActivity=com.example.group8_bartertrader.notification.NotificationActivity@b522ea3
04-04 14:44:47.583 25010 25010 D LifecycleMonitor: Lifecycle status change: com.example.group8_bartertrader.notification.NotificationActivity@b522ea3 in: RESUMED
04-04 14:44:47.584 25010 25010 V ActivityScenario: Update currentActivityStage to RESUMED, currentActivity=com.example.group8_bartertrader.notification.NotificationActivity@b522ea3
04-04 14:44:47.591 25010 25010 W HWUI    : Unknown dataspace 0
04-04 14:44:47.617   412   513 W ServiceManagerCppClient: Permission failure: android.permission.ACCESS_SURFACE_FLINGER from uid=10560 pid=0
04-04 14:44:47.617   412   513 D PermissionCache: checking android.permission.ACCESS_SURFACE_FLINGER for uid=10560 => denied (142 us)
04-04 14:44:47.618   412   513 W ServiceManagerCppClient: Permission failure: android.permission.ROTATE_SURFACE_FLINGER from uid=10560 pid=0
04-04 14:44:47.618   412   513 D PermissionCache: checking android.permission.ROTATE_SURFACE_FLINGER for uid=10560 => denied (377 us)
04-04 14:44:47.618   412   513 W ServiceManagerCppClient: Permission failure: android.permission.INTERNAL_SYSTEM_WINDOW from uid=10560 pid=0
04-04 14:44:47.618   412   513 D PermissionCache: checking android.permission.INTERNAL_SYSTEM_WINDOW for uid=10560 => denied (519 us)
04-04 14:44:47.618   412   823 W ServiceManagerCppClient: Permission failure: android.permission.INTERNAL_SYSTEM_WINDOW from uid=10560 pid=25010
04-04 14:44:47.618   412   823 D PermissionCache: checking android.permission.INTERNAL_SYSTEM_WINDOW for uid=10560 => denied (386 us)
04-04 14:44:47.620 25010 25048 I EGL_emulation: Opening libGLESv1_CM_emulation.so
04-04 14:44:47.623 25010 25048 I EGL_emulation: Opening libGLESv2_emulation.so
04-04 14:44:47.629 25010 25048 W HWUI    : Failed to choose config with EGL_SWAP_BEHAVIOR_PRESERVED, retrying without...
04-04 14:44:47.629 25010 25048 W HWUI    : Failed to initialize 101010-2 format, error = EGL_SUCCESS
04-04 14:44:47.642   160   160 I hwservicemanager: getTransport: Cannot find entry android.hardware.graphics.mapper@4.0::IMapper/default in either framework or device VINTF manifest.
04-04 14:44:47.642 25010 25048 I Gralloc4: mapper 4.x is not supported
04-04 14:44:47.692   578   662 W ServiceManagerCppClient: Permission failure: android.permission.ACCESS_SURFACE_FLINGER from uid=10560 pid=0
04-04 14:44:47.692   578   662 D PermissionCache: checking android.permission.ACCESS_SURFACE_FLINGER for uid=10560 => denied (115 us)
04-04 14:44:47.692   578   662 W ServiceManagerCppClient: Permission failure: android.permission.ROTATE_SURFACE_FLINGER from uid=10560 pid=0
04-04 14:44:47.692   578   662 D PermissionCache: checking android.permission.ROTATE_SURFACE_FLINGER for uid=10560 => denied (29 us)
04-04 14:44:47.692   578   662 W ServiceManagerCppClient: Permission failure: android.permission.INTERNAL_SYSTEM_WINDOW from uid=10560 pid=0
04-04 14:44:47.692   578   662 D PermissionCache: checking android.permission.INTERNAL_SYSTEM_WINDOW for uid=10560 => denied (10 us)
04-04 14:44:47.694   578   606 W ziparchive: Unable to open '/data/app/~~81lX-fGvSxvU7wVv5jzVrw==/com.example.group8_bartertrader-w0CGNvsZtf_gwDEJzNAZSQ==/base.dm': No such file or directory
04-04 14:44:47.695   578   606 I ActivityTaskManager: Displayed com.example.group8_bartertrader/.notification.NotificationActivity for user 0: +330ms
04-04 14:44:47.704 22179 24715 D AdvertisingIdClient: AdvertisingIdClient already created.
04-04 14:44:47.705 22179 24715 I AdvertisingIdClient: shouldSendLog 7055807
04-04 14:44:47.705 22179 24715 I AdvertisingIdClient: GetInfoInternal elapse 1ms
04-04 14:44:47.732   578   708 I ImeTracker: com.example.group8_bartertrader:bed6a82d: onRequestHide at ORIGIN_SERVER reason HIDE_UNSPECIFIED_WINDOW fromUser false
04-04 14:44:47.732   578   708 I ImeTracker: com.example.group8_bartertrader:bed6a82d: onCancelled at PHASE_SERVER_SHOULD_HIDE
04-04 14:44:47.739  1317  1317 I GoogleInputMethodService: GoogleInputMethodService.onFinishInput():2090
04-04 14:44:47.741  1317  1317 I Module  : DeviceLockedStatusModuleProvider$Module.updateDeviceLockedStatus():100 repeatCheckTimes = 0, locked = false
04-04 14:44:47.742  1317  1317 I GoogleInputMethodService: GoogleInputMethodService.onStartInput():1357 onStartInput(EditorInfo{EditorInfo{packageName=com.example.group8_bartertrader, inputType=0, inputTypeString=NULL, enableLearning=false, autoCorrection=false, autoComplete=false, imeOptions=0, privateImeOptions=null, actionName=UNSPECIFIED, actionLabel=null, initialSelStart=-1, initialSelEnd=-1, initialCapsMode=0, label=null, fieldId=0, fieldName=null, extras=null, hintText=null, hintLocales=[]}}, false)
04-04 14:44:47.743  1317  1317 I Module  : DeviceLockedStatusModuleProvider$Module.updateDeviceLockedStatus():100 repeatCheckTimes = 1, locked = false
04-04 14:44:47.757  1157  1157 D VRI[NexusLauncherActivity]: visibilityChanged oldVisibility=true newVisibility=false
04-04 14:44:47.759 22726 23665 I Finsky  : [144] akya.A(184): Package com.google.android.gms is verified.
04-04 14:44:47.767 22179 24715 W FA-SVC  : Service response is missing Install Referrer install timestamp
04-04 14:44:47.769 22726 22726 I Finsky  : [2] zne.onTrimMemory(11): Memory trim requested to level 40
04-04 14:44:47.769 22726 22726 I Finsky  : [2] aeaw.accept(139): Flushing in-memory image cache
04-04 14:44:47.773  1157  1157 D BaseDepthController: setSurface:
04-04 14:44:47.773  1157  1157 D BaseDepthController: 	mWaitingOnSurfaceValidity: false
04-04 14:44:47.773  1157  1157 D BaseDepthController: 	mSurface: null
04-04 14:44:47.773  1157  1157 D BaseDepthController: mSurface is null and mCurrentBlur is: 0
04-04 14:44:47.774  1157  1157 D StateManager: goToState - fromState: Normal, toState: Normal, partial trace:
04-04 14:44:47.774  1157  1157 D StateManager: 	at com.android.launcher3.statemanager.StateManager.moveToRestState(go/retraceme 2855a437b73635ce9cad76b9289087e631bbb67fc90008a0da13d343a00e5041:4)
04-04 14:44:47.774  1157  1157 D StateManager: 	at com.android.launcher3.statemanager.StateManager.moveToRestState(go/retraceme 2855a437b73635ce9cad76b9289087e631bbb67fc90008a0da13d343a00e5041:1)
04-04 14:44:47.774  1157  1157 D StateManager: 	at com.android.launcher3.statemanager.StatefulActivity.onStop(go/retraceme 2855a437b73635ce9cad76b9289087e631bbb67fc90008a0da13d343a00e5041:34)
04-04 14:44:47.774 22179 22183 I gle.android.gms: Background concurrent mark compact GC freed 6567KB AllocSpace bytes, 23(908KB) LOS objects, 49% free, 7212KB/14MB, paused 7.555ms,1.306ms total 67.430ms
04-04 14:44:47.776  1157  1157 D StatsLog: LAUNCHER_ONSTOP
04-04 14:44:47.776  1157  2255 D GmsPlayProvider: Shut down the binder channel
04-04 14:44:47.776  1157  1792 D OneSearchSuggestProvider: Shut down the binder channel
04-04 14:44:47.777  1157  1157 D StatsLog: LAUNCHER_GOOGLE_SEARCH_RESTORE_LIST_SIZE_AFTER_ACTIVITY_RESTART
04-04 14:44:47.777  1157  1157 D NexusLauncherModelDelegate: notifySmartspaceEvent: SmartspaceTargetEvent{mSmartspaceTarget=null, mSmartspaceActionId='null', mEventType=7}
04-04 14:44:47.778  1157  1170 I IPCThreadState: oneway function results for code 2 on binder at 0xb400006e566a37c0 will be dropped but finished with status UNKNOWN_TRANSACTION
04-04 14:44:47.780 22179 22185 W gle.android.gms: ApkAssets: Deleting an ApkAssets object '<empty> and /data/app/~~81lX-fGvSxvU7wVv5jzVrw==/com.example.group8_bartertrader-w0CGNvsZtf_gwDEJzNAZSQ==/base.apk' with 1 weak references
04-04 14:44:47.781  1157  1157 D NexusLauncherModelDelegate: notifySmartspaceEvent: SmartspaceTargetEvent{mSmartspaceTarget=null, mSmartspaceActionId='null', mEventType=7}
04-04 14:44:47.788 25010 25036 W FileTestStorage: Output properties is not supported.
04-04 14:44:47.790 25010 25036 I Tracing : Tracer added: class androidx.test.platform.tracing.AndroidXTracer
04-04 14:44:47.805 25010 25036 D EventInjectionStrategy: Creating injection strategy with input manager.
04-04 14:44:47.807 25010 25036 W p8_bartertrader: Accessing hidden method Landroid/hardware/input/InputManager;->getInstance()Landroid/hardware/input/InputManager; (unsupported, reflection, allowed)
04-04 14:44:47.810 25010 25036 W p8_bartertrader: Accessing hidden method Landroid/hardware/input/InputManager;->injectInputEvent(Landroid/view/InputEvent;I)Z (unsupported, reflection, allowed)
04-04 14:44:47.810 25010 25036 W p8_bartertrader: Accessing hidden field Landroid/hardware/input/InputManager;->INJECT_INPUT_EVENT_MODE_WAIT_FOR_FINISH:I (unsupported, reflection, allowed)
04-04 14:44:47.817 25010 25036 W p8_bartertrader: Accessing hidden method Landroid/view/ViewConfiguration;->getDoubleTapMinTime()I (unsupported, reflection, allowed)
04-04 14:44:47.820 25010 25010 W p8_bartertrader: Accessing hidden method Landroid/os/MessageQueue;->next()Landroid/os/Message; (unsupported, reflection, allowed)
04-04 14:44:47.822 25010 25010 W p8_bartertrader: Accessing hidden field Landroid/os/MessageQueue;->mMessages:Landroid/os/Message; (unsupported, reflection, allowed)
04-04 14:44:47.822 25010 25010 W p8_bartertrader: Accessing hidden method Landroid/os/Message;->recycleUnchecked()V (unsupported, reflection, allowed)
04-04 14:44:47.827 25010 25010 I ViewInteraction: Performing 'single click' action on view view.getId() is <2131296721/com.example.group8_bartertrader:id/sendNotificationBtn>
04-04 14:44:47.878   404  3007 D audioserver: logFgsApiBegin: FGS Logger Transaction failed, -129
04-04 14:44:47.879   578  1782 W AS.PlaybackActivityMon: No piid assigned for invalid/internal port id 15
04-04 14:44:47.949   404   539 D AudioFlinger: mixer(0xb400007a9702a8e0) throttle end: throttle time(34)
04-04 14:44:47.977   834   930 W WindowOnBackDispatcher: sendCancelIfRunning: isInProgress=false callback=android.view.ViewRootImpl$$ExternalSyntheticLambda11@eba0824
04-04 14:44:47.978   578   905 W InputManager-JNI: Input channel object 'a432ab7 Splash Screen com.example.group8_bartertrader (client)' was disposed without first being removed with the input manager!
04-04 14:44:48.055 25010 25071 D TrafficStats: tagSocket(131) with statsTag=0xffffffff, statsUid=-1
04-04 14:44:48.092  1068  2094 I FontLog : (REDACTED) Received query %s, URI %s
04-04 14:44:48.092  1068  2094 I FontLog : (REDACTED) Query [%s] resolved to %s
04-04 14:44:48.094  1068  2094 I FontLog : (REDACTED) Fetch %s end status %s
04-04 14:44:48.096  1068  2101 I FontLog : (REDACTED) Pulling font file for id = %d, cache size = %d
04-04 14:44:48.099  1068  2101 I FontLog : (REDACTED) Pulling font file for id = %d, cache size = %d
04-04 14:44:48.100   404   539 D audioserver: logFgsApiEnd: FGS Logger Transaction failed, -129
04-04 14:44:48.154 25010 25014 I p8_bartertrader: Compiler allocated 4206KB to compile void android.widget.TextView.<init>(android.content.Context, android.util.AttributeSet, int, int)
04-04 14:44:48.280 25010 25071 D NotificationBody: JSON Body: {"message":{"topic":"jobs","notification":{"title":"New Job Created","body":"A new job is created in your city."},"data":{"productLocation":"Halifax","product_id":"HF-128369"}}}
04-04 14:44:48.282 25010 25071 D token   : tokenya29.c.c0ASRK0GY4Vb1uz7TctIRSoXeiZ5qUyYE3q2BspXBvy2nzZqKzqauw9DVzVWNhUpT9JAudpaxT9Pxe4hWOtAaqRFty3aAfQiyc_xz1XDPYFwKLTRYo38fELtvg3VcGLPHa25UNaV9TywK0bC8eZc_s2NDjohxOZsGnIyEJ2uDZ6PFPnFx3Zcs7NPYezNyiO26lOyzwD7WwvCDgbDj0FI4bQzbVTcLkxpHBK3Xn-TqANHmikOp5qIv6fj32gXgRF5LZT_iaTWgpqC5gHCD22ce4XWoeup2X8C28GN8QHIeiv7fxyxm2kAHJJiTmXfmOPicdGHTFgHelJdRdbg-6Zo45_L4WLpiR3Jj8v3jR6KKrUHWvsFpRoIc1_wvWH385DpaYjptvdho1uUzgqMlJJWwMSBvW2_V4IXz0Olazl5V3kStOYWyrRB7VYlh03c7-UFM_nWigvVSQpB95ScV1w96wUMM9ZSJpyeWepntnqyJWlkhrOupvpxzW29hMXVqtQw6hvjjScnoop_-Br50Yx7cbOFnr7gReSbb51ZhpoQvbawdWe08m1c_-fwtSozdIsrixu2Jcyy2iY1Ja9V_eSrugQkJZmXweFvlgl8gfM836la7xbWWrBrOJF_lQWQF6_ZQM97XdfXxJ_kR5J47Ycf7w8IbihqeQQQXqOnebpyJj0qgpj7xFpz1ZutndWZQUdrIduUtV53pQ-k3a9Qiboml88gdrVOwXBOehkSJ8ZxeXje3py2MnVrXuIoSwhdiRt9Utd5BjfvY6JnBovhZr6froUz1ejio3FhYaz49g_tsOSxVmhqerIzSsyt80WlnWzld6dibM5OX4eSvcpm94nnV1zoXqin5X8MFyh1Os9j1I4S6yIOvetFFmfXFyrvsko91WQJShonotJsMiyelhJ-k__gbOm3dk7U6kny1xtsidWZd9bX971_-knIWmMy1ZxqioBpUuJJt1tc7rmenOusecRjFi60dRWbeVWYg8ot6iIB-t2-3cnMRUZIS
04-04 14:44:48.283 25010 25053 D NotificationHeaders: Headers: {Authorization=Bearer ya29.c.c0ASRK0GY4Vb1uz7TctIRSoXeiZ5qUyYE3q2BspXBvy2nzZqKzqauw9DVzVWNhUpT9JAudpaxT9Pxe4hWOtAaqRFty3aAfQiyc_xz1XDPYFwKLTRYo38fELtvg3VcGLPHa25UNaV9TywK0bC8eZc_s2NDjohxOZsGnIyEJ2uDZ6PFPnFx3Zcs7NPYezNyiO26lOyzwD7WwvCDgbDj0FI4bQzbVTcLkxpHBK3Xn-TqANHmikOp5qIv6fj32gXgRF5LZT_iaTWgpqC5gHCD22ce4XWoeup2X8C28GN8QHIeiv7fxyxm2kAHJJiTmXfmOPicdGHTFgHelJdRdbg-6Zo45_L4WLpiR3Jj8v3jR6KKrUHWvsFpRoIc1_wvWH385DpaYjptvdho1uUzgqMlJJWwMSBvW2_V4IXz0Olazl5V3kStOYWyrRB7VYlh03c7-UFM_nWigvVSQpB95ScV1w96wUMM9ZSJpyeWepntnqyJWlkhrOupvpxzW29hMXVqtQw6hvjjScnoop_-Br50Yx7cbOFnr7gReSbb51ZhpoQvbawdWe08m1c_-fwtSozdIsrixu2Jcyy2iY1Ja9V_eSrugQkJZmXweFvlgl8gfM836la7xbWWrBrOJF_lQWQF6_ZQM97XdfXxJ_kR5J47Ycf7w8IbihqeQQQXqOnebpyJj0qgpj7xFpz1ZutndWZQUdrIduUtV53pQ-k3a9Qiboml88gdrVOwXBOehkSJ8ZxeXje3py2MnVrXuIoSwhdiRt9Utd5BjfvY6JnBovhZr6froUz1ejio3FhYaz49g_tsOSxVmhqerIzSsyt80WlnWzld6dibM5OX4eSvcpm94nnV1zoXqin5X8MFyh1Os9j1I4S6yIOvetFFmfXFyrvsko91WQJShonotJsMiyelhJ-k__gbOm3dk7U6kny1xtsidWZd9bX971_-knIWmMy1ZxqioBpUuJJt1tc7rmenOusecRjFi60dRWbeVWYg8ot6iIB-t2-3cnMRUZIS, Content-Type=application/json; charset=UTF-8}
04-04 14:44:48.287 25010 25053 D TrafficStats: tagSocket(132) with statsTag=0x60f5743, statsUid=-1
04-04 14:44:48.393 25010 25014 I p8_bartertrader: Compiler allocated 5250KB to compile void android.view.ViewRootImpl.performTraversals()
04-04 14:44:48.529 25010 25010 D NotificationResponse: Response: {"name":"projects\/group-8-barter-trader\/messages\/9068515267675050839"}
04-04 14:44:48.691 25010 25084 D FCM Token: Token: cFfpThsVRb-Ii0_0zG5rJm:APA91bGD9QBdhlxfVWR8nA-lohTj_zzV9h83lFn1ZR22E0kDL_bFjz4EXdjuz2-JZaZsomdVE5mDSYios0D4JEg5PojVITLfCLF5TfDR0KFF_bn8UbiUSZw
04-04 14:44:48.704 25010 25048 D EGL_emulation: app_time_stats: avg=14.09ms min=1.11ms max=28.82ms count=58
04-04 14:44:50.190 25010 25010 I ViewInteraction: Checking 'MatchesViewAssertion{viewMatcher=(view has effective visibility <VISIBLE> and view.getGlobalVisibleRect() to return non-empty rectangle)}' assertion on view (an instance of android.widget.TextView and view.getText() with or without transformation to match: is "Notification Sent Successfully" and (view has effective visibility <VISIBLE> and view.getGlobalVisibleRect() to return non-empty rectangle))
04-04 14:44:50.200   578  1782 V GrammaticalInflectionUtils: AttributionSource: android.content.AttributionSource@edcda40c does not have READ_SYSTEM_GRAMMATICAL_GENDER permission.
04-04 14:44:50.212   578   609 V GrammaticalInflectionUtils: AttributionSource: android.content.AttributionSource@edcda40c does not have READ_SYSTEM_GRAMMATICAL_GENDER permission.
04-04 14:44:50.213 25010 25010 D LifecycleMonitor: Lifecycle status change: com.example.group8_bartertrader.notification.NotificationActivity@b522ea3 in: PAUSED
04-04 14:44:50.213 25010 25010 V ActivityScenario: Update currentActivityStage to PAUSED, currentActivity=com.example.group8_bartertrader.notification.NotificationActivity@b522ea3
04-04 14:44:50.215  1157  1157 I TopTaskTracker: onTaskMovedToFront: (moved taskInfo to front) taskId=868, baseIntent=Intent { act=android.intent.action.MAIN cat=[android.intent.category.LAUNCHER] flg=0x10000000 cmp=com.example.group8_bartertrader.test/androidx.test.core.app.InstrumentationActivityInvoker$EmptyActivity }
04-04 14:44:50.219   412   412 I BpBinder: onLastStrongRef automatically unlinking death recipients:
04-04 14:44:50.240   367   367 D Zygote  : Forked child process 25087
04-04 14:44:50.246 25087 25087 I rtertrader.test: Late-enabling -Xcheck:jni
04-04 14:44:50.255   834  1039 D EGL_emulation: app_time_stats: avg=145.15ms min=10.76ms max=1967.96ms count=19
04-04 14:44:50.262 25010 25048 D EGL_emulation: app_time_stats: avg=67.75ms min=15.86ms max=1191.67ms count=23
04-04 14:44:50.265 25087 25087 I rtertrader.test: Using CollectorTypeCMC GC.
04-04 14:44:50.267   417   454 I adbd    : jdwp connection from 25087
04-04 14:44:50.273 25087 25087 D nativeloader: Load libframework-connectivity-tiramisu-jni.so using APEX ns com_android_tethering for caller /apex/com.android.tethering/javalib/framework-connectivity-t.jar: ok
04-04 14:44:50.300 25087 25087 D ApplicationLoaders: Returning zygote-cached class loader: /system/framework/android.test.base.jar
04-04 14:44:50.303 25087 25087 D nativeloader: Configuring clns-7 for other apk /system/framework/android.test.mock.jar. target_sdk_version=35, uses_libraries=ALL, library_path=/data/app/~~cN6JtM8NJo0DysnlGWsE6g==/com.example.group8_bartertrader.test-UbT_BSiANLY74c9CDSyhqA==/lib/arm64, permitted_path=/data:/mnt/expand:/data/user/0/com.example.group8_bartertrader.test
04-04 14:44:50.303 25087 25087 D ApplicationLoaders: Returning zygote-cached class loader: /system/framework/android.test.base.jar
04-04 14:44:50.309 25087 25087 D nativeloader: Configuring clns-8 for other apk /system/framework/android.test.runner.jar. target_sdk_version=35, uses_libraries=ALL, library_path=/data/app/~~cN6JtM8NJo0DysnlGWsE6g==/com.example.group8_bartertrader.test-UbT_BSiANLY74c9CDSyhqA==/lib/arm64, permitted_path=/data:/mnt/expand:/data/user/0/com.example.group8_bartertrader.test
04-04 14:44:50.311 25087 25087 W ziparchive: Unable to open '/data/app/~~cN6JtM8NJo0DysnlGWsE6g==/com.example.group8_bartertrader.test-UbT_BSiANLY74c9CDSyhqA==/base.dm': No such file or directory
04-04 14:44:50.311 25087 25087 W ziparchive: Unable to open '/data/app/~~cN6JtM8NJo0DysnlGWsE6g==/com.example.group8_bartertrader.test-UbT_BSiANLY74c9CDSyhqA==/base.dm': No such file or directory
04-04 14:44:50.341 25087 25087 D nativeloader: Configuring clns-9 for other apk /data/app/~~cN6JtM8NJo0DysnlGWsE6g==/com.example.group8_bartertrader.test-UbT_BSiANLY74c9CDSyhqA==/base.apk. target_sdk_version=35, uses_libraries=, library_path=/data/app/~~cN6JtM8NJo0DysnlGWsE6g==/com.example.group8_bartertrader.test-UbT_BSiANLY74c9CDSyhqA==/lib/arm64, permitted_path=/data:/mnt/expand:/data/user/0/com.example.group8_bartertrader.test
04-04 14:44:50.342 25087 25087 D CompatChangeReporter: Compat change id reported: 202956589; UID 10561; state: ENABLED
04-04 14:44:50.349 25087 25087 V GraphicsEnvironment: Currently set values for:
04-04 14:44:50.350 25087 25087 V GraphicsEnvironment:   angle_gl_driver_selection_pkgs=[]
04-04 14:44:50.350 25087 25087 V GraphicsEnvironment:   angle_gl_driver_selection_values=[]
04-04 14:44:50.350 25087 25087 V GraphicsEnvironment: Global.Settings values are invalid: number of packages: 0, number of values: 0
04-04 14:44:50.350 25087 25087 V GraphicsEnvironment: Neither updatable production driver nor prerelease driver is supported.
04-04 14:44:50.381 25087 25087 D CompatChangeReporter: Compat change id reported: 279646685; UID 10561; state: ENABLED
04-04 14:44:50.382 25087 25087 D CompatChangeReporter: Compat change id reported: 309578419; UID 10561; state: ENABLED
04-04 14:44:50.395 25087 25087 W HWUI    : Unknown dataspace 0
04-04 14:44:50.404  1157  1157 I TopTaskTracker: onTaskMovedToFront: (moved taskInfo to front) taskId=836, baseIntent=Intent { act=android.intent.action.MAIN cat=[android.intent.category.HOME] flg=0x10000100 cmp=com.google.android.apps.nexuslauncher/.NexusLauncherActivity }
04-04 14:44:50.409   412   512 W ServiceManagerCppClient: Permission failure: android.permission.ACCESS_SURFACE_FLINGER from uid=10561 pid=0
04-04 14:44:50.409   412   512 D PermissionCache: checking android.permission.ACCESS_SURFACE_FLINGER for uid=10561 => denied (83 us)
04-04 14:44:50.409   412   512 W ServiceManagerCppClient: Permission failure: android.permission.ROTATE_SURFACE_FLINGER from uid=10561 pid=0
04-04 14:44:50.409   412   512 D PermissionCache: checking android.permission.ROTATE_SURFACE_FLINGER for uid=10561 => denied (256 us)
04-04 14:44:50.409   412   512 W ServiceManagerCppClient: Permission failure: android.permission.INTERNAL_SYSTEM_WINDOW from uid=10561 pid=0
04-04 14:44:50.409   412   512 D PermissionCache: checking android.permission.INTERNAL_SYSTEM_WINDOW for uid=10561 => denied (257 us)
04-04 14:44:50.410 25087 25100 I EGL_emulation: Opening libGLESv1_CM_emulation.so
04-04 14:44:50.411 25087 25100 I EGL_emulation: Opening libGLESv2_emulation.so
04-04 14:44:50.416 25087 25100 W HWUI    : Failed to choose config with EGL_SWAP_BEHAVIOR_PRESERVED, retrying without...
04-04 14:44:50.417 25087 25100 W HWUI    : Failed to initialize 101010-2 format, error = EGL_SUCCESS
04-04 14:44:50.426   160   160 I hwservicemanager: getTransport: Cannot find entry android.hardware.graphics.mapper@4.0::IMapper/default in either framework or device VINTF manifest.
04-04 14:44:50.427 25087 25100 I Gralloc4: mapper 4.x is not supported
04-04 14:44:50.440   578   905 W ServiceManagerCppClient: Permission failure: android.permission.ACCESS_SURFACE_FLINGER from uid=10561 pid=0
04-04 14:44:50.440   578   905 D PermissionCache: checking android.permission.ACCESS_SURFACE_FLINGER for uid=10561 => denied (100 us)
04-04 14:44:50.440   578   905 W ServiceManagerCppClient: Permission failure: android.permission.ROTATE_SURFACE_FLINGER from uid=10561 pid=0
04-04 14:44:50.440   578   905 D PermissionCache: checking android.permission.ROTATE_SURFACE_FLINGER for uid=10561 => denied (8 us)
04-04 14:44:50.440   578   905 W ServiceManagerCppClient: Permission failure: android.permission.INTERNAL_SYSTEM_WINDOW from uid=10561 pid=0
04-04 14:44:50.440   578   905 D PermissionCache: checking android.permission.INTERNAL_SYSTEM_WINDOW for uid=10561 => denied (8 us)
04-04 14:44:50.450  1157  1157 D StatsLog: LAUNCHER_ONRESUME
04-04 14:44:50.454  1157  1157 D NexusLauncherModelDelegate: notifySmartspaceEvent: SmartspaceTargetEvent{mSmartspaceTarget=null, mSmartspaceActionId='null', mEventType=6}
04-04 14:44:50.457   578  1516 W AppSearchIcing: icing-search-engine.cc:321: Error: 5, Message: Document (com.google.android.googlequicksearchbox$OneSearchZeroStateGoogleSuggestions/default, zp) not found.
04-04 14:44:50.459  1157  1157 D BaseDepthController: setSurface:
04-04 14:44:50.459  1157  1157 D BaseDepthController: 	mWaitingOnSurfaceValidity: false
04-04 14:44:50.459  1157  1157 D BaseDepthController: 	mSurface: Surface(name=com.google.android.apps.nexuslauncher/com.google.android.apps.nexuslauncher.NexusLauncherActivity)/@0x8be6906
04-04 14:44:50.459  1157  1792 D OneSearchSuggestProvider: AppSearch 0-state cache not available, fallback to AGA
04-04 14:44:50.459  1157  1792 D OneSearchSuggestProvider: java.util.concurrent.CompletionException: java.util.NoSuchElementException: No value present
04-04 14:44:50.459  1157  1792 D OneSearchSuggestProvider: 	at java.util.concurrent.CompletableFuture.encodeThrowable(CompletableFuture.java:308)
04-04 14:44:50.459  1157  1792 D OneSearchSuggestProvider: 	at java.util.concurrent.CompletableFuture.completeThrowable(CompletableFuture.java:323)
04-04 14:44:50.459  1157  1792 D OneSearchSuggestProvider: 	at java.util.concurrent.CompletableFuture$UniAccept.tryFire(CompletableFuture.java:684)
04-04 14:44:50.459  1157  1792 D OneSearchSuggestProvider: 	at java.util.concurrent.CompletableFuture.postComplete(CompletableFuture.java:486)
04-04 14:44:50.459  1157  1792 D OneSearchSuggestProvider: 	at java.util.concurrent.CompletableFuture.completeExceptionally(CompletableFuture.java:2138)
04-04 14:44:50.459  1157  1792 D OneSearchSuggestProvider: 	at com.google.android.apps.nexuslauncher.allapps.E0.onResult(go/retraceme 2855a437b73635ce9cad76b9289087e631bbb67fc90008a0da13d343a00e5041:67)
04-04 14:44:50.459  1157  1792 D OneSearchSuggestProvider: 	at android.app.appsearch.SearchSessionUtil$1.lambda$onResult$0(go/retraceme 64eee9e9f568ff45978879ad2ff83146f2618ee8a88278736fbdf5fae931976e:144)
04-04 14:44:50.459  1157  1792 D OneSearchSuggestProvider: 	at android.app.appsearch.SearchSessionUtil$1.$r8$lambda$CEk3q8sDAQVhU3rQwVueB8FAj_M(go/retraceme 64eee9e9f568ff45978879ad2ff83146f2618ee8a88278736fbdf5fae931976e:1)
04-04 14:44:50.459  1157  1792 D OneSearchSuggestProvider: 	at android.app.appsearch.SearchSessionUtil$1$$ExternalSyntheticLambda0.run(go/retraceme 64eee9e9f568ff45978879ad2ff83146f2618ee8a88278736fbdf5fae931976e:22)
04-04 14:44:50.459  1157  1792 D OneSearchSuggestProvider: 	at android.os.Handler.handleCallback(Handler.java:959)
04-04 14:44:50.459  1157  1792 D OneSearchSuggestProvider: 	at android.os.Handler.dispatchMessage(Handler.java:100)
04-04 14:44:50.459  1157  1792 D OneSearchSuggestProvider: 	at android.os.Looper.loopOnce(Looper.java:232)
04-04 14:44:50.459  1157  1792 D OneSearchSuggestProvider: 	at android.os.Looper.loop(Looper.java:317)
04-04 14:44:50.459  1157  1792 D OneSearchSuggestProvider: 	at android.os.HandlerThread.run(HandlerThread.java:85)
04-04 14:44:50.459  1157  1792 D OneSearchSuggestProvider: Caused by: java.util.NoSuchElementException: No value present
04-04 14:44:50.459  1157  1792 D OneSearchSuggestProvider: 	at java.util.Optional.get(Optional.java:143)
04-04 14:44:50.459  1157  1792 D OneSearchSuggestProvider: 	at com.google.android.apps.nexuslauncher.allapps.E0.onResult(go/retraceme 2855a437b73635ce9cad76b9289087e631bbb67fc90008a0da13d343a00e5041:28)
04-04 14:44:50.459  1157  1792 D OneSearchSuggestProvider: 	... 8 more
04-04 14:44:50.463  1157  1792 D OneSearchSuggestProvider: Created the binder channel successfully for end point service =com.google.android.apps.search.googleapp.search.suggest.plugins.onesearch.server.OneSearchSuggestService , mChannel=i1{delegate=f{logId=127, target=directaddress:///AndroidComponentAddress%5BIntent%20%7B%20act=grpc.io.action.BIND%20cmp=com.google.android.googlequicksearchbox/com.google.android.apps.search.googleapp.search.suggest.plugins.onesearch.server.OneSearchSuggestService%20%7D%5D}} , mOneSearchConnection=l2.Z@b6e66ba
04-04 14:44:50.470 22155 22155 I fogv    : (REDACTED) Created gRPC endpoint for service %s
04-04 14:44:50.471  1157  1187 D QuickstepModelDelegate: notifyAppTargetEvent action=1 launchLocation=workspace/0/[-1,-1]/[1,1]
04-04 14:44:50.476  1444  1592 I AiAiEcho: Predicting[0]:  [CONTEXT sampling_count=5 ]
04-04 14:44:50.476  1444  1592 I AiAiEcho: EchoTargets:
04-04 14:44:50.476  1444  1592 I AiAiEcho: Filtered by AiAi flag check:
04-04 14:44:50.476  1444  1592 I AiAiEcho: [CONTEXT ratelimit_period="10 SECONDS" ]
04-04 14:44:50.476  1444  1592 I AiAiEcho: Ranked targets strategy: SORT, count: 0, ranking metadata:  [CONTEXT ratelimit_period="10 SECONDS" ]
04-04 14:44:50.476  1444  1592 I AiAiEcho: #remoteViewsTwiddler: feature disabled.
04-04 14:44:50.477  1444  1592 I AiAiEcho: #postPredictionTargets: Sending updates to UISurface home with targets# 0 (types=[])
04-04 14:44:50.485 25010 25010 D VRI[NotificationActivity]: visibilityChanged oldVisibility=true newVisibility=false
04-04 14:44:50.487  1157  1157 D SsBaseTemplateCard: No text view can be set up
04-04 14:44:50.489  1157  1157 D SsBaseTemplateCard: Passed-in item info is null
04-04 14:44:50.489  1157  1157 D SsBaseTemplateCard: Passed-in item info is null
04-04 14:44:50.489  1157  1157 D SsBaseTemplateCard: Passed-in item info is null
04-04 14:44:50.489  1157  1157 I SsBaseTemplateCard: Secondary card pane is null
04-04 14:44:50.492  1157  1157 D StateManager: createAtomicAnimation - fromState: Background, toState: Normal, partial trace:
04-04 14:44:50.492  1157  1157 D StateManager: 	at com.android.quickstep.util.WorkspaceRevealAnim.prepareToAnimate(go/retraceme 2855a437b73635ce9cad76b9289087e631bbb67fc90008a0da13d343a00e5041:22)
04-04 14:44:50.492  1157  1157 D StateManager: 	at com.android.quickstep.util.WorkspaceRevealAnim.<init>(go/retraceme 2855a437b73635ce9cad76b9289087e631bbb67fc90008a0da13d343a00e5041:11)
04-04 14:44:50.492  1157  1157 D StateManager: 	at com.android.launcher3.QuickstepTransitionManager.createWallpaperOpenAnimations(go/retraceme 2855a437b73635ce9cad76b9289087e631bbb67fc90008a0da13d343a00e5041:735)
04-04 14:44:50.511  1157  1157 D SearchTargetUtil: queryLength=0 size=15
04-04 14:44:50.511  1157  1157 D SearchTargetUtil: layoutType=short_icon_row resultType=131072 packageName=com.google.android.googlequicksearchbox extras=Bundle{suggestion_type=33,suggest_truncate_start=false,is_answer=false,is_entity=false,is_personal=false,suggest_raw_text=nvidia geforce rtx 5070,input_query=android.app.search.Query@16f1a79,group_id=web7353612,response_id=685e5441-a788-4163-b5df-4d8cd7b670dd,support_query_builder=false,} searchAction=nvidia geforce rtx 5070 searchActionExtras=Bundle{learn_more_url=https://support.google.com/websearch/answer/106230?hl=106230,suggestion_action_text=Report this,should_start_for_result=true,allow_pinning=true,skip_logging_in_target_handler=true,suggestion_action_rpc=2,}ParentID: null targetID: b09f5f41-18af-494e-88e6-a2b3ead49957
04-04 14:44:50.511  1157  1157 D SearchTargetUtil: layoutType=short_icon_row resultType=131072 packageName=com.google.android.googlequicksearchbox extras=Bundle{suggestion_type=33,suggest_truncate_start=false,is_answer=false,is_entity=false,is_personal=false,suggest_raw_text=m&m's strawberries & creme flavor,input_query=android.app.search.Query@16f1a79,group_id=web7353612,response_id=685e5441-a788-4163-b5df-4d8cd7b670dd,support_query_builder=false,} searchAction=m&m's strawberries & creme flavor searchActionExtras=Bundle{learn_more_url=https://support.google.com/websearch/answer/106230?hl=106230,suggestion_action_text=Report this,should_start_for_result=true,allow_pinning=true,skip_logging_in_target_handler=true,suggestion_action_rpc=2,}ParentID: null targetID: e11c0c46-5726-47da-967f-a53cbda7cd6f
04-04 14:44:50.511  1157  1157 D SearchTargetUtil: layoutType=extra_tall_icon_row resultType=131072 packageName=com.google.android.googlequicksearchbox extras=Bundle{bitmap_url=data:image/jpeg;base64,/9j/4AAQSkZJRgABAQAAAQABAAD/2wCEAAkGBwgHBgkIBwgKCgkLDRYPDQwMDRsUFRAWIB0iIiAdHx8kKDQsJCYxJx8fLT0tMTU3Ojo6Iys/RD84QzQ5OjcBCgoKDQwNGg8PGjclHyU3Nzc3Nzc3Nzc3Nzc3Nzc3Nzc3Nzc3Nzc3Nzc3Nzc3Nzc3Nzc3Nzc3Nzc3Nzc3Nzc3N//AABEIAHwAUwMBEQACEQEDEQH/xAAbAAACAwEBAQAAAAAAAAAAAAADBAABBQIGB//EADYQAAIBAwMBBQUHAwUAAAAAAAECAwAEEQUSITETIkFRYUJxgZGhBhQjMrHR8BUzwSVScpLx/8QAGgEAAgMBAQAAAAAAAAAAAAAAAAMBAgQFBv/EAC4RAAICAQMDAwIGAgMAAAAAAAABAgMRBBIhMUFREyJhkfAFMnGBweGh0RSx8f/aAAwDAQACEQMRAD8A+LWdpJdSFEAzjPNLssUFljq6XMbOlTpw0bfKlLURfRm2GkyuOQEtvInWGQeu00yMk+4q2vZw0UtlI6q25Ru8CG4+lX3IyOOSxYNnG8Z/4n9qncRtCLprn2wPepxUOaGRqbOHsHVclvhsbj6UKRWUMAWt5FbbsZvUKeaYpLBRpnEkbJ+ZGXnHIxU5XYjkHVWBVQAaN2QgoxB9KhxT6joTlHobOn/aG8tCBIFmTycf5rHboa59ODXDVYfvX8G4NY0bULcrOslpNjjHK5rF/wAXVUy9r3I6lOpomsSlx8/7PJTyN2hCTTbR5v412Irjk4dyju9ucGv9mI9OnvlGt3t3FD4GIbufWotjJRzEZp64zeG+Tf1ew0fs/wDStZ3rnADW8gPzxWNTafKOpHRtxz0+j/6PHXsFxBIwkld1PtBjg1trcZLKOVqaLKpe4lqk9xIEhE8j+SljT4qHgwXWenHLeC7yB48LNuz1wxJxR7eyE12uZnuMHpUM0I5zVACLxQOTwdE5qSG8kBxUMEzpiAQAc5GTQkTJpcG/pelSyoSZHtxHwzL1ZuuPhx86zai9R4O/+G/hdl2cPbjq/nx+wzd2stvb7jL2pBAy3Vhg9fpzSITU+xv1Wjs08M7s/r3/AFFZGRk6eHQ/Wn1pp5MVjhKOMC1pNd6bOZrKdom8x4iujGKaPK6yMI2enJZ8Gi/2jW9UJrFlFL4drH3WHrVXUs+BLpnFex5/X7/gw9XWy7ZBp0jyKR3t/gaGu3cvTvw3NYFNsY4ZHz41RxkWzLszhag0BVHmKnAJnccJmlVEwCxwM9KgZXW7JqMe56y1Z9S1CGyu7K33Q4kaRB1x+/HyrOtK6W3k9MtQ9XYqLa1mPLa+PHj6/AzBJNGqoYWZZbiVt4GQAWPr6VlujGS56m/QXXVT2qPEm+cf2IyzyXPaZT8NXwuB1ABqIQjHuLv1Nmocsr2p8fRmZdBomRiMZXP1rZDvg42oTraf31HdNsW1K4WCGIySHkAeVdTSSg09xwvxtOChZHvx/Jf2gsrexkSKSJVljwXUNwa0zUGt3Y4mknfJyi2ZOrXltPewSRW/ZhR3x51hm8SRvqqmq5IWe4iLH9qq2gVUsCqUo2hRViAttL2NxHJjO1s4qrHaez07Iz8HqNDujJdz3QXZkYI9KtbPcsno/wANzbZZZjGTVB26czrltrOvd64JyD9a5t1fvydrT27aHH57GJbSBLSQLvJU8bsdaj03KxZOdTaoUSSzx5M66zJ2Y6kjA9Oua2pJcHJ1Hv2mhomoSaXKLmD+8nAz0OQQQa10bejOdrqZ3VqK+vyYOq3U15dSTTtudzkmjUTbZgpqjVHbESlkMrbmxmkTm5vLLxgorCBmowB2lSWCirYIOiKhoDV0ecQwsIyTKxPB6CoSXU62gv8ATg1H8z/x9/BuxXb2jttA2SBRhhwB0zSbFFpprqduF8qZZQnqtndWVwQT2obPKjH0pcJxx4Faui+qWeqZm24LszE9CCB0/nSmNnNpTlJyYRsRggePOPWtlEH1E6mcYLBmzpuzTJxycrImyYNZtpbJRTmm7Re4tKUhgZBmrpFWEVGd1RPzMQoz5mq2PbFtl64OyagurGbm1lsEEonRugI24/nSskLvUeMHRv0k9Gt6kn9/0P6NNJqV2lpFAfxGDTP12KOpHz/Sq2LastmnSXy1E1XGPXqel1Zmd5do56CsLmso9fZudLx1PM3S26qA9yic4O1uTjqOK0wlPPCPNamFCjiViX3yuOTMguYhM4klmEPscA/Pxrarr4RSgziRWmna3Y3t7f2c3lwgkURMHXqTV677ZfnFaiFMWlUwTpzzWjZyZs8DpgjBxtqHLk56skZaUlHUGUFOiirLZmjKvH+ZTkcZpdyW3DL1SlCSlHqhyGKW/P3i8/sJ7K8bj5CsEmqvbDqdequzWP1tR+ReO78f7Z6H7MWcNjqEpVmMgg75J47zdB/1pFtjlBM6/wCHaOFGoaT5xz+7/oLqszM7JE4R3Bw3+wedIgucvodTW2NR9ODw338LyePgtUuLuSKOUmNcntNvLCulKbjFNo8TVpo23ShGXC746lX1qkC5R2OOoaiE3LqRqtPCpZixNE3nrgCmN4MlcNz5NNLd5lLKp246108px3eTFZaq3tYfZjgsOKzOXJlzkx4xS4nVyNxinxKnbS9kcKAd6Ore4ik3x3NI002+mnjumvqgy2F8sSMsxBA3rGGPH+M1hdtbfQ6C0OrjBNS+Usv/AMyOaFdNFDPPIXdmJLHqTgUrURy1FG/8I1GyE7p5b6vzwjIu7l7qd7iRu83GB0A8q1QgoLaji6nUT1Fjtm+X/heBeOWSGQPGxBHrVnFSWGZoWyqlui+SppnlJL45OeBQoqPQLLZWP3A1crn1owUjJxNX+pzyWcUeQqImzA9K2VuKgjLKhSm5PuJGeTP5zUOUS/pR8AomAPNKixw9EAw4NaY4ZBzIRFOrspKgYJFIv/Nj4HVva9zXBrQXiToShyQcZ/SuVKDi+T0dWqjbHMev3gHZXSs9w6dOgPmcVNkHhJi9Lqk5TlH74M3VGg/DECorDIbbT6t3O45evdPtVaSfOcCGacc4vgDPyoZKxjJQ499QWjwddphdtMjL24Il1B5qMlS0DE8A1CYD1tBK3iqjzZqZGaRZl3UwiWS33LJ6r0zSrPdNSHxuUaXX5E1J3YDEA+RoYmLecZIHeItsYrng4NRhPqSpShnDwUDtYE84oKrh5OScnNSVbyV4VAEzQGSjUpgSjIFhiPGoAYtYJbnfskVduM72xQ7NpZJsa/pwMY7wWT2izdceQ8aX6nJbYKNbvHdCAshYkAMpypq+7KyVxh4DnTpCGJmi3BSQN2M4x5+/g1T1F4LODfcIdPidFMTYLDK75B8z6eHxo9TAbEBOnvsJEiZGTg5H6+Pp7vOp3orsKsbVZlMkh7gyMKec4olLARjkLc6eqxGSJhhck97d4egqIzy8EuHdGdTChVAEoA1NKES2dzLJ92DLJGoa4RmABD5xgHyFZ7sucYrPfp+w2vG1sYsbGN1lWSJZbq5id4Y1BARcHDAeZPT094qlljWGnhJrP38d/ktCC79WP6ZYWElpInZRzNDuVps53t3M49BkgfPxpN1tikucZxx9RlcIOP38CmkWVrcaI73CRqzTtH2zuFMYwuDyRnBPTxGabdZON2I+OnnqUrhF15Ytp1oYby8iuEg7SGEkdtymdy8+7B499XtszCLjnDfbr3KwhiTT7D8jWkdnF93FgDK7rLuiZtzYXIjODgc+OOTxxSVvc3uzxjuvnqMe1RWMffgN92tw9289tZx7DL92O0kbVJBLAZ6Hb6/Cqb5Yik2+mf38feC22OXlLvgzTNEtpcyywWTofw4WiiI3OQMkZ5woOenUjzrRse+KTfz+n9isra20jFrUIJQB
04-04 14:44:50.511  1157  1157 D SearchTargetUtil: layoutType=short_icon_row resultType=131072 packageName=com.google.android.googlequicksearchbox extras=Bundle{suggestion_type=33,suggest_truncate_start=false,is_answer=false,is_entity=false,is_personal=false,suggest_raw_text=carnival cruise lines,input_query=android.app.search.Query@16f1a79,group_id=web7353612,response_id=685e5441-a788-4163-b5df-4d8cd7b670dd,support_query_builder=false,} searchAction=carnival cruise lines searchActionExtras=Bundle{learn_more_url=https://support.google.com/websearch/answer/106230?hl=106230,suggestion_action_text=Report this,should_start_for_result=true,allow_pinning=true,skip_logging_in_target_handler=true,suggestion_action_rpc=2,}ParentID: null targetID: 8a7fe2b6-60fd-4d09-ba93-1724651fe6b8
04-04 14:44:50.511  1157  1157 D SearchTargetUtil: layoutType=short_icon_row resultType=131072 packageName=com.google.android.googlequicksearchbox extras=Bundle{suggestion_type=33,suggest_truncate_start=false,is_answer=false,is_entity=false,is_personal=false,suggest_raw_text=dodge charger daytona,input_query=android.app.search.Query@16f1a79,group_id=web7353612,response_id=685e5441-a788-4163-b5df-4d8cd7b670dd,support_query_builder=false,} searchAction=dodge charger daytona searchActionExtras=Bundle{learn_more_url=https://support.google.com/websearch/answer/106230?hl=106230,suggestion_action_text=Report this,should_start_for_result=true,allow_pinning=true,skip_logging_in_target_handler=true,suggestion_action_rpc=2,}ParentID: null targetID: f718b973-14e4-490c-adb7-2125af7b88a8
04-04 14:44:50.511  1157  1611 D EGL_emulation: app_time_stats: avg=106.55ms min=0.71ms max=2554.15ms count=25
04-04 14:44:50.511  1157  1157 D SearchTargetUtil: layoutType=short_icon_row resultType=131072 packageName=com.google.android.googlequicksearchbox extras=Bundle{suggestion_type=33,suggest_truncate_start=false,is_answer=false,is_entity=false,is_personal=false,suggest_raw_text=severance season 2,input_query=android.app.search.Query@16f1a79,group_id=web7353612,response_id=685e5441-a788-4163-b5df-4d8cd7b670dd,support_query_builder=false,} searchAction=severance season 2 searchActionExtras=Bundle{learn_more_url=https://support.google.com/websearch/answer/106230?hl=106230,suggestion_action_text=Report this,should_start_for_result=true,allow_pinning=true,skip_logging_in_target_handler=true,suggestion_action_rpc=2,}ParentID: null targetID: 81c5b63f-62fb-4a41-9fef-980470869e0e
04-04 14:44:50.511  1157  1157 D SearchTargetUtil: layoutType=short_icon_row resultType=131072 packageName=com.google.android.googlequicksearchbox extras=Bundle{suggestion_type=33,suggest_truncate_start=false,is_answer=false,is_entity=false,is_personal=false,suggest_raw_text=richmond va boil water advisory,input_query=android.app.search.Query@16f1a79,group_id=web7353612,response_id=685e5441-a788-4163-b5df-4d8cd7b670dd,support_query_builder=false,} searchAction=richmond va boil water advisory searchActionExtras=Bundle{learn_more_url=https://support.google.com/websearch/answer/106230?hl=106230,suggestion_action_text=Report this,should_start_for_result=true,allow_pinning=true,skip_logging_in_target_handler=true,suggestion_action_rpc=2,}ParentID: null targetID: dc272a80-47e1-4a6d-84b3-d3502c0d5c8e
04-04 14:44:50.512  1157  1157 D SearchTargetUtil: layoutType=short_icon_row resultType=131072 packageName=com.google.android.googlequicksearchbox extras=Bundle{suggestion_type=33,suggest_truncate_start=false,is_answer=false,is_entity=false,is_personal=false,suggest_raw_text=zodiac signs daily horoscope today,input_query=android.app.search.Query@16f1a79,group_id=web7353612,response_id=685e5441-a788-4163-b5df-4d8cd7b670dd,support_query_builder=false,} searchAction=zodiac signs daily horoscope today searchActionExtras=Bundle{learn_more_url=https://support.google.com/websearch/answer/106230?hl=106230,suggestion_action_text=Report this,should_start_for_result=true,allow_pinning=true,skip_logging_in_target_handler=true,suggestion_action_rpc=2,}ParentID: null targetID: b1e343c3-9cb0-44bc-8336-a5dda9a86b12
04-04 14:44:50.512  1157  1157 D SearchTargetUtil: layoutType=short_icon_row resultType=131072 packageName=com.google.android.googlequicksearchbox extras=Bundle{suggestion_type=33,suggest_truncate_start=false,is_answer=false,is_entity=false,is_personal=false,suggest_raw_text=jpmorgan chase bank,input_query=android.app.search.Query@16f1a79,group_id=web7353612,response_id=685e5441-a788-4163-b5df-4d8cd7b670dd,support_query_builder=false,} searchAction=jpmorgan chase bank searchActionExtras=Bundle{learn_more_url=https://support.google.com/websearch/answer/106230?hl=106230,suggestion_action_text=Report this,should_start_for_result=true,allow_pinning=true,skip_logging_in_target_handler=true,suggestion_action_rpc=2,}ParentID: null targetID: af113e4b-75b5-4965-9f3d-751775060de7
04-04 14:44:50.512  1157  1157 D SearchTargetUtil: layoutType=short_icon_row resultType=131072 packageName=com.google.android.googlequicksearchbox extras=Bundle{suggestion_type=33,suggest_truncate_start=false,is_answer=false,is_entity=false,is_personal=false,suggest_raw_text=border patrol in bakersfield california,input_query=android.app.search.Query@16f1a79,group_id=web7353612,response_id=685e5441-a788-4163-b5df-4d8cd7b670dd,support_query_builder=false,} searchAction=border patrol in bakersfield california searchActionExtras=Bundle{learn_more_url=https://support.google.com/websearch/answer/106230?hl=106230,suggestion_action_text=Report this,should_start_for_result=true,allow_pinning=true,skip_logging_in_target_handler=true,suggestion_action_rpc=2,}ParentID: null targetID: 6a193194-7da9-495b-a401-7e61dbb46fc7
04-04 14:44:50.512  1157  1157 D SearchTargetUtil: layoutType=short_icon_row resultType=131072 packageName=com.google.android.googlequicksearchbox extras=Bundle{suggestion_type=33,suggest_truncate_start=false,is_answer=false,is_entity=false,is_personal=false,suggest_raw_text=chicken nuggets taco bell,input_query=android.app.search.Query@16f1a79,group_id=web7353612,response_id=685e5441-a788-4163-b5df-4d8cd7b670dd,support_query_builder=false,} searchAction=chicken nuggets taco bell searchActionExtras=Bundle{learn_more_url=https://support.google.com/websearch/answer/106230?hl=106230,suggestion_action_text=Report this,should_start_for_result=true,allow_pinning=true,skip_logging_in_target_handler=true,suggestion_action_rpc=2,}ParentID: null targetID: 08acc385-fb5b-413f-bc60-02bcc07d315a
04-04 14:44:50.512  1157  1157 D SearchTargetUtil: layoutType=short_icon_row resultType=131072 packageName=com.google.android.googlequicksearchbox extras=Bundle{suggestion_type=33,suggest_truncate_start=false,is_answer=false,is_entity=false,is_personal=false,suggest_raw_text=mega millions jackpot lottery numbers,input_query=android.app.search.Query@16f1a79,group_id=web7353612,response_id=685e5441-a788-4163-b5df-4d8cd7b670dd,support_query_builder=false,} searchAction=mega millions jackpot lottery numbers searchActionExtras=Bundle{learn_more_url=https://support.google.com/websearch/answer/106230?hl=106230,suggestion_action_text=Report this,should_start_for_result=true,allow_pinning=true,skip_logging_in_target_handler=true,suggestion_action_rpc=2,}ParentID: null targetID: 4b2d8329-6f63-40c8-9a4e-61c72b26689e
04-04 14:44:50.512  1157  1157 D SearchTargetUtil: layoutType=short_icon_row resultType=131072 packageName=com.google.android.googlequicksearchbox extras=Bundle{suggestion_type=33,suggest_truncate_start=false,is_answer=false,is_entity=false,is_personal=false,suggest_raw_text=the enron egg price,input_query=android.app.search.Query@16f1a79,group_id=web7353612,response_id=685e5441-a788-4163-b5df-4d8cd7b670dd,support_query_builder=false,} searchAction=the enron egg price searchActionExtras=Bundle{learn_more_url=https://support.google.com/websearch/answer/106230?hl=106230,suggestion_action_text=Report this,should_start_for_result=true,allow_pinning=true,skip_logging_in_target_handler=true,suggestion_action_rpc=2,}ParentID: null targetID: 1a1c5a33-a20e-4898-87e3-7393af51bd86
04-04 14:44:50.512  1157  1157 D SearchTargetUtil: layoutType=short_icon_row resultType=131072 packageName=com.google.android.googlequicksearchbox extras=Bundle{suggestion_type=33,suggest_truncate_start=false,is_answer=false,is_entity=false,is_personal=false,suggest_raw_text=human metapneumovirus hmpv virus china,input_query=android.app.search.Query@16f1a79,group_id=web7353612,response_id=685e5441-a788-4163-b5df-4d8cd7b670dd,support_query_builder=false,} searchAction=human metapneumovirus hmpv virus china searchActionExtras=Bundle{learn_more_url=https://support.google.com/websearch/answer/106230?hl=106230,suggestion_action_text=Report this,should_start_for_result=true,allow_pinning=true,skip_logging_in_target_handler=true,suggestion_action_rpc=2,}ParentID: null targetID: 5453d308-59cc-48a1-a9cf-293b41670cfc
04-04 14:44:50.512  1157  1157 D SearchTargetUtil: layoutType=short_icon_row resultType=131072 packageName=com.google.android.googlequicksearchbox extras=Bundle{suggestion_type=33,suggest_truncate_start=false,is_answer=false,is_entity=false,is_personal=false,suggest_raw_text=laken riley act senate,input_query=android.app.search.Query@16f1a79,group_id=web7353612,response_id=685e5441-a788-4163-b5df-4d8cd7b670dd,support_query_builder=false,} searchAction=laken riley act senate searchActionExtras=Bundle{learn_more_url=https://support.google.com/websearch/answer/106230?hl=106230,suggestion_action_text=Report this,should_start_for_result=true,allow_pinning=true,skip_logging_in_target_handler=true,suggestion_action_rpc=2,}ParentID: null targetID: afafb123-4227-482a-bd11-adf309766743
04-04 14:44:50.518   578   708 I ImeTracker: com.google.android.apps.nexuslauncher:398e7dee: onRequestHide at ORIGIN_SERVER reason HIDE_UNSPECIFIED_WINDOW fromUser false
04-04 14:44:50.518   578   708 I ImeTracker: com.google.android.apps.nexuslauncher:398e7dee: onCancelled at PHASE_SERVER_SHOULD_HIDE
04-04 14:44:50.519 25010 25010 D LifecycleMonitor: Lifecycle status change: com.example.group8_bartertrader.notification.NotificationActivity@b522ea3 in: STOPPED
04-04 14:44:50.523 25010 25010 V ActivityScenario: Update currentActivityStage to STOPPED, currentActivity=com.example.group8_bartertrader.notification.NotificationActivity@b522ea3
04-04 14:44:50.524  1317  1317 I GoogleInputMethodService: GoogleInputMethodService.onFinishInput():2090
04-04 14:44:50.525  1317  1317 I Module  : DeviceLockedStatusModuleProvider$Module.updateDeviceLockedStatus():100 repeatCheckTimes = 0, locked = false
04-04 14:44:50.525  1317  1317 I GoogleInputMethodService: GoogleInputMethodService.onStartInput():1357 onStartInput(EditorInfo{EditorInfo{packageName=com.google.android.apps.nexuslauncher, inputType=0, inputTypeString=NULL, enableLearning=false, autoCorrection=false, autoComplete=false, imeOptions=0, privateImeOptions=null, actionName=UNSPECIFIED, actionLabel=null, initialSelStart=-1, initialSelEnd=-1, initialCapsMode=0, label=null, fieldId=0, fieldName=null, extras=null, hintText=null, hintLocales=[]}}, false)
04-04 14:44:50.526  1317  1317 I Module  : DeviceLockedStatusModuleProvider$Module.updateDeviceLockedStatus():100 repeatCheckTimes = 1, locked = false
04-04 14:44:50.526 25010 25010 D LifecycleMonitor: Lifecycle status change: com.example.group8_bartertrader.notification.NotificationActivity@b522ea3 in: DESTROYED
04-04 14:44:50.526 25010 25010 V ActivityScenario: Update currentActivityStage to DESTROYED, currentActivity=null
04-04 14:44:50.526 25010 25010 W WindowOnBackDispatcher: sendCancelIfRunning: isInProgress=false callback=android.view.ViewRootImpl$$ExternalSyntheticLambda11@4d43195
04-04 14:44:50.527 25010 25036 I TestRunner: finished: testSendNotificationButton(com.example.group8_bartertrader.notification.PushNotificationUITest)
