03-16 16:32:16.418 20938 20957 I TestRunner: started: testExitButton(com.example.group8_bartertrader.DetailsActivityEspressoTest)
03-16 16:32:16.425 20938 20957 I UiDevice: Creating a new instance, old instance exists: false
03-16 16:32:16.426 20938 20957 I UiAutomation: Initialized for user 0 on display 0
03-16 16:32:16.426  3470  4171 W adservices: Skip logging because Cobalt logger is null
03-16 16:32:16.429  1502  1978 I AiAiEcho: Settings changed for uri: content://settings/secure/accessibility_enabled
03-16 16:32:16.430  1502  1818 I AiAiEcho: Predicting[0]:  [CONTEXT sampling_count=5 ]
03-16 16:32:16.430  1502  1818 I AiAiEcho: EchoTargets:
03-16 16:32:16.430  1502  1818 I AiAiEcho: Filtered by AiAi flag check:
03-16 16:32:16.430  1502  1818 I AiAiEcho: [CONTEXT ratelimit_period="10 SECONDS" ]
03-16 16:32:16.430  1502  1818 I AiAiEcho: Ranked targets strategy: SORT, count: 0, ranking metadata:  [CONTEXT ratelimit_period="10 SECONDS" ]
03-16 16:32:16.430  1502  1818 I AiAiEcho: #remoteViewsTwiddler: feature disabled.
03-16 16:32:16.430   577   577 W IPCThreadState: Sending oneway calls to frozen process.
03-16 16:32:16.430   577   577 W IPCThreadState: Sending oneway calls to frozen process.
03-16 16:32:16.431   577   577 W IPCThreadState: Sending oneway calls to frozen process.
03-16 16:32:16.430  1502  1818 I AiAiEcho: Predicting[0]:  [CONTEXT sampling_count=5 ]
03-16 16:32:16.432  1502  1818 I AiAiEcho: EchoTargets:
03-16 16:32:16.432  1502  1818 I AiAiEcho: Filtered by AiAi flag check:
03-16 16:32:16.432  1502  1818 I AiAiEcho: [CONTEXT ratelimit_period="10 SECONDS" ]
03-16 16:32:16.432  1502  1818 I AiAiEcho: Ranked targets strategy: SORT, count: 0, ranking metadata:  [CONTEXT ratelimit_period="10 SECONDS" ]
03-16 16:32:16.433 11894 11947 I A       : NGA disabled due to not being eligible.
03-16 16:32:16.435  1502  1818 I AiAiEcho: #remoteViewsTwiddler: feature disabled.
03-16 16:32:16.435  1502  1818 I AiAiEcho: Predicting[0]:  [CONTEXT sampling_count=5 ]
03-16 16:32:16.435  1502  1818 I AiAiEcho: EchoTargets:
03-16 16:32:16.435  1502  1818 I AiAiEcho: Filtered by AiAi flag check:
03-16 16:32:16.435  1502  1818 I AiAiEcho: [CONTEXT ratelimit_period="10 SECONDS" ]
03-16 16:32:16.435  1502  1818 I AiAiEcho: Ranked targets strategy: SORT, count: 0, ranking metadata:  [CONTEXT ratelimit_period="10 SECONDS" ]
03-16 16:32:16.435  1502  1818 I AiAiEcho: #remoteViewsTwiddler: feature disabled.
03-16 16:32:16.435  1502  1818 I AiAiEcho: #postPredictionTargets: Sending updates to UISurface home with targets# 0 (types=[])
03-16 16:32:16.436  1502  1818 I AiAiEcho: #postPredictionTargets: Sending updates to UISurface media_data_manager with targets# 0 (types=[])
03-16 16:32:16.436  1502  1818 I AiAiEcho: #postPredictionTargets: Sending updates to UISurface lockscreen with targets# 0 (types=[])
03-16 16:32:16.436  1137  1137 D SsBaseTemplateCard: No text view can be set up
03-16 16:32:16.437  1137  1137 D SsBaseTemplateCard: Passed-in item info is null
03-16 16:32:16.437  1137  1137 D SsBaseTemplateCard: Passed-in item info is null
03-16 16:32:16.437  1137  1137 D SsBaseTemplateCard: Passed-in item info is null
03-16 16:32:16.437  1137  1137 I SsBaseTemplateCard: Secondary card pane is null
03-16 16:32:16.439 20938 20957 D UiDevice: Setting accessibility service flags: 65618
03-16 16:32:16.442   836   836 W PageIndicator: Total number of pages invalid: 0. Assuming 1 page.
03-16 16:32:16.442   836   836 D SsMediaDataProvider: Forwarding Smartspace updates []
03-16 16:32:16.443   577   577 W IPCThreadState: Sending oneway calls to frozen process.
03-16 16:32:16.443   577   577 W IPCThreadState: Sending oneway calls to frozen process.
03-16 16:32:16.444  1502  2358 I AiAiEcho: Settings changed for uri: content://settings/secure/accessibility_enabled
03-16 16:32:16.444  1502  1818 I AiAiEcho: Predicting[0]:  [CONTEXT sampling_count=5 ]
03-16 16:32:16.444  1502  1818 I AiAiEcho: EchoTargets:
03-16 16:32:16.444  1502  1818 I AiAiEcho: Filtered by AiAi flag check:
03-16 16:32:16.444  1502  1818 I AiAiEcho: [CONTEXT ratelimit_period="10 SECONDS" ]
03-16 16:32:16.444  1224  1267 D AccessibilitySourceService: enabled a11y services count 0
03-16 16:32:16.444  1224  1267 D AccessibilitySourceService: a11y source sending 0 issue to sc
03-16 16:32:16.444  1502  1818 I AiAiEcho: Ranked targets strategy: SORT, count: 0, ranking metadata:  [CONTEXT ratelimit_period="10 SECONDS" ]
03-16 16:32:16.444  1502  1818 I AiAiEcho: #remoteViewsTwiddler: feature disabled.
03-16 16:32:16.444  1502  1818 I AiAiEcho: Predicting[0]:  [CONTEXT sampling_count=5 ]
03-16 16:32:16.445  1502  1818 I AiAiEcho: EchoTargets:
03-16 16:32:16.445  1502  1818 I AiAiEcho: Filtered by AiAi flag check:
03-16 16:32:16.445  1502  1818 I AiAiEcho: [CONTEXT ratelimit_period="10 SECONDS" ]
03-16 16:32:16.445  1502  1818 I AiAiEcho: Ranked targets strategy: SORT, count: 0, ranking metadata:  [CONTEXT ratelimit_period="10 SECONDS" ]
03-16 16:32:16.445  1502  1818 I AiAiEcho: #remoteViewsTwiddler: feature disabled.
03-16 16:32:16.445  1502  1818 I AiAiEcho: Predicting[0]:  [CONTEXT sampling_count=5 ]
03-16 16:32:16.445  1502  1818 I AiAiEcho: EchoTargets:
03-16 16:32:16.445  1502  1818 I AiAiEcho: Filtered by AiAi flag check:
03-16 16:32:16.445  1502  1818 I AiAiEcho: [CONTEXT ratelimit_period="10 SECONDS" ]
03-16 16:32:16.445  1502  1818 I AiAiEcho: Ranked targets strategy: SORT, count: 0, ranking metadata:  [CONTEXT ratelimit_period="10 SECONDS" ]
03-16 16:32:16.445  1502  1818 I AiAiEcho: #remoteViewsTwiddler: feature disabled.
03-16 16:32:16.445  1502  1818 I AiAiEcho: #postPredictionTargets: Sending updates to UISurface home with targets# 0 (types=[])
03-16 16:32:16.445   577  2218 D SafetySourceDataValidat: No cert check requested for package com.google.android.permissioncontroller
03-16 16:32:16.445  1502  1818 I AiAiEcho: #postPredictionTargets: Sending updates to UISurface media_data_manager with targets# 0 (types=[])
03-16 16:32:16.446  1502  1818 I AiAiEcho: #postPredictionTargets: Sending updates to UISurface lockscreen with targets# 0 (types=[])
03-16 16:32:16.447   836   836 D SsMediaDataProvider: Forwarding Smartspace updates []
03-16 16:32:16.447   836   836 W PageIndicator: Total number of pages invalid: 0. Assuming 1 page.
03-16 16:32:16.453  1137  1137 D SsBaseTemplateCard: No text view can be set up
03-16 16:32:16.453  1137  1137 D SsBaseTemplateCard: Passed-in item info is null
03-16 16:32:16.453  1137  1137 D SsBaseTemplateCard: Passed-in item info is null
03-16 16:32:16.453  1137  1137 D SsBaseTemplateCard: Passed-in item info is null
03-16 16:32:16.453  1137  1137 I SsBaseTemplateCard: Secondary card pane is null
03-16 16:32:16.454  1137  1654 D EGL_emulation: app_time_stats: avg=39.79ms min=2.03ms max=803.04ms count=23
03-16 16:32:16.465   577  2218 V GrammaticalInflectionUtils: AttributionSource: android.content.AttributionSource@bfa7bb4c does not have READ_SYSTEM_GRAMMATICAL_GENDER permission.
03-16 16:32:16.477  1137  1137 W SplitSelectStateCtor: Missing session instanceIds
03-16 16:32:16.477  1137  1137 D StatsLog: LAUNCHER_SPLIT_SELECTION_EXIT_INTERRUPTED
03-16 16:32:16.480 20938 20957 D UiDevice: Waiting 5000ms for SearchCondition[hasObject=BySelector [PKG='\Qcom.example.group8_bartertrader\E']].
03-16 16:32:16.480 20938 20957 D UiDevice: Searching for node with selector: BySelector [PKG='\Qcom.example.group8_bartertrader\E'].
03-16 16:32:16.482  1137  1137 I TopTaskTracker: onTaskMovedToFront: (moved taskInfo to front) taskId=43, baseIntent=Intent { act=android.intent.action.MAIN cat=[android.intent.category.LAUNCHER] flg=0x10008000 pkg=com.example.group8_bartertrader cmp=com.example.group8_bartertrader/.RegistrationActivity }
03-16 16:32:16.482   429   429 I BpBinder: onLastStrongRef automatically unlinking death recipients:
03-16 16:32:16.503   577   752 D InetDiagMessage: Destroyed 0 sockets, proto=IPPROTO_TCP, family=AF_INET, states=14
03-16 16:32:16.503   577   752 D InetDiagMessage: Destroyed 0 sockets, proto=IPPROTO_TCP, family=AF_INET6, states=14
03-16 16:32:16.503   577   752 D InetDiagMessage: Destroyed live tcp sockets for uids={10097} in 0ms
03-16 16:32:16.542   577   752 D InetDiagMessage: Destroyed 0 sockets, proto=IPPROTO_TCP, family=AF_INET, states=14
03-16 16:32:16.542   577   752 D InetDiagMessage: Destroyed 0 sockets, proto=IPPROTO_TCP, family=AF_INET6, states=14
03-16 16:32:16.542   577   752 D InetDiagMessage: Destroyed live tcp sockets for uids={10146} in 1ms
03-16 16:32:16.542 20938 20938 D AppCompatDelegate: Checking for metadata for AppLocalesMetadataHolderService : Service not found
03-16 16:32:16.550 20938 20967 D TrafficStats: tagSocket(115) with statsTag=0x8001, statsUid=-1
03-16 16:32:16.558 20938 20938 D LifecycleMonitor: Lifecycle status change: com.example.group8_bartertrader.RegistrationActivity@f159d4c in: PRE_ON_CREATE
03-16 16:32:16.570  1384  1384 D BoundBrokerSvc: onBind: Intent { act=com.google.android.gms.measurement.START pkg=com.google.android.gms }
03-16 16:32:16.570  1384  1384 D BoundBrokerSvc: Loading bound service for intent: Intent { act=com.google.android.gms.measurement.START pkg=com.google.android.gms }
03-16 16:32:16.577   836  1001 D EGL_emulation: app_time_stats: avg=7436.62ms min=7436.62ms max=7436.62ms count=1
03-16 16:32:16.581 20938 20938 D CompatChangeReporter: Compat change id reported: 309578419; UID 10228; state: ENABLED
03-16 16:32:16.586 20938 20955 I FA      : Tag Manager is not found and thus will not be used
03-16 16:32:16.591   577   752 D InetDiagMessage: Destroyed 0 sockets, proto=IPPROTO_TCP, family=AF_INET, states=14
03-16 16:32:16.591   577   752 D InetDiagMessage: Destroyed 0 sockets, proto=IPPROTO_TCP, family=AF_INET6, states=14
03-16 16:32:16.591   577   752 D InetDiagMessage: Destroyed live tcp sockets for uids={10098} in 1ms
03-16 16:32:16.594  1137  1654 D EGL_emulation: app_time_stats: avg=594.02ms min=11.83ms max=10906.87ms count=19
03-16 16:32:16.597 20938 20938 W p8_bartertrader: Accessing hidden method Landroid/view/ViewGroup;->makeOptionalFitsSystemWindows()V (unsupported, reflection, allowed)
03-16 16:32:16.608 20938 20938 D CompatChangeReporter: Compat change id reported: 63938206; UID 10228; state: ENABLED
03-16 16:32:16.639 20938 20938 D CompatChangeReporter: Compat change id reported: 303326708; UID 10228; state: ENABLED
03-16 16:32:16.746 20938 20938 D LifecycleMonitor: Lifecycle status change: com.example.group8_bartertrader.RegistrationActivity@f159d4c in: CREATED
03-16 16:32:16.750 20938 20938 D LifecycleMonitor: Lifecycle status change: com.example.group8_bartertrader.RegistrationActivity@f159d4c in: STARTED
03-16 16:32:16.753 20938 20938 D LifecycleMonitor: Lifecycle status change: com.example.group8_bartertrader.RegistrationActivity@f159d4c in: RESUMED
03-16 16:32:16.759 20938 20938 W HWUI    : Unknown dataspace 0
03-16 16:32:16.797 20938 20977 D TrafficStats: tagSocket(127) with statsTag=0xffffffff, statsUid=-1
03-16 16:32:16.837   429   649 W ServiceManagerCppClient: Permission failure: android.permission.ACCESS_SURFACE_FLINGER from uid=10228 pid=0
03-16 16:32:16.837   429   649 D PermissionCache: checking android.permission.ACCESS_SURFACE_FLINGER for uid=10228 => denied (427 us)
03-16 16:32:16.838   429   649 W ServiceManagerCppClient: Permission failure: android.permission.ROTATE_SURFACE_FLINGER from uid=10228 pid=0
03-16 16:32:16.838   429   649 D PermissionCache: checking android.permission.ROTATE_SURFACE_FLINGER for uid=10228 => denied (263 us)
03-16 16:32:16.838   429   649 W ServiceManagerCppClient: Permission failure: android.permission.INTERNAL_SYSTEM_WINDOW from uid=10228 pid=0
03-16 16:32:16.838   429   649 D PermissionCache: checking android.permission.INTERNAL_SYSTEM_WINDOW for uid=10228 => denied (252 us)
03-16 16:32:16.839   429   507 W ServiceManagerCppClient: Permission failure: android.permission.ACCESS_SURFACE_FLINGER from uid=10228 pid=20938
03-16 16:32:16.839   429   507 D PermissionCache: checking android.permission.ACCESS_SURFACE_FLINGER for uid=10228 => denied (1681 us)
03-16 16:32:16.841 20938 20964 I EGL_emulation: Opening libGLESv1_CM_emulation.so
03-16 16:32:16.841 20938 20964 I EGL_emulation: Opening libGLESv2_emulation.so
03-16 16:32:16.851 20938 20964 W HWUI    : Failed to choose config with EGL_SWAP_BEHAVIOR_PRESERVED, retrying without...
03-16 16:32:16.853 20938 20964 W HWUI    : Failed to initialize 101010-2 format, error = EGL_SUCCESS
03-16 16:32:16.854  1137  1137 D VRI[NexusLauncherActivity]: visibilityChanged oldVisibility=true newVisibility=false
03-16 16:32:16.866  1137  1137 D NexusLauncherModelDelegate: notifySmartspaceEvent: SmartspaceTargetEvent{mSmartspaceTarget=null, mSmartspaceActionId='null', mEventType=7}
03-16 16:32:16.866   162   162 I hwservicemanager: getTransport: Cannot find entry android.hardware.graphics.mapper@4.0::IMapper/default in either framework or device VINTF manifest.
03-16 16:32:16.866 20938 20964 I Gralloc4: mapper 4.x is not supported
03-16 16:32:16.908   577  2125 W ServiceManagerCppClient: Permission failure: android.permission.ACCESS_SURFACE_FLINGER from uid=10228 pid=0
03-16 16:32:16.908   577  2125 D PermissionCache: checking android.permission.ACCESS_SURFACE_FLINGER for uid=10228 => denied (88 us)
03-16 16:32:16.908   577  2125 W ServiceManagerCppClient: Permission failure: android.permission.ROTATE_SURFACE_FLINGER from uid=10228 pid=0
03-16 16:32:16.908   577  2125 D PermissionCache: checking android.permission.ROTATE_SURFACE_FLINGER for uid=10228 => denied (9 us)
03-16 16:32:16.908   577  2125 W ServiceManagerCppClient: Permission failure: android.permission.INTERNAL_SYSTEM_WINDOW from uid=10228 pid=0
03-16 16:32:16.908   577  2125 D PermissionCache: checking android.permission.INTERNAL_SYSTEM_WINDOW for uid=10228 => denied (7 us)
03-16 16:32:16.910   577   618 W ziparchive: Unable to open '/data/app/~~R4jBfLp8dt1fcNCjclCR_w==/com.example.group8_bartertrader-lBYbx2qhM6EkFSnN3iL4iQ==/base.dm': No such file or directory
03-16 16:32:16.911   577   618 I ActivityTaskManager: Displayed com.example.group8_bartertrader/.RegistrationActivity for user 0: +447ms
03-16 16:32:16.924 20938 20938 I AssistStructure: Flattened final assist data: 2948 bytes, containing 1 windows, 13 views
03-16 16:32:16.944  1384 19536 D AdvertisingIdClient: AdvertisingIdClient already created.
03-16 16:32:16.958   577   713 I ImeTracker: com.example.group8_bartertrader:60cadf7d: onRequestHide at ORIGIN_SERVER reason HIDE_UNSPECIFIED_WINDOW fromUser false
03-16 16:32:16.958   577   713 I ImeTracker: com.example.group8_bartertrader:60cadf7d: onCancelled at PHASE_SERVER_SHOULD_HIDE
03-16 16:32:16.959  1384 19536 I AdvertisingIdClient: shouldSendLog 19347823
03-16 16:32:16.959  1384 19536 I AdvertisingIdClient: GetInfoInternal elapse 15ms
03-16 16:32:16.962  1469  1469 I GoogleInputMethodService: GoogleInputMethodService.onFinishInput():3157
03-16 16:32:16.965  1469  1469 I GoogleInputMethodService: GoogleInputMethodService.updateDeviceLockedStatus():2248 repeatCheckTimes = 0, locked = false
03-16 16:32:16.968  1469  1469 I DeviceIntelligenceExtension: DeviceIntelligenceExtension.getInlineSuggestionsRequest():304 Inline suggestions disabled in stylus mode or vertical PK/Voice toolbar
03-16 16:32:16.971  1469  1469 I GoogleInputMethodService: GoogleInputMethodService.onStartInput():1986 onStartInput(EditorInfo{EditorInfo{packageName=com.example.group8_bartertrader, inputType=0, inputTypeString=NULL, enableLearning=false, autoCorrection=false, autoComplete=false, imeOptions=0, privateImeOptions=null, actionName=UNSPECIFIED, actionLabel=null, initialSelStart=-1, initialSelEnd=-1, initialCapsMode=0, label=null, fieldId=0, fieldName=null, extras=null, hintText=null, hintLocales=[]}}, false)
03-16 16:32:16.971  1469  1469 I GoogleInputMethodService: GoogleInputMethodService.updateDeviceLockedStatus():2248 repeatCheckTimes = 1, locked = false
03-16 16:32:16.972  1469  1469 I AndroidIME: InputBundleManager.loadActiveInputBundleId():450 loadActiveInputBundleId: und-Latn-x-password, password
03-16 16:32:16.986  1137  1137 D BaseDepthController: setSurface:
03-16 16:32:16.986  1137  1137 D BaseDepthController: 	mWaitingOnSurfaceValidity: false
03-16 16:32:16.986  1137  1137 D BaseDepthController: 	mSurface: null
03-16 16:32:16.986  1137  1137 D BaseDepthController: mSurface is null and mCurrentBlur is: 0
03-16 16:32:16.987  1137  1137 D StateManager: goToState - fromState: Normal, toState: Normal, partial trace:
03-16 16:32:16.987  1137  1137 D StateManager: 	at com.android.launcher3.statemanager.StateManager.moveToRestState(go/retraceme 2855a437b73635ce9cad76b9289087e631bbb67fc90008a0da13d343a00e5041:4)
03-16 16:32:16.987  1137  1137 D StateManager: 	at com.android.launcher3.statemanager.StateManager.moveToRestState(go/retraceme 2855a437b73635ce9cad76b9289087e631bbb67fc90008a0da13d343a00e5041:1)
03-16 16:32:16.987  1137  1137 D StateManager: 	at com.android.launcher3.statemanager.StatefulActivity.onStop(go/retraceme 2855a437b73635ce9cad76b9289087e631bbb67fc90008a0da13d343a00e5041:34)
03-16 16:32:16.987  1137  1137 D StatsLog: LAUNCHER_ONSTOP
03-16 16:32:16.989  1137  2510 D GmsPlayProvider: Shut down the binder channel
03-16 16:32:16.990  1137  1753 D OneSearchSuggestProvider: Shut down the binder channel
03-16 16:32:16.990  1137  1137 D StatsLog: LAUNCHER_GOOGLE_SEARCH_RESTORE_LIST_SIZE_AFTER_ACTIVITY_RESTART
03-16 16:32:16.991  1137  1151 I IPCThreadState: oneway function results for code 2 on binder at 0xb4000070d25a5510 will be dropped but finished with status UNKNOWN_TRANSACTION
03-16 16:32:16.997  1046 20785 W NetworkScheduler.ATC: Called cancelTask for already completed task com.google.android.gms/.measurement.PackageMeasurementTaskService{u=0 tag="Measurement.PackageMeasurementTaskService.UPLOAD_TASK_TAG" trigger=window{start=0s,end=1s,earliest=-40s,latest=-39s} requirements=[NET_CONNECTED,PREFERRED_NET_UNMETERED,PREFERRED_CHARGING] attributes=[PERSISTED] scheduled=-40s last_run=-40s exec_window_multiplier=1.0000 jid=N/A status=ACTIVE retries=0 client_lib=GMS_TASK_SCHEDULER-250832000} :1 [CONTEXT service_id=218 ]
03-16 16:32:17.009  1015  1015 V InlineSuggestionRenderService: handleDestroySuggestionViews called for 0:1462548861
03-16 16:32:17.009  1046  1057 I IPCThreadState: oneway function results for code 1 on binder at 0xb4000070d259ae90 will be dropped but finished with status UNKNOWN_TRANSACTION and reply parcel size 80
03-16 16:32:17.009 18722 19192 I Finsky  : [116] arcf.L(185): Package com.google.android.gms is verified.
03-16 16:32:17.012  1384 19536 W FA-SVC  : Service response is missing Install Referrer install timestamp
03-16 16:32:17.018 18722 18722 I Finsky  : [2] zhu.onTrimMemory(11): Memory trim requested to level 40
03-16 16:32:17.018 18722 18722 I Finsky  : [2] adua.accept(139): Flushing in-memory image cache
03-16 16:32:17.029  1046 20716 W NetworkScheduler.ATC: Called cancelTask for already completed task com.google.android.gms/.measurement.PackageMeasurementTaskService{u=0 tag="Measurement.PackageMeasurementTaskService.UPLOAD_TASK_TAG" trigger=window{start=0s,end=1s,earliest=-40s,latest=-39s} requirements=[NET_CONNECTED,PREFERRED_NET_UNMETERED,PREFERRED_CHARGING] attributes=[PERSISTED] scheduled=-40s last_run=-40s exec_window_multiplier=1.0000 jid=N/A status=ACTIVE retries=0 client_lib=GMS_TASK_SCHEDULER-250832000} :1 [CONTEXT service_id=218 ]
03-16 16:32:17.042  1046 20716 W NetworkScheduler.ATC: Called cancelTask for already completed task com.google.android.gms/.measurement.PackageMeasurementTaskService{u=0 tag="Measurement.PackageMeasurementTaskService.UPLOAD_TASK_TAG" trigger=window{start=0s,end=1s,earliest=-40s,latest=-39s} requirements=[NET_CONNECTED,PREFERRED_NET_UNMETERED,PREFERRED_CHARGING] attributes=[PERSISTED] scheduled=-40s last_run=-40s exec_window_multiplier=1.0000 jid=N/A status=ACTIVE retries=0 client_lib=GMS_TASK_SCHEDULER-250832000} :1 [CONTEXT service_id=218 ]
03-16 16:32:17.145 20938 20942 I p8_bartertrader: Compiler allocated 4206KB to compile void android.widget.TextView.<init>(android.content.Context, android.util.AttributeSet, int, int)
03-16 16:32:17.187   836   947 W WindowOnBackDispatcher: sendCancelIfRunning: isInProgress=false callback=android.view.ViewRootImpl$$ExternalSyntheticLambda11@e4a0002
03-16 16:32:17.189   577  2429 W InputManager-JNI: Input channel object '108411 Splash Screen com.example.group8_bartertrader (client)' was disposed without first being removed with the input manager!
03-16 16:32:17.259  1046  1057 I FontLog : (REDACTED) Received query %s, URI %s
03-16 16:32:17.259  1046  1057 I FontLog : (REDACTED) Query [%s] resolved to %s
03-16 16:32:17.260  1046  1057 I FontLog : (REDACTED) Fetch %s end status %s
03-16 16:32:17.262  1046  1057 I FontLog : (REDACTED) Pulling font file for id = %d, cache size = %d
03-16 16:32:17.267  1046  1057 I FontLog : (REDACTED) Pulling font file for id = %d, cache size = %d
03-16 16:32:17.399 20938 20942 I p8_bartertrader: Compiler allocated 5250KB to compile void android.view.ViewRootImpl.performTraversals()
03-16 16:32:17.572  1384  1384 D BoundBrokerSvc: onUnbind: Intent { act=com.google.android.gms.feedback.internal.IFeedbackService dat=chimera-action:/... cmp=com.google.android.gms/.chimera.GmsBoundBrokerService }
03-16 16:32:17.730 20938 20957 W Settings: Setting always_finish_activities has moved from android.provider.Settings.System to android.provider.Settings.Global, returning read-only value.
03-16 16:32:17.737   577  2218 V GrammaticalInflectionUtils: AttributionSource: android.content.AttributionSource@bfa7bb4c does not have READ_SYSTEM_GRAMMATICAL_GENDER permission.
03-16 16:32:17.743 20938 20938 D LifecycleMonitor: Lifecycle status change: com.example.group8_bartertrader.RegistrationActivity@f159d4c in: PAUSED
03-16 16:32:17.743 20938 20938 V ActivityScenario: Activity lifecycle changed event received but ignored because the intent does not match. startActivityIntent=Intent { flg=0x10008000 cmp=com.example.group8_bartertrader/.DetailsActivity (has extras) }, activity.getIntent()=Intent { act=android.intent.action.MAIN cat=[android.intent.category.LAUNCHER] flg=0x10008000 pkg=com.example.group8_bartertrader cmp=com.example.group8_bartertrader/.RegistrationActivity }, activity=com.example.group8_bartertrader.RegistrationActivity@f159d4c
03-16 16:32:17.754 20938 20938 D LifecycleMonitor: Lifecycle status change: com.example.group8_bartertrader.DetailsActivity@6496599 in: PRE_ON_CREATE
03-16 16:32:17.754 20938 20938 V ActivityScenario: Activity lifecycle changed event received but ignored because the reported transition was not ON_CREATE while the last known transition was PRE_ON_CREATE
03-16 16:32:17.776 20938 20938 D LifecycleMonitor: Lifecycle status change: com.example.group8_bartertrader.DetailsActivity@6496599 in: CREATED
03-16 16:32:17.776 20938 20938 V ActivityScenario: Update currentActivityStage to CREATED, currentActivity=com.example.group8_bartertrader.DetailsActivity@6496599
03-16 16:32:17.777 20938 20938 D LifecycleMonitor: Lifecycle status change: com.example.group8_bartertrader.DetailsActivity@6496599 in: STARTED
03-16 16:32:17.778 20938 20938 V ActivityScenario: Update currentActivityStage to STARTED, currentActivity=com.example.group8_bartertrader.DetailsActivity@6496599
03-16 16:32:17.779 20938 20938 D LifecycleMonitor: Lifecycle status change: com.example.group8_bartertrader.DetailsActivity@6496599 in: RESUMED
03-16 16:32:17.780 20938 20938 V ActivityScenario: Update currentActivityStage to RESUMED, currentActivity=com.example.group8_bartertrader.DetailsActivity@6496599
03-16 16:32:17.784   429  1293 I BpBinder: onLastStrongRef automatically unlinking death recipients:
03-16 16:32:17.809  1046 20786 W NetworkScheduler.ATC: Called cancelTask for already completed task com.google.android.gms/.measurement.PackageMeasurementTaskService{u=0 tag="Measurement.PackageMeasurementTaskService.UPLOAD_TASK_TAG" trigger=window{start=0s,end=1s,earliest=-40s,latest=-39s} requirements=[NET_CONNECTED,PREFERRED_NET_UNMETERED,PREFERRED_CHARGING] attributes=[PERSISTED] scheduled=-40s last_run=-40s exec_window_multiplier=1.0000 jid=N/A status=ACTIVE retries=0 client_lib=GMS_TASK_SCHEDULER-250832000} :1 [CONTEXT service_id=218 ]
03-16 16:32:17.812   577   618 I ActivityTaskManager: Displayed com.example.group8_bartertrader/.DetailsActivity for user 0: +74ms
03-16 16:32:17.904   577   713 I ImeTracker: com.example.group8_bartertrader:2801bf66: onRequestHide at ORIGIN_SERVER reason HIDE_UNSPECIFIED_WINDOW fromUser false
03-16 16:32:17.904   577   713 I ImeTracker: com.example.group8_bartertrader:2801bf66: onCancelled at PHASE_SERVER_SHOULD_HIDE
03-16 16:32:17.905  1469  1469 I GoogleInputMethodService: GoogleInputMethodService.onFinishInput():3157
03-16 16:32:17.906  1469  1469 I GoogleInputMethodService: GoogleInputMethodService.updateDeviceLockedStatus():2248 repeatCheckTimes = 0, locked = false
03-16 16:32:17.906  1469  1469 I GoogleInputMethodService: GoogleInputMethodService.onStartInput():1986 onStartInput(EditorInfo{EditorInfo{packageName=com.example.group8_bartertrader, inputType=0, inputTypeString=NULL, enableLearning=false, autoCorrection=false, autoComplete=false, imeOptions=0, privateImeOptions=null, actionName=UNSPECIFIED, actionLabel=null, initialSelStart=-1, initialSelEnd=-1, initialCapsMode=0, label=null, fieldId=0, fieldName=null, extras=null, hintText=null, hintLocales=[]}}, false)
03-16 16:32:17.907  1469  1469 I GoogleInputMethodService: GoogleInputMethodService.updateDeviceLockedStatus():2248 repeatCheckTimes = 1, locked = false
03-16 16:32:17.907  1469  1469 I AndroidIME: InputBundleManager.loadActiveInputBundleId():450 loadActiveInputBundleId: und-Latn-x-password, password
03-16 16:32:17.920 20938 20964 D EGL_emulation: app_time_stats: avg=53.53ms min=1.73ms max=760.46ms count=17
03-16 16:32:18.087   836   947 W WindowOnBackDispatcher: sendCancelIfRunning: isInProgress=false callback=android.view.ViewRootImpl$$ExternalSyntheticLambda11@255094f
03-16 16:32:18.088   577  2429 W InputManager-JNI: Input channel object '803e4b1 Splash Screen com.example.group8_bartertrader (client)' was disposed without first being removed with the input manager!
03-16 16:32:18.253 20938 20938 D VRI[RegistrationActivity]: visibilityChanged oldVisibility=true newVisibility=false
03-16 16:32:18.255   577   598 W system_server: Missing inline cache for void com.android.server.wm.ActivityTaskSupervisor.processStoppingAndFinishingActivities(com.android.server.wm.ActivityRecord, boolean, java.lang.String)
03-16 16:32:18.255   577   598 W system_server: Missing inline cache for void com.android.server.wm.ActivityTaskSupervisor.processStoppingAndFinishingActivities(com.android.server.wm.ActivityRecord, boolean, java.lang.String)
03-16 16:32:18.256 20938 20938 D LifecycleMonitor: Lifecycle status change: com.example.group8_bartertrader.RegistrationActivity@f159d4c in: STOPPED
03-16 16:32:18.256 20938 20938 V ActivityScenario: Activity lifecycle changed event received but ignored because the intent does not match. startActivityIntent=Intent { flg=0x10008000 cmp=com.example.group8_bartertrader/.DetailsActivity (has extras) }, activity.getIntent()=Intent { act=android.intent.action.MAIN cat=[android.intent.category.LAUNCHER] flg=0x10008000 pkg=com.example.group8_bartertrader cmp=com.example.group8_bartertrader/.RegistrationActivity }, activity=com.example.group8_bartertrader.RegistrationActivity@f159d4c
03-16 16:32:18.257 20938 20938 D LifecycleMonitor: Lifecycle status change: com.example.group8_bartertrader.RegistrationActivity@f159d4c in: DESTROYED
03-16 16:32:18.257 20938 20938 V ActivityScenario: Activity lifecycle changed event received but ignored because the intent does not match. startActivityIntent=Intent { flg=0x10008000 cmp=com.example.group8_bartertrader/.DetailsActivity (has extras) }, activity.getIntent()=Intent { act=android.intent.action.MAIN cat=[android.intent.category.LAUNCHER] flg=0x10008000 pkg=com.example.group8_bartertrader cmp=com.example.group8_bartertrader/.RegistrationActivity }, activity=com.example.group8_bartertrader.RegistrationActivity@f159d4c
03-16 16:32:18.258 20938 20938 W WindowOnBackDispatcher: sendCancelIfRunning: isInProgress=false callback=android.view.ViewRootImpl$$ExternalSyntheticLambda11@6a902c1
03-16 16:32:18.260   577  2218 W InputManager-JNI: Input channel object '4dd3075 com.example.group8_bartertrader/com.example.group8_bartertrader.RegistrationActivity (client)' was disposed without first being removed with the input manager!
03-16 16:32:18.273 20938 20957 W FileTestStorage: Output properties is not supported.
03-16 16:32:18.273 20938 20957 I Tracing : Tracer added: class androidx.test.platform.tracing.AndroidXTracer
03-16 16:32:18.281 20938 20957 D EventInjectionStrategy: Creating injection strategy with input manager.
03-16 16:32:18.281 20938 20957 W p8_bartertrader: Accessing hidden method Landroid/hardware/input/InputManager;->getInstance()Landroid/hardware/input/InputManager; (unsupported, reflection, allowed)
03-16 16:32:18.281 20938 20957 W p8_bartertrader: Accessing hidden method Landroid/hardware/input/InputManager;->injectInputEvent(Landroid/view/InputEvent;I)Z (unsupported, reflection, allowed)
03-16 16:32:18.281 20938 20957 W p8_bartertrader: Accessing hidden field Landroid/hardware/input/InputManager;->INJECT_INPUT_EVENT_MODE_WAIT_FOR_FINISH:I (unsupported, reflection, allowed)
03-16 16:32:18.288 20938 20957 W p8_bartertrader: Accessing hidden method Landroid/view/ViewConfiguration;->getDoubleTapMinTime()I (unsupported, reflection, allowed)
03-16 16:32:18.293 20938 20938 W p8_bartertrader: Accessing hidden method Landroid/os/MessageQueue;->next()Landroid/os/Message; (unsupported, reflection, allowed)
03-16 16:32:18.293 20938 20938 W p8_bartertrader: Accessing hidden field Landroid/os/MessageQueue;->mMessages:Landroid/os/Message; (unsupported, reflection, allowed)
03-16 16:32:18.293 20938 20938 W p8_bartertrader: Accessing hidden method Landroid/os/Message;->recycleUnchecked()V (unsupported, reflection, allowed)
03-16 16:32:18.296 20938 20938 I ViewInteraction: Performing 'single click' action on view view.getId() is <2131296260/com.example.group8_bartertrader:id/ExitButton>
03-16 16:32:18.345   415  5438 D audioserver: logFgsApiBegin: FGS Logger Transaction failed, -129
03-16 16:32:18.346   577  2125 W AS.PlaybackActivityMon: No piid assigned for invalid/internal port id 16
03-16 16:32:18.346  1137  1137 I TopTaskTracker: onTaskMovedToFront: (moved taskInfo to front) taskId=19, baseIntent=Intent { act=android.intent.action.MAIN cat=[android.intent.category.HOME] flg=0x10000100 cmp=com.google.android.apps.nexuslauncher/.NexusLauncherActivity }
03-16 16:32:18.347 20938 20938 D LifecycleMonitor: Lifecycle status change: com.example.group8_bartertrader.DetailsActivity@6496599 in: PAUSED
03-16 16:32:18.347 20938 20938 V ActivityScenario: Update currentActivityStage to PAUSED, currentActivity=com.example.group8_bartertrader.DetailsActivity@6496599
03-16 16:32:18.378   429   429 I BpBinder: onLastStrongRef automatically unlinking death recipients:
03-16 16:32:18.382  1137  1137 D StatsLog: LAUNCHER_ONRESUME
03-16 16:32:18.383  1137  1137 D NexusLauncherModelDelegate: notifySmartspaceEvent: SmartspaceTargetEvent{mSmartspaceTarget=null, mSmartspaceActionId='null', mEventType=6}
03-16 16:32:18.388   577  1527 W AppSearchIcing: icing-search-engine.cc:321: Error: 5, Message: Document (com.google.android.googlequicksearchbox$OneSearchZeroStateGoogleSuggestions/default, zp) not found.
03-16 16:32:18.389   415   528 D AudioFlinger: mixer(0xb4000074860f68e0) throttle end: throttle time(36)
03-16 16:32:18.389  1137  1176 D QuickstepModelDelegate: notifyAppTargetEvent action=1 launchLocation=workspace/0/[-1,-1]/[1,1]
03-16 16:32:18.391  1137  1753 D OneSearchSuggestProvider: AppSearch 0-state cache not available, fallback to AGA
03-16 16:32:18.391  1137  1753 D OneSearchSuggestProvider: java.util.concurrent.CompletionException: java.util.NoSuchElementException: No value present
03-16 16:32:18.391  1137  1753 D OneSearchSuggestProvider: 	at java.util.concurrent.CompletableFuture.encodeThrowable(CompletableFuture.java:308)
03-16 16:32:18.391  1137  1753 D OneSearchSuggestProvider: 	at java.util.concurrent.CompletableFuture.completeThrowable(CompletableFuture.java:323)
03-16 16:32:18.391  1137  1753 D OneSearchSuggestProvider: 	at java.util.concurrent.CompletableFuture$UniAccept.tryFire(CompletableFuture.java:684)
03-16 16:32:18.391  1137  1753 D OneSearchSuggestProvider: 	at java.util.concurrent.CompletableFuture.postComplete(CompletableFuture.java:486)
03-16 16:32:18.391  1137  1753 D OneSearchSuggestProvider: 	at java.util.concurrent.CompletableFuture.completeExceptionally(CompletableFuture.java:2138)
03-16 16:32:18.391  1137  1753 D OneSearchSuggestProvider: 	at com.google.android.apps.nexuslauncher.allapps.E0.onResult(go/retraceme 2855a437b73635ce9cad76b9289087e631bbb67fc90008a0da13d343a00e5041:67)
03-16 16:32:18.391  1137  1753 D OneSearchSuggestProvider: 	at android.app.appsearch.SearchSessionUtil$1.lambda$onResult$0(go/retraceme 64eee9e9f568ff45978879ad2ff83146f2618ee8a88278736fbdf5fae931976e:144)
03-16 16:32:18.391  1137  1753 D OneSearchSuggestProvider: 	at android.app.appsearch.SearchSessionUtil$1.$r8$lambda$CEk3q8sDAQVhU3rQwVueB8FAj_M(go/retraceme 64eee9e9f568ff45978879ad2ff83146f2618ee8a88278736fbdf5fae931976e:1)
03-16 16:32:18.391  1137  1753 D OneSearchSuggestProvider: 	at android.app.appsearch.SearchSessionUtil$1$$ExternalSyntheticLambda0.run(go/retraceme 64eee9e9f568ff45978879ad2ff83146f2618ee8a88278736fbdf5fae931976e:22)
03-16 16:32:18.391  1137  1753 D OneSearchSuggestProvider: 	at android.os.Handler.handleCallback(Handler.java:959)
03-16 16:32:18.391  1137  1753 D OneSearchSuggestProvider: 	at android.os.Handler.dispatchMessage(Handler.java:100)
03-16 16:32:18.391  1137  1753 D OneSearchSuggestProvider: 	at android.os.Looper.loopOnce(Looper.java:232)
03-16 16:32:18.391  1137  1753 D OneSearchSuggestProvider: 	at android.os.Looper.loop(Looper.java:317)
03-16 16:32:18.391  1137  1753 D OneSearchSuggestProvider: 	at android.os.HandlerThread.run(HandlerThread.java:85)
03-16 16:32:18.391  1137  1753 D OneSearchSuggestProvider: Caused by: java.util.NoSuchElementException: No value present
03-16 16:32:18.391  1137  1753 D OneSearchSuggestProvider: 	at java.util.Optional.get(Optional.java:143)
03-16 16:32:18.391  1137  1753 D OneSearchSuggestProvider: 	at com.google.android.apps.nexuslauncher.allapps.E0.onResult(go/retraceme 2855a437b73635ce9cad76b9289087e631bbb67fc90008a0da13d343a00e5041:28)
03-16 16:32:18.391  1137  1753 D OneSearchSuggestProvider: 	... 8 more
03-16 16:32:18.392  1137  1753 D OneSearchSuggestProvider: Created the binder channel successfully for end point service =com.google.android.apps.search.googleapp.search.suggest.plugins.onesearch.server.OneSearchSuggestService , mChannel=i1{delegate=f{logId=77, target=directaddress:///AndroidComponentAddress%5BIntent%20%7B%20act=grpc.io.action.BIND%20cmp=com.google.android.googlequicksearchbox/com.google.android.apps.search.googleapp.search.suggest.plugins.onesearch.server.OneSearchSuggestService%20%7D%5D}} , mOneSearchConnection=l2.Z@e1f9938
03-16 16:32:18.394  1137  1137 D BaseDepthController: setSurface:
03-16 16:32:18.394  1137  1137 D BaseDepthController: 	mWaitingOnSurfaceValidity: false
03-16 16:32:18.394  1137  1137 D BaseDepthController: 	mSurface: Surface(name=com.google.android.apps.nexuslauncher/com.google.android.apps.nexuslauncher.NexusLauncherActivity)/@0xc9094d8
03-16 16:32:18.396 11894 11894 I A       : (REDACTED) Created gRPC endpoint for service %s
03-16 16:32:18.403  1502  1818 I AiAiEcho: Predicting[0]:  [CONTEXT sampling_count=5 ]
03-16 16:32:18.404  1502  1818 I AiAiEcho: EchoTargets:
03-16 16:32:18.404  1502  1818 I AiAiEcho: Filtered by AiAi flag check:
03-16 16:32:18.404  1502  1818 I AiAiEcho: [CONTEXT ratelimit_period="10 SECONDS" ]
03-16 16:32:18.404  1502  1818 I AiAiEcho: Ranked targets strategy: SORT, count: 0, ranking metadata:  [CONTEXT ratelimit_period="10 SECONDS" ]
03-16 16:32:18.404  1502  1818 I AiAiEcho: #remoteViewsTwiddler: feature disabled.
03-16 16:32:18.405  1502  1818 I AiAiEcho: #postPredictionTargets: Sending updates to UISurface home with targets# 0 (types=[])
03-16 16:32:18.409  1137  1137 D StateManager: createAtomicAnimation - fromState: Background, toState: Normal, partial trace:
03-16 16:32:18.409  1137  1137 D StateManager: 	at com.android.quickstep.util.StaggeredWorkspaceAnim.prepareToAnimate(go/retraceme 2855a437b73635ce9cad76b9289087e631bbb67fc90008a0da13d343a00e5041:22)
03-16 16:32:18.409  1137  1137 D StateManager: 	at com.android.quickstep.util.StaggeredWorkspaceAnim.<init>(go/retraceme 2855a437b73635ce9cad76b9289087e631bbb67fc90008a0da13d343a00e5041:4)
03-16 16:32:18.409  1137  1137 D StateManager: 	at com.android.quickstep.util.StaggeredWorkspaceAnim.<init>(go/retraceme 2855a437b73635ce9cad76b9289087e631bbb67fc90008a0da13d343a00e5041:1)
03-16 16:32:18.421   577   713 I ImeTracker: com.google.android.apps.nexuslauncher:2896c8d7: onRequestHide at ORIGIN_SERVER reason HIDE_UNSPECIFIED_WINDOW fromUser false
03-16 16:32:18.421   577   713 I ImeTracker: com.google.android.apps.nexuslauncher:2896c8d7: onCancelled at PHASE_SERVER_SHOULD_HIDE
03-16 16:32:18.423  1469  1469 I GoogleInputMethodService: GoogleInputMethodService.onFinishInput():3157
03-16 16:32:18.424  1469  1469 I GoogleInputMethodService: GoogleInputMethodService.updateDeviceLockedStatus():2248 repeatCheckTimes = 0, locked = false
03-16 16:32:18.424  1469  1469 I GoogleInputMethodService: GoogleInputMethodService.onStartInput():1986 onStartInput(EditorInfo{EditorInfo{packageName=com.google.android.apps.nexuslauncher, inputType=0, inputTypeString=NULL, enableLearning=false, autoCorrection=false, autoComplete=false, imeOptions=0, privateImeOptions=null, actionName=UNSPECIFIED, actionLabel=null, initialSelStart=-1, initialSelEnd=-1, initialCapsMode=0, label=null, fieldId=0, fieldName=null, extras=null, hintText=null, hintLocales=[]}}, false)
03-16 16:32:18.424  1469  1469 I GoogleInputMethodService: GoogleInputMethodService.updateDeviceLockedStatus():2248 repeatCheckTimes = 1, locked = false
03-16 16:32:18.424  1469  1469 I AndroidIME: InputBundleManager.loadActiveInputBundleId():450 loadActiveInputBundleId: und-Latn-x-password, password
03-16 16:32:18.427   836  1001 D EGL_emulation: app_time_stats: avg=184.94ms min=8.48ms max=1708.19ms count=10
03-16 16:32:18.442  1137  1137 D SearchTargetUtil: queryLength=0 size=15
03-16 16:32:18.442  1137  1137 D SearchTargetUtil: layoutType=short_icon_row resultType=131072 packageName=com.google.android.googlequicksearchbox extras=Bundle{suggestion_type=33,suggest_truncate_start=false,is_answer=false,is_entity=false,is_personal=false,suggest_raw_text=hudson bay canada liquidation sale,input_query=android.app.search.Query@bf441a4,group_id=web19582169,response_id=4877ce46-cf29-423d-91d2-652836eebf7a,support_query_builder=false,} searchAction=hudson bay canada liquidation sale searchActionExtras=Bundle{learn_more_url=https://support.google.com/websearch/answer/106230?hl=106230,suggestion_action_text=Report this,should_start_for_result=true,allow_pinning=true,skip_logging_in_target_handler=true,suggestion_action_rpc=2,}ParentID: null targetID: fd40dec6-b70f-472f-a96f-d5ca53f312a3
03-16 16:32:18.442  1137  1137 D SearchTargetUtil: layoutType=short_icon_row resultType=131072 packageName=com.google.android.googlequicksearchbox extras=Bundle{suggestion_type=33,suggest_truncate_start=false,is_answer=false,is_entity=false,is_personal=false,suggest_raw_text=google chromecast audio,input_query=android.app.search.Query@bf441a4,group_id=web19582169,response_id=4877ce46-cf29-423d-91d2-652836eebf7a,support_query_builder=false,} searchAction=google chromecast audio searchActionExtras=Bundle{learn_more_url=https://support.google.com/websearch/answer/106230?hl=106230,suggestion_action_text=Report this,should_start_for_result=true,allow_pinning=true,skip_logging_in_target_handler=true,suggestion_action_rpc=2,}ParentID: null targetID: 09fd6aa9-6264-4245-833e-d266994642b0
03-16 16:32:18.442  1137  1137 D SearchTargetUtil: layoutType=short_icon_row resultType=131072 packageName=com.google.android.googlequicksearchbox extras=Bundle{suggestion_type=33,suggest_truncate_start=false,is_answer=false,is_entity=false,is_personal=false,suggest_raw_text=toronto maple leafs ottawa senators,input_query=android.app.search.Query@bf441a4,group_id=web19582169,response_id=4877ce46-cf29-423d-91d2-652836eebf7a,support_query_builder=false,} searchAction=toronto maple leafs ottawa senators searchActionExtras=Bundle{learn_more_url=https://support.google.com/websearch/answer/106230?hl=106230,suggestion_action_text=Report this,should_start_for_result=true,allow_pinning=true,skip_logging_in_target_handler=true,suggestion_action_rpc=2,}ParentID: null targetID: 639520ad-be49-45f4-8a24-ae698a6f817b
03-16 16:32:18.442  1137  1137 D SearchTargetUtil: layoutType=short_icon_row resultType=131072 packageName=com.google.android.googlequicksearchbox extras=Bundle{suggestion_type=33,suggest_truncate_start=false,is_answer=false,is_entity=false,is_personal=false,suggest_raw_text=oklahoma city thunder detroit pistons,input_query=android.app.search.Query@bf441a4,group_id=web19582169,response_id=4877ce46-cf29-423d-91d2-652836eebf7a,support_query_builder=false,} searchAction=oklahoma city thunder detroit pistons searchActionExtras=Bundle{learn_more_url=https://support.google.com/websearch/answer/106230?hl=106230,suggestion_action_text=Report this,should_start_for_result=true,allow_pinning=true,skip_logging_in_target_handler=true,suggestion_action_rpc=2,}ParentID: null targetID: 38beb05b-714b-4be3-a9ab-64f1a7874447
03-16 16:32:18.443  1137  1137 D SearchTargetUtil: layoutType=short_icon_row resultType=131072 packageName=com.google.android.googlequicksearchbox extras=Bundle{suggestion_type=33,suggest_truncate_start=false,is_answer=false,is_entity=false,is_personal=false,suggest_raw_text=fbi,input_query=android.app.search.Query@bf441a4,group_id=web19582169,response_id=4877ce46-cf29-423d-91d2-652836eebf7a,support_query_builder=false,} searchAction=fbi searchActionExtras=Bundle{learn_more_url=https://support.google.com/websearch/answer/106230?hl=106230,suggestion_action_text=Report this,should_start_for_result=true,allow_pinning=true,skip_logging_in_target_handler=true,suggestion_action_rpc=2,}ParentID: null targetID: 255c075e-46c4-4515-ad34-330259025446
03-16 16:32:18.443  1137  1137 D SearchTargetUtil: layoutType=short_icon_row resultType=131072 packageName=com.google.android.googlequicksearchbox extras=Bundle{suggestion_type=33,suggest_truncate_start=false,is_answer=false,is_entity=false,is_personal=false,suggest_raw_text=hamid patel ofsted,input_query=android.app.search.Query@bf441a4,group_id=web19582169,response_id=4877ce46-cf29-423d-91d2-652836eebf7a,support_query_builder=false,} searchAction=hamid patel ofsted searchActionExtras=Bundle{learn_more_url=https://support.google.com/websearch/answer/106230?hl=106230,suggestion_action_text=Report this,should_start_for_result=true,allow_pinning=true,skip_logging_in_target_handler=true,suggestion_action_rpc=2,}ParentID: null targetID: 7c49e14c-b83e-4048-bc17-4c02cbaf27e7
03-16 16:32:18.443  1137  1137 D SearchTargetUtil: layoutType=short_icon_row resultType=131072 packageName=com.google.android.googlequicksearchbox extras=Bundle{suggestion_type=33,suggest_truncate_start=false,is_answer=false,is_entity=false,is_personal=false,suggest_raw_text=mini crossword clues,input_query=android.app.search.Query@bf441a4,group_id=web19582169,response_id=4877ce46-cf29-423d-91d2-652836eebf7a,support_query_builder=false,} searchAction=mini crossword clues searchActionExtras=Bundle{learn_more_url=https://support.google.com/websearch/answer/106230?hl=106230,suggestion_action_text=Report this,should_start_for_result=true,allow_pinning=true,skip_logging_in_target_handler=true,suggestion_action_rpc=2,}ParentID: null targetID: 405cce07-8753-414f-8d81-4dfac8cc1ff9
03-16 16:32:18.443  1137  1137 D SearchTargetUtil: layoutType=short_icon_row resultType=131072 packageName=com.google.android.googlequicksearchbox extras=Bundle{suggestion_type=33,suggest_truncate_start=false,is_answer=false,is_entity=false,is_personal=false,suggest_raw_text=what is cold harbor severance,input_query=android.app.search.Query@bf441a4,group_id=web19582169,response_id=4877ce46-cf29-423d-91d2-652836eebf7a,support_query_builder=false,} searchAction=what is cold harbor severance searchActionExtras=Bundle{learn_more_url=https://support.google.com/websearch/answer/106230?hl=106230,suggestion_action_text=Report this,should_start_for_result=true,allow_pinning=true,skip_logging_in_target_handler=true,suggestion_action_rpc=2,}ParentID: null targetID: 17c6e15c-2ac8-4a6f-a71a-90ab15a53ac0
03-16 16:32:18.443  1137  1654 D EGL_emulation: app_time_stats: avg=59.55ms min=0.71ms max=1442.05ms count=26
03-16 16:32:18.443  1137  1137 D SearchTargetUtil: layoutType=short_icon_row resultType=131072 packageName=com.google.android.googlequicksearchbox extras=Bundle{suggestion_type=33,suggest_truncate_start=false,is_answer=false,is_entity=false,is_personal=false,suggest_raw_text=flight mh370,input_query=android.app.search.Query@bf441a4,group_id=web19582169,response_id=4877ce46-cf29-423d-91d2-652836eebf7a,support_query_builder=false,} searchAction=flight mh370 searchActionExtras=Bundle{learn_more_url=https://support.google.com/websearch/answer/106230?hl=106230,suggestion_action_text=Report this,should_start_for_result=true,allow_pinning=true,skip_logging_in_target_handler=true,suggestion_action_rpc=2,}ParentID: null targetID: c8518165-e218-4987-8280-38ba60d3d64c
03-16 16:32:18.443  1137  1137 D SearchTargetUtil: layoutType=short_icon_row resultType=131072 packageName=com.google.android.googlequicksearchbox extras=Bundle{suggestion_type=33,suggest_truncate_start=false,is_answer=false,is_entity=false,is_personal=false,suggest_raw_text=d wave quantum,input_query=android.app.search.Query@bf441a4,group_id=web19582169,response_id=4877ce46-cf29-423d-91d2-652836eebf7a,support_query_builder=false,} searchAction=d wave quantum searchActionExtras=Bundle{learn_more_url=https://support.google.com/websearch/answer/106230?hl=106230,suggestion_action_text=Report this,should_start_for_result=true,allow_pinning=true,skip_logging_in_target_handler=true,suggestion_action_rpc=2,}ParentID: null targetID: 106fa6fc-5461-42a3-9207-8abc40c838a5
03-16 16:32:18.443  1137  1137 D SearchTargetUtil: layoutType=short_icon_row resultType=131072 packageName=com.google.android.googlequicksearchbox extras=Bundle{suggestion_type=33,suggest_truncate_start=false,is_answer=false,is_entity=false,is_personal=false,suggest_raw_text=1923 season 2 episode 4,input_query=android.app.search.Query@bf441a4,group_id=web19582169,response_id=4877ce46-cf29-423d-91d2-652836eebf7a,support_query_builder=false,} searchAction=1923 season 2 episode 4 searchActionExtras=Bundle{learn_more_url=https://support.google.com/websearch/answer/106230?hl=106230,suggestion_action_text=Report this,should_start_for_result=true,allow_pinning=true,skip_logging_in_target_handler=true,suggestion_action_rpc=2,}ParentID: null targetID: 18f9f130-2efe-4801-a22c-b8ee88b2dbf6
03-16 16:32:18.443  1137  1137 D SearchTargetUtil: layoutType=short_icon_row resultType=131072 packageName=com.google.android.googlequicksearchbox extras=Bundle{suggestion_type=33,suggest_truncate_start=false,is_answer=false,is_entity=false,is_personal=false,suggest_raw_text=golden state warriors vs new york knicks,input_query=android.app.search.Query@bf441a4,group_id=web19582169,response_id=4877ce46-cf29-423d-91d2-652836eebf7a,support_query_builder=false,} searchAction=golden state warriors vs new york knicks searchActionExtras=Bundle{learn_more_url=https://support.google.com/websearch/answer/106230?hl=106230,suggestion_action_text=Report this,should_start_for_result=true,allow_pinning=true,skip_logging_in_target_handler=true,suggestion_action_rpc=2,}ParentID: null targetID: af22f926-b300-4688-8fb1-de1fe31419a9
03-16 16:32:18.443  1137  1137 D SearchTargetUtil: layoutType=short_icon_row resultType=131072 packageName=com.google.android.googlequicksearchbox extras=Bundle{suggestion_type=33,suggest_truncate_start=false,is_answer=false,is_entity=false,is_personal=false,suggest_raw_text=world women curling championship,input_query=android.app.search.Query@bf441a4,group_id=web19582169,response_id=4877ce46-cf29-423d-91d2-652836eebf7a,support_query_builder=false,} searchAction=world women curling championship searchActionExtras=Bundle{learn_more_url=https://support.google.com/websearch/answer/106230?hl=106230,suggestion_action_text=Report this,should_start_for_result=true,allow_pinning=true,skip_logging_in_target_handler=true,suggestion_action_rpc=2,}ParentID: null targetID: 185cd193-c0e6-4b2c-9434-ebfa7ad55c79
03-16 16:32:18.443  1137  1137 D SearchTargetUtil: layoutType=short_icon_row resultType=131072 packageName=com.google.android.googlequicksearchbox extras=Bundle{suggestion_type=33,suggest_truncate_start=false,is_answer=false,is_entity=false,is_personal=false,suggest_raw_text=nyt connections hints march 16,input_query=android.app.search.Query@bf441a4,group_id=web19582169,response_id=4877ce46-cf29-423d-91d2-652836eebf7a,support_query_builder=false,} searchAction=nyt connections hints march 16 searchActionExtras=Bundle{learn_more_url=https://support.google.com/websearch/answer/106230?hl=106230,suggestion_action_text=Report this,should_start_for_result=true,allow_pinning=true,skip_logging_in_target_handler=true,suggestion_action_rpc=2,}ParentID: null targetID: 98c8a46b-ba6c-4b7b-a8b9-a8b8a8e58ddb
