03-16 00:28:55.275  1046  8197 W NetworkScheduler: 	at drcl.h(:com.google.android.gms@250832035@25.08.32 (260400-731361394):51)
03-16 00:28:55.275  1046  8197 W NetworkScheduler: 	at dqxa.run(:com.google.android.gms@250832035@25.08.32 (260400-731361394):72)
03-16 00:28:55.275  1046  8197 W NetworkScheduler: 	at atim.c(:com.google.android.gms@250832035@25.08.32 (260400-731361394):50)
03-16 00:28:55.275  1046  8197 W NetworkScheduler: 	at atim.run(:com.google.android.gms@250832035@25.08.32 (260400-731361394):76)
03-16 00:28:55.275  1046  8197 W NetworkScheduler: 	at java.util.concurrent.ThreadPoolExecutor.runWorker(ThreadPoolExecutor.java:1145)
03-16 00:28:55.275  1046  8197 W NetworkScheduler: 	at java.util.concurrent.ThreadPoolExecutor$Worker.run(ThreadPoolExecutor.java:644)
03-16 00:28:55.275  1046  8197 W NetworkScheduler: 	at atnz.run(:com.google.android.gms@250832035@25.08.32 (260400-731361394):8)
03-16 00:28:55.275  1046  8197 W NetworkScheduler: 	at java.lang.Thread.run(Thread.java:1012)
03-16 00:28:55.302  9040  9040 W WindowOnBackDispatcher: sendCancelIfRunning: isInProgress=false callback=android.view.ViewRootImpl$$ExternalSyntheticLambda11@f41bf7a
03-16 00:28:55.304  9040  9063 D HWUI    : endAllActiveAnimators on 0xb4000072025520e0 (DropDownListView) with handle 0xb4000070d25852f0
03-16 00:28:55.305   577  2219 W InputManager-JNI: Input channel object 'b1ba4cb PopupWindow:970050f (client)' was disposed without first being removed with the input manager!
03-16 00:28:55.327  1224  8210 I EGL_emulation: Opening libGLESv1_CM_emulation.so
03-16 00:28:55.327  1224  8210 I EGL_emulation: Opening libGLESv2_emulation.so
03-16 00:28:55.329  1224  8210 W HWUI    : Failed to choose config with EGL_SWAP_BEHAVIOR_PRESERVED, retrying without...
03-16 00:28:55.329  1224  8210 W HWUI    : Failed to initialize 101010-2 format, error = EGL_SUCCESS
03-16 00:28:55.409   577   618 I ActivityTaskManager: Displayed com.google.android.permissioncontroller/com.android.permissioncontroller.permission.ui.GrantPermissionsActivity for user 0: +167ms
03-16 00:28:55.426   577   713 I ImeTracker: com.google.android.permissioncontroller:2fb08578: onRequestHide at ORIGIN_SERVER reason HIDE_ALWAYS_HIDDEN_STATE fromUser false
03-16 00:28:55.427  1469  1469 I GoogleInputMethodService: GoogleInputMethodService.onFinishInputView():2393
03-16 00:28:55.427  1469  1469 W TooltipLifecycleManager: TooltipLifecycleManager.dismissTooltips():152 Tooltip with id spell_check_add_to_dictionary not found in tooltipManager.
03-16 00:28:55.428  1469  1469 I InputBundle: InputBundle.consumeEvent():884 Skip consuming an event as keyboard status is 0
03-16 00:28:55.428  1469  1469 I VoiceInputHandler: VoiceInputHandler.onDeactivateIme():115 unregistering TalkbackStateListener
03-16 00:28:55.429  1469  1469 I VoiceInputManagerWrapper: VoiceInputManagerWrapper.shutdown():124 shutdown()
03-16 00:28:55.429  1469  1469 I AndroidIME: AbstractIme.onDeactivate():202 LatinIme.onDeactivate()
03-16 00:28:55.430  1469  1469 I GoogleInputMethodService: GoogleInputMethodService.onFinishInput():3157
03-16 00:28:55.431  1469  1469 I GoogleInputMethodService: GoogleInputMethodService.updateDeviceLockedStatus():2248 repeatCheckTimes = 0, locked = false
03-16 00:28:55.431  9040  9040 D InsetsController: hide(ime(), fromIme=true)
03-16 00:28:55.431  1469  1469 I GoogleInputMethodService: GoogleInputMethodService.onStartInput():1986 onStartInput(EditorInfo{EditorInfo{packageName=com.google.android.permissioncontroller, inputType=0, inputTypeString=NULL, enableLearning=false, autoCorrection=false, autoComplete=false, imeOptions=0, privateImeOptions=null, actionName=UNSPECIFIED, actionLabel=null, initialSelStart=-1, initialSelEnd=-1, initialCapsMode=0, label=null, fieldId=0, fieldName=null, extras=null, hintText=null, hintLocales=[]}}, false)
03-16 00:28:55.432  1469  1469 I GoogleInputMethodService: GoogleInputMethodService.updateDeviceLockedStatus():2248 repeatCheckTimes = 1, locked = false
03-16 00:28:55.432  1469  1469 I AndroidIME: InputBundleManager.loadActiveInputBundleId():450 loadActiveInputBundleId: und-Latn-x-password, password
03-16 00:28:55.438  9040  9040 I ImeTracker: com.google.android.permissioncontroller:2fb08578: onCancelled at PHASE_CLIENT_ANIMATION_CANCEL
03-16 00:28:55.438  1469  2185 D EGL_emulation: app_time_stats: avg=32.48ms min=0.96ms max=871.45ms count=33
03-16 00:28:55.439  1469  1469 I ShortcutsDataManager: AbstractContentDataManager.startImportContentTask():240 startImportContentTask()
03-16 00:28:55.440  1469  2010 I ShortcutsDataManager: AbstractContentDataManager$ImportContentTask.doInBackground():255 doInBackground()
03-16 00:28:55.440  9040  9040 I ImeTracker: com.example.group8_bartertrader:72a28929: onRequestHide at ORIGIN_CLIENT reason HIDE_SOFT_INPUT_ON_ANIMATION_STATE_CHANGED fromUser false
03-16 00:28:55.440  9040  9040 I ImeTracker: com.example.group8_bartertrader:72a28929: onFailed at PHASE_CLIENT_VIEW_SERVED
03-16 00:28:55.443  1469  2010 I PersonalDictionaryDataHandler: PersonalDictionaryDataHandler.beginProcess():114 LanguageTags = [en-US]
03-16 00:28:55.446   415   528 D audioserver: logFgsApiEnd: FGS Logger Transaction failed, -129
03-16 00:28:55.454  1469  2010 I ShortcutsDataManager: AbstractContentDataManager.importRecords():345 importRecords() : Success : Count = 0
03-16 00:28:55.456  1469  2010 I ShortcutsDataManager: AbstractContentDataManager.importContentData():295 importContentData() : Ending import process
03-16 00:28:55.456  1469  1969 I Delight5Decoder: Delight5DecoderWrapper.unloadLanguageModel():943 unloadLanguageModel() : 4, version [n/a]
03-16 00:28:55.463  1469  2010 I PersonalLanguageModelUpdater: PersonalLanguageModelUpdater$UpdateOperation.performInternal():165 run() : Added 0 words and 0 shortcuts
03-16 00:28:55.463  1469  2010 I DynamicLanguageModelOperation: DynamicLanguageModelOperation.perform():43 perform() : 4 : dxm : Completed
03-16 00:28:55.464  1469  1969 I Delight5Decoder: Delight5DecoderWrapper.loadLanguageModel():730 loadLanguageModel() : 4, version [n/a]
03-16 00:28:55.464  1469  1469 I ShortcutsDataManager: AbstractContentDataManager$ImportContentTask.onPostExecute():266 onPostExecute() : Result = [2,0]
03-16 00:28:55.464  1469  1469 I ShortcutsDataManager: ShortcutsDataManager.onImportFinished():82 onImportFinished() : Result = 2 : Count = 0
03-16 00:28:55.464  1469  1969 I Delight5Decoder: Delight5DecoderWrapper.loadLanguageModel():771 Loaded dynamic LM 4.en
03-16 00:28:55.550  9040  9040 W RootViewPicker: No activity currently resumed - waiting: 10ms for one to appear.
03-16 00:28:55.561  9040  9040 W RootViewPicker: No activity currently resumed - waiting: 50ms for one to appear.
03-16 00:28:55.611  9040  9040 W RootViewPicker: No activity currently resumed - waiting: 100ms for one to appear.
03-16 00:28:55.623  1137  1654 D EGL_emulation: app_time_stats: avg=88.98ms min=5.06ms max=1751.81ms count=24
03-16 00:28:55.711  9040  9040 W RootViewPicker: No activity currently resumed - waiting: 500ms for one to appear.
03-16 00:28:55.787  9040  9063 D EGL_emulation: app_time_stats: avg=17.28ms min=2.54ms max=85.37ms count=51
03-16 00:28:56.211  9040  9040 W RootViewPicker: No activity currently resumed - waiting: 2000ms for one to appear.
03-16 00:28:57.026   577   811 D androidtc: Initializing SystemTextClassifier, type = System
03-16 00:28:57.031  1502  1502 I AiAiTextClassifier: onCreateTextClassificationSession = TextClassificationSessionId {de7caacc-6244-4389-b64f-e1e1d9abd4e4}
03-16 00:28:57.037  1469  9115 D androidtc: Initializing SystemTextClassifier, type = System
03-16 00:28:57.038   836   836 I ClipboardListener: Clipboard overlay suppressed.
03-16 00:28:57.040  1502  1838 I AiAiTranslate: C2T - not in a conversation
03-16 00:28:57.062  1502  1870 I AiAiTextClassifier: GenerateLinks did not find valid links, returning empty result
03-16 00:28:57.063   836   836 I ClipboardListener: Clipboard overlay suppressed.
03-16 00:28:57.064  1502  1870 I AiAiTextClassifier: GenerateLinks did not find valid links, returning empty result
03-16 00:28:57.094  1224  1224 I GrantPermissionsViewModel: Logged buttons presented and clicked permissionGroupName=android.permission-group.LOCATION uid=10213 selectedPrecision=3 package=com.example.group8_bartertrader presentedButtons=44 clickedButton=4 isPermissionRationaleShown=false sessionId=-892983555248782579 targetSdk=35
03-16 00:28:57.094   415   496 D audioserver: logFgsApiBegin: FGS Logger Transaction failed, -129
03-16 00:28:57.094   577  2219 W AS.PlaybackActivityMon: No piid assigned for invalid/internal port id 16
03-16 00:28:57.105  9040  9040 D LifecycleMonitor: Lifecycle status change: com.example.group8_bartertrader.ProductForm@f97ce8f in: RESUMED
03-16 00:28:57.105  9040  9040 V ActivityScenario: Update currentActivityStage to RESUMED, currentActivity=com.example.group8_bartertrader.ProductForm@f97ce8f
03-16 00:28:57.109  1224  1224 D VRI[GrantPermissionsActivity]: visibilityChanged oldVisibility=true newVisibility=false
03-16 00:28:57.112  1224  1224 W WindowOnBackDispatcher: sendCancelIfRunning: isInProgress=false callback=android.view.ViewRootImpl$$ExternalSyntheticLambda11@630fe02
03-16 00:28:57.117   577  2454 W InputManager-JNI: Input channel object '190e8a5 com.google.android.permissioncontroller/com.android.permissioncontroller.permission.ui.GrantPermissionsActivity (client)' was disposed without first being removed with the input manager!
03-16 00:28:57.136   577   713 I ImeTracker: com.example.group8_bartertrader:f20965e7: onRequestHide at ORIGIN_SERVER reason HIDE_UNSPECIFIED_WINDOW fromUser false
03-16 00:28:57.136   577   713 I ImeTracker: com.example.group8_bartertrader:f20965e7: onCancelled at PHASE_SERVER_SHOULD_HIDE
03-16 00:28:57.137  1469  1469 I GoogleInputMethodService: GoogleInputMethodService.onFinishInput():3157
03-16 00:28:57.137  1469  1469 I GoogleInputMethodService: GoogleInputMethodService.updateDeviceLockedStatus():2248 repeatCheckTimes = 0, locked = false
03-16 00:28:57.137  1469  1469 I GoogleInputMethodService: GoogleInputMethodService.onStartInput():1986 onStartInput(EditorInfo{EditorInfo{packageName=com.example.group8_bartertrader, inputType=20001, inputTypeString=Normal, enableLearning=true, autoCorrection=true, autoComplete=true, imeOptions=48000005, privateImeOptions=null, actionName=NEXT, actionLabel=null, initialSelStart=14, initialSelEnd=14, initialCapsMode=0, label=null, fieldId=2131296668, fieldName=null, extras=Bundle[mParcelledData.dataSize=404], hintText=non-empty, hintLocales=[]}}, false)
03-16 00:28:57.137  1469  1469 I GoogleInputMethodService: GoogleInputMethodService.updateDeviceLockedStatus():2248 repeatCheckTimes = 1, locked = false
03-16 00:28:57.137  1469  1469 I AndroidIME: InputBundleManager.loadActiveInputBundleId():450 loadActiveInputBundleId: en-US, ime_english_united_states
03-16 00:28:57.153  1137  1654 D EGL_emulation: app_time_stats: avg=218.19ms min=10.01ms max=1434.46ms count=7
03-16 00:28:57.153  9040  9063 D EGL_emulation: app_time_stats: avg=75.87ms min=14.15ms max=1084.76ms count=18
03-16 00:28:57.328   415   528 D audioserver: logFgsApiEnd: FGS Logger Transaction failed, -129
03-16 00:28:57.708   577   743 D WifiConfigStore: Writing to stores completed in 8 ms.
03-16 00:28:58.153  9040  9063 D EGL_emulation: app_time_stats: avg=125.01ms min=13.94ms max=499.25ms count=8
03-16 00:28:58.215  9040  9040 I ViewInteraction: Performing 'single click' action on view view.getId() is <2131296489/com.example.group8_bartertrader:id/getLocationButton>
03-16 00:28:58.260   415   496 D audioserver: logFgsApiBegin: FGS Logger Transaction failed, -129
03-16 00:28:58.260   577   889 W AS.PlaybackActivityMon: No piid assigned for invalid/internal port id 16
03-16 00:28:58.290  1046  9024 I GmsCoreXrpcWrapper: (REDACTED) Returning a channel provider with trafficStatsTag=%d trafficStatsUid=%d
03-16 00:28:58.306  1384  1384 D BoundBrokerSvc: onBind: Intent { act=com.google.android.gms.auth.service.START pkg=com.google.android.gms }
03-16 00:28:58.306  1384  1384 D BoundBrokerSvc: Loading bound service for intent: Intent { act=com.google.android.gms.auth.service.START pkg=com.google.android.gms }
03-16 00:28:58.313  1046  1565 W GLSUser : [DeviceKeyStore] Cannot load key: Device key file not found.
03-16 00:28:58.355  3015  8598 W libc    : Access denied finding property "persist.adb.tls_server.enable"
03-16 00:28:58.352  3015  3015 W binder:3015_E: type=1400 audit(0.0:839): avc:  denied  { read } for  name="u:object_r:system_adbd_prop:s0" dev="tmpfs" ino=305 scontext=u:r:gmscore_app:s0:c512,c768 tcontext=u:object_r:system_adbd_prop:s0 tclass=file permissive=0 app=com.google.android.gms
03-16 00:28:58.358   577  1580 D FileUtils: Rounded bytes from 2070597632 to 4000000000
03-16 00:28:58.394  1046  1565 W GmsUrlRequestImpl: Content-Type header is overwritten.
03-16 00:28:58.405  1046  3662 D TrafficStats: tagSocket(138) with statsTag=0x401, statsUid=10144
03-16 00:28:58.484   415   528 D audioserver: logFgsApiEnd: FGS Logger Transaction failed, -129
03-16 00:28:58.529  1046  1565 W GLSUser : [AppCertManager] Exception while requesting key:
03-16 00:28:58.529  1046  1565 W GLSUser : java.util.concurrent.ExecutionException: bzgl: Parse Proto Exception with response code 400
03-16 00:28:58.529  1046  1565 W GLSUser : 	at fodw.s(:com.google.android.gms@250832035@25.08.32 (260400-731361394):21)
03-16 00:28:58.529  1046  1565 W GLSUser : 	at fodw.get(:com.google.android.gms@250832035@25.08.32 (260400-731361394):10)
03-16 00:28:58.529  1046  1565 W GLSUser : 	at acaz.b(:com.google.android.gms@250832035@25.08.32 (260400-731361394):454)
03-16 00:28:58.529  1046  1565 W GLSUser : 	at acax.a(:com.google.android.gms@250832035@25.08.32 (260400-731361394):69)
03-16 00:28:58.529  1046  1565 W GLSUser : 	at acax.fD(:com.google.android.gms@250832035@25.08.32 (260400-731361394):16)
03-16 00:28:58.529  1046  1565 W GLSUser : 	at rhm.onTransact(:com.google.android.gms@250832035@25.08.32 (260400-731361394):97)
03-16 00:28:58.529  1046  1565 W GLSUser : 	at android.os.Binder.transact(Binder.java:1345)
03-16 00:28:58.529  1046  1565 W GLSUser : 	at brmg.onTransact(:com.google.android.gms@250832035@25.08.32 (260400-731361394):10)
03-16 00:28:58.529  1046  1565 W GLSUser : 	at android.os.Binder.transact(Binder.java:1345)
03-16 00:28:58.529  1046  1565 W GLSUser : 	at bimh.onTransact(:com.google.android.gms@250832035@25.08.32 (260400-731361394):148)
03-16 00:28:58.529  1046  1565 W GLSUser : 	at android.os.Binder.execTransactInternal(Binder.java:1505)
03-16 00:28:58.529  1046  1565 W GLSUser : 	at android.os.Binder.execTransact(Binder.java:1444)
03-16 00:28:58.529  1046  1565 W GLSUser : Caused by: bzgl: Parse Proto Exception with response code 400
03-16 00:28:58.529  1046  1565 W GLSUser : 	at bzhn.b(:com.google.android.gms@250832035@25.08.32 (260400-731361394):80)
03-16 00:28:58.529  1046  1565 W GLSUser : 	at bzkg.d(:com.google.android.gms@250832035@25.08.32 (260400-731361394):18)
03-16 00:28:58.529  1046  1565 W GLSUser : 	at bzku.onSucceeded(:com.google.android.gms@250832035@25.08.32 (260400-731361394):9)
03-16 00:28:58.529  1046  1565 W GLSUser : 	at m.li.onSucceeded(:com.google.android.gms.dynamite_cronetdynamite@250832035@25.08.32 (260400-0):3)
03-16 00:28:58.529  1046  1565 W GLSUser : 	at m.kg.run(:com.google.android.gms.dynamite_cronetdynamite@250832035@25.08.32 (260400-0):25)
03-16 00:28:58.529  1046  1565 W GLSUser : 	at m.ka.run(:com.google.android.gms.dynamite_cronetdynamite@250832035@25.08.32 (260400-0):31)
03-16 00:28:58.529  1046  1565 W GLSUser : 	at atim.c(:com.google.android.gms@250832035@25.08.32 (260400-731361394):50)
03-16 00:28:58.529  1046  1565 W GLSUser : 	at atim.run(:com.google.android.gms@250832035@25.08.32 (260400-731361394):76)
03-16 00:28:58.529  1046  1565 W GLSUser : 	at java.util.concurrent.ThreadPoolExecutor.runWorker(ThreadPoolExecutor.java:1145)
03-16 00:28:58.529  1046  1565 W GLSUser : 	at java.util.concurrent.ThreadPoolExecutor$Worker.run(ThreadPoolExecutor.java:644)
03-16 00:28:58.529  1046  1565 W GLSUser : 	at atnz.run(:com.google.android.gms@250832035@25.08.32 (260400-731361394):8)
03-16 00:28:58.529  1046  1565 W GLSUser : 	at java.lang.Thread.run(Thread.java:1012)
03-16 00:28:58.529  1046  1565 W GLSUser : Caused by: ggyc: Protocol message contained an invalid tag (zero).
03-16 00:28:58.529  1046  1565 W GLSUser : 	at ggva.l(:com.google.android.gms@250832035@25.08.32 (260400-731361394):43)
03-16 00:28:58.529  1046  1565 W GLSUser : 	at ggzb.c(:com.google.android.gms@250832035@25.08.32 (260400-731361394):394)
03-16 00:28:58.529  1046  1565 W GLSUser : 	at ggzb.i(:com.google.android.gms@250832035@25.08.32 (260400-731361394):8)
03-16 00:28:58.529  1046  1565 W GLSUser : 	at ggxg.A(:com.google.android.gms@250832035@25.08.32 (260400-731361394):23)
03-16 00:28:58.529  1046  1565 W GLSUser : 	at ggxb.g(:com.google.android.gms@250832035@25.08.32 (260400-731361394):3)
03-16 00:28:58.529  1046  1565 W GLSUser : 	at gguw.e(:com.google.android.gms@250832035@25.08.32 (260400-731361394):1)
03-16 00:28:58.529  1046  1565 W GLSUser : 	at gguw.d(:com.google.android.gms@250832035@25.08.32 (260400-731361394):3)
03-16 00:28:58.529  1046  1565 W GLSUser : 	at gguw.p(:com.google.android.gms@250832035@25.08.32 (260400-731361394):1)
03-16 00:28:58.529  1046  1565 W GLSUser : 	at bzhn.g(:com.google.android.gms@250832035@25.08.32 (260400-731361394):69)
03-16 00:28:58.529  1046  1565 W GLSUser : 	at bzhn.b(:com.google.android.gms@250832035@25.08.32 (260400-731361394):11)
03-16 00:28:58.529  1046  1565 W GLSUser : 	... 11 more
03-16 00:28:58.530  1046  1565 W GLSUser : [DeviceKeyStore] Cannot load key: Device key file not found.
03-16 00:28:58.552  1046  9024 E gzzv    : *~*~*~ Previous channel {0} was garbage collected without being shut down! ~*~*~*
03-16 00:28:58.552  1046  9024 E gzzv    :     Make sure to call shutdown()/shutdownNow()
03-16 00:28:58.552  1046  9024 E gzzv    : java.lang.RuntimeException: ManagedChannel allocation site
03-16 00:28:58.552  1046  9024 E gzzv    : 	at gzzu.<init>(:com.google.android.gms@250832035@25.08.32 (260400-731361394):21)
03-16 00:28:58.552  1046  9024 E gzzv    : 	at gzzv.<init>(:com.google.android.gms@250832035@25.08.32 (260400-731361394):10)
03-16 00:28:58.552  1046  9024 E gzzv    : 	at gzzt.a(:com.google.android.gms@250832035@25.08.32 (260400-731361394):251)
03-16 00:28:58.552  1046  9024 E gzzv    : 	at gzkt.a(:com.google.android.gms@250832035@25.08.32 (260400-731361394):5)
03-16 00:28:58.552  1046  9024 E gzzv    : 	at caoy.g(:com.google.android.gms@250832035@25.08.32 (260400-731361394):81)
03-16 00:28:58.552  1046  9024 E gzzv    : 	at frnx.a(:com.google.android.gms@250832035@25.08.32 (260400-731361394):219)
03-16 00:28:58.552  1046  9024 E gzzv    : 	at fgkk.a(:com.google.android.gms@250832035@25.08.32 (260400-731361394):13)
03-16 00:28:58.552  1046  9024 E gzzv    : 	at fohx.a(:com.google.android.gms@250832035@25.08.32 (260400-731361394):3)
03-16 00:28:58.552  1046  9024 E gzzv    : 	at fogy.run(:com.google.android.gms@250832035@25.08.32 (260400-731361394):19)
03-16 00:28:58.552  1046  9024 E gzzv    : 	at fohz.run(:com.google.android.gms@250832035@25.08.32 (260400-731361394):5)
03-16 00:28:58.552  1046  9024 E gzzv    : 	at atim.c(:com.google.android.gms@250832035@25.08.32 (260400-731361394):50)
03-16 00:28:58.552  1046  9024 E gzzv    : 	at atim.run(:com.google.android.gms@250832035@25.08.32 (260400-731361394):76)
03-16 00:28:58.552  1046  9024 E gzzv    : 	at java.util.concurrent.ThreadPoolExecutor.runWorker(ThreadPoolExecutor.java:1145)
03-16 00:28:58.552  1046  9024 E gzzv    : 	at java.util.concurrent.ThreadPoolExecutor$Worker.run(ThreadPoolExecutor.java:644)
03-16 00:28:58.552  1046  9024 E gzzv    : 	at atnz.run(:com.google.android.gms@250832035@25.08.32 (260400-731361394):8)
03-16 00:28:58.552  1046  9024 E gzzv    : 	at java.lang.Thread.run(Thread.java:1012)
03-16 00:28:58.581  1046  3662 D TrafficStats: tagSocket(195) with statsTag=0x2c000608, statsUid=10213
03-16 00:28:58.697  1046  3662 I cn_CronetUrlRequestContext: destroyNativeStreamLocked org.chromium.net.impl.CronetBidirectionalStream@a56e5ad
03-16 00:28:58.705  1469  6492 I AndroidSpellCheckerService: AndroidSpellCheckerService.createSession():139 com.google.android.keyboard.client.delight5.LanguageIdentifier@b030428 is created
03-16 00:28:58.709  9040  9122 D ProfileInstaller: Installing profile for com.example.group8_bartertrader
03-16 00:28:58.935  9040  9040 I ViewInteraction: Performing 'single click' action on view view.getId() is <2131296664/com.example.group8_bartertrader:id/productCondition>
03-16 00:28:59.169  9040  9063 D EGL_emulation: app_time_stats: avg=18.47ms min=8.25ms max=85.93ms count=55
03-16 00:28:59.236  9040  9040 I ViewInteraction: Performing 'single click' action on view an instance of android.widget.TextView and view.getText() with or without transformation to match: is "Good"
03-16 00:28:59.346   415   496 D audioserver: logFgsApiBegin: FGS Logger Transaction failed, -129
03-16 00:28:59.346   577  2454 W AS.PlaybackActivityMon: No piid assigned for invalid/internal port id 16
03-16 00:28:59.520  9040  9040 I ViewInteraction: Performing 'type text(Product description)' action on view view.getId() is <2131296665/com.example.group8_bartertrader:id/productDescription>
03-16 00:28:59.568  9040  9040 I ImeTracker: com.example.group8_bartertrader:a2d9d6f4: onRequestShow at ORIGIN_CLIENT reason SHOW_SOFT_INPUT fromUser true
03-16 00:28:59.568  9040  9040 D InputMethodManager: showSoftInput() view=androidx.appcompat.widget.AppCompatEditText{fb14ec8 VFED..CL. .F.P..ID 42,900-1038,1163 #7f090199 app:id/productDescription aid=1073741827} flags=0 reason=SHOW_SOFT_INPUT
03-16 00:28:59.568  1469  1469 I GoogleInputMethodService: GoogleInputMethodService.onFinishInput():3157
03-16 00:28:59.569  1469  1469 I GoogleInputMethodService: GoogleInputMethodService.updateDeviceLockedStatus():2248 repeatCheckTimes = 0, locked = false
03-16 00:28:59.569  1469  1469 I GoogleInputMethodService: GoogleInputMethodService.onStartInput():1986 onStartInput(EditorInfo{EditorInfo{packageName=com.example.group8_bartertrader, inputType=20001, inputTypeString=Normal, enableLearning=true, autoCorrection=true, autoComplete=true, imeOptions=44000006, privateImeOptions=null, actionName=DONE, actionLabel=null, initialSelStart=0, initialSelEnd=0, initialCapsMode=0, label=null, fieldId=2131296665, fieldName=null, extras=Bundle[mParcelledData.dataSize=404], hintText=non-empty, hintLocales=[]}}, false)
03-16 00:28:59.569  1469  1469 I GoogleInputMethodService: GoogleInputMethodService.updateDeviceLockedStatus():2248 repeatCheckTimes = 1, locked = false
03-16 00:28:59.570  1469  1469 I AndroidIME: InputBundleManager.loadActiveInputBundleId():450 loadActiveInputBundleId: en-US, ime_english_united_states
03-16 00:28:59.570  1469  1469 I StylusModule: StylusModule.onUpdateToolType():770 Update tool type = 2
03-16 00:28:59.571  1469  1469 I GoogleInputMethodService: GoogleInputMethodService.onStartInputView():2098 onStartInputView(EditorInfo{EditorInfo{packageName=com.example.group8_bartertrader, inputType=20001, inputTypeString=Normal, enableLearning=true, autoCorrection=true, autoComplete=true, imeOptions=44000006, privateImeOptions=null, actionName=DONE, actionLabel=null, initialSelStart=0, initialSelEnd=0, initialCapsMode=0, label=null, fieldId=2131296665, fieldName=null, extras=Bundle[{android.support.text.emoji.emojiCompat_metadataVersion=9, androidx.core.view.inputmethod.EditorInfoCompat.STYLUS_HANDWRITING_ENABLED=true, android.support.text.emoji.emojiCompat_replaceAll=false}], hintText=non-empty, hintLocales=[]}}, false)
03-16 00:28:59.572  1469  1469 I GoogleInputMethodService: GoogleInputMethodService.updateDeviceLockedStatus():2248 repeatCheckTimes = 1, locked = false
03-16 00:28:59.572   415   528 D audioserver: logFgsApiEnd: FGS Logger Transaction failed, -129
03-16 00:28:59.573  1469  1469 I KeyboardHeightUtil: KeyboardHeightUtil.getOemKeyboardHeightRatio():206 systemKeyboardHeightRatio:1.000000.
03-16 00:28:59.573  1469  1469 I AndroidIME: AbstractIme.onActivate():89 LatinIme.onActivate() : EditorInfo = EditorInfo{packageName=com.example.group8_bartertrader, inputType=20001, inputTypeString=Normal, enableLearning=true, autoCorrection=true, autoComplete=true, imeOptions=44000006, privateImeOptions=null, actionName=DONE, actionLabel=null, initialSelStart=0, initialSelEnd=0, initialCapsMode=0, label=null, fieldId=2131296665, fieldName=null, extras=Bundle[{android.support.text.emoji.emojiCompat_metadataVersion=9, androidx.core.view.inputmethod.EditorInfoCompat.STYLUS_HANDWRITING_ENABLED=true, android.support.text.emoji.emojiCompat_replaceAll=false}], hintText=non-empty, hintLocales=[]}, IncognitoMode = false, DeviceLocked = false
03-16 00:28:59.574  1469  1469 I Delight5Facilitator: Delight5Facilitator.initializeForIme():747 initializeForIme() : Locale = [en_US], layout = qwerty
03-16 00:28:59.574  1469  1469 I VoiceInputHandler: VoiceInputHandler.onActivateIme():99 registering TalkbackStateListener
03-16 00:28:59.575  1469  1469 I VoiceInputManagerWrapper: VoiceInputManagerWrapper.cancelShutdown():102 cancelShutdown()
03-16 00:28:59.575  1469  1469 I VoiceInputManagerWrapper: VoiceInputManagerWrapper.syncLanguagePacks():114 syncLanguagePacks()
03-16 00:28:59.576  1469  1469 I LatinIme: LatinIme.updateEnableInlineSuggestionsOnDecoderSideFlags():1174 inline flag updated to:false
03-16 00:28:59.576  1469  4863 I SpeechFactory: SpeechRecognitionFactory.maybeScheduleAutoPackDownloadForFallback():200 maybeScheduleAutoPackDownloadForFallback()
03-16 00:28:59.576  1469  4863 I FallbackOnDeviceRecognitionProvider: FallbackOnDeviceRecognitionProvider.maybeScheduleAutoPackDownload():197 maybeScheduleAutoPackDownload() for language tag en-US
03-16 00:28:59.577  1469  1469 I InputBundle: InputBundle.consumeEvent():884 Skip consuming an event as keyboard status is 0
03-16 00:28:59.577  1469  1469 I KeyboardWrapper: KeyboardWrapper.activateKeyboard():575 activateKeyboard(): type=accessory, status=0, imeDef=ktt{stringId=ime_english_united_states, language=en-US, languageTag=en-US, processedConditions={enable_number_row=false, device=phone}, className=com.google.android.apps.inputmethod.libs.latin5.LatinIme, label=0, keyEventInterpreter=null, inlineComposing=true, autoCapital=true, announceAutoSelectedCandidate=true, statusIcon=0, primeKeyboardType=SOFT, indicatorIcon=0, indicatorLabel=US, displayAppCompletions=true, extraValues=ktl{}, processors=kvl@46f731, unacceptableMetaKeys=4098, languageSpecificSettings=0, asciiCapable=true, alwaysShowSuggestions=false, useAsciiPasswordKeyboard=false, secondaryIme=null, keyboardGroupDef=kut@ff2ed5f, phenotypeFlagId=0, localizationLanguageTag=null, supportsInlineSuggestion=true, supportsAccessPoints=true}
03-16 00:28:59.577  1469  1469 I KeyboardManager: KeyboardManager.requestKeyboard():234 Creating keyboard accessory, imeId=ime_english_united_states, cacheKey=theme_border_stylesheet_noshadow_gsans_pillkey_silkpopup_hover_light_phone_bottom4dp_navredesign
03-16 00:28:59.577  1469  1469 I KeyboardWrapper: KeyboardWrapper.onKeyboardReady():239 onKeyboardReady(): type=accessory(accessory), kb=com.google.android.libraries.inputmethod.keyboard.impl.Keyboard@4cc547
03-16 00:28:59.577  1469  1469 I KeyboardWrapper: KeyboardWrapper.doActivateKeyboard():606 doActivateKeyboard(): accessory
03-16 00:28:59.577  1469  1469 W Keyboard: Keyboard.getKeyboardViewHelper():574 null helper is returned: keyboardDef=kuo{processedConditions={}, globalConditions={}, className=com.google.android.libraries.inputmethod.keyboard.impl.Keyboard, resourceIds=[#0x7f170047], initialStates=0, keyboardViewDefs=[], persistentStates=0, persistentStatesPrefKey=null, popupBubbleLayoutId=0, recentKeyLayoutId=0, recentKeyPopupLayoutId=0, recentKeyType=null, rememberRecentKey=NONE, sessionStates=0}, type=HEADER, helpersCreated=[null, null, null, null], context.getResources().getConfiguration(): {1.0 310mcc260mnc [en_US] ldltr sw411dp w411dp h914dp 420dpi nrml long port finger qwerty/v/v dpad/v winConfig={ mBounds=Rect(0, 0 - 1080, 2400) mAppBounds=Rect(0, 0 - 1080, 2400) mMaxBounds=Rect(0, 0 - 1080, 2400) mDisplayRotation=ROTATION_0 mWindowingMode=fullscreen mActivityType=undefined mAlwaysOnTop=undefined mRotation=ROTATION_0} as.3 s.34 fontWeightAdjustment=0}
03-16 00:28:59.577  1469  1469 W Keyboard: Keyboard.getKeyboardViewHelper():574 null helper is returned: keyboardDef=kuo{processedConditions={}, globalConditions={}, className=com.google.android.libraries.inputmethod.keyboard.impl.Keyboard, resourceIds=[#0x7f170047], initialStates=0, keyboardViewDefs=[], persistentStates=0, persistentStatesPrefKey=null, popupBubbleLayoutId=0, recentKeyLayoutId=0, recentKeyPopupLayoutId=0, recentKeyType=null, rememberRecentKey=NONE, sessionStates=0}, type=BODY, helpersCreated=[null, null, null, null], context.getResources().getConfiguration(): {1.0 310mcc260mnc [en_US] ldltr sw411dp w411dp h914dp 420dpi nrml long port finger qwerty/v/v dpad/v winConfig={ mBounds=Rect(0, 0 - 1080, 2400) mAppBounds=Rect(0, 0 - 1080, 2400) mMaxBounds=Rect(0, 0 - 1080, 2400) mDisplayRotation=ROTATION_0 mWindowingMode=fullscreen mActivityType=undefined mAlwaysOnTop=undefined mRotation=ROTATION_0} as.3 s.34 fontWeightAdjustment=0}
03-16 00:28:59.577  1469  1469 W Keyboard: Keyboard.getKeyboardViewHelper():574 null helper is returned: keyboardDef=kuo{processedConditions={}, globalConditions={}, className=com.google.android.libraries.inputmethod.keyboard.impl.Keyboard, resourceIds=[#0x7f170047], initialStates=0, keyboardViewDefs=[], persistentStates=0, persistentStatesPrefKey=null, popupBubbleLayoutId=0, recentKeyLayoutId=0, recentKeyPopupLayoutId=0, recentKeyType=null, rememberRecentKey=NONE, sessionStates=0}, type=HEADER, helpersCreated=[null, null, null, null], context.getResources().getConfiguration(): {1.0 310mcc260mnc [en_US] ldltr sw411dp w411dp h914dp 420dpi nrml long port finger qwerty/v/v dpad/v winConfig={ mBounds=Rect(0, 0 - 1080, 2400) mAppBounds=Rect(0, 0 - 1080, 2400) mMaxBounds=Rect(0, 0 - 1080, 2400) mDisplayRotation=ROTATION_0 mWindowingMode=fullscreen mActivityType=undefined mAlwaysOnTop=undefined mRotation=ROTATION_0} as.3 s.34 fontWeightAdjustment=0}
03-16 00:28:59.577  1469  1469 W Keyboard: Keyboard.getKeyboardViewHelper():574 null helper is returned: keyboardDef=kuo{processedConditions={}, globalConditions={}, className=com.google.android.libraries.inputmethod.keyboard.impl.Keyboard, resourceIds=[#0x7f170047], initialStates=0, keyboardViewDefs=[], persistentStates=0, persistentStatesPrefKey=null, popupBubbleLayoutId=0, recentKeyLayoutId=0, recentKeyPopupLayoutId=0, recentKeyType=null, rememberRecentKey=NONE, sessionStates=0}, type=BODY, helpersCreated=[null, null, null, null], context.getResources().getConfiguration(): {1.0 310mcc260mnc [en_US] ldltr sw411dp w411dp h914dp 420dpi nrml long port finger qwerty/v/v dpad/v winConfig={ mBounds=Rect(0, 0 - 1080, 2400) mAppBounds=Rect(0, 0 - 1080, 2400) mMaxBounds=Rect(0, 0 - 1080, 2400) mDisplayRotation=ROTATION_0 mWindowingMode=fullscreen mActivityType=undefined mAlwaysOnTop=undefined mRotation=ROTATION_0} as.3 s.34 fontWeightAdjustment=0}
03-16 00:28:59.577  1469  1469 W Keyboard: Keyboard.getKeyboardViewHelper():574 null helper is returned: keyboardDef=kuo{processedConditions={}, globalConditions={}, className=com.google.android.libraries.inputmethod.keyboard.impl.Keyboard, resourceIds=[#0x7f170047], initialStates=0, keyboardViewDefs=[], persistentStates=0, persistentStatesPrefKey=null, popupBubbleLayoutId=0, recentKeyLayoutId=0, recentKeyPopupLayoutId=0, recentKeyType=null, rememberRecentKey=NONE, sessionStates=0}, type=FLOATING_CANDIDATES, helpersCreated=[null, null, null, null], context.getResources().getConfiguration(): {1.0 310mcc260mnc [en_US] ldltr sw411dp w411dp h914dp 420dpi nrml long port finger qwerty/v/v dpad/v winConfig={ mBounds=Rect(0, 0 - 1080, 2400) mAppBounds=Rect(0, 0 - 1080, 2400) mMaxBounds=Rect(0, 0 - 1080, 2400) mDisplayRotation=ROTATION_0 mWindowingMode=fullscreen mActivityType=undefined mAlwaysOnTop=undefined mRotation=ROTATION_0} as.3 s.34 fontWeightAdjustment=0}
03-16 00:28:59.577  1469  1469 W Keyboard: Keyboard.getKeyboardViewHelper():574 null helper is returned: keyboardDef=kuo{processedConditions={}, globalConditions={}, className=com.google.android.libraries.inputmethod.keyboard.impl.Keyboard, resourceIds=[#0x7f170047], initialStates=0, keyboardViewDefs=[], persistentStates=0, persistentStatesPrefKey=null, popupBubbleLayoutId=0, recentKeyLayoutId=0, recentKeyPopupLayoutId=0, recentKeyType=null, rememberRecentKey=NONE, sessionStates=0}, type=WIDGET, helpersCreated=[null, null, null, null], context.getResources().getConfiguration(): {1.0 310mcc260mnc [en_US] ldltr sw411dp w411dp h914dp 420dpi nrml long port finger qwerty/v/v dpad/v winConfig={ mBounds=Rect(0, 0 - 1080, 2400) mAppBounds=Rect(0, 0 - 1080, 2400) mMaxBounds=Rect(0, 0 - 1080, 2400) mDisplayRotation=ROTATION_0 mWindowingMode=fullscreen mActivityType=undefined mAlwaysOnTop=undefined mRotation=ROTATION_0} as.3 s.34 fontWeightAdjustment=0}
03-16 00:28:59.578  1469  1469 I KeyboardManager: KeyboardManager.requestKeyboard():234 Creating keyboard accessory_candidates_consumer, imeId=ime_english_united_states, cacheKey=theme_border_stylesheet_noshadow_gsans_pillkey_silkpopup_hover_light_phone_bottom4dp_navredesign
03-16 00:28:59.578  1469  1469 W Keyboard: Keyboard.getKeyboardViewHelper():574 null helper is returned: keyboardDef=kuo{processedConditions={}, globalConditions={global_theme_key=theme_border_stylesheet_noshadow_gsans_pillkey_silkpopup_hover_light_phone_bottom4dp_navredesign, global_locale=en_US, global_density_dpi=420, global_orientation=1}, className=.latin.keyboard.AccessoryKeyboard, resourceIds=[#0x7f170046], initialStates=0, keyboardViewDefs=[kvb{direction=null, id=#0x7f0b014d, isScalable=false, layoutId=#0x7f0e0027, type=FLOATING_CANDIDATES, touchable=true, defaultShow=false}], persistentStates=0, persistentStatesPrefKey=null, popupBubbleLayoutId=#0x7f0e068d, recentKeyLayoutId=0, recentKeyPopupLayoutId=0, recentKeyType=null, rememberRecentKey=NONE, sessionStates=0}, type=HEADER, helpersCreated=[null, null, kib@7ea52af, null], context.getResources().getConfiguration(): {1.0 310mcc260mnc [en_US] ldltr sw411dp w411dp h914dp 420dpi nrml long port finger qwerty/v/v dpad/v winConfig={ mBounds=Rect(0, 0 - 1080, 2400) mAppBounds=Rect(0, 0 - 1080, 2400) mMaxBounds=Rect(0, 0 - 1080, 2400) mDisplayRotation=ROTATION_0 mWindowingMode=fullscreen mActivityType=undefined mAlwaysOnTop=undefined mRotation=ROTATION_0} as.3 s.34 fontWeightAdjustment=0}
03-16 00:28:59.578  1469  1469 W Keyboard: Keyboard.getKeyboardViewHelper():574 null helper is returned: keyboardDef=kuo{processedConditions={}, globalConditions={global_theme_key=theme_border_stylesheet_noshadow_gsans_pillkey_silkpopup_hover_light_phone_bottom4dp_navredesign, global_locale=en_US, global_density_dpi=420, global_orientation=1}, className=.latin.keyboard.AccessoryKeyboard, resourceIds=[#0x7f170046], initialStates=0, keyboardViewDefs=[kvb{direction=null, id=#0x7f0b014d, isScalable=false, layoutId=#0x7f0e0027, type=FLOATING_CANDIDATES, touchable=true, defaultShow=false}], persistentStates=0, persistentStatesPrefKey=null, popupBubbleLayoutId=#0x7f0e068d, recentKeyLayoutId=0, recentKeyPopupLayoutId=0, recentKeyType=null, rememberRecentKey=NONE, sessionStates=0}, type=BODY, helpersCreated=[null, null, kib@7ea52af, null], context.getResources().getConfiguration(): {1.0 310mcc260mnc [en_US] ldltr sw411dp w411dp h914dp 420dpi nrml long port finger qwerty/v/v dpad/v winConfig={ mBounds=Rect(0, 0 - 1080, 2400) mAppBounds=Rect(0, 0 - 1080, 2400) mMaxBounds=Rect(0, 0 - 1080, 2400) mDisplayRotation=ROTATION_0 mWindowingMode=fullscreen mActivityType=undefined mAlwaysOnTop=undefined mRotation=ROTATION_0} as.3 s.34 fontWeightAdjustment=0}
03-16 00:28:59.578  1469  1469 I GoogleInputMethodService: GoogleInputMethodService.startInputIfInputViewStarted():3724 startInputIfInputViewStarted(): ACCESSORY
03-16 00:28:59.578  1469  1469 I KeyboardModeManager: KeyboardModeManager.setInputViewKeyboardViewHolderProvider():625 setInputView() : supportsOneHandedMode=true supportsSplitMode=true
03-16 00:28:59.578  1469  1469 I NormalModeController: NormalModeController.getKeyboardBodyViewHolderPaddingBottom():104 currentPrimeKeyboardType:SOFT systemPaddingBottom:-1
03-16 00:28:59.578  1469  1469 I KeyboardHeightUtil: KeyboardHeightUtil.calculateMaxKeyboardBodyHeight():45 leave 281 height for app when ime window height:2201, header height:116 and isFullscreenMode:false, so the max keyboard body height is:1804
03-16 00:28:59.579  1469  1469 I KeyboardHeightUtil: KeyboardHeightUtil.calculateMaxKeyboardBodyHeight():45 leave 281 height for app when ime window height:2201, header height:116 and isFullscreenMode:false, so the max keyboard body height is:1804
03-16 00:28:59.579  1469  1469 I KeyboardHeightUtil: KeyboardHeightUtil.calculateMaxKeyboardBodyHeight():45 leave 281 height for app when ime window height:2201, header height:116 and isFullscreenMode:false, so the max keyboard body height is:1804
03-16 00:28:59.579  1469  1469 I KeyboardHeightUtil: KeyboardHeightUtil.calculateMaxKeyboardBodyHeight():45 leave 281 height for app when ime window height:2201, header height:116 and isFullscreenMode:false, so the max keyboard body height is:1804
03-16 00:28:59.579  1469  1469 I NormalModeController: NormalModeController.getKeyboardBodyViewHolderPaddingBottom():104 currentPrimeKeyboardType:SOFT systemPaddingBottom:-1
03-16 00:28:59.579  1469  1469 I KeyboardHeightUtil: KeyboardHeightUtil.calculateMaxKeyboardBodyHeight():45 leave 281 height for app when ime window height:2201, header height:116 and isFullscreenMode:false, so the max keyboard body height is:1804
03-16 00:28:59.579  1469  1469 I KeyboardHeightUtil: KeyboardHeightUtil.calculateMaxKeyboardBodyHeight():45 leave 281 height for app when ime window height:2201, header height:116 and isFullscreenMode:false, so the max keyboard body height is:1804
03-16 00:28:59.579  1469  1469 I KeyboardModeManager: KeyboardModeManager.setInputViewKeyboardViewHolderProvider():613 setInputView() : supportsOneHandedMode=true, supportSplitMode=true
03-16 00:28:59.586  1469  1469 I AccessoryInputModeManager: AccessoryInputModeManager.onModeStarted():308 Accessory input mode started: STYLUS
03-16 00:28:59.587  1469  1469 I WidgetViewShowingController: WidgetViewShowingController.showWidgetKeyboardInternal():466 Show companion widget
03-16 00:28:59.594  1469  1469 I CrowdsourceExtension: CrowdsourceExtension.checkIfDefaultBrowserIsAllowed():110 Failed to get default browser. The default browser may be deactived.
03-16 00:28:59.598  1469  1469 W AndroidIME: KeyboardViewUtil.getKeyboardView():35 Null keyboardView is found for keyboardViewType: HEADER
03-16 00:28:59.598  1469  1469 W AutoPasteSuggestionHelper: AutoPasteSuggestionHelper.setMaxWidthOfChipTextView():1056 Failed to get the width of the proactive suggestion view holder in HEADER.
03-16 00:28:59.598  1469  1469 W AndroidIME: KeyboardViewUtil.getKeyboardView():35 Null keyboardView is found for keyboardViewType: HEADER
03-16 00:28:59.598  1469  1469 W AutoPasteSuggestionHelper: AutoPasteSuggestionHelper.setMaxWidthOfChipTextView():1056 Failed to get the width of the proactive suggestion view holder in HEADER.
03-16 00:28:59.600  1469  1469 W AutoPasteSuggestionHelper: AutoPasteSuggestionHelper.setMaxWidthOfChipTextView():1056 Failed to get the width of the proactive suggestion view holder in WIDGET.
03-16 00:28:59.600  1469  1469 I VoiceImeExtension: VoiceImeExtension.shouldStartVoiceInputAutomaticallyInCurrentInputBox():415 No private IME option set to start voice input.
03-16 00:28:59.604  1469  1469 I WindowMetricsNotification: WindowMetricsNotification.notifyWithWindow():113
03-16 00:28:59.604  1469  1469 I WindowMetricsNotification: WindowMetricsNotification.notify():106 WindowMetricsNotification{bounds=Rect(0, 136 - 1080, 2400), insets=Rect(0, 0 - 0, 63), densityDpi=420, smallestScreenWidthDp=411, displayWidth=1080, displayHeight=2400, xdpi=420.0, ydpi=420.0}; DisplayMetrics{density=2.625, width=1080, height=2400, scaledDensity=2.625, xdpi=420.0, ydpi=420.0}
03-16 00:28:59.613  1469  1469 I GoogleInputMethodService: GoogleInputMethodService$1.onKeyboardViewShown():494 onKeyboardViewShown: keyboardType=accessory, keyboardViewType=HEADER keyboardView=null
03-16 00:28:59.613  1469  1469 I GoogleInputMethodService: GoogleInputMethodService$1.onKeyboardViewShown():494 onKeyboardViewShown: keyboardType=accessory, keyboardViewType=BODY keyboardView=null
03-16 00:28:59.613  1469  1469 I WindowMetricsNotification: WindowMetricsNotification.notifyWithWindow():113
03-16 00:28:59.613  1469  1469 I WindowMetricsNotification: WindowMetricsNotification.notify():106 WindowMetricsNotification{bounds=Rect(0, 136 - 1080, 2400), insets=Rect(0, 0 - 0, 63), densityDpi=420, smallestScreenWidthDp=411, displayWidth=1080, displayHeight=2400, xdpi=420.0, ydpi=420.0}; DisplayMetrics{density=2.625, width=1080, height=2400, scaledDensity=2.625, xdpi=420.0, ydpi=420.0}
03-16 00:28:59.614  9040  9040 D InsetsController: show(ime(), fromIme=true)
03-16 00:28:59.667  9040  9040 W WindowOnBackDispatcher: sendCancelIfRunning: isInProgress=false callback=android.view.ViewRootImpl$$ExternalSyntheticLambda11@ee793bf
03-16 00:28:59.668  9040  9063 D HWUI    : endAllActiveAnimators on 0xb40000720255d520 (DropDownListView) with handle 0xb4000070d258a9c0
03-16 00:28:59.671   577  2454 W InputManager-JNI: Input channel object '8af878c PopupWindow:cdb0860 (client)' was disposed without first being removed with the input manager!
03-16 00:28:59.801  9040  9040 D UiControllerImpl: Injecting string: "Product description"
03-16 00:28:59.803  1469  1469 I StylusModule: StylusModule.onUpdateToolType():770 Update tool type = 0
03-16 00:28:59.818  9040  9040 I ImeTracker: com.example.group8_bartertrader:a2d9d6f4: onShown
03-16 00:28:59.836  1469  1469 I StylusModule: StylusModule.onUpdateToolType():770 Update tool type = 0
03-16 00:28:59.838  1469  2973 I AndroidSpellCheckerService: AndroidSpellCheckerService.createSession():139 com.google.android.keyboard.client.delight5.LanguageIdentifier@f8f87e2 is created
03-16 00:28:59.869  1469  1469 I StylusModule: StylusModule.onUpdateToolType():770 Update tool type = 0
03-16 00:28:59.887  1469  1469 I StylusModule: StylusModule.onUpdateToolType():770 Update tool type = 0
03-16 00:28:59.905  1469  1469 I StylusModule: StylusModule.onUpdateToolType():770 Update tool type = 0
03-16 00:28:59.919  1469  1469 I StylusModule: StylusModule.onUpdateToolType():770 Update tool type = 0
03-16 00:28:59.937  1469  1469 I StylusModule: StylusModule.onUpdateToolType():770 Update tool type = 0
03-16 00:28:59.956  1469  1469 I StylusModule: StylusModule.onUpdateToolType():770 Update tool type = 0
03-16 00:28:59.973  1469  1469 I StylusModule: StylusModule.onUpdateToolType():770 Update tool type = 0
03-16 00:28:59.988  1469  1469 I StylusModule: StylusModule.onUpdateToolType():770 Update tool type = 0
03-16 00:29:00.005  1502  1818 I AiAiEcho: Predicting[0]:  [CONTEXT sampling_count=5 ]
03-16 00:29:00.005  1502  1818 I AiAiEcho: EchoTargets:
03-16 00:29:00.005  1502  1818 I AiAiEcho: Filtered by AiAi flag check:
03-16 00:29:00.005  1502  1818 I AiAiEcho: [CONTEXT ratelimit_period="10 SECONDS" ]
03-16 00:29:00.005  1502  1818 I AiAiEcho: Ranked targets strategy: SORT, count: 0, ranking metadata:  [CONTEXT ratelimit_period="10 SECONDS" ]
03-16 00:29:00.005  1502  1818 I AiAiEcho: #remoteViewsTwiddler: feature disabled.
03-16 00:29:00.006  1502  1818 I AiAiEcho: Predicting[0]:  [CONTEXT sampling_count=5 ]
03-16 00:29:00.006  1502  1818 I AiAiEcho: EchoTargets:
03-16 00:29:00.006  1502  1818 I AiAiEcho: Filtered by AiAi flag check:
03-16 00:29:00.006  1502  1818 I AiAiEcho: [CONTEXT ratelimit_period="10 SECONDS" ]
03-16 00:29:00.006  1502  1818 I AiAiEcho: Ranked targets strategy: SORT, count: 0, ranking metadata:  [CONTEXT ratelimit_period="10 SECONDS" ]
03-16 00:29:00.006  1502  1818 I AiAiEcho: #remoteViewsTwiddler: feature disabled.
03-16 00:29:00.006  1502  1818 I AiAiEcho: #postPredictionTargets: Sending updates to UISurface lockscreen with targets# 0 (types=[])
03-16 00:29:00.006  1502  1818 I AiAiEcho: #postPredictionTargets: Sending updates to UISurface home with targets# 0 (types=[])
03-16 00:29:00.007  1469  1469 I StylusModule: StylusModule.onUpdateToolType():770 Update tool type = 0
03-16 00:29:00.009  1137  1137 D SsBaseTemplateCard: No text view can be set up
03-16 00:29:00.009  1137  1137 D SsBaseTemplateCard: Passed-in item info is null
03-16 00:29:00.009  1137  1137 D SsBaseTemplateCard: Passed-in item info is null
03-16 00:29:00.009  1137  1137 D SsBaseTemplateCard: Passed-in item info is null
03-16 00:29:00.009  1137  1137 I SsBaseTemplateCard: Secondary card pane is null
03-16 00:29:00.022  1469  1469 I StylusModule: StylusModule.onUpdateToolType():770 Update tool type = 0
03-16 00:29:00.024   836   836 W PageIndicator: Total number of pages invalid: 0. Assuming 1 page.
03-16 00:29:00.025   836  1001 D EGL_emulation: app_time_stats: avg=327.36ms min=7.42ms max=5672.87ms count=20
03-16 00:29:00.038  1469  1469 I StylusModule: StylusModule.onUpdateToolType():770 Update tool type = 0
03-16 00:29:00.054  1469  1469 I StylusModule: StylusModule.onUpdateToolType():770 Update tool type = 0
03-16 00:29:00.072  1469  1469 I StylusModule: StylusModule.onUpdateToolType():770 Update tool type = 0
03-16 00:29:00.088  1469  1469 I StylusModule: StylusModule.onUpdateToolType():770 Update tool type = 0
03-16 00:29:00.104  1469  1469 I StylusModule: StylusModule.onUpdateToolType():770 Update tool type = 0
03-16 00:29:00.123  1469  1469 I StylusModule: StylusModule.onUpdateToolType():770 Update tool type = 0
03-16 00:29:00.138  1469  1469 I StylusModule: StylusModule.onUpdateToolType():770 Update tool type = 0
03-16 00:29:00.154  1469  1469 I StylusModule: StylusModule.onUpdateToolType():770 Update tool type = 0
03-16 00:29:00.171  9040  9040 I ViewInteraction: Performing 'single click' action on view view.getId() is <2131296752/com.example.group8_bartertrader:id/submitProduct>
03-16 00:29:00.187  9040  9063 D EGL_emulation: app_time_stats: avg=18.49ms min=14.45ms max=50.22ms count=55
03-16 00:29:00.220   415   499 D audioserver: logFgsApiBegin: FGS Logger Transaction failed, -129
03-16 00:29:00.220   577  1580 W AS.PlaybackActivityMon: No piid assigned for invalid/internal port id 16
03-16 00:29:00.285  9040  9040 D Product Form: Product posted successfully
03-16 00:29:00.456   415   528 D audioserver: logFgsApiEnd: FGS Logger Transaction failed, -129
03-16 00:29:00.470  9040  9040 I ViewInteraction: Checking 'MatchesViewAssertion{viewMatcher=(view has effective visibility <VISIBLE> and view.getGlobalVisibleRect() to return non-empty rectangle)}' assertion on view an instance of android.widget.TextView and view.getText() with or without transformation to match: is "Product posted successfully"
03-16 00:29:00.474   577  1580 V GrammaticalInflectionUtils: AttributionSource: android.content.AttributionSource@a7c3e29a does not have READ_SYSTEM_GRAMMATICAL_GENDER permission.
03-16 00:29:00.481  9040  9040 D LifecycleMonitor: Lifecycle status change: com.example.group8_bartertrader.ProductForm@f97ce8f in: PAUSED
03-16 00:29:00.481  9040  9040 V ActivityScenario: Update currentActivityStage to PAUSED, currentActivity=com.example.group8_bartertrader.ProductForm@f97ce8f
03-16 00:29:00.482   429   429 I BpBinder: onLastStrongRef automatically unlinking death recipients:
03-16 00:29:00.482   577   621 V GrammaticalInflectionUtils: AttributionSource: android.content.AttributionSource@a7c3e29a does not have READ_SYSTEM_GRAMMATICAL_GENDER permission.
03-16 00:29:00.483  1137  1137 I TopTaskTracker: onTaskMovedToFront: (moved taskInfo to front) taskId=34, baseIntent=Intent { act=android.intent.action.MAIN cat=[android.intent.category.LAUNCHER] flg=0x10000000 cmp=com.example.group8_bartertrader.test/androidx.test.core.app.InstrumentationActivityInvoker$EmptyActivity }
03-16 00:29:00.497   364   364 D Zygote  : Forked child process 9126
03-16 00:29:00.502  9126  9126 I rtertrader.test: Late-enabling -Xcheck:jni
03-16 00:29:00.514  1046  8197 W NetworkScheduler: Error inserting flex_time=3000 job_id=-1 period=7000 source=16 requires_charging=0 preferred_network_type=1 target_class=com.google.android.gms.measurement.PackageMeasurementTaskService user_id=0 target_package=com.google.android.gms tag=Measurement.PackageMeasurementTaskService.UPLOAD_TASK_TAG task_type=0 required_idleness_state=0 service_kind=0 source_version=250832000 persistence_level=1 preferred_charging_state=1 required_network_type=0 runtime=1742095740512 retry_strategy={"maximum_backoff_seconds":{"3600":0},"initial_backoff_seconds":{"30":0},"retry_policy":{"0":0}} last_runtime=0 [CONTEXT service_id=218 ]
03-16 00:29:00.514  1046  8197 W NetworkScheduler: android.database.sqlite.SQLiteConstraintException: UNIQUE constraint failed: pending_ops.tag, pending_ops.target_class, pending_ops.target_package, pending_ops.user_id (code 2067 SQLITE_CONSTRAINT_UNIQUE)
03-16 00:29:00.514  1046  8197 W NetworkScheduler: 	at android.database.sqlite.SQLiteConnection.nativeExecuteForLastInsertedRowId(Native Method)
03-16 00:29:00.514  1046  8197 W NetworkScheduler: 	at android.database.sqlite.SQLiteConnection.executeForLastInsertedRowId(SQLiteConnection.java:974)
03-16 00:29:00.514  1046  8197 W NetworkScheduler: 	at android.database.sqlite.SQLiteSession.executeForLastInsertedRowId(SQLiteSession.java:814)
