03-16 00:29:00.514  1046  8197 W NetworkScheduler: 	at android.database.sqlite.SQLiteStatement.executeInsert(SQLiteStatement.java:89)
03-16 00:29:00.514  1046  8197 W NetworkScheduler: 	at android.database.sqlite.SQLiteDatabase.insertWithOnConflict(SQLiteDatabase.java:1981)
03-16 00:29:00.514  1046  8197 W NetworkScheduler: 	at android.database.sqlite.SQLiteDatabase.insertOrThrow(SQLiteDatabase.java:1875)
03-16 00:29:00.514  1046  8197 W NetworkScheduler: 	at dreu.d(:com.google.android.gms@250832035@25.08.32 (260400-731361394):727)
03-16 00:29:00.514  1046  8197 W NetworkScheduler: 	at drcl.n(:com.google.android.gms@250832035@25.08.32 (260400-731361394):29)
03-16 00:29:00.514  1046  8197 W NetworkScheduler: 	at drcl.u(:com.google.android.gms@250832035@25.08.32 (260400-731361394):364)
03-16 00:29:00.514  1046  8197 W NetworkScheduler: 	at drcl.h(:com.google.android.gms@250832035@25.08.32 (260400-731361394):51)
03-16 00:29:00.514  1046  8197 W NetworkScheduler: 	at dqxa.run(:com.google.android.gms@250832035@25.08.32 (260400-731361394):72)
03-16 00:29:00.514  1046  8197 W NetworkScheduler: 	at atim.c(:com.google.android.gms@250832035@25.08.32 (260400-731361394):50)
03-16 00:29:00.514  1046  8197 W NetworkScheduler: 	at atim.run(:com.google.android.gms@250832035@25.08.32 (260400-731361394):76)
03-16 00:29:00.514  1046  8197 W NetworkScheduler: 	at java.util.concurrent.ThreadPoolExecutor.runWorker(ThreadPoolExecutor.java:1145)
03-16 00:29:00.514  1046  8197 W NetworkScheduler: 	at java.util.concurrent.ThreadPoolExecutor$Worker.run(ThreadPoolExecutor.java:644)
03-16 00:29:00.514  1046  8197 W NetworkScheduler: 	at atnz.run(:com.google.android.gms@250832035@25.08.32 (260400-731361394):8)
03-16 00:29:00.514  1046  8197 W NetworkScheduler: 	at java.lang.Thread.run(Thread.java:1012)
03-16 00:29:00.516   387   527 I RanchuHwc: logCompositionFallbackIfChanged: layer 199 CompositionType fallback from 3 to 1
03-16 00:29:00.527  9126  9126 I rtertrader.test: Using CollectorTypeCMC GC.
03-16 00:29:00.529   435   458 I adbd    : jdwp connection from 9126
03-16 00:29:00.538  9126  9126 D nativeloader: Load libframework-connectivity-tiramisu-jni.so using APEX ns com_android_tethering for caller /apex/com.android.tethering/javalib/framework-connectivity-t.jar: ok
03-16 00:29:00.562  9126  9126 D ApplicationLoaders: Returning zygote-cached class loader: /system/framework/android.test.base.jar
03-16 00:29:00.565  9126  9126 D nativeloader: Configuring clns-7 for other apk /system/framework/android.test.mock.jar. target_sdk_version=35, uses_libraries=ALL, library_path=/data/app/~~-JsPGPxnR2FxD2vJaWxSOw==/com.example.group8_bartertrader.test-3fgArmbgWVf7Lodoi0UoUQ==/lib/arm64, permitted_path=/data:/mnt/expand:/data/user/0/com.example.group8_bartertrader.test
03-16 00:29:00.565  9126  9126 D ApplicationLoaders: Returning zygote-cached class loader: /system/framework/android.test.base.jar
03-16 00:29:00.568  9126  9126 D nativeloader: Configuring clns-8 for other apk /system/framework/android.test.runner.jar. target_sdk_version=35, uses_libraries=ALL, library_path=/data/app/~~-JsPGPxnR2FxD2vJaWxSOw==/com.example.group8_bartertrader.test-3fgArmbgWVf7Lodoi0UoUQ==/lib/arm64, permitted_path=/data:/mnt/expand:/data/user/0/com.example.group8_bartertrader.test
03-16 00:29:00.568  9126  9126 W ziparchive: Unable to open '/data/app/~~-JsPGPxnR2FxD2vJaWxSOw==/com.example.group8_bartertrader.test-3fgArmbgWVf7Lodoi0UoUQ==/base.dm': No such file or directory
03-16 00:29:00.568  9126  9126 W ziparchive: Unable to open '/data/app/~~-JsPGPxnR2FxD2vJaWxSOw==/com.example.group8_bartertrader.test-3fgArmbgWVf7Lodoi0UoUQ==/base.dm': No such file or directory
03-16 00:29:00.596  9126  9126 D nativeloader: Configuring clns-9 for other apk /data/app/~~-JsPGPxnR2FxD2vJaWxSOw==/com.example.group8_bartertrader.test-3fgArmbgWVf7Lodoi0UoUQ==/base.apk. target_sdk_version=35, uses_libraries=, library_path=/data/app/~~-JsPGPxnR2FxD2vJaWxSOw==/com.example.group8_bartertrader.test-3fgArmbgWVf7Lodoi0UoUQ==/lib/arm64, permitted_path=/data:/mnt/expand:/data/user/0/com.example.group8_bartertrader.test
03-16 00:29:00.596  9126  9126 D CompatChangeReporter: Compat change id reported: 202956589; UID 10214; state: ENABLED
03-16 00:29:00.602  9126  9126 V GraphicsEnvironment: Currently set values for:
03-16 00:29:00.602  9126  9126 V GraphicsEnvironment:   angle_gl_driver_selection_pkgs=[]
03-16 00:29:00.602  9126  9126 V GraphicsEnvironment:   angle_gl_driver_selection_values=[]
03-16 00:29:00.602  9126  9126 V GraphicsEnvironment: Global.Settings values are invalid: number of packages: 0, number of values: 0
03-16 00:29:00.602  9126  9126 V GraphicsEnvironment: Neither updatable production driver nor prerelease driver is supported.
03-16 00:29:00.628  9126  9126 D CompatChangeReporter: Compat change id reported: 279646685; UID 10214; state: ENABLED
03-16 00:29:00.632  9126  9126 D CompatChangeReporter: Compat change id reported: 309578419; UID 10214; state: ENABLED
03-16 00:29:00.648  9126  9126 W HWUI    : Unknown dataspace 0
03-16 00:29:00.675   429   506 W ServiceManagerCppClient: Permission failure: android.permission.ACCESS_SURFACE_FLINGER from uid=10214 pid=0
03-16 00:29:00.675   429   506 D PermissionCache: checking android.permission.ACCESS_SURFACE_FLINGER for uid=10214 => denied (154 us)
03-16 00:29:00.675   429   506 W ServiceManagerCppClient: Permission failure: android.permission.ROTATE_SURFACE_FLINGER from uid=10214 pid=0
03-16 00:29:00.675   429   506 D PermissionCache: checking android.permission.ROTATE_SURFACE_FLINGER for uid=10214 => denied (33 us)
03-16 00:29:00.675   429   506 W ServiceManagerCppClient: Permission failure: android.permission.INTERNAL_SYSTEM_WINDOW from uid=10214 pid=0
03-16 00:29:00.675   429   506 D PermissionCache: checking android.permission.INTERNAL_SYSTEM_WINDOW for uid=10214 => denied (114 us)
03-16 00:29:00.675   429   649 W ServiceManagerCppClient: Permission failure: android.permission.INTERNAL_SYSTEM_WINDOW from uid=10214 pid=9126
03-16 00:29:00.675   429   649 D PermissionCache: checking android.permission.INTERNAL_SYSTEM_WINDOW for uid=10214 => denied (23 us)
03-16 00:29:00.675  9126  9139 I EGL_emulation: Opening libGLESv1_CM_emulation.so
03-16 00:29:00.676  9126  9139 I EGL_emulation: Opening libGLESv2_emulation.so
03-16 00:29:00.682  9126  9139 W HWUI    : Failed to choose config with EGL_SWAP_BEHAVIOR_PRESERVED, retrying without...
03-16 00:29:00.682  9126  9139 W HWUI    : Failed to initialize 101010-2 format, error = EGL_SUCCESS
03-16 00:29:00.692   162   162 I hwservicemanager: getTransport: Cannot find entry android.hardware.graphics.mapper@4.0::IMapper/default in either framework or device VINTF manifest.
03-16 00:29:00.692  9126  9139 I Gralloc4: mapper 4.x is not supported
03-16 00:29:00.707   577   889 W ServiceManagerCppClient: Permission failure: android.permission.ACCESS_SURFACE_FLINGER from uid=10214 pid=0
03-16 00:29:00.707   577   889 D PermissionCache: checking android.permission.ACCESS_SURFACE_FLINGER for uid=10214 => denied (123 us)
03-16 00:29:00.707   577   889 W ServiceManagerCppClient: Permission failure: android.permission.ROTATE_SURFACE_FLINGER from uid=10214 pid=0
03-16 00:29:00.707   577   889 D PermissionCache: checking android.permission.ROTATE_SURFACE_FLINGER for uid=10214 => denied (23 us)
03-16 00:29:00.708   577   889 W ServiceManagerCppClient: Permission failure: android.permission.INTERNAL_SYSTEM_WINDOW from uid=10214 pid=0
03-16 00:29:00.708   577   889 D PermissionCache: checking android.permission.INTERNAL_SYSTEM_WINDOW for uid=10214 => denied (24 us)
03-16 00:29:00.711   577   618 W ziparchive: Unable to open '/data/app/~~-JsPGPxnR2FxD2vJaWxSOw==/com.example.group8_bartertrader.test-3fgArmbgWVf7Lodoi0UoUQ==/base.dm': No such file or directory
03-16 00:29:00.712   577   618 I ActivityTaskManager: Displayed com.example.group8_bartertrader.test/androidx.test.core.app.InstrumentationActivityInvoker$EmptyActivity for user 0: +237ms
03-16 00:29:00.719  1137  1137 I TopTaskTracker: onTaskMovedToFront: (moved taskInfo to front) taskId=19, baseIntent=Intent { act=android.intent.action.MAIN cat=[android.intent.category.HOME] flg=0x10000100 cmp=com.google.android.apps.nexuslauncher/.NexusLauncherActivity }
03-16 00:29:00.725  1137  1137 D StatsLog: LAUNCHER_ONRESUME
03-16 00:29:00.731   577  1527 W AppSearchIcing: icing-search-engine.cc:321: Error: 5, Message: Document (com.google.android.googlequicksearchbox$OneSearchZeroStateGoogleSuggestions/default, zp) not found.
03-16 00:29:00.733  1137  1137 D NexusLauncherModelDelegate: notifySmartspaceEvent: SmartspaceTargetEvent{mSmartspaceTarget=null, mSmartspaceActionId='null', mEventType=6}
03-16 00:29:00.739  1137  1753 D OneSearchSuggestProvider: AppSearch 0-state cache not available, fallback to AGA
03-16 00:29:00.739  1137  1753 D OneSearchSuggestProvider: java.util.concurrent.CompletionException: java.util.NoSuchElementException: No value present
03-16 00:29:00.739  1137  1753 D OneSearchSuggestProvider: 	at java.util.concurrent.CompletableFuture.encodeThrowable(CompletableFuture.java:308)
03-16 00:29:00.739  1137  1753 D OneSearchSuggestProvider: 	at java.util.concurrent.CompletableFuture.completeThrowable(CompletableFuture.java:323)
03-16 00:29:00.739  1137  1753 D OneSearchSuggestProvider: 	at java.util.concurrent.CompletableFuture$UniAccept.tryFire(CompletableFuture.java:684)
03-16 00:29:00.739  1137  1753 D OneSearchSuggestProvider: 	at java.util.concurrent.CompletableFuture.postComplete(CompletableFuture.java:486)
03-16 00:29:00.739  1137  1753 D OneSearchSuggestProvider: 	at java.util.concurrent.CompletableFuture.completeExceptionally(CompletableFuture.java:2138)
03-16 00:29:00.739  1137  1753 D OneSearchSuggestProvider: 	at com.google.android.apps.nexuslauncher.allapps.E0.onResult(go/retraceme 2855a437b73635ce9cad76b9289087e631bbb67fc90008a0da13d343a00e5041:67)
03-16 00:29:00.739  1137  1753 D OneSearchSuggestProvider: 	at android.app.appsearch.SearchSessionUtil$1.lambda$onResult$0(go/retraceme 64eee9e9f568ff45978879ad2ff83146f2618ee8a88278736fbdf5fae931976e:144)
03-16 00:29:00.739  1137  1753 D OneSearchSuggestProvider: 	at android.app.appsearch.SearchSessionUtil$1.$r8$lambda$CEk3q8sDAQVhU3rQwVueB8FAj_M(go/retraceme 64eee9e9f568ff45978879ad2ff83146f2618ee8a88278736fbdf5fae931976e:1)
03-16 00:29:00.739  1137  1753 D OneSearchSuggestProvider: 	at android.app.appsearch.SearchSessionUtil$1$$ExternalSyntheticLambda0.run(go/retraceme 64eee9e9f568ff45978879ad2ff83146f2618ee8a88278736fbdf5fae931976e:22)
03-16 00:29:00.739  1137  1753 D OneSearchSuggestProvider: 	at android.os.Handler.handleCallback(Handler.java:959)
03-16 00:29:00.739  1137  1753 D OneSearchSuggestProvider: 	at android.os.Handler.dispatchMessage(Handler.java:100)
03-16 00:29:00.739  1137  1753 D OneSearchSuggestProvider: 	at android.os.Looper.loopOnce(Looper.java:232)
03-16 00:29:00.739  1137  1753 D OneSearchSuggestProvider: 	at android.os.Looper.loop(Looper.java:317)
03-16 00:29:00.739  1137  1753 D OneSearchSuggestProvider: 	at android.os.HandlerThread.run(HandlerThread.java:85)
03-16 00:29:00.739  1137  1753 D OneSearchSuggestProvider: Caused by: java.util.NoSuchElementException: No value present
03-16 00:29:00.739  1137  1753 D OneSearchSuggestProvider: 	at java.util.Optional.get(Optional.java:143)
03-16 00:29:00.739  1137  1753 D OneSearchSuggestProvider: 	at com.google.android.apps.nexuslauncher.allapps.E0.onResult(go/retraceme 2855a437b73635ce9cad76b9289087e631bbb67fc90008a0da13d343a00e5041:28)
03-16 00:29:00.739  1137  1753 D OneSearchSuggestProvider: 	... 8 more
03-16 00:29:00.744  1137  1176 D QuickstepModelDelegate: notifyAppTargetEvent action=1 launchLocation=workspace/0/[-1,-1]/[1,1]
03-16 00:29:00.745  1502  1818 I AiAiEcho: Predicting[0]:  [CONTEXT sampling_count=5 ]
03-16 00:29:00.745  1502  1818 I AiAiEcho: EchoTargets:
03-16 00:29:00.745  1502  1818 I AiAiEcho: Filtered by AiAi flag check:
03-16 00:29:00.745  1502  1818 I AiAiEcho: [CONTEXT ratelimit_period="10 SECONDS" ]
03-16 00:29:00.745  1502  1818 I AiAiEcho: Ranked targets strategy: SORT, count: 0, ranking metadata:  [CONTEXT ratelimit_period="10 SECONDS" ]
03-16 00:29:00.745  1502  1818 I AiAiEcho: #remoteViewsTwiddler: feature disabled.
03-16 00:29:00.746  1137  1753 D OneSearchSuggestProvider: Created the binder channel successfully for end point service =com.google.android.apps.search.googleapp.search.suggest.plugins.onesearch.server.OneSearchSuggestService , mChannel=i1{delegate=f{logId=49, target=directaddress:///AndroidComponentAddress%5BIntent%20%7B%20act=grpc.io.action.BIND%20cmp=com.google.android.googlequicksearchbox/com.google.android.apps.search.googleapp.search.suggest.plugins.onesearch.server.OneSearchSuggestService%20%7D%5D}} , mOneSearchConnection=l2.Z@8e9ef07
03-16 00:29:00.746  1502  1818 I AiAiEcho: #postPredictionTargets: Sending updates to UISurface home with targets# 0 (types=[])
03-16 00:29:00.747  1137  1137 D BaseDepthController: setSurface:
03-16 00:29:00.747  1137  1137 D BaseDepthController: 	mWaitingOnSurfaceValidity: false
03-16 00:29:00.747  1137  1137 D BaseDepthController: 	mSurface: Surface(name=com.google.android.apps.nexuslauncher/com.google.android.apps.nexuslauncher.NexusLauncherActivity)/@0xc9094d8
03-16 00:29:00.755  1633  1633 I A       : (REDACTED) Created gRPC endpoint for service %s
03-16 00:29:00.776  1137  1137 D SsBaseTemplateCard: No text view can be set up
03-16 00:29:00.776  1137  1137 D SsBaseTemplateCard: Passed-in item info is null
03-16 00:29:00.776  1137  1137 D SsBaseTemplateCard: Passed-in item info is null
03-16 00:29:00.776  1137  1137 D SsBaseTemplateCard: Passed-in item info is null
03-16 00:29:00.776  1137  1137 I SsBaseTemplateCard: Secondary card pane is null
03-16 00:29:00.793  9040  9040 D VRI[ProductForm]: visibilityChanged oldVisibility=true newVisibility=false
03-16 00:29:00.800  1137  1137 D StateManager: createAtomicAnimation - fromState: Background, toState: Normal, partial trace:
03-16 00:29:00.800  1137  1137 D StateManager: 	at com.android.quickstep.util.WorkspaceRevealAnim.prepareToAnimate(go/retraceme 2855a437b73635ce9cad76b9289087e631bbb67fc90008a0da13d343a00e5041:22)
03-16 00:29:00.800  1137  1137 D StateManager: 	at com.android.quickstep.util.WorkspaceRevealAnim.<init>(go/retraceme 2855a437b73635ce9cad76b9289087e631bbb67fc90008a0da13d343a00e5041:11)
03-16 00:29:00.800  1137  1137 D StateManager: 	at com.android.launcher3.QuickstepTransitionManager.createWallpaperOpenAnimations(go/retraceme 2855a437b73635ce9cad76b9289087e631bbb67fc90008a0da13d343a00e5041:735)
03-16 00:29:00.803   577   713 I ImeTracker: com.google.android.apps.nexuslauncher:ef2f83c: onRequestHide at ORIGIN_SERVER reason HIDE_UNSPECIFIED_WINDOW fromUser false
03-16 00:29:00.803  9040  9063 D HWUI    : endAllActiveAnimators on 0xb400007202546630 (RippleDrawable) with handle 0xb4000070d2592760
03-16 00:29:00.804  1469  1469 I GoogleInputMethodService: GoogleInputMethodService.onFinishInputView():2393
03-16 00:29:00.805  1469  1469 W TooltipLifecycleManager: TooltipLifecycleManager.dismissTooltips():152 Tooltip with id spell_check_add_to_dictionary not found in tooltipManager.
03-16 00:29:00.809  1469  1469 I InputBundle: InputBundle.consumeEvent():884 Skip consuming an event as keyboard status is 0
03-16 00:29:00.809  1469  1469 I VoiceInputHandler: VoiceInputHandler.onDeactivateIme():115 unregistering TalkbackStateListener
03-16 00:29:00.809  1469  1469 I VoiceInputManagerWrapper: VoiceInputManagerWrapper.shutdown():124 shutdown()
03-16 00:29:00.810  1469  1469 I AndroidIME: AbstractIme.onDeactivate():202 LatinIme.onDeactivate()
03-16 00:29:00.811  1469  1469 I GoogleInputMethodService: GoogleInputMethodService.onFinishInput():3157
03-16 00:29:00.813  1469  1469 I GoogleInputMethodService: GoogleInputMethodService.updateDeviceLockedStatus():2248 repeatCheckTimes = 0, locked = false
03-16 00:29:00.813  1469  1469 I GoogleInputMethodService: GoogleInputMethodService.onStartInput():1986 onStartInput(EditorInfo{EditorInfo{packageName=com.google.android.apps.nexuslauncher, inputType=0, inputTypeString=NULL, enableLearning=false, autoCorrection=false, autoComplete=false, imeOptions=0, privateImeOptions=null, actionName=UNSPECIFIED, actionLabel=null, initialSelStart=-1, initialSelEnd=-1, initialCapsMode=0, label=null, fieldId=0, fieldName=null, extras=null, hintText=null, hintLocales=[]}}, false)
03-16 00:29:00.814  9040  9040 D LifecycleMonitor: Lifecycle status change: com.example.group8_bartertrader.ProductForm@f97ce8f in: STOPPED
03-16 00:29:00.814  1469  1469 I GoogleInputMethodService: GoogleInputMethodService.updateDeviceLockedStatus():2248 repeatCheckTimes = 1, locked = false
03-16 00:29:00.814  1469  1469 I AndroidIME: InputBundleManager.loadActiveInputBundleId():450 loadActiveInputBundleId: und-Latn-x-password, password
03-16 00:29:00.814  9040  9040 V ActivityScenario: Update currentActivityStage to STOPPED, currentActivity=com.example.group8_bartertrader.ProductForm@f97ce8f
03-16 00:29:00.816   387   527 I RanchuHwc: logCompositionFallbackIfChanged: layer 203 CompositionType fallback from 2 to 1
03-16 00:29:00.816   387   527 I RanchuHwc: logCompositionFallbackIfChanged: layer 202 CompositionType fallback from 2 to 1
03-16 00:29:00.822  1469  2185 D EGL_emulation: app_time_stats: avg=32.69ms min=7.90ms max=620.53ms count=37
03-16 00:29:00.825  9040  9040 D LifecycleMonitor: Lifecycle status change: com.example.group8_bartertrader.ProductForm@f97ce8f in: DESTROYED
03-16 00:29:00.826  9040  9040 V ActivityScenario: Update currentActivityStage to DESTROYED, currentActivity=null
03-16 00:29:00.826  9040  9057 I TestRunner: finished: testSnackbarMessageForSuccess(com.example.group8_bartertrader.ProductFormEspressoTest)
