03-16 00:28:53.339  9040  9057 I TestRunner: started: testSnackbarMessageForSuccess(com.example.group8_bartertrader.ProductFormEspressoTest)
03-16 00:28:53.345  9040  9057 W Settings: Setting always_finish_activities has moved from android.provider.Settings.System to android.provider.Settings.Global, returning read-only value.
03-16 00:28:53.348  9040  9059 E p8_bartertrader: No package ID 76 found for resource ID 0x760b000f.
03-16 00:28:53.348  9040  9059 E p8_bartertrader: No package ID 76 found for resource ID 0x760b000f.
03-16 00:28:53.350  9040  9059 I FA      : App measurement initialized, version: 118001
03-16 00:28:53.350  9040  9059 I FA      : To enable debug logging run: adb shell setprop log.tag.FA VERBOSE
03-16 00:28:53.350  9040  9059 I FA      : To enable faster debug mode event logging run:
03-16 00:28:53.350  9040  9059 I FA      :   adb shell setprop debug.firebase.analytics.app com.example.group8_bartertrader
03-16 00:28:53.354   577  2123 V GrammaticalInflectionUtils: AttributionSource: android.content.AttributionSource@a60f09fb does not have READ_SYSTEM_GRAMMATICAL_GENDER permission.
03-16 00:28:53.362  1137  1137 W SplitSelectStateCtor: Missing session instanceIds
03-16 00:28:53.362  1137  1137 D StatsLog: LAUNCHER_SPLIT_SELECTION_EXIT_INTERRUPTED
03-16 00:28:53.366  3470  3470 E adservices.measurement: DeleteUninstalledJobService is disabled, skip scheduling
03-16 00:28:53.373  1137  1137 I TopTaskTracker: onTaskMovedToFront: (moved taskInfo to front) taskId=33, baseIntent=Intent { act=android.intent.action.MAIN cat=[android.intent.category.LAUNCHER] flg=0x10008000 cmp=com.example.group8_bartertrader/.ProductForm }
03-16 00:28:53.378  3470  3470 E adservices: Encryption key fetch job is disabled, skip scheduling.
03-16 00:28:53.382   429   429 I BpBinder: onLastStrongRef automatically unlinking death recipients:
03-16 00:28:53.385  3470  4170 W adservices: Skip logging because Cobalt logger is null
03-16 00:28:53.424  1137  1654 D EGL_emulation: app_time_stats: avg=39.87ms min=1.67ms max=840.42ms count=23
03-16 00:28:53.427  9040  9040 D AppCompatDelegate: Checking for metadata for AppLocalesMetadataHolderService : Service not found
03-16 00:28:53.435  9040  9040 D LifecycleMonitor: Lifecycle status change: com.example.group8_bartertrader.ProductForm@f97ce8f in: PRE_ON_CREATE
03-16 00:28:53.435  9040  9040 V ActivityScenario: Activity lifecycle changed event received but ignored because the reported transition was not ON_CREATE while the last known transition was PRE_ON_CREATE
03-16 00:28:53.461  9040  9040 D CompatChangeReporter: Compat change id reported: 309578419; UID 10213; state: ENABLED
03-16 00:28:53.465  9040  9069 D TrafficStats: tagSocket(119) with statsTag=0x8001, statsUid=-1
03-16 00:28:53.472  1137  1654 D EGL_emulation: app_time_stats: avg=706.15ms min=3.82ms max=13202.97ms count=19
03-16 00:28:53.477   836  1001 D EGL_emulation: app_time_stats: avg=1362.56ms min=12.79ms max=13441.20ms count=10
03-16 00:28:53.477  9040  9040 W p8_bartertrader: Accessing hidden method Landroid/view/ViewGroup;->makeOptionalFitsSystemWindows()V (unsupported, reflection, allowed)
03-16 00:28:53.496  1384  1384 D BoundBrokerSvc: onBind: Intent { act=com.google.android.gms.measurement.START pkg=com.google.android.gms }
03-16 00:28:53.496  1384  1384 D BoundBrokerSvc: Loading bound service for intent: Intent { act=com.google.android.gms.measurement.START pkg=com.google.android.gms }
03-16 00:28:53.496  9040  9040 D CompatChangeReporter: Compat change id reported: 63938206; UID 10213; state: ENABLED
03-16 00:28:53.506  9040  9059 I FA      : Tag Manager is not found and thus will not be used
03-16 00:28:53.527  9040  9040 D CompatChangeReporter: Compat change id reported: 303326708; UID 10213; state: ENABLED
03-16 00:28:53.600  9040  9040 D LifecycleMonitor: Lifecycle status change: com.example.group8_bartertrader.ProductForm@f97ce8f in: CREATED
03-16 00:28:53.600  9040  9040 V ActivityScenario: Update currentActivityStage to CREATED, currentActivity=com.example.group8_bartertrader.ProductForm@f97ce8f
03-16 00:28:53.605  9040  9040 D LifecycleMonitor: Lifecycle status change: com.example.group8_bartertrader.ProductForm@f97ce8f in: STARTED
03-16 00:28:53.605  9040  9040 V ActivityScenario: Update currentActivityStage to STARTED, currentActivity=com.example.group8_bartertrader.ProductForm@f97ce8f
03-16 00:28:53.626  9040  9040 D LifecycleMonitor: Lifecycle status change: com.example.group8_bartertrader.ProductForm@f97ce8f in: RESUMED
03-16 00:28:53.627  9040  9040 V ActivityScenario: Update currentActivityStage to RESUMED, currentActivity=com.example.group8_bartertrader.ProductForm@f97ce8f
03-16 00:28:53.632  9040  9040 W HWUI    : Unknown dataspace 0
03-16 00:28:53.648  9040  9079 D TrafficStats: tagSocket(128) with statsTag=0xffffffff, statsUid=-1
03-16 00:28:53.683   429  1293 W ServiceManagerCppClient: Permission failure: android.permission.ACCESS_SURFACE_FLINGER from uid=10213 pid=0
03-16 00:28:53.683   429   650 W ServiceManagerCppClient: Permission failure: android.permission.ACCESS_SURFACE_FLINGER from uid=10213 pid=9040
03-16 00:28:53.683   429   650 D PermissionCache: checking android.permission.ACCESS_SURFACE_FLINGER for uid=10213 => denied (56 us)
03-16 00:28:53.683   429  1293 D PermissionCache: checking android.permission.ACCESS_SURFACE_FLINGER for uid=10213 => denied (249 us)
03-16 00:28:53.684   429  1293 W ServiceManagerCppClient: Permission failure: android.permission.ROTATE_SURFACE_FLINGER from uid=10213 pid=0
03-16 00:28:53.684   429  1293 D PermissionCache: checking android.permission.ROTATE_SURFACE_FLINGER for uid=10213 => denied (371 us)
03-16 00:28:53.684   429   650 W ServiceManagerCppClient: Permission failure: android.permission.ROTATE_SURFACE_FLINGER from uid=10213 pid=9040
03-16 00:28:53.684   429   650 D PermissionCache: checking android.permission.ROTATE_SURFACE_FLINGER for uid=10213 => denied (687 us)
03-16 00:28:53.684   429   650 W ServiceManagerCppClient: Permission failure: android.permission.INTERNAL_SYSTEM_WINDOW from uid=10213 pid=9040
03-16 00:28:53.684   429   650 D PermissionCache: checking android.permission.INTERNAL_SYSTEM_WINDOW for uid=10213 => denied (130 us)
03-16 00:28:53.684   429  1293 W ServiceManagerCppClient: Permission failure: android.permission.INTERNAL_SYSTEM_WINDOW from uid=10213 pid=0
03-16 00:28:53.684   429  1293 D PermissionCache: checking android.permission.INTERNAL_SYSTEM_WINDOW for uid=10213 => denied (191 us)
03-16 00:28:53.685  9040  9063 I EGL_emulation: Opening libGLESv1_CM_emulation.so
03-16 00:28:53.686  9040  9063 I EGL_emulation: Opening libGLESv2_emulation.so
03-16 00:28:53.694  9040  9063 W HWUI    : Failed to choose config with EGL_SWAP_BEHAVIOR_PRESERVED, retrying without...
03-16 00:28:53.694  9040  9063 W HWUI    : Failed to initialize 101010-2 format, error = EGL_SUCCESS
03-16 00:28:53.704   162   162 I hwservicemanager: getTransport: Cannot find entry android.hardware.graphics.mapper@4.0::IMapper/default in either framework or device VINTF manifest.
03-16 00:28:53.704  9040  9063 I Gralloc4: mapper 4.x is not supported
03-16 00:28:53.719  1137  1137 D VRI[NexusLauncherActivity]: visibilityChanged oldVisibility=true newVisibility=false
03-16 00:28:53.732  1137  1137 D NexusLauncherModelDelegate: notifySmartspaceEvent: SmartspaceTargetEvent{mSmartspaceTarget=null, mSmartspaceActionId='null', mEventType=7}
03-16 00:28:53.743   577  1579 W ServiceManagerCppClient: Permission failure: android.permission.ACCESS_SURFACE_FLINGER from uid=10213 pid=0
03-16 00:28:53.743   577  1579 D PermissionCache: checking android.permission.ACCESS_SURFACE_FLINGER for uid=10213 => denied (73 us)
03-16 00:28:53.744   577  1579 W ServiceManagerCppClient: Permission failure: android.permission.ROTATE_SURFACE_FLINGER from uid=10213 pid=0
03-16 00:28:53.744   577  1579 D PermissionCache: checking android.permission.ROTATE_SURFACE_FLINGER for uid=10213 => denied (7 us)
03-16 00:28:53.744   577  1579 W ServiceManagerCppClient: Permission failure: android.permission.INTERNAL_SYSTEM_WINDOW from uid=10213 pid=0
03-16 00:28:53.744   577  1579 D PermissionCache: checking android.permission.INTERNAL_SYSTEM_WINDOW for uid=10213 => denied (5 us)
03-16 00:28:53.746   577   618 W ziparchive: Unable to open '/data/app/~~OzYfIoOFNohaa1_CNt9lcA==/com.example.group8_bartertrader-XQVggEACxavWGe9djq5Cdw==/base.dm': No such file or directory
03-16 00:28:53.748   577   618 I ActivityTaskManager: Displayed com.example.group8_bartertrader/.ProductForm for user 0: +393ms
03-16 00:28:53.763  1137  1137 D BaseDepthController: setSurface:
03-16 00:28:53.763  1137  1137 D BaseDepthController: 	mWaitingOnSurfaceValidity: false
03-16 00:28:53.763  1137  1137 D BaseDepthController: 	mSurface: null
03-16 00:28:53.764  1137  1137 D BaseDepthController: mSurface is null and mCurrentBlur is: 0
03-16 00:28:53.772  1137  1137 D StateManager: goToState - fromState: Normal, toState: Normal, partial trace:
03-16 00:28:53.772  1137  1137 D StateManager: 	at com.android.launcher3.statemanager.StateManager.moveToRestState(go/retraceme 2855a437b73635ce9cad76b9289087e631bbb67fc90008a0da13d343a00e5041:4)
03-16 00:28:53.772  1137  1137 D StateManager: 	at com.android.launcher3.statemanager.StateManager.moveToRestState(go/retraceme 2855a437b73635ce9cad76b9289087e631bbb67fc90008a0da13d343a00e5041:1)
03-16 00:28:53.772  1137  1137 D StateManager: 	at com.android.launcher3.statemanager.StatefulActivity.onStop(go/retraceme 2855a437b73635ce9cad76b9289087e631bbb67fc90008a0da13d343a00e5041:34)
03-16 00:28:53.776  1137  1137 D StatsLog: LAUNCHER_ONSTOP
03-16 00:28:53.777  1137  2510 D GmsPlayProvider: Shut down the binder channel
03-16 00:28:53.779  1137  1753 D OneSearchSuggestProvider: Shut down the binder channel
03-16 00:28:53.781  1137  1137 D StatsLog: LAUNCHER_GOOGLE_SEARCH_RESTORE_LIST_SIZE_AFTER_ACTIVITY_RESTART
03-16 00:28:53.782   577   713 I ImeTracker: com.example.group8_bartertrader:cfd1f1fb: onRequestHide at ORIGIN_SERVER reason HIDE_UNSPECIFIED_WINDOW fromUser false
03-16 00:28:53.786   577   713 I ImeTracker: com.example.group8_bartertrader:cfd1f1fb: onCancelled at PHASE_SERVER_SHOULD_HIDE
03-16 00:28:53.792  1137  1151 I IPCThreadState: oneway function results for code 2 on binder at 0xb4000070d2593360 will be dropped but finished with status UNKNOWN_TRANSACTION
03-16 00:28:53.796  1469  1469 I GoogleInputMethodService: GoogleInputMethodService.onFinishInput():3157
03-16 00:28:53.797  1384  8775 D AdvertisingIdClient: AdvertisingIdClient already created.
03-16 00:28:53.798  1469  1469 I GoogleInputMethodService: GoogleInputMethodService.updateDeviceLockedStatus():2248 repeatCheckTimes = 0, locked = false
03-16 00:28:53.798  1469  1469 I GoogleInputMethodService: GoogleInputMethodService.onStartInput():1986 onStartInput(EditorInfo{EditorInfo{packageName=com.example.group8_bartertrader, inputType=0, inputTypeString=NULL, enableLearning=false, autoCorrection=false, autoComplete=false, imeOptions=0, privateImeOptions=null, actionName=UNSPECIFIED, actionLabel=null, initialSelStart=-1, initialSelEnd=-1, initialCapsMode=0, label=null, fieldId=0, fieldName=null, extras=null, hintText=null, hintLocales=[]}}, false)
03-16 00:28:53.799  1469  1469 I GoogleInputMethodService: GoogleInputMethodService.updateDeviceLockedStatus():2248 repeatCheckTimes = 1, locked = false
03-16 00:28:53.800  1469  1469 I AndroidIME: InputBundleManager.loadActiveInputBundleId():450 loadActiveInputBundleId: und-Latn-x-password, password
03-16 00:28:53.802  1384  8775 I AdvertisingIdClient: shouldSendLog 2290475
03-16 00:28:53.802  1384  8775 I AdvertisingIdClient: GetInfoInternal elapse 6ms
03-16 00:28:53.811  9040  9057 W FileTestStorage: Output properties is not supported.
03-16 00:28:53.811  9040  9057 I Tracing : Tracer added: class androidx.test.platform.tracing.AndroidXTracer
03-16 00:28:53.823  9040  9057 D EventInjectionStrategy: Creating injection strategy with input manager.
03-16 00:28:53.824  9040  9057 W p8_bartertrader: Accessing hidden method Landroid/hardware/input/InputManager;->getInstance()Landroid/hardware/input/InputManager; (unsupported, reflection, allowed)
03-16 00:28:53.825  9040  9057 W p8_bartertrader: Accessing hidden method Landroid/hardware/input/InputManager;->injectInputEvent(Landroid/view/InputEvent;I)Z (unsupported, reflection, allowed)
03-16 00:28:53.825  9040  9057 W p8_bartertrader: Accessing hidden field Landroid/hardware/input/InputManager;->INJECT_INPUT_EVENT_MODE_WAIT_FOR_FINISH:I (unsupported, reflection, allowed)
03-16 00:28:53.826  1046  9024 W NetworkScheduler: Error inserting flex_time=0 job_id=-1 period=2000 source=16 requires_charging=0 preferred_network_type=1 target_class=com.google.android.gms.measurement.PackageMeasurementTaskService user_id=0 target_package=com.google.android.gms tag=Measurement.PackageMeasurementTaskService.UPLOAD_TASK_TAG task_type=0 required_idleness_state=0 service_kind=0 source_version=250832000 persistence_level=1 preferred_charging_state=1 required_network_type=0 runtime=1742095733820 retry_strategy={"maximum_backoff_seconds":{"3600":0},"initial_backoff_seconds":{"30":0},"retry_policy":{"0":0}} last_runtime=0 [CONTEXT service_id=218 ]
03-16 00:28:53.826  1046  9024 W NetworkScheduler: android.database.sqlite.SQLiteConstraintException: UNIQUE constraint failed: pending_ops.tag, pending_ops.target_class, pending_ops.target_package, pending_ops.user_id (code 2067 SQLITE_CONSTRAINT_UNIQUE)
03-16 00:28:53.826  1046  9024 W NetworkScheduler: 	at android.database.sqlite.SQLiteConnection.nativeExecuteForLastInsertedRowId(Native Method)
03-16 00:28:53.826  1046  9024 W NetworkScheduler: 	at android.database.sqlite.SQLiteConnection.executeForLastInsertedRowId(SQLiteConnection.java:974)
03-16 00:28:53.826  1046  9024 W NetworkScheduler: 	at android.database.sqlite.SQLiteSession.executeForLastInsertedRowId(SQLiteSession.java:814)
03-16 00:28:53.826  1046  9024 W NetworkScheduler: 	at android.database.sqlite.SQLiteStatement.executeInsert(SQLiteStatement.java:89)
03-16 00:28:53.826  1046  9024 W NetworkScheduler: 	at android.database.sqlite.SQLiteDatabase.insertWithOnConflict(SQLiteDatabase.java:1981)
03-16 00:28:53.826  1046  9024 W NetworkScheduler: 	at android.database.sqlite.SQLiteDatabase.insertOrThrow(SQLiteDatabase.java:1875)
03-16 00:28:53.826  1046  9024 W NetworkScheduler: 	at dreu.d(:com.google.android.gms@250832035@25.08.32 (260400-731361394):727)
03-16 00:28:53.826  1046  9024 W NetworkScheduler: 	at drcl.n(:com.google.android.gms@250832035@25.08.32 (260400-731361394):29)
03-16 00:28:53.826  1046  9024 W NetworkScheduler: 	at drcl.u(:com.google.android.gms@250832035@25.08.32 (260400-731361394):364)
03-16 00:28:53.826  1046  9024 W NetworkScheduler: 	at drcl.h(:com.google.android.gms@250832035@25.08.32 (260400-731361394):51)
03-16 00:28:53.826  1046  9024 W NetworkScheduler: 	at dqxa.run(:com.google.android.gms@250832035@25.08.32 (260400-731361394):72)
03-16 00:28:53.826  1046  9024 W NetworkScheduler: 	at atim.c(:com.google.android.gms@250832035@25.08.32 (260400-731361394):50)
03-16 00:28:53.826  1046  9024 W NetworkScheduler: 	at atim.run(:com.google.android.gms@250832035@25.08.32 (260400-731361394):97)
03-16 00:28:53.826  1046  9024 W NetworkScheduler: 	at java.util.concurrent.ThreadPoolExecutor.runWorker(ThreadPoolExecutor.java:1145)
03-16 00:28:53.826  1046  9024 W NetworkScheduler: 	at java.util.concurrent.ThreadPoolExecutor$Worker.run(ThreadPoolExecutor.java:644)
03-16 00:28:53.826  1046  9024 W NetworkScheduler: 	at atnz.run(:com.google.android.gms@250832035@25.08.32 (260400-731361394):8)
03-16 00:28:53.826  1046  9024 W NetworkScheduler: 	at java.lang.Thread.run(Thread.java:1012)
03-16 00:28:53.830  9040  9057 W p8_bartertrader: Accessing hidden method Landroid/view/ViewConfiguration;->getDoubleTapMinTime()I (unsupported, reflection, allowed)
03-16 00:28:53.832  9040  9040 W p8_bartertrader: Accessing hidden method Landroid/os/MessageQueue;->next()Landroid/os/Message; (unsupported, reflection, allowed)
03-16 00:28:53.832  9040  9040 W p8_bartertrader: Accessing hidden field Landroid/os/MessageQueue;->mMessages:Landroid/os/Message; (unsupported, reflection, allowed)
03-16 00:28:53.834  9040  9040 W p8_bartertrader: Accessing hidden method Landroid/os/Message;->recycleUnchecked()V (unsupported, reflection, allowed)
03-16 00:28:53.838  9040  9040 I ViewInteraction: Performing 'type text(Sample Product)' action on view view.getId() is <2131296668/com.example.group8_bartertrader:id/productName>
03-16 00:28:53.838  1046  8197 W NetworkScheduler: Error inserting flex_time=9000 job_id=-1 period=20000 source=16 requires_charging=0 preferred_network_type=1 target_class=com.google.android.gms.measurement.PackageMeasurementTaskService user_id=0 target_package=com.google.android.gms tag=Measurement.PackageMeasurementTaskService.UPLOAD_TASK_TAG task_type=0 required_idleness_state=0 service_kind=0 source_version=250832000 persistence_level=1 preferred_charging_state=1 required_network_type=0 runtime=1742095733837 retry_strategy={"maximum_backoff_seconds":{"3600":0},"initial_backoff_seconds":{"30":0},"retry_policy":{"0":0}} last_runtime=0 [CONTEXT service_id=218 ]
03-16 00:28:53.838  1046  8197 W NetworkScheduler: android.database.sqlite.SQLiteConstraintException: UNIQUE constraint failed: pending_ops.tag, pending_ops.target_class, pending_ops.target_package, pending_ops.user_id (code 2067 SQLITE_CONSTRAINT_UNIQUE)
03-16 00:28:53.838  1046  8197 W NetworkScheduler: 	at android.database.sqlite.SQLiteConnection.nativeExecuteForLastInsertedRowId(Native Method)
03-16 00:28:53.838  1046  8197 W NetworkScheduler: 	at android.database.sqlite.SQLiteConnection.executeForLastInsertedRowId(SQLiteConnection.java:974)
03-16 00:28:53.838  1046  8197 W NetworkScheduler: 	at android.database.sqlite.SQLiteSession.executeForLastInsertedRowId(SQLiteSession.java:814)
03-16 00:28:53.838  1046  8197 W NetworkScheduler: 	at android.database.sqlite.SQLiteStatement.executeInsert(SQLiteStatement.java:89)
03-16 00:28:53.838  1046  8197 W NetworkScheduler: 	at android.database.sqlite.SQLiteDatabase.insertWithOnConflict(SQLiteDatabase.java:1981)
03-16 00:28:53.838  1046  8197 W NetworkScheduler: 	at android.database.sqlite.SQLiteDatabase.insertOrThrow(SQLiteDatabase.java:1875)
03-16 00:28:53.838  1046  8197 W NetworkScheduler: 	at dreu.d(:com.google.android.gms@250832035@25.08.32 (260400-731361394):727)
03-16 00:28:53.838  1046  8197 W NetworkScheduler: 	at drcl.n(:com.google.android.gms@250832035@25.08.32 (260400-731361394):29)
03-16 00:28:53.838  1046  8197 W NetworkScheduler: 	at drcl.u(:com.google.android.gms@250832035@25.08.32 (260400-731361394):364)
03-16 00:28:53.838  1046  8197 W NetworkScheduler: 	at drcl.h(:com.google.android.gms@250832035@25.08.32 (260400-731361394):51)
03-16 00:28:53.838  1046  8197 W NetworkScheduler: 	at dqxa.run(:com.google.android.gms@250832035@25.08.32 (260400-731361394):72)
03-16 00:28:53.838  1046  8197 W NetworkScheduler: 	at atim.c(:com.google.android.gms@250832035@25.08.32 (260400-731361394):50)
03-16 00:28:53.838  1046  8197 W NetworkScheduler: 	at atim.run(:com.google.android.gms@250832035@25.08.32 (260400-731361394):76)
03-16 00:28:53.838  1046  8197 W NetworkScheduler: 	at java.util.concurrent.ThreadPoolExecutor.runWorker(ThreadPoolExecutor.java:1145)
03-16 00:28:53.838  1046  8197 W NetworkScheduler: 	at java.util.concurrent.ThreadPoolExecutor$Worker.run(ThreadPoolExecutor.java:644)
03-16 00:28:53.838  1046  8197 W NetworkScheduler: 	at atnz.run(:com.google.android.gms@250832035@25.08.32 (260400-731361394):8)
03-16 00:28:53.838  1046  8197 W NetworkScheduler: 	at java.lang.Thread.run(Thread.java:1012)
03-16 00:28:53.843  1046  8197 W NetworkScheduler: Error inserting flex_time=9000 job_id=-1 period=20000 source=16 requires_charging=0 preferred_network_type=1 target_class=com.google.android.gms.measurement.PackageMeasurementTaskService user_id=0 target_package=com.google.android.gms tag=Measurement.PackageMeasurementTaskService.UPLOAD_TASK_TAG task_type=0 required_idleness_state=0 service_kind=0 source_version=250832000 persistence_level=1 preferred_charging_state=1 required_network_type=0 runtime=1742095733843 retry_strategy={"maximum_backoff_seconds":{"3600":0},"initial_backoff_seconds":{"30":0},"retry_policy":{"0":0}} last_runtime=0 [CONTEXT service_id=218 ]
03-16 00:28:53.843  1046  8197 W NetworkScheduler: android.database.sqlite.SQLiteConstraintException: UNIQUE constraint failed: pending_ops.tag, pending_ops.target_class, pending_ops.target_package, pending_ops.user_id (code 2067 SQLITE_CONSTRAINT_UNIQUE)
03-16 00:28:53.843  1046  8197 W NetworkScheduler: 	at android.database.sqlite.SQLiteConnection.nativeExecuteForLastInsertedRowId(Native Method)
03-16 00:28:53.843  1046  8197 W NetworkScheduler: 	at android.database.sqlite.SQLiteConnection.executeForLastInsertedRowId(SQLiteConnection.java:974)
03-16 00:28:53.843  1046  8197 W NetworkScheduler: 	at android.database.sqlite.SQLiteSession.executeForLastInsertedRowId(SQLiteSession.java:814)
03-16 00:28:53.843  1046  8197 W NetworkScheduler: 	at android.database.sqlite.SQLiteStatement.executeInsert(SQLiteStatement.java:89)
03-16 00:28:53.843  1046  8197 W NetworkScheduler: 	at android.database.sqlite.SQLiteDatabase.insertWithOnConflict(SQLiteDatabase.java:1981)
03-16 00:28:53.843  1046  8197 W NetworkScheduler: 	at android.database.sqlite.SQLiteDatabase.insertOrThrow(SQLiteDatabase.java:1875)
03-16 00:28:53.843  1046  8197 W NetworkScheduler: 	at dreu.d(:com.google.android.gms@250832035@25.08.32 (260400-731361394):727)
03-16 00:28:53.843  1046  8197 W NetworkScheduler: 	at drcl.n(:com.google.android.gms@250832035@25.08.32 (260400-731361394):29)
03-16 00:28:53.843  1046  8197 W NetworkScheduler: 	at drcl.u(:com.google.android.gms@250832035@25.08.32 (260400-731361394):364)
03-16 00:28:53.843  1046  8197 W NetworkScheduler: 	at drcl.h(:com.google.android.gms@250832035@25.08.32 (260400-731361394):51)
03-16 00:28:53.843  1046  8197 W NetworkScheduler: 	at dqxa.run(:com.google.android.gms@250832035@25.08.32 (260400-731361394):72)
03-16 00:28:53.843  1046  8197 W NetworkScheduler: 	at atim.c(:com.google.android.gms@250832035@25.08.32 (260400-731361394):50)
03-16 00:28:53.843  1046  8197 W NetworkScheduler: 	at atim.run(:com.google.android.gms@250832035@25.08.32 (260400-731361394):76)
03-16 00:28:53.843  1046  8197 W NetworkScheduler: 	at java.util.concurrent.ThreadPoolExecutor.runWorker(ThreadPoolExecutor.java:1145)
03-16 00:28:53.843  1046  8197 W NetworkScheduler: 	at java.util.concurrent.ThreadPoolExecutor$Worker.run(ThreadPoolExecutor.java:644)
03-16 00:28:53.843  1046  8197 W NetworkScheduler: 	at atnz.run(:com.google.android.gms@250832035@25.08.32 (260400-731361394):8)
03-16 00:28:53.843  1046  8197 W NetworkScheduler: 	at java.lang.Thread.run(Thread.java:1012)
03-16 00:28:53.859  1730  4989 I Finsky  : [175] arcf.L(185): Package com.google.android.gms is verified.
03-16 00:28:53.861  1384  8775 W FA-SVC  : Service response is missing Install Referrer install timestamp
03-16 00:28:53.863  1730  1730 I Finsky  : [2] zhu.onTrimMemory(11): Memory trim requested to level 40
03-16 00:28:53.863  1730  1730 I Finsky  : [2] adua.accept(139): Flushing in-memory image cache
03-16 00:28:53.895  1469  1469 I GoogleInputMethodService: GoogleInputMethodService.onFinishInput():3157
03-16 00:28:53.895  9040  9040 I ImeTracker: com.example.group8_bartertrader:a7938e89: onRequestShow at ORIGIN_CLIENT reason SHOW_SOFT_INPUT fromUser true
03-16 00:28:53.896  1469  1469 I GoogleInputMethodService: GoogleInputMethodService.updateDeviceLockedStatus():2248 repeatCheckTimes = 0, locked = false
03-16 00:28:53.896  9040  9040 D InputMethodManager: showSoftInput() view=androidx.appcompat.widget.AppCompatEditText{e4700dc VFED..CL. .F.P..ID 42,210-1038,328 #7f09019c app:id/productName aid=1073741824} flags=0 reason=SHOW_SOFT_INPUT
03-16 00:28:53.900  1469  1469 I DeviceIntelligenceExtension: DeviceIntelligenceExtension.getInlineSuggestionsRequest():304 Inline suggestions disabled in stylus mode or vertical PK/Voice toolbar
03-16 00:28:53.900  1469  1469 I GoogleInputMethodService: GoogleInputMethodService.onStartInput():1986 onStartInput(EditorInfo{EditorInfo{packageName=com.example.group8_bartertrader, inputType=20001, inputTypeString=Normal, enableLearning=true, autoCorrection=true, autoComplete=true, imeOptions=48000005, privateImeOptions=null, actionName=NEXT, actionLabel=null, initialSelStart=0, initialSelEnd=0, initialCapsMode=0, label=null, fieldId=2131296668, fieldName=null, extras=Bundle[mParcelledData.dataSize=168], hintText=non-empty, hintLocales=[]}}, false)
03-16 00:28:53.901  1469  1469 I GoogleInputMethodService: GoogleInputMethodService.updateDeviceLockedStatus():2248 repeatCheckTimes = 1, locked = false
03-16 00:28:53.905  9040  9040 I AssistStructure: Flattened final assist data: 2808 bytes, containing 1 windows, 13 views
03-16 00:28:53.907  1469  1469 I AndroidIME: InputBundleManager.loadActiveInputBundleId():450 loadActiveInputBundleId: en-US, ime_english_united_states
03-16 00:28:53.907  9040  9044 I p8_bartertrader: Compiler allocated 4206KB to compile void android.widget.TextView.<init>(android.content.Context, android.util.AttributeSet, int, int)
03-16 00:28:53.908  1469  1469 I StylusModule: StylusModule.onUpdateToolType():770 Update tool type = 2
03-16 00:28:53.909  1469  1469 I GoogleInputMethodService: GoogleInputMethodService.onStartInputView():2098 onStartInputView(EditorInfo{EditorInfo{packageName=com.example.group8_bartertrader, inputType=20001, inputTypeString=Normal, enableLearning=true, autoCorrection=true, autoComplete=true, imeOptions=48000005, privateImeOptions=null, actionName=NEXT, actionLabel=null, initialSelStart=0, initialSelEnd=0, initialCapsMode=0, label=null, fieldId=2131296668, fieldName=null, extras=Bundle[{androidx.core.view.inputmethod.EditorInfoCompat.STYLUS_HANDWRITING_ENABLED=true}], hintText=non-empty, hintLocales=[]}}, false)
03-16 00:28:53.910  1469  1469 I GoogleInputMethodService: GoogleInputMethodService.updateDeviceLockedStatus():2248 repeatCheckTimes = 1, locked = false
03-16 00:28:53.914  1469  1469 I KeyboardHeightUtil: KeyboardHeightUtil.getOemKeyboardHeightRatio():206 systemKeyboardHeightRatio:1.000000.
03-16 00:28:53.915  1469  1469 I AndroidIME: AbstractIme.onActivate():89 LatinIme.onActivate() : EditorInfo = EditorInfo{packageName=com.example.group8_bartertrader, inputType=20001, inputTypeString=Normal, enableLearning=true, autoCorrection=true, autoComplete=true, imeOptions=48000005, privateImeOptions=null, actionName=NEXT, actionLabel=null, initialSelStart=0, initialSelEnd=0, initialCapsMode=0, label=null, fieldId=2131296668, fieldName=null, extras=Bundle[{androidx.core.view.inputmethod.EditorInfoCompat.STYLUS_HANDWRITING_ENABLED=true}], hintText=non-empty, hintLocales=[]}, IncognitoMode = false, DeviceLocked = false
03-16 00:28:53.924  1384  1384 D BoundBrokerSvc: onBind: Intent { act=com.google.android.mdd.service.START dat=chimera-action:/... cmp=com.google.android.gms/.chimera.GmsBoundBrokerService }
03-16 00:28:53.924  1384  1384 D BoundBrokerSvc: Loading bound service for intent: Intent { act=com.google.android.mdd.service.START dat=chimera-action:/... cmp=com.google.android.gms/.chimera.GmsBoundBrokerService }
03-16 00:28:53.926  1469  1469 I Delight5Facilitator: Delight5Facilitator.initializeForIme():747 initializeForIme() : Locale = [en_US], layout = qwerty
03-16 00:28:53.941  1469  1469 I VoiceInputHandler: VoiceInputHandler.onActivateIme():99 registering TalkbackStateListener
03-16 00:28:53.942  1469  1469 I VoiceInputManagerWrapper: VoiceInputManagerWrapper.cancelShutdown():102 cancelShutdown()
03-16 00:28:53.942  1469  1469 I VoiceInputManagerWrapper: VoiceInputManagerWrapper.syncLanguagePacks():114 syncLanguagePacks()
03-16 00:28:53.945  1469  1469 I LatinIme: LatinIme.updateEnableInlineSuggestionsOnDecoderSideFlags():1174 inline flag updated to:false
03-16 00:28:53.946  1015  1015 V InlineSuggestionRenderService: handleDestroySuggestionViews called for 0:2101764443
03-16 00:28:53.946  1469  4863 I SpeechFactory: SpeechRecognitionFactory.maybeScheduleAutoPackDownloadForFallback():200 maybeScheduleAutoPackDownloadForFallback()
03-16 00:28:53.946  1469  4863 I FallbackOnDeviceRecognitionProvider: FallbackOnDeviceRecognitionProvider.maybeScheduleAutoPackDownload():197 maybeScheduleAutoPackDownload() for language tag en-US
03-16 00:28:53.968  1469  1469 I InputBundle: InputBundle.consumeEvent():884 Skip consuming an event as keyboard status is 0
03-16 00:28:53.968  1469  1469 I KeyboardWrapper: KeyboardWrapper.activateKeyboard():575 activateKeyboard(): type=accessory, status=0, imeDef=ktt{stringId=ime_english_united_states, language=en-US, languageTag=en-US, processedConditions={enable_number_row=false, device=phone}, className=com.google.android.apps.inputmethod.libs.latin5.LatinIme, label=0, keyEventInterpreter=null, inlineComposing=true, autoCapital=true, announceAutoSelectedCandidate=true, statusIcon=0, primeKeyboardType=SOFT, indicatorIcon=0, indicatorLabel=US, displayAppCompletions=true, extraValues=ktl{}, processors=kvl@46f731, unacceptableMetaKeys=4098, languageSpecificSettings=0, asciiCapable=true, alwaysShowSuggestions=false, useAsciiPasswordKeyboard=false, secondaryIme=null, keyboardGroupDef=kut@ff2ed5f, phenotypeFlagId=0, localizationLanguageTag=null, supportsInlineSuggestion=true, supportsAccessPoints=true}
03-16 00:28:53.969  1469  1469 I KeyboardManager: KeyboardManager.requestKeyboard():234 Creating keyboard accessory, imeId=ime_english_united_states, cacheKey=theme_border_stylesheet_noshadow_gsans_pillkey_silkpopup_hover_light_phone_bottom4dp_navredesign
03-16 00:28:53.970  1469  1469 I KeyboardWrapper: KeyboardWrapper.onKeyboardReady():239 onKeyboardReady(): type=accessory(accessory), kb=com.google.android.libraries.inputmethod.keyboard.impl.Keyboard@4cc547
03-16 00:28:53.970  1469  1469 I KeyboardWrapper: KeyboardWrapper.doActivateKeyboard():606 doActivateKeyboard(): accessory
03-16 00:28:53.970  1469  1469 W Keyboard: Keyboard.getKeyboardViewHelper():574 null helper is returned: keyboardDef=kuo{processedConditions={}, globalConditions={}, className=com.google.android.libraries.inputmethod.keyboard.impl.Keyboard, resourceIds=[#0x7f170047], initialStates=0, keyboardViewDefs=[], persistentStates=0, persistentStatesPrefKey=null, popupBubbleLayoutId=0, recentKeyLayoutId=0, recentKeyPopupLayoutId=0, recentKeyType=null, rememberRecentKey=NONE, sessionStates=0}, type=HEADER, helpersCreated=[null, null, null, null], context.getResources().getConfiguration(): {1.0 310mcc260mnc [en_US] ldltr sw411dp w411dp h914dp 420dpi nrml long port finger qwerty/v/v dpad/v winConfig={ mBounds=Rect(0, 0 - 1080, 2400) mAppBounds=Rect(0, 0 - 1080, 2400) mMaxBounds=Rect(0, 0 - 1080, 2400) mDisplayRotation=ROTATION_0 mWindowingMode=fullscreen mActivityType=undefined mAlwaysOnTop=undefined mRotation=ROTATION_0} as.3 s.34 fontWeightAdjustment=0}
03-16 00:28:53.970  1469  1469 W Keyboard: Keyboard.getKeyboardViewHelper():574 null helper is returned: keyboardDef=kuo{processedConditions={}, globalConditions={}, className=com.google.android.libraries.inputmethod.keyboard.impl.Keyboard, resourceIds=[#0x7f170047], initialStates=0, keyboardViewDefs=[], persistentStates=0, persistentStatesPrefKey=null, popupBubbleLayoutId=0, recentKeyLayoutId=0, recentKeyPopupLayoutId=0, recentKeyType=null, rememberRecentKey=NONE, sessionStates=0}, type=BODY, helpersCreated=[null, null, null, null], context.getResources().getConfiguration(): {1.0 310mcc260mnc [en_US] ldltr sw411dp w411dp h914dp 420dpi nrml long port finger qwerty/v/v dpad/v winConfig={ mBounds=Rect(0, 0 - 1080, 2400) mAppBounds=Rect(0, 0 - 1080, 2400) mMaxBounds=Rect(0, 0 - 1080, 2400) mDisplayRotation=ROTATION_0 mWindowingMode=fullscreen mActivityType=undefined mAlwaysOnTop=undefined mRotation=ROTATION_0} as.3 s.34 fontWeightAdjustment=0}
03-16 00:28:53.970  1469  1469 W Keyboard: Keyboard.getKeyboardViewHelper():574 null helper is returned: keyboardDef=kuo{processedConditions={}, globalConditions={}, className=com.google.android.libraries.inputmethod.keyboard.impl.Keyboard, resourceIds=[#0x7f170047], initialStates=0, keyboardViewDefs=[], persistentStates=0, persistentStatesPrefKey=null, popupBubbleLayoutId=0, recentKeyLayoutId=0, recentKeyPopupLayoutId=0, recentKeyType=null, rememberRecentKey=NONE, sessionStates=0}, type=HEADER, helpersCreated=[null, null, null, null], context.getResources().getConfiguration(): {1.0 310mcc260mnc [en_US] ldltr sw411dp w411dp h914dp 420dpi nrml long port finger qwerty/v/v dpad/v winConfig={ mBounds=Rect(0, 0 - 1080, 2400) mAppBounds=Rect(0, 0 - 1080, 2400) mMaxBounds=Rect(0, 0 - 1080, 2400) mDisplayRotation=ROTATION_0 mWindowingMode=fullscreen mActivityType=undefined mAlwaysOnTop=undefined mRotation=ROTATION_0} as.3 s.34 fontWeightAdjustment=0}
03-16 00:28:53.970  1469  1469 W Keyboard: Keyboard.getKeyboardViewHelper():574 null helper is returned: keyboardDef=kuo{processedConditions={}, globalConditions={}, className=com.google.android.libraries.inputmethod.keyboard.impl.Keyboard, resourceIds=[#0x7f170047], initialStates=0, keyboardViewDefs=[], persistentStates=0, persistentStatesPrefKey=null, popupBubbleLayoutId=0, recentKeyLayoutId=0, recentKeyPopupLayoutId=0, recentKeyType=null, rememberRecentKey=NONE, sessionStates=0}, type=BODY, helpersCreated=[null, null, null, null], context.getResources().getConfiguration(): {1.0 310mcc260mnc [en_US] ldltr sw411dp w411dp h914dp 420dpi nrml long port finger qwerty/v/v dpad/v winConfig={ mBounds=Rect(0, 0 - 1080, 2400) mAppBounds=Rect(0, 0 - 1080, 2400) mMaxBounds=Rect(0, 0 - 1080, 2400) mDisplayRotation=ROTATION_0 mWindowingMode=fullscreen mActivityType=undefined mAlwaysOnTop=undefined mRotation=ROTATION_0} as.3 s.34 fontWeightAdjustment=0}
03-16 00:28:53.970  1469  1469 W Keyboard: Keyboard.getKeyboardViewHelper():574 null helper is returned: keyboardDef=kuo{processedConditions={}, globalConditions={}, className=com.google.android.libraries.inputmethod.keyboard.impl.Keyboard, resourceIds=[#0x7f170047], initialStates=0, keyboardViewDefs=[], persistentStates=0, persistentStatesPrefKey=null, popupBubbleLayoutId=0, recentKeyLayoutId=0, recentKeyPopupLayoutId=0, recentKeyType=null, rememberRecentKey=NONE, sessionStates=0}, type=FLOATING_CANDIDATES, helpersCreated=[null, null, null, null], context.getResources().getConfiguration(): {1.0 310mcc260mnc [en_US] ldltr sw411dp w411dp h914dp 420dpi nrml long port finger qwerty/v/v dpad/v winConfig={ mBounds=Rect(0, 0 - 1080, 2400) mAppBounds=Rect(0, 0 - 1080, 2400) mMaxBounds=Rect(0, 0 - 1080, 2400) mDisplayRotation=ROTATION_0 mWindowingMode=fullscreen mActivityType=undefined mAlwaysOnTop=undefined mRotation=ROTATION_0} as.3 s.34 fontWeightAdjustment=0}
03-16 00:28:53.970  1469  1469 W Keyboard: Keyboard.getKeyboardViewHelper():574 null helper is returned: keyboardDef=kuo{processedConditions={}, globalConditions={}, className=com.google.android.libraries.inputmethod.keyboard.impl.Keyboard, resourceIds=[#0x7f170047], initialStates=0, keyboardViewDefs=[], persistentStates=0, persistentStatesPrefKey=null, popupBubbleLayoutId=0, recentKeyLayoutId=0, recentKeyPopupLayoutId=0, recentKeyType=null, rememberRecentKey=NONE, sessionStates=0}, type=WIDGET, helpersCreated=[null, null, null, null], context.getResources().getConfiguration(): {1.0 310mcc260mnc [en_US] ldltr sw411dp w411dp h914dp 420dpi nrml long port finger qwerty/v/v dpad/v winConfig={ mBounds=Rect(0, 0 - 1080, 2400) mAppBounds=Rect(0, 0 - 1080, 2400) mMaxBounds=Rect(0, 0 - 1080, 2400) mDisplayRotation=ROTATION_0 mWindowingMode=fullscreen mActivityType=undefined mAlwaysOnTop=undefined mRotation=ROTATION_0} as.3 s.34 fontWeightAdjustment=0}
03-16 00:28:53.971  1469  1469 I KeyboardManager: KeyboardManager.requestKeyboard():234 Creating keyboard accessory_candidates_consumer, imeId=ime_english_united_states, cacheKey=theme_border_stylesheet_noshadow_gsans_pillkey_silkpopup_hover_light_phone_bottom4dp_navredesign
03-16 00:28:53.971  1469  1469 W Keyboard: Keyboard.getKeyboardViewHelper():574 null helper is returned: keyboardDef=kuo{processedConditions={}, globalConditions={global_theme_key=theme_border_stylesheet_noshadow_gsans_pillkey_silkpopup_hover_light_phone_bottom4dp_navredesign, global_locale=en_US, global_density_dpi=420, global_orientation=1}, className=.latin.keyboard.AccessoryKeyboard, resourceIds=[#0x7f170046], initialStates=0, keyboardViewDefs=[kvb{direction=null, id=#0x7f0b014d, isScalable=false, layoutId=#0x7f0e0027, type=FLOATING_CANDIDATES, touchable=true, defaultShow=false}], persistentStates=0, persistentStatesPrefKey=null, popupBubbleLayoutId=#0x7f0e068d, recentKeyLayoutId=0, recentKeyPopupLayoutId=0, recentKeyType=null, rememberRecentKey=NONE, sessionStates=0}, type=HEADER, helpersCreated=[null, null, kib@7ea52af, null], context.getResources().getConfiguration(): {1.0 310mcc260mnc [en_US] ldltr sw411dp w411dp h914dp 420dpi nrml long port finger qwerty/v/v dpad/v winConfig={ mBounds=Rect(0, 0 - 1080, 2400) mAppBounds=Rect(0, 0 - 1080, 2400) mMaxBounds=Rect(0, 0 - 1080, 2400) mDisplayRotation=ROTATION_0 mWindowingMode=fullscreen mActivityType=undefined mAlwaysOnTop=undefined mRotation=ROTATION_0} as.3 s.34 fontWeightAdjustment=0}
03-16 00:28:53.971  1469  1469 W Keyboard: Keyboard.getKeyboardViewHelper():574 null helper is returned: keyboardDef=kuo{processedConditions={}, globalConditions={global_theme_key=theme_border_stylesheet_noshadow_gsans_pillkey_silkpopup_hover_light_phone_bottom4dp_navredesign, global_locale=en_US, global_density_dpi=420, global_orientation=1}, className=.latin.keyboard.AccessoryKeyboard, resourceIds=[#0x7f170046], initialStates=0, keyboardViewDefs=[kvb{direction=null, id=#0x7f0b014d, isScalable=false, layoutId=#0x7f0e0027, type=FLOATING_CANDIDATES, touchable=true, defaultShow=false}], persistentStates=0, persistentStatesPrefKey=null, popupBubbleLayoutId=#0x7f0e068d, recentKeyLayoutId=0, recentKeyPopupLayoutId=0, recentKeyType=null, rememberRecentKey=NONE, sessionStates=0}, type=BODY, helpersCreated=[null, null, kib@7ea52af, null], context.getResources().getConfiguration(): {1.0 310mcc260mnc [en_US] ldltr sw411dp w411dp h914dp 420dpi nrml long port finger qwerty/v/v dpad/v winConfig={ mBounds=Rect(0, 0 - 1080, 2400) mAppBounds=Rect(0, 0 - 1080, 2400) mMaxBounds=Rect(0, 0 - 1080, 2400) mDisplayRotation=ROTATION_0 mWindowingMode=fullscreen mActivityType=undefined mAlwaysOnTop=undefined mRotation=ROTATION_0} as.3 s.34 fontWeightAdjustment=0}
03-16 00:28:53.972  1469  1469 I GoogleInputMethodService: GoogleInputMethodService.startInputIfInputViewStarted():3724 startInputIfInputViewStarted(): ACCESSORY
03-16 00:28:53.972  1469  1469 I KeyboardModeManager: KeyboardModeManager.setInputViewKeyboardViewHolderProvider():625 setInputView() : supportsOneHandedMode=true supportsSplitMode=true
03-16 00:28:53.973  1469  1469 I NormalModeController: NormalModeController.getKeyboardBodyViewHolderPaddingBottom():104 currentPrimeKeyboardType:SOFT systemPaddingBottom:-1
03-16 00:28:53.973  1469  1469 I KeyboardHeightUtil: KeyboardHeightUtil.calculateMaxKeyboardBodyHeight():45 leave 281 height for app when ime window height:2201, header height:116 and isFullscreenMode:false, so the max keyboard body height is:1804
03-16 00:28:53.973  1469  1469 I KeyboardHeightUtil: KeyboardHeightUtil.calculateMaxKeyboardBodyHeight():45 leave 281 height for app when ime window height:2201, header height:116 and isFullscreenMode:false, so the max keyboard body height is:1804
03-16 00:28:53.973  1469  1469 I KeyboardHeightUtil: KeyboardHeightUtil.calculateMaxKeyboardBodyHeight():45 leave 281 height for app when ime window height:2201, header height:116 and isFullscreenMode:false, so the max keyboard body height is:1804
03-16 00:28:53.973  1469  1469 I KeyboardHeightUtil: KeyboardHeightUtil.calculateMaxKeyboardBodyHeight():45 leave 281 height for app when ime window height:2201, header height:116 and isFullscreenMode:false, so the max keyboard body height is:1804
03-16 00:28:53.973  1469  1469 I NormalModeController: NormalModeController.getKeyboardBodyViewHolderPaddingBottom():104 currentPrimeKeyboardType:SOFT systemPaddingBottom:-1
03-16 00:28:53.973  1469  1469 I KeyboardHeightUtil: KeyboardHeightUtil.calculateMaxKeyboardBodyHeight():45 leave 281 height for app when ime window height:2201, header height:116 and isFullscreenMode:false, so the max keyboard body height is:1804
03-16 00:28:53.973  1469  1469 I KeyboardHeightUtil: KeyboardHeightUtil.calculateMaxKeyboardBodyHeight():45 leave 281 height for app when ime window height:2201, header height:116 and isFullscreenMode:false, so the max keyboard body height is:1804
03-16 00:28:53.973  1469  1469 I KeyboardModeManager: KeyboardModeManager.setInputViewKeyboardViewHolderProvider():613 setInputView() : supportsOneHandedMode=true, supportSplitMode=true
03-16 00:28:53.976  1469  1469 I AccessoryInputModeManager: AccessoryInputModeManager.onModeStarted():308 Accessory input mode started: STYLUS
03-16 00:28:53.976  1469  1469 I WidgetViewShowingController: WidgetViewShowingController.showWidgetKeyboardInternal():466 Show companion widget
03-16 00:28:53.994  1469  1469 I CrowdsourceExtension: CrowdsourceExtension.checkIfDefaultBrowserIsAllowed():110 Failed to get default browser. The default browser may be deactived.
03-16 00:28:53.995  1469  1469 I VoiceImeExtension: VoiceImeExtension.shouldStartVoiceInputAutomaticallyInCurrentInputBox():415 No private IME option set to start voice input.
03-16 00:28:54.004  1384  1384 D BoundBrokerSvc: onBind: Intent { act=com.google.firebase.dynamiclinks.service.START pkg=com.google.android.gms }
03-16 00:28:54.004  1384  1384 D BoundBrokerSvc: Loading bound service for intent: Intent { act=com.google.firebase.dynamiclinks.service.START pkg=com.google.android.gms }
03-16 00:28:54.004  1469  1469 I WindowMetricsNotification: WindowMetricsNotification.notifyWithWindow():113
03-16 00:28:54.004  1469  1469 I WindowMetricsNotification: WindowMetricsNotification.notify():106 WindowMetricsNotification{bounds=Rect(0, 136 - 1080, 2400), insets=Rect(0, 0 - 0, 63), densityDpi=420, smallestScreenWidthDp=411, displayWidth=1080, displayHeight=2400, xdpi=420.0, ydpi=420.0}; DisplayMetrics{density=2.625, width=1080, height=2400, scaledDensity=2.625, xdpi=420.0, ydpi=420.0}
03-16 00:28:54.018  1469  1469 I GoogleInputMethodService: GoogleInputMethodService$1.onKeyboardViewShown():494 onKeyboardViewShown: keyboardType=accessory, keyboardViewType=HEADER keyboardView=null
03-16 00:28:54.018  1469  1469 I GoogleInputMethodService: GoogleInputMethodService$1.onKeyboardViewShown():494 onKeyboardViewShown: keyboardType=accessory, keyboardViewType=BODY keyboardView=null
03-16 00:28:54.018  1469  1469 I WindowMetricsNotification: WindowMetricsNotification.notifyWithWindow():113
03-16 00:28:54.018  1469  1469 I WindowMetricsNotification: WindowMetricsNotification.notify():106 WindowMetricsNotification{bounds=Rect(0, 136 - 1080, 2400), insets=Rect(0, 0 - 0, 63), densityDpi=420, smallestScreenWidthDp=411, displayWidth=1080, displayHeight=2400, xdpi=420.0, ydpi=420.0}; DisplayMetrics{density=2.625, width=1080, height=2400, scaledDensity=2.625, xdpi=420.0, ydpi=420.0}
03-16 00:28:54.022  9040  9040 D InsetsController: show(ime(), fromIme=true)
03-16 00:28:54.024   836   947 W WindowOnBackDispatcher: sendCancelIfRunning: isInProgress=false callback=android.view.ViewRootImpl$$ExternalSyntheticLambda11@775f0a8
03-16 00:28:54.025   577  1579 W InputManager-JNI: Input channel object '383054b Splash Screen com.example.group8_bartertrader (client)' was disposed without first being removed with the input manager!
03-16 00:28:54.027  9040  9098 W InteractionJankMonitor: Initializing without READ_DEVICE_CONFIG permission. enabled=false, interval=1, missedFrameThreshold=3, frameTimeThreshold=64, package=com.example.group8_bartertrader
03-16 00:28:54.133  1046  2110 I FontLog : (REDACTED) Received query %s, URI %s
03-16 00:28:54.134  1046  2110 I FontLog : (REDACTED) Query [%s] resolved to %s
03-16 00:28:54.134  1046  2110 I FontLog : (REDACTED) Fetch %s end status %s
03-16 00:28:54.138  1046  2110 I FontLog : (REDACTED) Pulling font file for id = %d, cache size = %d
03-16 00:28:54.141  9040  9040 D UiControllerImpl: Injecting string: "Sample Product"
03-16 00:28:54.142  1046  2110 I FontLog : (REDACTED) Pulling font file for id = %d, cache size = %d
03-16 00:28:54.148  1469  1469 I StylusModule: StylusModule.onUpdateToolType():770 Update tool type = 0
03-16 00:28:54.171  1469  1469 I StylusModule: StylusModule.onUpdateToolType():770 Update tool type = 0
03-16 00:28:54.188  1469  1469 W AndroidSpellCheckerService: AndroidSpellCheckerService.initialize():73 initialize...
03-16 00:28:54.188  1469  1469 I ShortcutsDataManager: ShortcutsDataManager.onContentChanged():72 onContentChanged()
03-16 00:28:54.188  1469  1469 I ContactsDataManager: ContactsDataManager.onContentChanged():159 onContentChanged()
03-16 00:28:54.188  1469  1469 W AndroidSpellCheckerService: AndroidSpellCheckerService.initialize():83 initialize...done
03-16 00:28:54.190  1469  6492 I AndroidSpellCheckerService: AndroidSpellCheckerService.createSession():139 com.google.android.keyboard.client.delight5.LanguageIdentifier@8de5d57 is created
03-16 00:28:54.206  1469  1969 W native  : W0000 00:00:1742095734.206424    1969 user_feature_cache_jni.cc:138] Timeout happens, usually it indicates a task run too long, consider to run it asynchronously: GetSerializedDataTask
03-16 00:28:54.213  9040  9044 I p8_bartertrader: Compiler allocated 5250KB to compile void android.view.ViewRootImpl.performTraversals()
03-16 00:28:54.220  1469  1469 I StylusModule: StylusModule.onUpdateToolType():770 Update tool type = 0
03-16 00:28:54.238  9040  9040 I ImeTracker: com.example.group8_bartertrader:a7938e89: onShown
03-16 00:28:54.257  1469  1469 I StylusModule: StylusModule.onUpdateToolType():770 Update tool type = 0
03-16 00:28:54.259  1469  1969 I native  : I0000 00:00:1742095734.259326    1969 input-context-store.cc:262] Ignoring stale client request for FetchSuggestions
03-16 00:28:54.260  1469  1469 W InputContextProxy: InputContextProxy.applyClientDiffInternal():940 Ignore [FetchSuggestions] diff due to stale request: 348<350, inputStateId=321, lastInputStateId=321
03-16 00:28:54.275  1469  1469 I StylusModule: StylusModule.onUpdateToolType():770 Update tool type = 0
03-16 00:28:54.290  1469  1469 I StylusModule: StylusModule.onUpdateToolType():770 Update tool type = 0
03-16 00:28:54.307  1469  1469 I StylusModule: StylusModule.onUpdateToolType():770 Update tool type = 0
03-16 00:28:54.330  1469  1469 I StylusModule: StylusModule.onUpdateToolType():770 Update tool type = 0
03-16 00:28:54.358  1469  1469 I StylusModule: StylusModule.onUpdateToolType():770 Update tool type = 0
03-16 00:28:54.372  1469  1469 I StylusModule: StylusModule.onUpdateToolType():770 Update tool type = 0
03-16 00:28:54.424  1469  1469 I StylusModule: StylusModule.onUpdateToolType():770 Update tool type = 0
03-16 00:28:54.434  1469  1475 W putmethod.latin: Reducing the number of considered missed Gc histogram windows from 133 to 100
03-16 00:28:54.440  1469  1469 I StylusModule: StylusModule.onUpdateToolType():770 Update tool type = 0
03-16 00:28:54.448  1469  1477 W SP      : File ref is being finalized but wasn't closed, file: en_cpu_272adaa02e4841a0e8fe0d7f95b77421[5]
03-16 00:28:54.455  1469  1469 I StylusModule: StylusModule.onUpdateToolType():770 Update tool type = 0
03-16 00:28:54.474  1469  1469 I StylusModule: StylusModule.onUpdateToolType():770 Update tool type = 0
03-16 00:28:54.490  1469  1469 I StylusModule: StylusModule.onUpdateToolType():770 Update tool type = 0
03-16 00:28:54.507  1469  1469 I StylusModule: StylusModule.onUpdateToolType():770 Update tool type = 0
03-16 00:28:54.524  9040  9040 I ViewInteraction: Performing 'single click' action on view view.getId() is <2131296663/com.example.group8_bartertrader:id/productCategory>
03-16 00:28:54.771  9040  9063 D EGL_emulation: app_time_stats: avg=18.11ms min=1.88ms max=235.48ms count=45
03-16 00:28:54.841  9040  9040 I ViewInteraction: Performing 'single click' action on view an instance of android.widget.TextView and view.getText() with or without transformation to match: is "Electronics"
03-16 00:28:54.946  5684  5684 I artd    : Dex parent of /data/app/~~yk68ZKII535FfbCn9y6o-g==/com.google.android.gms-K1Fbh1EyvYL4qoSQnXBBMA==/base.apk is not writable: Permission denied
03-16 00:28:54.946  5684  5684 I artd    : GetBestInfo checking odex in dalvik-cache (/data/dalvik-cache/arm64/data@app@~~yk68ZKII535FfbCn9y6o-g==@com.google.android.gms-K1Fbh1EyvYL4qoSQnXBBMA==@base.apk@classes.dex)
03-16 00:28:54.946  5684  5684 I artd    : Loading /data/dalvik-cache/arm64/data@app@~~yk68ZKII535FfbCn9y6o-g==@com.google.android.gms-K1Fbh1EyvYL4qoSQnXBBMA==@base.apk@classes.dex with executable: 0
03-16 00:28:54.947  5684  5684 I artd    : OatFileAssistant test for existing oat file /data/dalvik-cache/arm64/data@app@~~yk68ZKII535FfbCn9y6o-g==@com.google.android.gms-K1Fbh1EyvYL4qoSQnXBBMA==@base.apk@classes.dex: File /data/dalvik-cache/arm64/data@app@~~yk68ZKII535FfbCn9y6o-g==@com.google.android.gms-K1Fbh1EyvYL4qoSQnXBBMA==@base.apk@classes.vdex does not exist.
03-16 00:28:54.947  5684  5684 I artd    : GetBestInfo checking odex next to the dex file (/data/app/~~yk68ZKII535FfbCn9y6o-g==/com.google.android.gms-K1Fbh1EyvYL4qoSQnXBBMA==/oat/arm64/base.odex)
03-16 00:28:54.947  5684  5684 I artd    : Loading /data/app/~~yk68ZKII535FfbCn9y6o-g==/com.google.android.gms-K1Fbh1EyvYL4qoSQnXBBMA==/oat/arm64/base.odex with executable: 0
