03-16 16:32:19.062 20938 20957 I TestRunner: started: testOfferExchangeButton(com.example.group8_bartertrader.DetailsActivityEspressoTest)
03-16 16:32:19.066   577  1930 V GrammaticalInflectionUtils: AttributionSource: android.content.AttributionSource@bfa7bb4c does not have READ_SYSTEM_GRAMMATICAL_GENDER permission.
03-16 16:32:19.071 20938 20957 D UiDevice: Waiting 5000ms for SearchCondition[hasObject=BySelector [PKG='\Qcom.example.group8_bartertrader\E']].
03-16 16:32:19.071 20938 20957 D UiDevice: Searching for node with selector: BySelector [PKG='\Qcom.example.group8_bartertrader\E'].
03-16 16:32:19.072  1137  1137 W SplitSelectStateCtor: Missing session instanceIds
03-16 16:32:19.072  1137  1137 D StatsLog: LAUNCHER_SPLIT_SELECTION_EXIT_INTERRUPTED
03-16 16:32:19.076  1137  1137 I TopTaskTracker: onTaskMovedToFront: (moved taskInfo to front) taskId=44, baseIntent=Intent { act=android.intent.action.MAIN cat=[android.intent.category.LAUNCHER] flg=0x10008000 pkg=com.example.group8_bartertrader cmp=com.example.group8_bartertrader/.RegistrationActivity }
03-16 16:32:19.079 20938 20938 D LifecycleMonitor: Lifecycle status change: com.example.group8_bartertrader.RegistrationActivity@63b9292 in: PRE_ON_CREATE
03-16 16:32:19.079 20938 20938 V ActivityScenario: Activity lifecycle changed event received but ignored because the intent does not match. startActivityIntent=Intent { flg=0x10008000 cmp=com.example.group8_bartertrader/.DetailsActivity (has extras) }, activity.getIntent()=Intent { act=android.intent.action.MAIN cat=[android.intent.category.LAUNCHER] flg=0x10008000 pkg=com.example.group8_bartertrader cmp=com.example.group8_bartertrader/.RegistrationActivity }, activity=com.example.group8_bartertrader.RegistrationActivity@63b9292
03-16 16:32:19.096 20938 20938 D LifecycleMonitor: Lifecycle status change: com.example.group8_bartertrader.RegistrationActivity@63b9292 in: CREATED
03-16 16:32:19.096 20938 20938 V ActivityScenario: Activity lifecycle changed event received but ignored because the intent does not match. startActivityIntent=Intent { flg=0x10008000 cmp=com.example.group8_bartertrader/.DetailsActivity (has extras) }, activity.getIntent()=Intent { act=android.intent.action.MAIN cat=[android.intent.category.LAUNCHER] flg=0x10008000 pkg=com.example.group8_bartertrader cmp=com.example.group8_bartertrader/.RegistrationActivity }, activity=com.example.group8_bartertrader.RegistrationActivity@63b9292
03-16 16:32:19.098 20938 20938 D LifecycleMonitor: Lifecycle status change: com.example.group8_bartertrader.RegistrationActivity@63b9292 in: STARTED
03-16 16:32:19.098 20938 20938 V ActivityScenario: Activity lifecycle changed event received but ignored because the intent does not match. startActivityIntent=Intent { flg=0x10008000 cmp=com.example.group8_bartertrader/.DetailsActivity (has extras) }, activity.getIntent()=Intent { act=android.intent.action.MAIN cat=[android.intent.category.LAUNCHER] flg=0x10008000 pkg=com.example.group8_bartertrader cmp=com.example.group8_bartertrader/.RegistrationActivity }, activity=com.example.group8_bartertrader.RegistrationActivity@63b9292
03-16 16:32:19.100   429   429 I BpBinder: onLastStrongRef automatically unlinking death recipients:
03-16 16:32:19.102 20938 20938 D LifecycleMonitor: Lifecycle status change: com.example.group8_bartertrader.RegistrationActivity@63b9292 in: RESUMED
03-16 16:32:19.102 20938 20938 V ActivityScenario: Activity lifecycle changed event received but ignored because the intent does not match. startActivityIntent=Intent { flg=0x10008000 cmp=com.example.group8_bartertrader/.DetailsActivity (has extras) }, activity.getIntent()=Intent { act=android.intent.action.MAIN cat=[android.intent.category.LAUNCHER] flg=0x10008000 pkg=com.example.group8_bartertrader cmp=com.example.group8_bartertrader/.RegistrationActivity }, activity=com.example.group8_bartertrader.RegistrationActivity@63b9292
03-16 16:32:19.122  1046 20716 W NetworkScheduler.ATC: Called cancelTask for already completed task com.google.android.gms/.measurement.PackageMeasurementTaskService{u=0 tag="Measurement.PackageMeasurementTaskService.UPLOAD_TASK_TAG" trigger=window{start=0s,end=1s,earliest=-42s,latest=-41s} requirements=[NET_CONNECTED,PREFERRED_NET_UNMETERED,PREFERRED_CHARGING] attributes=[PERSISTED] scheduled=-42s last_run=-42s exec_window_multiplier=1.0000 jid=N/A status=ACTIVE retries=0 client_lib=GMS_TASK_SCHEDULER-250832000} :1 [CONTEXT service_id=218 ]
03-16 16:32:19.139 20938 20938 I AssistStructure: Flattened final assist data: 2948 bytes, containing 1 windows, 13 views
03-16 16:32:19.141   577   618 W ziparchive: Unable to open '/data/app/~~R4jBfLp8dt1fcNCjclCR_w==/com.example.group8_bartertrader-lBYbx2qhM6EkFSnN3iL4iQ==/base.dm': No such file or directory
03-16 16:32:19.142   577   618 I ActivityTaskManager: Displayed com.example.group8_bartertrader/.RegistrationActivity for user 0: +73ms
03-16 16:32:19.173   577   713 I ImeTracker: com.example.group8_bartertrader:8d0cec39: onRequestHide at ORIGIN_SERVER reason HIDE_UNSPECIFIED_WINDOW fromUser false
03-16 16:32:19.173   577   713 I ImeTracker: com.example.group8_bartertrader:8d0cec39: onCancelled at PHASE_SERVER_SHOULD_HIDE
03-16 16:32:19.175  1469  1469 I GoogleInputMethodService: GoogleInputMethodService.onFinishInput():3157
03-16 16:32:19.176  1469  1469 I GoogleInputMethodService: GoogleInputMethodService.updateDeviceLockedStatus():2248 repeatCheckTimes = 0, locked = false
03-16 16:32:19.176  1469  1469 I DeviceIntelligenceExtension: DeviceIntelligenceExtension.getInlineSuggestionsRequest():304 Inline suggestions disabled in stylus mode or vertical PK/Voice toolbar
03-16 16:32:19.176  1469  1469 I GoogleInputMethodService: GoogleInputMethodService.onStartInput():1986 onStartInput(EditorInfo{EditorInfo{packageName=com.example.group8_bartertrader, inputType=0, inputTypeString=NULL, enableLearning=false, autoCorrection=false, autoComplete=false, imeOptions=0, privateImeOptions=null, actionName=UNSPECIFIED, actionLabel=null, initialSelStart=-1, initialSelEnd=-1, initialCapsMode=0, label=null, fieldId=0, fieldName=null, extras=null, hintText=null, hintLocales=[]}}, false)
03-16 16:32:19.176  1469  1469 I GoogleInputMethodService: GoogleInputMethodService.updateDeviceLockedStatus():2248 repeatCheckTimes = 1, locked = false
03-16 16:32:19.177  1469  1469 I AndroidIME: InputBundleManager.loadActiveInputBundleId():450 loadActiveInputBundleId: und-Latn-x-password, password
03-16 16:32:19.182  1015  1015 V InlineSuggestionRenderService: handleDestroySuggestionViews called for 0:1800075816
03-16 16:32:19.185  1046  1565 I IPCThreadState: oneway function results for code 1 on binder at 0xb4000070d25ac920 will be dropped but finished with status UNKNOWN_TRANSACTION and reply parcel size 80
03-16 16:32:19.401  1137  1137 D VRI[NexusLauncherActivity]: visibilityChanged oldVisibility=true newVisibility=false
03-16 16:32:19.416  1137  1137 D NexusLauncherModelDelegate: notifySmartspaceEvent: SmartspaceTargetEvent{mSmartspaceTarget=null, mSmartspaceActionId='null', mEventType=7}
03-16 16:32:19.423   836   947 W WindowOnBackDispatcher: sendCancelIfRunning: isInProgress=false callback=android.view.ViewRootImpl$$ExternalSyntheticLambda11@af56e1f
03-16 16:32:19.424  1137  1137 D BaseDepthController: setSurface:
03-16 16:32:19.424  1137  1137 D BaseDepthController: 	mWaitingOnSurfaceValidity: false
03-16 16:32:19.424  1137  1137 D BaseDepthController: 	mSurface: null
03-16 16:32:19.424  1137  1137 D BaseDepthController: mSurface is null and mCurrentBlur is: 0
03-16 16:32:19.424   577  2429 W InputManager-JNI: Input channel object '7f4b056 Splash Screen com.example.group8_bartertrader (client)' was disposed without first being removed with the input manager!
03-16 16:32:19.424  1137  1137 D StateManager: goToState - fromState: Normal, toState: Normal, partial trace:
03-16 16:32:19.424  1137  1137 D StateManager: 	at com.android.launcher3.statemanager.StateManager.moveToRestState(go/retraceme 2855a437b73635ce9cad76b9289087e631bbb67fc90008a0da13d343a00e5041:4)
03-16 16:32:19.424  1137  1137 D StateManager: 	at com.android.launcher3.statemanager.StateManager.moveToRestState(go/retraceme 2855a437b73635ce9cad76b9289087e631bbb67fc90008a0da13d343a00e5041:1)
03-16 16:32:19.424  1137  1137 D StateManager: 	at com.android.launcher3.statemanager.StatefulActivity.onStop(go/retraceme 2855a437b73635ce9cad76b9289087e631bbb67fc90008a0da13d343a00e5041:34)
03-16 16:32:19.424  1137  1137 D StatsLog: LAUNCHER_ONSTOP
03-16 16:32:19.425  1137  2510 D GmsPlayProvider: Shut down the binder channel
03-16 16:32:19.425  1137  1137 D StatsLog: LAUNCHER_GOOGLE_SEARCH_RESTORE_LIST_SIZE_AFTER_ACTIVITY_RESTART
03-16 16:32:19.425  1137  1753 D OneSearchSuggestProvider: Shut down the binder channel
03-16 16:32:19.425  1137  2560 I IPCThreadState: oneway function results for code 2 on binder at 0xb4000070d25b2080 will be dropped but finished with status UNKNOWN_TRANSACTION
03-16 16:32:19.452  1137  1654 D EGL_emulation: app_time_stats: avg=26.56ms min=9.75ms max=324.78ms count=37
03-16 16:32:19.956 20938 20957 W Settings: Setting always_finish_activities has moved from android.provider.Settings.System to android.provider.Settings.Global, returning read-only value.
03-16 16:32:19.960   577  2429 V GrammaticalInflectionUtils: AttributionSource: android.content.AttributionSource@bfa7bb4c does not have READ_SYSTEM_GRAMMATICAL_GENDER permission.
03-16 16:32:19.965 20938 20938 D LifecycleMonitor: Lifecycle status change: com.example.group8_bartertrader.RegistrationActivity@63b9292 in: PAUSED
03-16 16:32:19.966 20938 20938 V ActivityScenario: Activity lifecycle changed event received but ignored because the intent does not match. startActivityIntent=Intent { flg=0x10008000 cmp=com.example.group8_bartertrader/.DetailsActivity (has extras) }, activity.getIntent()=Intent { act=android.intent.action.MAIN cat=[android.intent.category.LAUNCHER] flg=0x10008000 pkg=com.example.group8_bartertrader cmp=com.example.group8_bartertrader/.RegistrationActivity }, activity=com.example.group8_bartertrader.RegistrationActivity@63b9292
03-16 16:32:19.966 20938 20938 V ActivityScenario: Activity lifecycle changed event received but ignored because the intent does not match. startActivityIntent=Intent { flg=0x10008000 cmp=com.example.group8_bartertrader/.DetailsActivity (has extras) }, activity.getIntent()=Intent { act=android.intent.action.MAIN cat=[android.intent.category.LAUNCHER] flg=0x10008000 pkg=com.example.group8_bartertrader cmp=com.example.group8_bartertrader/.RegistrationActivity }, activity=com.example.group8_bartertrader.RegistrationActivity@63b9292
03-16 16:32:19.966   429   429 I BpBinder: onLastStrongRef automatically unlinking death recipients:
03-16 16:32:19.974 20938 20938 D LifecycleMonitor: Lifecycle status change: com.example.group8_bartertrader.DetailsActivity@a207d57 in: PRE_ON_CREATE
03-16 16:32:19.974 20938 20938 V ActivityScenario: Activity lifecycle changed event received but ignored because the reported transition was not ON_CREATE while the last known transition was DESTROYED
03-16 16:32:19.974 20938 20938 V ActivityScenario: Activity lifecycle changed event received but ignored because the reported transition was not ON_CREATE while the last known transition was PRE_ON_CREATE
03-16 16:32:19.982 20938 20938 D LifecycleMonitor: Lifecycle status change: com.example.group8_bartertrader.DetailsActivity@a207d57 in: CREATED
03-16 16:32:19.982 20938 20938 V ActivityScenario: Update currentActivityStage to CREATED, currentActivity=com.example.group8_bartertrader.DetailsActivity@a207d57
03-16 16:32:19.982 20938 20938 V ActivityScenario: Update currentActivityStage to CREATED, currentActivity=com.example.group8_bartertrader.DetailsActivity@a207d57
03-16 16:32:19.983 20938 20938 D LifecycleMonitor: Lifecycle status change: com.example.group8_bartertrader.DetailsActivity@a207d57 in: STARTED
03-16 16:32:19.983 20938 20938 V ActivityScenario: Update currentActivityStage to STARTED, currentActivity=com.example.group8_bartertrader.DetailsActivity@a207d57
03-16 16:32:19.983 20938 20938 V ActivityScenario: Update currentActivityStage to STARTED, currentActivity=com.example.group8_bartertrader.DetailsActivity@a207d57
03-16 16:32:19.984 20938 20938 D LifecycleMonitor: Lifecycle status change: com.example.group8_bartertrader.DetailsActivity@a207d57 in: RESUMED
03-16 16:32:19.984 20938 20938 V ActivityScenario: Update currentActivityStage to RESUMED, currentActivity=com.example.group8_bartertrader.DetailsActivity@a207d57
03-16 16:32:19.984 20938 20938 V ActivityScenario: Update currentActivityStage to RESUMED, currentActivity=com.example.group8_bartertrader.DetailsActivity@a207d57
03-16 16:32:20.008  1046 20786 W NetworkScheduler.ATC: Called cancelTask for already completed task com.google.android.gms/.measurement.PackageMeasurementTaskService{u=0 tag="Measurement.PackageMeasurementTaskService.UPLOAD_TASK_TAG" trigger=window{start=0s,end=1s,earliest=-43s,latest=-42s} requirements=[NET_CONNECTED,PREFERRED_NET_UNMETERED,PREFERRED_CHARGING] attributes=[PERSISTED] scheduled=-43s last_run=-43s exec_window_multiplier=1.0000 jid=N/A status=ACTIVE retries=0 client_lib=GMS_TASK_SCHEDULER-250832000} :1 [CONTEXT service_id=218 ]
03-16 16:32:20.013   577   618 I ActivityTaskManager: Displayed com.example.group8_bartertrader/.DetailsActivity for user 0: +54ms
03-16 16:32:20.120   577   713 I ImeTracker: com.example.group8_bartertrader:1ec35b6f: onRequestHide at ORIGIN_SERVER reason HIDE_UNSPECIFIED_WINDOW fromUser false
03-16 16:32:20.120   577   713 I ImeTracker: com.example.group8_bartertrader:1ec35b6f: onCancelled at PHASE_SERVER_SHOULD_HIDE
03-16 16:32:20.121  1469  1469 I GoogleInputMethodService: GoogleInputMethodService.onFinishInput():3157
03-16 16:32:20.121  1469  1469 I GoogleInputMethodService: GoogleInputMethodService.updateDeviceLockedStatus():2248 repeatCheckTimes = 0, locked = false
03-16 16:32:20.121  1469  1469 I GoogleInputMethodService: GoogleInputMethodService.onStartInput():1986 onStartInput(EditorInfo{EditorInfo{packageName=com.example.group8_bartertrader, inputType=0, inputTypeString=NULL, enableLearning=false, autoCorrection=false, autoComplete=false, imeOptions=0, privateImeOptions=null, actionName=UNSPECIFIED, actionLabel=null, initialSelStart=-1, initialSelEnd=-1, initialCapsMode=0, label=null, fieldId=0, fieldName=null, extras=null, hintText=null, hintLocales=[]}}, false)
03-16 16:32:20.122  1469  1469 I GoogleInputMethodService: GoogleInputMethodService.updateDeviceLockedStatus():2248 repeatCheckTimes = 1, locked = false
03-16 16:32:20.122  1469  1469 I AndroidIME: InputBundleManager.loadActiveInputBundleId():450 loadActiveInputBundleId: und-Latn-x-password, password
03-16 16:32:20.304   836   947 W WindowOnBackDispatcher: sendCancelIfRunning: isInProgress=false callback=android.view.ViewRootImpl$$ExternalSyntheticLambda11@703f32a
03-16 16:32:20.306   577  2218 W InputManager-JNI: Input channel object '2c33a7 Splash Screen com.example.group8_bartertrader (client)' was disposed without first being removed with the input manager!
03-16 16:32:20.485 20938 20938 D VRI[RegistrationActivity]: visibilityChanged oldVisibility=true newVisibility=false
03-16 16:32:20.500 20938 20957 W SurfaceComposerClient: Sync transaction timed out waiting for commit callback.
03-16 16:32:20.504 20938 20938 D LifecycleMonitor: Lifecycle status change: com.example.group8_bartertrader.RegistrationActivity@63b9292 in: STOPPED
03-16 16:32:20.504 20938 20938 V ActivityScenario: Activity lifecycle changed event received but ignored because the intent does not match. startActivityIntent=Intent { flg=0x10008000 cmp=com.example.group8_bartertrader/.DetailsActivity (has extras) }, activity.getIntent()=Intent { act=android.intent.action.MAIN cat=[android.intent.category.LAUNCHER] flg=0x10008000 pkg=com.example.group8_bartertrader cmp=com.example.group8_bartertrader/.RegistrationActivity }, activity=com.example.group8_bartertrader.RegistrationActivity@63b9292
03-16 16:32:20.504 20938 20938 V ActivityScenario: Activity lifecycle changed event received but ignored because the intent does not match. startActivityIntent=Intent { flg=0x10008000 cmp=com.example.group8_bartertrader/.DetailsActivity (has extras) }, activity.getIntent()=Intent { act=android.intent.action.MAIN cat=[android.intent.category.LAUNCHER] flg=0x10008000 pkg=com.example.group8_bartertrader cmp=com.example.group8_bartertrader/.RegistrationActivity }, activity=com.example.group8_bartertrader.RegistrationActivity@63b9292
03-16 16:32:20.505 20938 20938 D LifecycleMonitor: Lifecycle status change: com.example.group8_bartertrader.RegistrationActivity@63b9292 in: DESTROYED
03-16 16:32:20.506 20938 20938 V ActivityScenario: Activity lifecycle changed event received but ignored because the intent does not match. startActivityIntent=Intent { flg=0x10008000 cmp=com.example.group8_bartertrader/.DetailsActivity (has extras) }, activity.getIntent()=Intent { act=android.intent.action.MAIN cat=[android.intent.category.LAUNCHER] flg=0x10008000 pkg=com.example.group8_bartertrader cmp=com.example.group8_bartertrader/.RegistrationActivity }, activity=com.example.group8_bartertrader.RegistrationActivity@63b9292
03-16 16:32:20.506 20938 20938 V ActivityScenario: Activity lifecycle changed event received but ignored because the intent does not match. startActivityIntent=Intent { flg=0x10008000 cmp=com.example.group8_bartertrader/.DetailsActivity (has extras) }, activity.getIntent()=Intent { act=android.intent.action.MAIN cat=[android.intent.category.LAUNCHER] flg=0x10008000 pkg=com.example.group8_bartertrader cmp=com.example.group8_bartertrader/.RegistrationActivity }, activity=com.example.group8_bartertrader.RegistrationActivity@63b9292
03-16 16:32:20.506 20938 20938 W WindowOnBackDispatcher: sendCancelIfRunning: isInProgress=false callback=android.view.ViewRootImpl$$ExternalSyntheticLambda11@fc3dec6
03-16 16:32:20.507   577  2429 W InputManager-JNI: Input channel object 'ef4695c com.example.group8_bartertrader/com.example.group8_bartertrader.RegistrationActivity (client)' was disposed without first being removed with the input manager!
03-16 16:32:20.509 20938 20938 I ViewInteraction: Performing 'single click' action on view view.getId() is <2131296265/com.example.group8_bartertrader:id/OfferExchangeButton>
03-16 16:32:20.554   415  4492 D audioserver: logFgsApiBegin: FGS Logger Transaction failed, -129
03-16 16:32:20.554   577  1579 W AS.PlaybackActivityMon: No piid assigned for invalid/internal port id 16
03-16 16:32:20.554   577  2429 V GrammaticalInflectionUtils: AttributionSource: android.content.AttributionSource@bfa7bb4c does not have READ_SYSTEM_GRAMMATICAL_GENDER permission.
03-16 16:32:20.558 20938 20938 D LifecycleMonitor: Lifecycle status change: com.example.group8_bartertrader.DetailsActivity@a207d57 in: PAUSED
03-16 16:32:20.559 20938 20938 V ActivityScenario: Update currentActivityStage to PAUSED, currentActivity=com.example.group8_bartertrader.DetailsActivity@a207d57
03-16 16:32:20.559 20938 20938 V ActivityScenario: Update currentActivityStage to PAUSED, currentActivity=com.example.group8_bartertrader.DetailsActivity@a207d57
03-16 16:32:20.566   429   429 I BpBinder: onLastStrongRef automatically unlinking death recipients:
03-16 16:32:20.573 20938 20938 D LifecycleMonitor: Lifecycle status change: com.example.group8_bartertrader.MyOffersActivity@9af5dda in: PRE_ON_CREATE
03-16 16:32:20.573 20938 20938 V ActivityScenario: Activity lifecycle changed event received but ignored because the intent does not match. startActivityIntent=Intent { flg=0x10008000 cmp=com.example.group8_bartertrader/.DetailsActivity (has extras) }, activity.getIntent()=Intent { cmp=com.example.group8_bartertrader/.MyOffersActivity (has extras) }, activity=com.example.group8_bartertrader.MyOffersActivity@9af5dda
03-16 16:32:20.573 20938 20938 V ActivityScenario: Activity lifecycle changed event received but ignored because the intent does not match. startActivityIntent=Intent { flg=0x10008000 cmp=com.example.group8_bartertrader/.DetailsActivity (has extras) }, activity.getIntent()=Intent { cmp=com.example.group8_bartertrader/.MyOffersActivity (has extras) }, activity=com.example.group8_bartertrader.MyOffersActivity@9af5dda
03-16 16:32:20.588   415   528 D AudioFlinger: mixer(0xb4000074860f68e0) throttle end: throttle time(34)
03-16 16:32:20.596 20938 20938 D LifecycleMonitor: Lifecycle status change: com.example.group8_bartertrader.MyOffersActivity@9af5dda in: CREATED
03-16 16:32:20.597 20938 20938 V ActivityScenario: Activity lifecycle changed event received but ignored because the intent does not match. startActivityIntent=Intent { flg=0x10008000 cmp=com.example.group8_bartertrader/.DetailsActivity (has extras) }, activity.getIntent()=Intent { cmp=com.example.group8_bartertrader/.MyOffersActivity (has extras) }, activity=com.example.group8_bartertrader.MyOffersActivity@9af5dda
03-16 16:32:20.597 20938 20938 V ActivityScenario: Activity lifecycle changed event received but ignored because the intent does not match. startActivityIntent=Intent { flg=0x10008000 cmp=com.example.group8_bartertrader/.DetailsActivity (has extras) }, activity.getIntent()=Intent { cmp=com.example.group8_bartertrader/.MyOffersActivity (has extras) }, activity=com.example.group8_bartertrader.MyOffersActivity@9af5dda
03-16 16:32:20.597 20938 20938 D LifecycleMonitor: Lifecycle status change: com.example.group8_bartertrader.MyOffersActivity@9af5dda in: STARTED
03-16 16:32:20.597 20938 20938 V ActivityScenario: Activity lifecycle changed event received but ignored because the intent does not match. startActivityIntent=Intent { flg=0x10008000 cmp=com.example.group8_bartertrader/.DetailsActivity (has extras) }, activity.getIntent()=Intent { cmp=com.example.group8_bartertrader/.MyOffersActivity (has extras) }, activity=com.example.group8_bartertrader.MyOffersActivity@9af5dda
03-16 16:32:20.597 20938 20938 V ActivityScenario: Activity lifecycle changed event received but ignored because the intent does not match. startActivityIntent=Intent { flg=0x10008000 cmp=com.example.group8_bartertrader/.DetailsActivity (has extras) }, activity.getIntent()=Intent { cmp=com.example.group8_bartertrader/.MyOffersActivity (has extras) }, activity=com.example.group8_bartertrader.MyOffersActivity@9af5dda
03-16 16:32:20.598 20938 20938 D LifecycleMonitor: Lifecycle status change: com.example.group8_bartertrader.MyOffersActivity@9af5dda in: RESUMED
03-16 16:32:20.598 20938 20938 V ActivityScenario: Activity lifecycle changed event received but ignored because the intent does not match. startActivityIntent=Intent { flg=0x10008000 cmp=com.example.group8_bartertrader/.DetailsActivity (has extras) }, activity.getIntent()=Intent { cmp=com.example.group8_bartertrader/.MyOffersActivity (has extras) }, activity=com.example.group8_bartertrader.MyOffersActivity@9af5dda
03-16 16:32:20.598 20938 20938 V ActivityScenario: Activity lifecycle changed event received but ignored because the intent does not match. startActivityIntent=Intent { flg=0x10008000 cmp=com.example.group8_bartertrader/.DetailsActivity (has extras) }, activity.getIntent()=Intent { cmp=com.example.group8_bartertrader/.MyOffersActivity (has extras) }, activity=com.example.group8_bartertrader.MyOffersActivity@9af5dda
03-16 16:32:20.613 20938 20938 E RecyclerView: No adapter attached; skipping layout
03-16 16:32:20.621  1046 20997 W NetworkScheduler.ATC: Called cancelTask for already completed task com.google.android.gms/.measurement.PackageMeasurementTaskService{u=0 tag="Measurement.PackageMeasurementTaskService.UPLOAD_TASK_TAG" trigger=window{start=0s,end=1s,earliest=-43s,latest=-42s} requirements=[NET_CONNECTED,PREFERRED_NET_UNMETERED,PREFERRED_CHARGING] attributes=[PERSISTED] scheduled=-43s last_run=-43s exec_window_multiplier=1.0000 jid=N/A status=ACTIVE retries=0 client_lib=GMS_TASK_SCHEDULER-250832000} :1 [CONTEXT service_id=218 ]
03-16 16:32:20.625   577   618 I ActivityTaskManager: Displayed com.example.group8_bartertrader/.MyOffersActivity for user 0: +70ms
03-16 16:32:20.753   577   713 I ImeTracker: com.example.group8_bartertrader:5f9d227d: onRequestHide at ORIGIN_SERVER reason HIDE_UNSPECIFIED_WINDOW fromUser false
03-16 16:32:20.753   577   713 I ImeTracker: com.example.group8_bartertrader:5f9d227d: onCancelled at PHASE_SERVER_SHOULD_HIDE
03-16 16:32:20.754  1469  1469 I GoogleInputMethodService: GoogleInputMethodService.onFinishInput():3157
03-16 16:32:20.755  1469  1469 I GoogleInputMethodService: GoogleInputMethodService.updateDeviceLockedStatus():2248 repeatCheckTimes = 0, locked = false
03-16 16:32:20.755  1469  1469 I GoogleInputMethodService: GoogleInputMethodService.onStartInput():1986 onStartInput(EditorInfo{EditorInfo{packageName=com.example.group8_bartertrader, inputType=0, inputTypeString=NULL, enableLearning=false, autoCorrection=false, autoComplete=false, imeOptions=0, privateImeOptions=null, actionName=UNSPECIFIED, actionLabel=null, initialSelStart=-1, initialSelEnd=-1, initialCapsMode=0, label=null, fieldId=0, fieldName=null, extras=null, hintText=null, hintLocales=[]}}, false)
03-16 16:32:20.755  1469  1469 I GoogleInputMethodService: GoogleInputMethodService.updateDeviceLockedStatus():2248 repeatCheckTimes = 1, locked = false
03-16 16:32:20.756  1469  1469 I AndroidIME: InputBundleManager.loadActiveInputBundleId():450 loadActiveInputBundleId: und-Latn-x-password, password
03-16 16:32:20.792   415   528 D audioserver: logFgsApiEnd: FGS Logger Transaction failed, -129
03-16 16:32:20.853 20938 20957 D UiDevice: Waiting 5000ms for SearchCondition[hasObject=BySelector [TEXT='^.*\QGet Current Location\E.*$']].
03-16 16:32:20.854 20938 20957 D UiDevice: Searching for node with selector: BySelector [TEXT='^.*\QGet Current Location\E.*$'].
03-16 16:32:21.020 20938 20964 D EGL_emulation: app_time_stats: avg=22.90ms min=7.57ms max=283.83ms count=44
03-16 16:32:21.119 20938 20938 D VRI[DetailsActivity]: visibilityChanged oldVisibility=true newVisibility=false
03-16 16:32:21.134 20938 20964 D HWUI    : endAllActiveAnimators on 0xb40000720255c1d0 (RippleDrawable) with handle 0xb4000070d25860d0
03-16 16:32:21.136 20938 20938 D LifecycleMonitor: Lifecycle status change: com.example.group8_bartertrader.DetailsActivity@a207d57 in: STOPPED
03-16 16:32:21.137 20938 20938 V ActivityScenario: Update currentActivityStage to STOPPED, currentActivity=com.example.group8_bartertrader.DetailsActivity@a207d57
03-16 16:32:21.137 20938 20938 V ActivityScenario: Update currentActivityStage to STOPPED, currentActivity=com.example.group8_bartertrader.DetailsActivity@a207d57
03-16 16:32:21.838 20938 20957 D UiDevice: Searching for node with selector: BySelector [TEXT='^.*\QGet Current Location\E.*$'].
03-16 16:32:21.946 20938 20957 D UiDevice: Searching for node with selector: BySelector [TEXT='^.*\QGet Current Location\E.*$'].
03-16 16:32:22.055 20938 20957 D UiDevice: Searching for node with selector: BySelector [TEXT='^.*\QGet Current Location\E.*$'].
03-16 16:32:22.091 20938 21015 D ProfileInstaller: Installing profile for com.example.group8_bartertrader
03-16 16:32:22.163 20938 20957 D UiDevice: Searching for node with selector: BySelector [TEXT='^.*\QGet Current Location\E.*$'].
03-16 16:32:22.273 20938 20957 D UiDevice: Searching for node with selector: BySelector [TEXT='^.*\QGet Current Location\E.*$'].
03-16 16:32:22.383 20938 20957 D UiDevice: Searching for node with selector: BySelector [TEXT='^.*\QGet Current Location\E.*$'].
03-16 16:32:22.480  5684  5684 I artd    : Dex parent of /data/app/~~yk68ZKII535FfbCn9y6o-g==/com.google.android.gms-K1Fbh1EyvYL4qoSQnXBBMA==/base.apk is not writable: Permission denied
03-16 16:32:22.480  5684  5684 I artd    : GetBestInfo checking odex in dalvik-cache (/data/dalvik-cache/arm64/data@app@~~yk68ZKII535FfbCn9y6o-g==@com.google.android.gms-K1Fbh1EyvYL4qoSQnXBBMA==@base.apk@classes.dex)
03-16 16:32:22.480  5684  5684 I artd    : Loading /data/dalvik-cache/arm64/data@app@~~yk68ZKII535FfbCn9y6o-g==@com.google.android.gms-K1Fbh1EyvYL4qoSQnXBBMA==@base.apk@classes.dex with executable: 0
03-16 16:32:22.480  5684  5684 I artd    : OatFileAssistant test for existing oat file /data/dalvik-cache/arm64/data@app@~~yk68ZKII535FfbCn9y6o-g==@com.google.android.gms-K1Fbh1EyvYL4qoSQnXBBMA==@base.apk@classes.dex: File /data/dalvik-cache/arm64/data@app@~~yk68ZKII535FfbCn9y6o-g==@com.google.android.gms-K1Fbh1EyvYL4qoSQnXBBMA==@base.apk@classes.vdex does not exist.
03-16 16:32:22.480  5684  5684 I artd    : GetBestInfo checking odex next to the dex file (/data/app/~~yk68ZKII535FfbCn9y6o-g==/com.google.android.gms-K1Fbh1EyvYL4qoSQnXBBMA==/oat/arm64/base.odex)
03-16 16:32:22.480  5684  5684 I artd    : Loading /data/app/~~yk68ZKII535FfbCn9y6o-g==/com.google.android.gms-K1Fbh1EyvYL4qoSQnXBBMA==/oat/arm64/base.odex with executable: 0
03-16 16:32:22.481  5684  5684 I artd    : Successfully loaded /data/app/~~yk68ZKII535FfbCn9y6o-g==/com.google.android.gms-K1Fbh1EyvYL4qoSQnXBBMA==/oat/arm64/base.odex with executable: 0
03-16 16:32:22.482  5684  5684 I artd    : /data/app/~~yk68ZKII535FfbCn9y6o-g==/com.google.android.gms-K1Fbh1EyvYL4qoSQnXBBMA==/oat/arm64/base.odex is kOatUpToDate with filter speed-profile
03-16 16:32:22.482  5684  5684 I artd    : Dex parent of /data/app/~~yk68ZKII535FfbCn9y6o-g==/com.google.android.gms-K1Fbh1EyvYL4qoSQnXBBMA==/split_CronetDynamite_installtime.apk is not writable: Permission denied
03-16 16:32:22.482  5684  5684 I artd    : GetBestInfo checking odex in dalvik-cache (/data/dalvik-cache/arm64/data@app@~~yk68ZKII535FfbCn9y6o-g==@com.google.android.gms-K1Fbh1EyvYL4qoSQnXBBMA==@split_CronetDynamite_installtime.apk@classes.dex)
03-16 16:32:22.482  5684  5684 I artd    : Loading /data/dalvik-cache/arm64/data@app@~~yk68ZKII535FfbCn9y6o-g==@com.google.android.gms-K1Fbh1EyvYL4qoSQnXBBMA==@split_CronetDynamite_installtime.apk@classes.dex with executable: 0
03-16 16:32:22.482  5684  5684 I artd    : OatFileAssistant test for existing oat file /data/dalvik-cache/arm64/data@app@~~yk68ZKII535FfbCn9y6o-g==@com.google.android.gms-K1Fbh1EyvYL4qoSQnXBBMA==@split_CronetDynamite_installtime.apk@classes.dex: File /data/dalvik-cache/arm64/data@app@~~yk68ZKII535FfbCn9y6o-g==@com.google.android.gms-K1Fbh1EyvYL4qoSQnXBBMA==@split_CronetDynamite_installtime.apk@classes.vdex does not exist.
03-16 16:32:22.482  5684  5684 I artd    : GetBestInfo checking odex next to the dex file (/data/app/~~yk68ZKII535FfbCn9y6o-g==/com.google.android.gms-K1Fbh1EyvYL4qoSQnXBBMA==/oat/arm64/split_CronetDynamite_installtime.odex)
03-16 16:32:22.482  5684  5684 I artd    : Loading /data/app/~~yk68ZKII535FfbCn9y6o-g==/com.google.android.gms-K1Fbh1EyvYL4qoSQnXBBMA==/oat/arm64/split_CronetDynamite_installtime.odex with executable: 0
03-16 16:32:22.483  5684  5684 I artd    : Successfully loaded /data/app/~~yk68ZKII535FfbCn9y6o-g==/com.google.android.gms-K1Fbh1EyvYL4qoSQnXBBMA==/oat/arm64/split_CronetDynamite_installtime.odex with executable: 0
03-16 16:32:22.483  5684  5684 I artd    : /data/app/~~yk68ZKII535FfbCn9y6o-g==/com.google.android.gms-K1Fbh1EyvYL4qoSQnXBBMA==/oat/arm64/split_CronetDynamite_installtime.odex is kOatUpToDate with filter speed
03-16 16:32:22.484  5684  5684 I artd    : Dex parent of /data/app/~~yk68ZKII535FfbCn9y6o-g==/com.google.android.gms-K1Fbh1EyvYL4qoSQnXBBMA==/split_DynamiteLoader_installtime.apk is not writable: Permission denied
03-16 16:32:22.484  5684  5684 I artd    : GetBestInfo checking odex in dalvik-cache (/data/dalvik-cache/arm64/data@app@~~yk68ZKII535FfbCn9y6o-g==@com.google.android.gms-K1Fbh1EyvYL4qoSQnXBBMA==@split_DynamiteLoader_installtime.apk@classes.dex)
03-16 16:32:22.484  5684  5684 I artd    : Loading /data/dalvik-cache/arm64/data@app@~~yk68ZKII535FfbCn9y6o-g==@com.google.android.gms-K1Fbh1EyvYL4qoSQnXBBMA==@split_DynamiteLoader_installtime.apk@classes.dex with executable: 0
03-16 16:32:22.484  5684  5684 I artd    : OatFileAssistant test for existing oat file /data/dalvik-cache/arm64/data@app@~~yk68ZKII535FfbCn9y6o-g==@com.google.android.gms-K1Fbh1EyvYL4qoSQnXBBMA==@split_DynamiteLoader_installtime.apk@classes.dex: File /data/dalvik-cache/arm64/data@app@~~yk68ZKII535FfbCn9y6o-g==@com.google.android.gms-K1Fbh1EyvYL4qoSQnXBBMA==@split_DynamiteLoader_installtime.apk@classes.vdex does not exist.
03-16 16:32:22.484  5684  5684 I artd    : GetBestInfo checking odex next to the dex file (/data/app/~~yk68ZKII535FfbCn9y6o-g==/com.google.android.gms-K1Fbh1EyvYL4qoSQnXBBMA==/oat/arm64/split_DynamiteLoader_installtime.odex)
03-16 16:32:22.484  5684  5684 I artd    : Loading /data/app/~~yk68ZKII535FfbCn9y6o-g==/com.google.android.gms-K1Fbh1EyvYL4qoSQnXBBMA==/oat/arm64/split_DynamiteLoader_installtime.odex with executable: 0
03-16 16:32:22.484  5684  5684 I artd    : Successfully loaded /data/app/~~yk68ZKII535FfbCn9y6o-g==/com.google.android.gms-K1Fbh1EyvYL4qoSQnXBBMA==/oat/arm64/split_DynamiteLoader_installtime.odex with executable: 0
03-16 16:32:22.484  5684  5684 I artd    : /data/app/~~yk68ZKII535FfbCn9y6o-g==/com.google.android.gms-K1Fbh1EyvYL4qoSQnXBBMA==/oat/arm64/split_DynamiteLoader_installtime.odex is kOatUpToDate with filter speed
03-16 16:32:22.485  5684  5684 I artd    : Dex parent of /data/app/~~yk68ZKII535FfbCn9y6o-g==/com.google.android.gms-K1Fbh1EyvYL4qoSQnXBBMA==/split_DynamiteModulesA_installtime.apk is not writable: Permission denied
03-16 16:32:22.485  5684  5684 I artd    : GetBestInfo checking odex in dalvik-cache (/data/dalvik-cache/arm64/data@app@~~yk68ZKII535FfbCn9y6o-g==@com.google.android.gms-K1Fbh1EyvYL4qoSQnXBBMA==@split_DynamiteModulesA_installtime.apk@classes.dex)
03-16 16:32:22.485  5684  5684 I artd    : Loading /data/dalvik-cache/arm64/data@app@~~yk68ZKII535FfbCn9y6o-g==@com.google.android.gms-K1Fbh1EyvYL4qoSQnXBBMA==@split_DynamiteModulesA_installtime.apk@classes.dex with executable: 0
03-16 16:32:22.485  5684  5684 I artd    : OatFileAssistant test for existing oat file /data/dalvik-cache/arm64/data@app@~~yk68ZKII535FfbCn9y6o-g==@com.google.android.gms-K1Fbh1EyvYL4qoSQnXBBMA==@split_DynamiteModulesA_installtime.apk@classes.dex: File /data/dalvik-cache/arm64/data@app@~~yk68ZKII535FfbCn9y6o-g==@com.google.android.gms-K1Fbh1EyvYL4qoSQnXBBMA==@split_DynamiteModulesA_installtime.apk@classes.vdex does not exist.
03-16 16:32:22.485  5684  5684 I artd    : GetBestInfo checking odex next to the dex file (/data/app/~~yk68ZKII535FfbCn9y6o-g==/com.google.android.gms-K1Fbh1EyvYL4qoSQnXBBMA==/oat/arm64/split_DynamiteModulesA_installtime.odex)
03-16 16:32:22.485  5684  5684 I artd    : Loading /data/app/~~yk68ZKII535FfbCn9y6o-g==/com.google.android.gms-K1Fbh1EyvYL4qoSQnXBBMA==/oat/arm64/split_DynamiteModulesA_installtime.odex with executable: 0
03-16 16:32:22.485  5684  5684 I artd    : Successfully loaded /data/app/~~yk68ZKII535FfbCn9y6o-g==/com.google.android.gms-K1Fbh1EyvYL4qoSQnXBBMA==/oat/arm64/split_DynamiteModulesA_installtime.odex with executable: 0
03-16 16:32:22.486  5684  5684 I artd    : /data/app/~~yk68ZKII535FfbCn9y6o-g==/com.google.android.gms-K1Fbh1EyvYL4qoSQnXBBMA==/oat/arm64/split_DynamiteModulesA_installtime.odex is kOatUpToDate with filter speed
03-16 16:32:22.486  5684  5684 I artd    : Dex parent of /data/app/~~yk68ZKII535FfbCn9y6o-g==/com.google.android.gms-K1Fbh1EyvYL4qoSQnXBBMA==/split_DynamiteModulesC_installtime.apk is not writable: Permission denied
03-16 16:32:22.486  5684  5684 I artd    : GetBestInfo checking odex in dalvik-cache (/data/dalvik-cache/arm64/data@app@~~yk68ZKII535FfbCn9y6o-g==@com.google.android.gms-K1Fbh1EyvYL4qoSQnXBBMA==@split_DynamiteModulesC_installtime.apk@classes.dex)
03-16 16:32:22.486  5684  5684 I artd    : Loading /data/dalvik-cache/arm64/data@app@~~yk68ZKII535FfbCn9y6o-g==@com.google.android.gms-K1Fbh1EyvYL4qoSQnXBBMA==@split_DynamiteModulesC_installtime.apk@classes.dex with executable: 0
03-16 16:32:22.486  5684  5684 I artd    : OatFileAssistant test for existing oat file /data/dalvik-cache/arm64/data@app@~~yk68ZKII535FfbCn9y6o-g==@com.google.android.gms-K1Fbh1EyvYL4qoSQnXBBMA==@split_DynamiteModulesC_installtime.apk@classes.dex: File /data/dalvik-cache/arm64/data@app@~~yk68ZKII535FfbCn9y6o-g==@com.google.android.gms-K1Fbh1EyvYL4qoSQnXBBMA==@split_DynamiteModulesC_installtime.apk@classes.vdex does not exist.
03-16 16:32:22.486  5684  5684 I artd    : GetBestInfo checking odex next to the dex file (/data/app/~~yk68ZKII535FfbCn9y6o-g==/com.google.android.gms-K1Fbh1EyvYL4qoSQnXBBMA==/oat/arm64/split_DynamiteModulesC_installtime.odex)
03-16 16:32:22.486  5684  5684 I artd    : Loading /data/app/~~yk68ZKII535FfbCn9y6o-g==/com.google.android.gms-K1Fbh1EyvYL4qoSQnXBBMA==/oat/arm64/split_DynamiteModulesC_installtime.odex with executable: 0
03-16 16:32:22.486  5684  5684 I artd    : Successfully loaded /data/app/~~yk68ZKII535FfbCn9y6o-g==/com.google.android.gms-K1Fbh1EyvYL4qoSQnXBBMA==/oat/arm64/split_DynamiteModulesC_installtime.odex with executable: 0
03-16 16:32:22.487  5684  5684 I artd    : /data/app/~~yk68ZKII535FfbCn9y6o-g==/com.google.android.gms-K1Fbh1EyvYL4qoSQnXBBMA==/oat/arm64/split_DynamiteModulesC_installtime.odex is kOatUpToDate with filter speed
03-16 16:32:22.487  5684  5684 I artd    : Dex parent of /data/app/~~yk68ZKII535FfbCn9y6o-g==/com.google.android.gms-K1Fbh1EyvYL4qoSQnXBBMA==/split_GoogleCertificates_installtime.apk is not writable: Permission denied
03-16 16:32:22.487  5684  5684 I artd    : GetBestInfo checking odex in dalvik-cache (/data/dalvik-cache/arm64/data@app@~~yk68ZKII535FfbCn9y6o-g==@com.google.android.gms-K1Fbh1EyvYL4qoSQnXBBMA==@split_GoogleCertificates_installtime.apk@classes.dex)
03-16 16:32:22.487  5684  5684 I artd    : Loading /data/dalvik-cache/arm64/data@app@~~yk68ZKII535FfbCn9y6o-g==@com.google.android.gms-K1Fbh1EyvYL4qoSQnXBBMA==@split_GoogleCertificates_installtime.apk@classes.dex with executable: 0
03-16 16:32:22.487  5684  5684 I artd    : OatFileAssistant test for existing oat file /data/dalvik-cache/arm64/data@app@~~yk68ZKII535FfbCn9y6o-g==@com.google.android.gms-K1Fbh1EyvYL4qoSQnXBBMA==@split_GoogleCertificates_installtime.apk@classes.dex: File /data/dalvik-cache/arm64/data@app@~~yk68ZKII535FfbCn9y6o-g==@com.google.android.gms-K1Fbh1EyvYL4qoSQnXBBMA==@split_GoogleCertificates_installtime.apk@classes.vdex does not exist.
03-16 16:32:22.487  5684  5684 I artd    : GetBestInfo checking odex next to the dex file (/data/app/~~yk68ZKII535FfbCn9y6o-g==/com.google.android.gms-K1Fbh1EyvYL4qoSQnXBBMA==/oat/arm64/split_GoogleCertificates_installtime.odex)
03-16 16:32:22.487  5684  5684 I artd    : Loading /data/app/~~yk68ZKII535FfbCn9y6o-g==/com.google.android.gms-K1Fbh1EyvYL4qoSQnXBBMA==/oat/arm64/split_GoogleCertificates_installtime.odex with executable: 0
03-16 16:32:22.488  5684  5684 I artd    : Successfully loaded /data/app/~~yk68ZKII535FfbCn9y6o-g==/com.google.android.gms-K1Fbh1EyvYL4qoSQnXBBMA==/oat/arm64/split_GoogleCertificates_installtime.odex with executable: 0
03-16 16:32:22.488  5684  5684 I artd    : /data/app/~~yk68ZKII535FfbCn9y6o-g==/com.google.android.gms-K1Fbh1EyvYL4qoSQnXBBMA==/oat/arm64/split_GoogleCertificates_installtime.odex is kOatUpToDate with filter speed
03-16 16:32:22.488  5684  5684 I artd    : Dex parent of /data/app/~~yk68ZKII535FfbCn9y6o-g==/com.google.android.gms-K1Fbh1EyvYL4qoSQnXBBMA==/split_MapsDynamite_installtime.apk is not writable: Permission denied
03-16 16:32:22.488  5684  5684 I artd    : GetBestInfo checking odex in dalvik-cache (/data/dalvik-cache/arm64/data@app@~~yk68ZKII535FfbCn9y6o-g==@com.google.android.gms-K1Fbh1EyvYL4qoSQnXBBMA==@split_MapsDynamite_installtime.apk@classes.dex)
03-16 16:32:22.488  5684  5684 I artd    : Loading /data/dalvik-cache/arm64/data@app@~~yk68ZKII535FfbCn9y6o-g==@com.google.android.gms-K1Fbh1EyvYL4qoSQnXBBMA==@split_MapsDynamite_installtime.apk@classes.dex with executable: 0
03-16 16:32:22.488  5684  5684 I artd    : OatFileAssistant test for existing oat file /data/dalvik-cache/arm64/data@app@~~yk68ZKII535FfbCn9y6o-g==@com.google.android.gms-K1Fbh1EyvYL4qoSQnXBBMA==@split_MapsDynamite_installtime.apk@classes.dex: File /data/dalvik-cache/arm64/data@app@~~yk68ZKII535FfbCn9y6o-g==@com.google.android.gms-K1Fbh1EyvYL4qoSQnXBBMA==@split_MapsDynamite_installtime.apk@classes.vdex does not exist.
03-16 16:32:22.488  5684  5684 I artd    : GetBestInfo checking odex next to the dex file (/data/app/~~yk68ZKII535FfbCn9y6o-g==/com.google.android.gms-K1Fbh1EyvYL4qoSQnXBBMA==/oat/arm64/split_MapsDynamite_installtime.odex)
03-16 16:32:22.488  5684  5684 I artd    : Loading /data/app/~~yk68ZKII535FfbCn9y6o-g==/com.google.android.gms-K1Fbh1EyvYL4qoSQnXBBMA==/oat/arm64/split_MapsDynamite_installtime.odex with executable: 0
03-16 16:32:22.489  5684  5684 I artd    : Successfully loaded /data/app/~~yk68ZKII535FfbCn9y6o-g==/com.google.android.gms-K1Fbh1EyvYL4qoSQnXBBMA==/oat/arm64/split_MapsDynamite_installtime.odex with executable: 0
03-16 16:32:22.489  5684  5684 I artd    : /data/app/~~yk68ZKII535FfbCn9y6o-g==/com.google.android.gms-K1Fbh1EyvYL4qoSQnXBBMA==/oat/arm64/split_MapsDynamite_installtime.odex is kOatUpToDate with filter speed
03-16 16:32:22.489  5684  5684 I artd    : Dex parent of /data/app/~~yk68ZKII535FfbCn9y6o-g==/com.google.android.gms-K1Fbh1EyvYL4qoSQnXBBMA==/split_MeasurementDynamite_installtime.apk is not writable: Permission denied
03-16 16:32:22.490  5684  5684 I artd    : GetBestInfo checking odex in dalvik-cache (/data/dalvik-cache/arm64/data@app@~~yk68ZKII535FfbCn9y6o-g==@com.google.android.gms-K1Fbh1EyvYL4qoSQnXBBMA==@split_MeasurementDynamite_installtime.apk@classes.dex)
03-16 16:32:22.490  5684  5684 I artd    : Loading /data/dalvik-cache/arm64/data@app@~~yk68ZKII535FfbCn9y6o-g==@com.google.android.gms-K1Fbh1EyvYL4qoSQnXBBMA==@split_MeasurementDynamite_installtime.apk@classes.dex with executable: 0
03-16 16:32:22.490  5684  5684 I artd    : OatFileAssistant test for existing oat file /data/dalvik-cache/arm64/data@app@~~yk68ZKII535FfbCn9y6o-g==@com.google.android.gms-K1Fbh1EyvYL4qoSQnXBBMA==@split_MeasurementDynamite_installtime.apk@classes.dex: File /data/dalvik-cache/arm64/data@app@~~yk68ZKII535FfbCn9y6o-g==@com.google.android.gms-K1Fbh1EyvYL4qoSQnXBBMA==@split_MeasurementDynamite_installtime.apk@classes.vdex does not exist.
03-16 16:32:22.490  5684  5684 I artd    : GetBestInfo checking odex next to the dex file (/data/app/~~yk68ZKII535FfbCn9y6o-g==/com.google.android.gms-K1Fbh1EyvYL4qoSQnXBBMA==/oat/arm64/split_MeasurementDynamite_installtime.odex)
03-16 16:32:22.490  5684  5684 I artd    : Loading /data/app/~~yk68ZKII535FfbCn9y6o-g==/com.google.android.gms-K1Fbh1EyvYL4qoSQnXBBMA==/oat/arm64/split_MeasurementDynamite_installtime.odex with executable: 0
03-16 16:32:22.490  5684  5684 I artd    : Successfully loaded /data/app/~~yk68ZKII535FfbCn9y6o-g==/com.google.android.gms-K1Fbh1EyvYL4qoSQnXBBMA==/oat/arm64/split_MeasurementDynamite_installtime.odex with executable: 0
03-16 16:32:22.490  5684  5684 I artd    : /data/app/~~yk68ZKII535FfbCn9y6o-g==/com.google.android.gms-K1Fbh1EyvYL4qoSQnXBBMA==/oat/arm64/split_MeasurementDynamite_installtime.odex is kOatUpToDate with filter speed
03-16 16:32:22.491  5684  5684 I artd    : Dex parent of /data/app/~~yk68ZKII535FfbCn9y6o-g==/com.google.android.gms-K1Fbh1EyvYL4qoSQnXBBMA==/split_all_locale_splits.apk is not writable: Permission denied
03-16 16:32:22.491  5684  5684 I artd    : GetBestInfo checking odex in dalvik-cache (/data/dalvik-cache/arm64/data@app@~~yk68ZKII535FfbCn9y6o-g==@com.google.android.gms-K1Fbh1EyvYL4qoSQnXBBMA==@split_all_locale_splits.apk@classes.dex)
03-16 16:32:22.491  5684  5684 I artd    : Loading /data/dalvik-cache/arm64/data@app@~~yk68ZKII535FfbCn9y6o-g==@com.google.android.gms-K1Fbh1EyvYL4qoSQnXBBMA==@split_all_locale_splits.apk@classes.dex with executable: 0
03-16 16:32:22.491  5684  5684 I artd    : OatFileAssistant test for existing oat file /data/dalvik-cache/arm64/data@app@~~yk68ZKII535FfbCn9y6o-g==@com.google.android.gms-K1Fbh1EyvYL4qoSQnXBBMA==@split_all_locale_splits.apk@classes.dex: File /data/dalvik-cache/arm64/data@app@~~yk68ZKII535FfbCn9y6o-g==@com.google.android.gms-K1Fbh1EyvYL4qoSQnXBBMA==@split_all_locale_splits.apk@classes.vdex does not exist.
03-16 16:32:22.491  5684  5684 I artd    : GetBestInfo checking odex next to the dex file (/data/app/~~yk68ZKII535FfbCn9y6o-g==/com.google.android.gms-K1Fbh1EyvYL4qoSQnXBBMA==/oat/arm64/split_all_locale_splits.odex)
03-16 16:32:22.491  5684  5684 I artd    : Loading /data/app/~~yk68ZKII535FfbCn9y6o-g==/com.google.android.gms-K1Fbh1EyvYL4qoSQnXBBMA==/oat/arm64/split_all_locale_splits.odex with executable: 0
03-16 16:32:22.491  5684  5684 I artd    : Successfully loaded /data/app/~~yk68ZKII535FfbCn9y6o-g==/com.google.android.gms-K1Fbh1EyvYL4qoSQnXBBMA==/oat/arm64/split_all_locale_splits.odex with executable: 0
03-16 16:32:22.491  5684  5684 I artd    : /data/app/~~yk68ZKII535FfbCn9y6o-g==/com.google.android.gms-K1Fbh1EyvYL4qoSQnXBBMA==/oat/arm64/split_all_locale_splits.odex is kOatUpToDate with filter speed
03-16 16:32:22.492  5684  5684 I artd    : Dex parent of /data/user/0/com.google.android.gms/app_dg_cache/9FECBF7F742FE9DA9AF42F1F5EA43F1A4D5A18BE/the.apk is not writable: Permission denied
03-16 16:32:22.492  5684  5684 I artd    : GetBestInfo checking odex in dalvik-cache (/data/dalvik-cache/arm64/data@user@0@com.google.android.gms@app_dg_cache@9FECBF7F742FE9DA9AF42F1F5EA43F1A4D5A18BE@the.apk@classes.dex)
03-16 16:32:22.492  5684  5684 I artd    : Loading /data/dalvik-cache/arm64/data@user@0@com.google.android.gms@app_dg_cache@9FECBF7F742FE9DA9AF42F1F5EA43F1A4D5A18BE@the.apk@classes.dex with executable: 0
03-16 16:32:22.492  5684  5684 I artd    : OatFileAssistant test for existing oat file /data/dalvik-cache/arm64/data@user@0@com.google.android.gms@app_dg_cache@9FECBF7F742FE9DA9AF42F1F5EA43F1A4D5A18BE@the.apk@classes.dex: File /data/dalvik-cache/arm64/data@user@0@com.google.android.gms@app_dg_cache@9FECBF7F742FE9DA9AF42F1F5EA43F1A4D5A18BE@the.apk@classes.vdex does not exist.
03-16 16:32:22.492  5684  5684 I artd    : GetBestInfo checking odex next to the dex file (/data/user/0/com.google.android.gms/app_dg_cache/9FECBF7F742FE9DA9AF42F1F5EA43F1A4D5A18BE/oat/arm64/the.odex)
03-16 16:32:22.492  5684  5684 I artd    : Loading /data/user/0/com.google.android.gms/app_dg_cache/9FECBF7F742FE9DA9AF42F1F5EA43F1A4D5A18BE/oat/arm64/the.odex with executable: 0
03-16 16:32:22.492  5684  5684 I artd    : OatFileAssistant test for existing oat file /data/user/0/com.google.android.gms/app_dg_cache/9FECBF7F742FE9DA9AF42F1F5EA43F1A4D5A18BE/oat/arm64/the.odex: Failed to open oat filename for reading: No such file or directory
03-16 16:32:22.492  5684  5684 I artd    : GetBestInfo checking vdex in dalvik-cache (/data/dalvik-cache/arm64/data@user@0@com.google.android.gms@app_dg_cache@9FECBF7F742FE9DA9AF42F1F5EA43F1A4D5A18BE@the.apk@classes.vdex)
03-16 16:32:22.492  5684  5684 I artd    : unable to open vdex file /data/dalvik-cache/arm64/data@user@0@com.google.android.gms@app_dg_cache@9FECBF7F742FE9DA9AF42F1F5EA43F1A4D5A18BE@the.apk@classes.vdex: File /data/dalvik-cache/arm64/data@user@0@com.google.android.gms@app_dg_cache@9FECBF7F742FE9DA9AF42F1F5EA43F1A4D5A18BE@the.apk@classes.vdex does not exist.
03-16 16:32:22.492  5684  5684 I artd    : OatFileAssistant test for existing oat file /data/dalvik-cache/arm64/data@user@0@com.google.android.gms@app_dg_cache@9FECBF7F742FE9DA9AF42F1F5EA43F1A4D5A18BE@the.apk@classes.vdex: File /data/dalvik-cache/arm64/data@user@0@com.google.android.gms@app_dg_cache@9FECBF7F742FE9DA9AF42F1F5EA43F1A4D5A18BE@the.apk@classes.vdex does not exist.
03-16 16:32:22.492  5684  5684 I artd    : GetBestInfo checking vdex next to the dex file (/data/user/0/com.google.android.gms/app_dg_cache/9FECBF7F742FE9DA9AF42F1F5EA43F1A4D5A18BE/oat/arm64/the.vdex)
03-16 16:32:22.493  5684  5684 I artd    : Successfully loaded /data/user/0/com.google.android.gms/app_dg_cache/9FECBF7F742FE9DA9AF42F1F5EA43F1A4D5A18BE/oat/arm64/the.vdex with executable: 0
03-16 16:32:22.493  5684  5684 I artd    : Image checksum test skipped for vdex file /data/user/0/com.google.android.gms/app_dg_cache/9FECBF7F742FE9DA9AF42F1F5EA43F1A4D5A18BE/oat/arm64/the.vdex
03-16 16:32:22.493  5684  5684 I artd    : /data/user/0/com.google.android.gms/app_dg_cache/9FECBF7F742FE9DA9AF42F1F5EA43F1A4D5A18BE/oat/arm64/the.vdex is kOatUpToDate with filter verify
03-16 16:32:22.494  5684  5684 I artd    : Dex parent of /data/user/0/com.google.android.gms/app_dg_cache/D2AC9CFD4880476FDBFF2B522714807D18BD24C0/the.apk is not writable: Permission denied
03-16 16:32:22.494  5684  5684 I artd    : GetBestInfo checking odex in dalvik-cache (/data/dalvik-cache/arm64/data@user@0@com.google.android.gms@app_dg_cache@D2AC9CFD4880476FDBFF2B522714807D18BD24C0@the.apk@classes.dex)
03-16 16:32:22.494 20938 20957 D UiDevice: Searching for node with selector: BySelector [TEXT='^.*\QGet Current Location\E.*$'].
03-16 16:32:22.494  5684  5684 I artd    : Loading /data/dalvik-cache/arm64/data@user@0@com.google.android.gms@app_dg_cache@D2AC9CFD4880476FDBFF2B522714807D18BD24C0@the.apk@classes.dex with executable: 0
03-16 16:32:22.494  5684  5684 I artd    : OatFileAssistant test for existing oat file /data/dalvik-cache/arm64/data@user@0@com.google.android.gms@app_dg_cache@D2AC9CFD4880476FDBFF2B522714807D18BD24C0@the.apk@classes.dex: File /data/dalvik-cache/arm64/data@user@0@com.google.android.gms@app_dg_cache@D2AC9CFD4880476FDBFF2B522714807D18BD24C0@the.apk@classes.vdex does not exist.
03-16 16:32:22.494  5684  5684 I artd    : GetBestInfo checking odex next to the dex file (/data/user/0/com.google.android.gms/app_dg_cache/D2AC9CFD4880476FDBFF2B522714807D18BD24C0/oat/arm64/the.odex)
03-16 16:32:22.494  5684  5684 I artd    : Loading /data/user/0/com.google.android.gms/app_dg_cache/D2AC9CFD4880476FDBFF2B522714807D18BD24C0/oat/arm64/the.odex with executable: 0
