04-04 17:37:05.097 25048 25074 I TestRunner: started: testPreferencesDisplay(com.example.group8_bartertrader.SetPreferencesTest)
04-04 17:37:05.117 25048 25074 W Settings: Setting always_finish_activities has moved from android.provider.Settings.System to android.provider.Settings.Global, returning read-only value.
04-04 17:37:05.133   592  1018 V GrammaticalInflectionUtils: AttributionSource: android.content.AttributionSource@1eccfa0c does not have READ_SYSTEM_GRAMMATICAL_GENDER permission.
04-04 17:37:05.153   432   432 I BpBinder: onLastStrongRef automatically unlinking death recipients:
04-04 17:37:05.178  1078  1078 I TopTaskTracker: onTaskMovedToFront: (moved taskInfo to front) taskId=98, baseIntent=Intent { act=android.intent.action.MAIN cat=[android.intent.category.LAUNCHER] flg=0x10008000 cmp=com.example.group8_bartertrader/.SettingsActivity }
04-04 17:37:05.208 17252 22830 D EGL_emulation: app_time_stats: avg=5701.73ms min=8.52ms max=45434.79ms count=8
04-04 17:37:05.346 25048 25048 D AppCompatDelegate: Checking for metadata for AppLocalesMetadataHolderService : Service not found
04-04 17:37:05.351  4539  4554 E adservices.measurement: Consent notification has not been displayed.
04-04 17:37:05.351  4539  5171 W adservices: Skip logging because Cobalt logger is null
04-04 17:37:05.361 25048 25048 D LifecycleMonitor: Lifecycle status change: com.example.group8_bartertrader.SettingsActivity@8e79d50 in: PRE_ON_CREATE
04-04 17:37:05.362 25048 25048 V ActivityScenario: Activity lifecycle changed event received but ignored because the reported transition was not ON_CREATE while the last known transition was PRE_ON_CREATE
04-04 17:37:05.434 25048 25048 D CompatChangeReporter: Compat change id reported: 309578419; UID 10226; state: ENABLED
04-04 17:37:05.482 25048 25048 W p8_bartertrader: Accessing hidden method Landroid/view/ViewGroup;->makeOptionalFitsSystemWindows()V (unsupported, reflection, allowed)
04-04 17:37:05.536 15181 15181 D BoundBrokerSvc: onBind: Intent { act=com.google.android.gms.measurement.START pkg=com.google.android.gms }
04-04 17:37:05.537 15181 15181 D BoundBrokerSvc: Loading bound service for intent: Intent { act=com.google.android.gms.measurement.START pkg=com.google.android.gms }
04-04 17:37:05.545 25048 25048 D CompatChangeReporter: Compat change id reported: 63938206; UID 10226; state: ENABLED
04-04 17:37:05.570 25048 25073 I FA      : Tag Manager is not found and thus will not be used
04-04 17:37:05.775 25048 25048 E Preferences: User not authenticated
04-04 17:37:05.816 25048 25048 D LifecycleMonitor: Lifecycle status change: com.example.group8_bartertrader.SettingsActivity@8e79d50 in: CREATED
04-04 17:37:05.816 25048 25048 V ActivityScenario: Update currentActivityStage to CREATED, currentActivity=com.example.group8_bartertrader.SettingsActivity@8e79d50
04-04 17:37:05.822 25048 25048 D LifecycleMonitor: Lifecycle status change: com.example.group8_bartertrader.SettingsActivity@8e79d50 in: STARTED
04-04 17:37:05.823 25048 25048 V ActivityScenario: Update currentActivityStage to STARTED, currentActivity=com.example.group8_bartertrader.SettingsActivity@8e79d50
04-04 17:37:05.826 17252 17252 D VRI[UnauthenticatedMainActivity]: visibilityChanged oldVisibility=true newVisibility=false
04-04 17:37:05.827 25048 25048 D LifecycleMonitor: Lifecycle status change: com.example.group8_bartertrader.SettingsActivity@8e79d50 in: RESUMED
04-04 17:37:05.827 25048 25048 V ActivityScenario: Update currentActivityStage to RESUMED, currentActivity=com.example.group8_bartertrader.SettingsActivity@8e79d50
04-04 17:37:05.845 25048 25048 W HWUI    : Unknown dataspace 0
04-04 17:37:05.865  1158  2398 D TrafficStats: tagSocket(125) with statsTag=0x407, statsUid=-1
04-04 17:37:05.893 25048 25096 D TrafficStats: tagSocket(116) with statsTag=0xffffffff, statsUid=-1
04-04 17:37:05.914   432   451 W ServiceManagerCppClient: Permission failure: android.permission.ACCESS_SURFACE_FLINGER from uid=10226 pid=0
04-04 17:37:05.914   432   451 D PermissionCache: checking android.permission.ACCESS_SURFACE_FLINGER for uid=10226 => denied (852 us)
04-04 17:37:05.915   432   450 W ServiceManagerCppClient: Permission failure: android.permission.ACCESS_SURFACE_FLINGER from uid=10226 pid=25048
04-04 17:37:05.915   432   451 W ServiceManagerCppClient: Permission failure: android.permission.ROTATE_SURFACE_FLINGER from uid=10226 pid=0
04-04 17:37:05.915   432   451 D PermissionCache: checking android.permission.ROTATE_SURFACE_FLINGER for uid=10226 => denied (344 us)
04-04 17:37:05.915   432   450 D PermissionCache: checking android.permission.ACCESS_SURFACE_FLINGER for uid=10226 => denied (498 us)
04-04 17:37:05.915   432   451 W ServiceManagerCppClient: Permission failure: android.permission.INTERNAL_SYSTEM_WINDOW from uid=10226 pid=0
04-04 17:37:05.915   432   451 D PermissionCache: checking android.permission.INTERNAL_SYSTEM_WINDOW for uid=10226 => denied (435 us)
04-04 17:37:05.916   432   450 W ServiceManagerCppClient: Permission failure: android.permission.INTERNAL_SYSTEM_WINDOW from uid=10226 pid=25048
04-04 17:37:05.916   432   450 D PermissionCache: checking android.permission.INTERNAL_SYSTEM_WINDOW for uid=10226 => denied (1036 us)
04-04 17:37:05.918 25048 25085 I EGL_emulation: Opening libGLESv1_CM_emulation.so
04-04 17:37:05.924 25048 25085 I EGL_emulation: Opening libGLESv2_emulation.so
04-04 17:37:05.934 25048 25085 W HWUI    : Failed to choose config with EGL_SWAP_BEHAVIOR_PRESERVED, retrying without...
04-04 17:37:05.934 25048 25085 W HWUI    : Failed to initialize 101010-2 format, error = EGL_SUCCESS
04-04 17:37:06.008   162   162 I hwservicemanager: getTransport: Cannot find entry android.hardware.graphics.mapper@4.0::IMapper/default in either framework or device VINTF manifest.
04-04 17:37:06.009 25048 25085 I Gralloc4: mapper 4.x is not supported
04-04 17:37:06.146   592  1018 W ServiceManagerCppClient: Permission failure: android.permission.ACCESS_SURFACE_FLINGER from uid=10226 pid=0
04-04 17:37:06.146   592  1018 D PermissionCache: checking android.permission.ACCESS_SURFACE_FLINGER for uid=10226 => denied (177 us)
04-04 17:37:06.146   592  1018 W ServiceManagerCppClient: Permission failure: android.permission.ROTATE_SURFACE_FLINGER from uid=10226 pid=0
04-04 17:37:06.146   592  1018 D PermissionCache: checking android.permission.ROTATE_SURFACE_FLINGER for uid=10226 => denied (127 us)
04-04 17:37:06.146   592  1018 W ServiceManagerCppClient: Permission failure: android.permission.INTERNAL_SYSTEM_WINDOW from uid=10226 pid=0
04-04 17:37:06.146   592  1018 D PermissionCache: checking android.permission.INTERNAL_SYSTEM_WINDOW for uid=10226 => denied (108 us)
04-04 17:37:06.149   592   618 W ziparchive: Unable to open '/data/app/~~Wetc0S6Eu69-SDiAjNt9tw==/com.example.group8_bartertrader-aIy0paU-RDVs2x5MjFCXnw==/base.dm': No such file or directory
04-04 17:37:06.150   592   618 I ActivityTaskManager: Displayed com.example.group8_bartertrader/.SettingsActivity for user 0: +1s18ms
04-04 17:37:06.181 15181 25105 D AdvertisingIdClient: AdvertisingIdClient already created.
04-04 17:37:06.182 15181 25105 D AdvertisingIdClient: AdvertisingIdClient is not bounded. Starting to bind it...
04-04 17:37:06.194   592   721 I ImeTracker: com.example.group8_bartertrader:d66e2af4: onRequestHide at ORIGIN_SERVER reason HIDE_UNSPECIFIED_WINDOW fromUser false
04-04 17:37:06.195   592   721 I ImeTracker: com.example.group8_bartertrader:d66e2af4: onCancelled at PHASE_SERVER_SHOULD_HIDE
04-04 17:37:06.197 15181 25105 D AdvertisingIdClient: AdvertisingIdClient is bounded
04-04 17:37:06.203 11423 11423 I GoogleInputMethodService: GoogleInputMethodService.onFinishInput():2043
04-04 17:37:06.208 11423 11423 I Module  : DeviceLockedStatusModuleProvider$Module.updateDeviceLockedStatus():100 repeatCheckTimes = 0, locked = false
04-04 17:37:06.209 15181 25105 I AdvertisingIdClient: shouldSendLog 27884636
04-04 17:37:06.209 11423 11423 I GoogleInputMethodService: GoogleInputMethodService.onStartInput():1293 onStartInput(EditorInfo{EditorInfo{packageName=com.example.group8_bartertrader, inputType=0, inputTypeString=NULL, enableLearning=false, autoCorrection=false, autoComplete=false, imeOptions=0, privateImeOptions=null, actionName=UNSPECIFIED, actionLabel=null, initialSelStart=-1, initialSelEnd=-1, initialCapsMode=0, label=null, fieldId=0, fieldName=null, extras=null, hintText=null, hintLocales=[]}}, false)
04-04 17:37:06.210 15181 25105 I AdvertisingIdClient: GetInfoInternal elapse 27ms
04-04 17:37:06.213 11423 11423 I Module  : DeviceLockedStatusModuleProvider$Module.updateDeviceLockedStatus():100 repeatCheckTimes = 1, locked = false
04-04 17:37:06.249 17252 17252 W WindowOnBackDispatcher: sendCancelIfRunning: isInProgress=false callback=ou@a669fd9
04-04 17:37:06.255 25048 25074 I FirebaseAuth: Logging in as testemail@email.com with empty reCAPTCHA token
04-04 17:37:06.266 25048 25074 E Preferences: User not authenticated
04-04 17:37:06.274 17252 22824 I Finsky  : [177] argc.K(184): Package com.google.android.gms is verified.
04-04 17:37:06.277 15181 25105 W FA-SVC  : Service response is missing Install Referrer install timestamp
04-04 17:37:06.280 25048 25077 W System  : Ignoring header X-Firebase-Locale because its value was null.
04-04 17:37:06.288 17252 17252 I Finsky  : [2] zhz.onTrimMemory(11): Memory trim requested to level 20
04-04 17:37:06.288 17252 17252 I Finsky  : [2] adut.accept(139): Flushing in-memory image cache
04-04 17:37:06.316 25048 25077 D TrafficStats: tagSocket(132) with statsTag=0xffffffff, statsUid=-1
04-04 17:37:06.323 25048 25074 W FileTestStorage: Output properties is not supported.
04-04 17:37:06.325 25048 25074 I Tracing : Tracer added: class androidx.test.platform.tracing.AndroidXTracer
04-04 17:37:06.328  1158 25036 W NetworkScheduler: Error inserting flex_time=0 job_id=-1 period=2000 source=16 requires_charging=0 preferred_network_type=1 target_class=com.google.android.gms.measurement.PackageMeasurementTaskService user_id=0 target_package=com.google.android.gms tag=Measurement.PackageMeasurementTaskService.UPLOAD_TASK_TAG task_type=0 required_idleness_state=0 service_kind=0 source_version=250933000 persistence_level=1 preferred_charging_state=1 required_network_type=0 runtime=1743799026315 retry_strategy={"maximum_backoff_seconds":{"3600":0},"initial_backoff_seconds":{"30":0},"retry_policy":{"0":0}} last_runtime=0 [CONTEXT service_id=218 ]
04-04 17:37:06.328  1158 25036 W NetworkScheduler: android.database.sqlite.SQLiteConstraintException: UNIQUE constraint failed: pending_ops.tag, pending_ops.target_class, pending_ops.target_package, pending_ops.user_id (code 2067 SQLITE_CONSTRAINT_UNIQUE)
04-04 17:37:06.328  1158 25036 W NetworkScheduler: 	at android.database.sqlite.SQLiteConnection.nativeExecuteForLastInsertedRowId(Native Method)
04-04 17:37:06.328  1158 25036 W NetworkScheduler: 	at android.database.sqlite.SQLiteConnection.executeForLastInsertedRowId(SQLiteConnection.java:974)
04-04 17:37:06.328  1158 25036 W NetworkScheduler: 	at android.database.sqlite.SQLiteSession.executeForLastInsertedRowId(SQLiteSession.java:814)
04-04 17:37:06.328  1158 25036 W NetworkScheduler: 	at android.database.sqlite.SQLiteStatement.executeInsert(SQLiteStatement.java:89)
04-04 17:37:06.328  1158 25036 W NetworkScheduler: 	at android.database.sqlite.SQLiteDatabase.insertWithOnConflict(SQLiteDatabase.java:1981)
04-04 17:37:06.328  1158 25036 W NetworkScheduler: 	at android.database.sqlite.SQLiteDatabase.insertOrThrow(SQLiteDatabase.java:1875)
04-04 17:37:06.328  1158 25036 W NetworkScheduler: 	at drtf.d(:com.google.android.gms@250933038@25.09.33 (260800-736501638):727)
04-04 17:37:06.328  1158 25036 W NetworkScheduler: 	at drqk.n(:com.google.android.gms@250933038@25.09.33 (260800-736501638):29)
04-04 17:37:06.328  1158 25036 W NetworkScheduler: 	at drqk.u(:com.google.android.gms@250933038@25.09.33 (260800-736501638):364)
04-04 17:37:06.328  1158 25036 W NetworkScheduler: 	at drqk.h(:com.google.android.gms@250933038@25.09.33 (260800-736501638):51)
04-04 17:37:06.328  1158 25036 W NetworkScheduler: 	at drkz.run(:com.google.android.gms@250933038@25.09.33 (260800-736501638):72)
04-04 17:37:06.328  1158 25036 W NetworkScheduler: 	at atlu.c(:com.google.android.gms@250933038@25.09.33 (260800-736501638):50)
04-04 17:37:06.328  1158 25036 W NetworkScheduler: 	at atlu.run(:com.google.android.gms@250933038@25.09.33 (260800-736501638):76)
04-04 17:37:06.328  1158 25036 W NetworkScheduler: 	at java.util.concurrent.ThreadPoolExecutor.runWorker(ThreadPoolExecutor.java:1145)
04-04 17:37:06.328  1158 25036 W NetworkScheduler: 	at java.util.concurrent.ThreadPoolExecutor$Worker.run(ThreadPoolExecutor.java:644)
04-04 17:37:06.328  1158 25036 W NetworkScheduler: 	at atrh.run(:com.google.android.gms@250933038@25.09.33 (260800-736501638):8)
04-04 17:37:06.328  1158 25036 W NetworkScheduler: 	at java.lang.Thread.run(Thread.java:1012)
04-04 17:37:06.345  1158  1464 I FontLog : (REDACTED) Received query %s, URI %s
04-04 17:37:06.346  1158  1464 I FontLog : (REDACTED) Query [%s] resolved to %s
04-04 17:37:06.348  1158  1464 I FontLog : (REDACTED) Fetch %s end status %s
04-04 17:37:06.362  1158  2320 I FontLog : (REDACTED) Pulling font file for id = %d, cache size = %d
04-04 17:37:06.366  1158  1464 I FontLog : (REDACTED) Pulling font file for id = %d, cache size = %d
04-04 17:37:06.372 25048 25074 D EventInjectionStrategy: Creating injection strategy with input manager.
04-04 17:37:06.372 25048 25074 W p8_bartertrader: Accessing hidden method Landroid/hardware/input/InputManager;->getInstance()Landroid/hardware/input/InputManager; (unsupported, reflection, allowed)
04-04 17:37:06.374 25048 25074 W p8_bartertrader: Accessing hidden method Landroid/hardware/input/InputManager;->injectInputEvent(Landroid/view/InputEvent;I)Z (unsupported, reflection, allowed)
04-04 17:37:06.374 25048 25074 W p8_bartertrader: Accessing hidden field Landroid/hardware/input/InputManager;->INJECT_INPUT_EVENT_MODE_WAIT_FOR_FINISH:I (unsupported, reflection, allowed)
04-04 17:37:06.386  1158 24702 W NetworkScheduler: Error inserting flex_time=9000 job_id=-1 period=20000 source=16 requires_charging=0 preferred_network_type=1 target_class=com.google.android.gms.measurement.PackageMeasurementTaskService user_id=0 target_package=com.google.android.gms tag=Measurement.PackageMeasurementTaskService.UPLOAD_TASK_TAG task_type=0 required_idleness_state=0 service_kind=0 source_version=250933000 persistence_level=1 preferred_charging_state=1 required_network_type=0 runtime=1743799026381 retry_strategy={"maximum_backoff_seconds":{"3600":0},"initial_backoff_seconds":{"30":0},"retry_policy":{"0":0}} last_runtime=0 [CONTEXT service_id=218 ]
04-04 17:37:06.386  1158 24702 W NetworkScheduler: android.database.sqlite.SQLiteConstraintException: UNIQUE constraint failed: pending_ops.tag, pending_ops.target_class, pending_ops.target_package, pending_ops.user_id (code 2067 SQLITE_CONSTRAINT_UNIQUE)
04-04 17:37:06.386  1158 24702 W NetworkScheduler: 	at android.database.sqlite.SQLiteConnection.nativeExecuteForLastInsertedRowId(Native Method)
04-04 17:37:06.386  1158 24702 W NetworkScheduler: 	at android.database.sqlite.SQLiteConnection.executeForLastInsertedRowId(SQLiteConnection.java:974)
04-04 17:37:06.386  1158 24702 W NetworkScheduler: 	at android.database.sqlite.SQLiteSession.executeForLastInsertedRowId(SQLiteSession.java:814)
04-04 17:37:06.386  1158 24702 W NetworkScheduler: 	at android.database.sqlite.SQLiteStatement.executeInsert(SQLiteStatement.java:89)
04-04 17:37:06.386  1158 24702 W NetworkScheduler: 	at android.database.sqlite.SQLiteDatabase.insertWithOnConflict(SQLiteDatabase.java:1981)
04-04 17:37:06.386  1158 24702 W NetworkScheduler: 	at android.database.sqlite.SQLiteDatabase.insertOrThrow(SQLiteDatabase.java:1875)
04-04 17:37:06.386  1158 24702 W NetworkScheduler: 	at drtf.d(:com.google.android.gms@250933038@25.09.33 (260800-736501638):727)
04-04 17:37:06.386  1158 24702 W NetworkScheduler: 	at drqk.n(:com.google.android.gms@250933038@25.09.33 (260800-736501638):29)
04-04 17:37:06.386  1158 24702 W NetworkScheduler: 	at drqk.u(:com.google.android.gms@250933038@25.09.33 (260800-736501638):364)
04-04 17:37:06.386  1158 24702 W NetworkScheduler: 	at drqk.h(:com.google.android.gms@250933038@25.09.33 (260800-736501638):51)
04-04 17:37:06.386  1158 24702 W NetworkScheduler: 	at drkz.run(:com.google.android.gms@250933038@25.09.33 (260800-736501638):72)
04-04 17:37:06.386  1158 24702 W NetworkScheduler: 	at atlu.c(:com.google.android.gms@250933038@25.09.33 (260800-736501638):50)
04-04 17:37:06.386  1158 24702 W NetworkScheduler: 	at atlu.run(:com.google.android.gms@250933038@25.09.33 (260800-736501638):76)
04-04 17:37:06.386  1158 24702 W NetworkScheduler: 	at java.util.concurrent.ThreadPoolExecutor.runWorker(ThreadPoolExecutor.java:1145)
04-04 17:37:06.386  1158 24702 W NetworkScheduler: 	at java.util.concurrent.ThreadPoolExecutor$Worker.run(ThreadPoolExecutor.java:644)
04-04 17:37:06.386  1158 24702 W NetworkScheduler: 	at atrh.run(:com.google.android.gms@250933038@25.09.33 (260800-736501638):8)
04-04 17:37:06.386  1158 24702 W NetworkScheduler: 	at java.lang.Thread.run(Thread.java:1012)
04-04 17:37:06.401  1158 25112 W NetworkScheduler: Error inserting flex_time=9000 job_id=-1 period=20000 source=16 requires_charging=0 preferred_network_type=1 target_class=com.google.android.gms.measurement.PackageMeasurementTaskService user_id=0 target_package=com.google.android.gms tag=Measurement.PackageMeasurementTaskService.UPLOAD_TASK_TAG task_type=0 required_idleness_state=0 service_kind=0 source_version=250933000 persistence_level=1 preferred_charging_state=1 required_network_type=0 runtime=1743799026397 retry_strategy={"maximum_backoff_seconds":{"3600":0},"initial_backoff_seconds":{"30":0},"retry_policy":{"0":0}} last_runtime=0 [CONTEXT service_id=218 ]
04-04 17:37:06.401  1158 25112 W NetworkScheduler: android.database.sqlite.SQLiteConstraintException: UNIQUE constraint failed: pending_ops.tag, pending_ops.target_class, pending_ops.target_package, pending_ops.user_id (code 2067 SQLITE_CONSTRAINT_UNIQUE)
04-04 17:37:06.401  1158 25112 W NetworkScheduler: 	at android.database.sqlite.SQLiteConnection.nativeExecuteForLastInsertedRowId(Native Method)
04-04 17:37:06.401  1158 25112 W NetworkScheduler: 	at android.database.sqlite.SQLiteConnection.executeForLastInsertedRowId(SQLiteConnection.java:974)
04-04 17:37:06.401  1158 25112 W NetworkScheduler: 	at android.database.sqlite.SQLiteSession.executeForLastInsertedRowId(SQLiteSession.java:814)
04-04 17:37:06.401  1158 25112 W NetworkScheduler: 	at android.database.sqlite.SQLiteStatement.executeInsert(SQLiteStatement.java:89)
04-04 17:37:06.401  1158 25112 W NetworkScheduler: 	at android.database.sqlite.SQLiteDatabase.insertWithOnConflict(SQLiteDatabase.java:1981)
04-04 17:37:06.401  1158 25112 W NetworkScheduler: 	at android.database.sqlite.SQLiteDatabase.insertOrThrow(SQLiteDatabase.java:1875)
04-04 17:37:06.401  1158 25112 W NetworkScheduler: 	at drtf.d(:com.google.android.gms@250933038@25.09.33 (260800-736501638):727)
04-04 17:37:06.401  1158 25112 W NetworkScheduler: 	at drqk.n(:com.google.android.gms@250933038@25.09.33 (260800-736501638):29)
04-04 17:37:06.401  1158 25112 W NetworkScheduler: 	at drqk.u(:com.google.android.gms@250933038@25.09.33 (260800-736501638):364)
04-04 17:37:06.401  1158 25112 W NetworkScheduler: 	at drqk.h(:com.google.android.gms@250933038@25.09.33 (260800-736501638):51)
04-04 17:37:06.401  1158 25112 W NetworkScheduler: 	at drkz.run(:com.google.android.gms@250933038@25.09.33 (260800-736501638):72)
04-04 17:37:06.401  1158 25112 W NetworkScheduler: 	at atlu.c(:com.google.android.gms@250933038@25.09.33 (260800-736501638):50)
04-04 17:37:06.401  1158 25112 W NetworkScheduler: 	at atlu.run(:com.google.android.gms@250933038@25.09.33 (260800-736501638):76)
04-04 17:37:06.401  1158 25112 W NetworkScheduler: 	at java.util.concurrent.ThreadPoolExecutor.runWorker(ThreadPoolExecutor.java:1145)
04-04 17:37:06.401  1158 25112 W NetworkScheduler: 	at java.util.concurrent.ThreadPoolExecutor$Worker.run(ThreadPoolExecutor.java:644)
04-04 17:37:06.401  1158 25112 W NetworkScheduler: 	at atrh.run(:com.google.android.gms@250933038@25.09.33 (260800-736501638):8)
04-04 17:37:06.401  1158 25112 W NetworkScheduler: 	at java.lang.Thread.run(Thread.java:1012)
04-04 17:37:06.421 25048 25048 W p8_bartertrader: Accessing hidden method Landroid/os/MessageQueue;->next()Landroid/os/Message; (unsupported, reflection, allowed)
04-04 17:37:06.423 25048 25048 W p8_bartertrader: Accessing hidden field Landroid/os/MessageQueue;->mMessages:Landroid/os/Message; (unsupported, reflection, allowed)
04-04 17:37:06.424 25048 25048 W p8_bartertrader: Accessing hidden method Landroid/os/Message;->recycleUnchecked()V (unsupported, reflection, allowed)
04-04 17:37:06.430 18287 18325 W WindowOnBackDispatcher: sendCancelIfRunning: isInProgress=false callback=android.view.ViewRootImpl$$ExternalSyntheticLambda11@8803f9b
04-04 17:37:06.431   592  1803 W InputManager-JNI: Input channel object 'd109bdd Splash Screen com.example.group8_bartertrader (client)' was disposed without first being removed with the input manager!
04-04 17:37:06.458 25048 25048 I ViewInteraction: Checking 'MatchesViewAssertion{viewMatcher=an instance of android.widget.TextView and view.getText() with or without transformation to match: is "No preferences set"}' assertion on view view.getId() is <2131296668/com.example.group8_bartertrader:id/preferencesSummary>
04-04 17:37:06.470 25048 25074 I UiAutomation: Initialized for user 0 on display 0
04-04 17:37:06.482  2082  4438 I AiAiEcho: Settings changed for uri: content://settings/secure/accessibility_enabled
04-04 17:37:06.484   592   592 W IPCThreadState: Sending oneway calls to frozen process.
04-04 17:37:06.484   592   592 W IPCThreadState: Sending oneway calls to frozen process.
04-04 17:37:06.484   592   592 W IPCThreadState: Sending oneway calls to frozen process.
04-04 17:37:06.485  2082  2152 I AiAiEcho: Predicting[0]:  [CONTEXT sampling_count=5 ]
04-04 17:37:06.485  2082  2152 I AiAiEcho: EchoTargets:
04-04 17:37:06.485  2082  2152 I AiAiEcho: Filtered by AiAi flag check:
04-04 17:37:06.485  2082  2152 I AiAiEcho: [CONTEXT ratelimit_period="10 SECONDS" ]
04-04 17:37:06.485  2082  2152 I AiAiEcho: Ranked targets strategy: SORT, count: 0, ranking metadata:  [CONTEXT ratelimit_period="10 SECONDS" ]
04-04 17:37:06.486   592   592 W IPCThreadState: Sending oneway calls to frozen process.
04-04 17:37:06.487   592   592 W IPCThreadState: Sending oneway calls to frozen process.
04-04 17:37:06.487   592   592 W IPCThreadState: Sending oneway calls to frozen process.
04-04 17:37:06.488   592   592 W IPCThreadState: Sending oneway calls to frozen process.
04-04 17:37:06.488   592   592 W IPCThreadState: Sending oneway calls to frozen process.
04-04 17:37:06.489   592   592 W IPCThreadState: Sending oneway calls to frozen process.
04-04 17:37:06.496  2082  2152 I AiAiEcho: #remoteViewsTwiddler: feature disabled.
04-04 17:37:06.496  2082  2152 I AiAiEcho: Predicting[0]:  [CONTEXT sampling_count=5 ]
04-04 17:37:06.496  2082  2152 I AiAiEcho: EchoTargets:
04-04 17:37:06.496  2082  2152 I AiAiEcho: Filtered by AiAi flag check:
04-04 17:37:06.496  2082  2152 I AiAiEcho: [CONTEXT ratelimit_period="10 SECONDS" ]
04-04 17:37:06.496  2082  2152 I AiAiEcho: Ranked targets strategy: SORT, count: 0, ranking metadata:  [CONTEXT ratelimit_period="10 SECONDS" ]
04-04 17:37:06.497  2082  2152 I AiAiEcho: #remoteViewsTwiddler: feature disabled.
04-04 17:37:06.497  2082  2152 I AiAiEcho: Predicting[0]:  [CONTEXT sampling_count=5 ]
04-04 17:37:06.497  2082  2152 I AiAiEcho: EchoTargets:
04-04 17:37:06.497  2082  2152 I AiAiEcho: Filtered by AiAi flag check:
04-04 17:37:06.497  2082  2152 I AiAiEcho: [CONTEXT ratelimit_period="10 SECONDS" ]
04-04 17:37:06.497  2082  2152 I AiAiEcho: Ranked targets strategy: SORT, count: 0, ranking metadata:  [CONTEXT ratelimit_period="10 SECONDS" ]
04-04 17:37:06.497  2082  2152 I AiAiEcho: #remoteViewsTwiddler: feature disabled.
04-04 17:37:06.497  2082  2152 I AiAiEcho: #postPredictionTargets: Sending updates to UISurface home with targets# 0 (types=[])
04-04 17:37:06.502  2082  2152 I AiAiEcho: #postPredictionTargets: Sending updates to UISurface media_data_manager with targets# 0 (types=[])
04-04 17:37:06.503  2082  2152 I AiAiEcho: #postPredictionTargets: Sending updates to UISurface lockscreen with targets# 0 (types=[])
04-04 17:37:06.507  1078  1078 D SsBaseTemplateCard: No text view can be set up
04-04 17:37:06.507  1078  1078 D SsBaseTemplateCard: Passed-in item info is null
04-04 17:37:06.507  1078  1078 D SsBaseTemplateCard: Passed-in item info is null
04-04 17:37:06.507  1078  1078 D SsBaseTemplateCard: Passed-in item info is null
04-04 17:37:06.507  1078  1078 I SsBaseTemplateCard: Secondary card pane is null
04-04 17:37:06.508 14568 14589 I alar    : NGA disabled since it's running Panthera and at least one a11y feature is on.
04-04 17:37:06.508 14568 14589 I alar    : (REDACTED) Nga state changed to %s
04-04 17:37:06.508 14568 14589 I alar    : (REDACTED) isTngActive=%s
04-04 17:37:06.514 18287 18287 D SsMediaDataProvider: Forwarding Smartspace updates []
04-04 17:37:06.514 18287 18287 W PageIndicator: Total number of pages invalid: 0. Assuming 1 page.
04-04 17:37:06.518  9191  9283 I thj     : (REDACTED) Nga on-device enabled based on TNG:MA active state: %b
04-04 17:37:06.519  9191  9283 I thj     : (REDACTED) Nga on-device enabled based on TNG:MA active state: %b
04-04 17:37:06.550 25048 25048 D DeviceCapture: Found 1 global views to redraw
04-04 17:37:06.558 25048 25119 D FCM Token: Token: cjb9AwvASfeM-5ExiMkkyt:APA91bGdrORxthFMG12yeESMGGcD_YJ1HbyYoSRUMEZym64PQQWzgO1MlcIQyGnCmZBVRlqFtC3i35FLbkcAUfmcnaZ9P-gOBY6kKXKqW7OSxef_-TR3850
04-04 17:37:06.573 25048 25048 I forceRedraw: FrameCommitCallback complete
04-04 17:37:06.581 25048 25077 W System  : Ignoring header X-Firebase-Locale because its value was null.
04-04 17:37:06.641 18287 18334 D EGL_emulation: app_time_stats: avg=3374.98ms min=130.50ms max=6619.47ms count=2
04-04 17:37:06.751 25048 25048 I DeviceCapture: got bitmap, returning
04-04 17:37:06.755 25048 25074 D FileTestStorage: openOutputFile from /sdcard/Android/media/com.example.group8_bartertrader/additional_test_output/view-op-error-1.png
04-04 17:37:06.766 25048 25077 D FirebaseAuth: Notifying id token listeners about user ( 3X7ZSyXYZVW2v5CxHcen1R5HzfF2 ).
04-04 17:37:06.767 25048 25077 D FirebaseAuth: Notifying auth state listeners about user ( 3X7ZSyXYZVW2v5CxHcen1R5HzfF2 ).
04-04 17:37:06.769  2762  3536 W MediaProvider: isAppCloneUserPair for user 0: false
04-04 17:37:06.851  1158 24702 I NetworkScheduler.Stats: (REDACTED) Task %s/%s started execution. cause:%s exec_start_elapsed_seconds: %s
04-04 17:37:06.856  1158 25112 I NetworkScheduler.Stats: (REDACTED) Task %s/%s finished executing. cause:%s result: %s elapsed_millis: %s uptime_millis: %s exec_start_elapsed_seconds: %s
04-04 17:37:06.996 25048 25053 I p8_bartertrader: Compiler allocated 4219KB to compile void android.widget.TextView.<init>(android.content.Context, android.util.AttributeSet, int, int)
04-04 17:37:07.038 25048 25048 I ViewInteraction: Checking 'MatchesViewAssertion{viewMatcher=an instance of android.widget.TextView and view.getText() with or without transformation to match: is "No preferences set"}' assertion on view view.getId() is <2131296668/com.example.group8_bartertrader:id/preferencesSummary>
04-04 17:37:07.042 25048 25048 D DeviceCapture: Found 1 global views to redraw
04-04 17:37:07.057 25048 25048 I forceRedraw: FrameCommitCallback complete
04-04 17:37:07.305 25048 25048 I DeviceCapture: got bitmap, returning
04-04 17:37:07.306 25048 25074 D FileTestStorage: openOutputFile from /sdcard/Android/media/com.example.group8_bartertrader/additional_test_output/view-op-error-2.png
04-04 17:37:07.308  2762  3076 W MediaProvider: isAppCloneUserPair for user 0: false
04-04 17:37:07.448 25048 25053 I p8_bartertrader: Compiler allocated 5174KB to compile void android.view.ViewRootImpl.performTraversals()
04-04 17:37:07.514 25048 25048 I ViewInteraction: Checking 'MatchesViewAssertion{viewMatcher=an instance of android.widget.TextView and view.getText() with or without transformation to match: is "No preferences set"}' assertion on view view.getId() is <2131296668/com.example.group8_bartertrader:id/preferencesSummary>
04-04 17:37:07.519 25048 25048 D DeviceCapture: Found 1 global views to redraw
04-04 17:37:07.539 25048 25085 D EGL_emulation: app_time_stats: avg=110.25ms min=2.99ms max=483.84ms count=12
04-04 17:37:07.539 25048 25048 I forceRedraw: FrameCommitCallback complete
04-04 17:37:07.609 24861 24873 I AidlLazyServiceRegistrar: Process has 0 (of 2 available) client(s) in use after notification android.system.virtualizationmaintenance has clients: 0
04-04 17:37:07.609 24861 24873 I AidlLazyServiceRegistrar: Trying to shut down the service. No clients in use for any service in process.
04-04 17:37:07.614 24861 24873 I AidlLazyServiceRegistrar: Unregistered all clients and exiting
04-04 17:37:07.781 25048 25048 I DeviceCapture: got bitmap, returning
04-04 17:37:07.781 25048 25074 D FileTestStorage: openOutputFile from /sdcard/Android/media/com.example.group8_bartertrader/additional_test_output/view-op-error-3.png
04-04 17:37:07.785  2762  4553 W MediaProvider: isAppCloneUserPair for user 0: false
04-04 17:37:07.998 25048 25048 I ViewInteraction: Checking 'MatchesViewAssertion{viewMatcher=an instance of android.widget.TextView and view.getText() with or without transformation to match: is "No preferences set"}' assertion on view view.getId() is <2131296668/com.example.group8_bartertrader:id/preferencesSummary>
04-04 17:37:08.014 25048 25048 D DeviceCapture: Found 1 global views to redraw
04-04 17:37:08.022 25048 25048 I forceRedraw: FrameCommitCallback complete
04-04 17:37:08.235 25048 25048 I DeviceCapture: got bitmap, returning
04-04 17:37:08.239 25048 25074 D FileTestStorage: openOutputFile from /sdcard/Android/media/com.example.group8_bartertrader/additional_test_output/view-op-error-4.png
04-04 17:37:08.245  2762  3075 W MediaProvider: isAppCloneUserPair for user 0: false
04-04 17:37:08.436 25048 25048 I ViewInteraction: Checking 'MatchesViewAssertion{viewMatcher=an instance of android.widget.TextView and view.getText() with or without transformation to match: is "No preferences set"}' assertion on view view.getId() is <2131296668/com.example.group8_bartertrader:id/preferencesSummary>
04-04 17:37:08.440 25048 25048 D DeviceCapture: Found 1 global views to redraw
04-04 17:37:08.455 25048 25048 I forceRedraw: FrameCommitCallback complete
04-04 17:37:08.527 25048 25048 I DeviceCapture: got bitmap, returning
04-04 17:37:08.528 25048 25074 D FileTestStorage: openOutputFile from /sdcard/Android/media/com.example.group8_bartertrader/additional_test_output/view-op-error-5.png
04-04 17:37:08.531  2762  3075 W MediaProvider: isAppCloneUserPair for user 0: false
04-04 17:37:08.725 25048 25048 I ViewInteraction: Checking 'MatchesViewAssertion{viewMatcher=an instance of android.widget.TextView and view.getText() with or without transformation to match: is "No preferences set"}' assertion on view view.getId() is <2131296668/com.example.group8_bartertrader:id/preferencesSummary>
04-04 17:37:08.727 25048 25048 D DeviceCapture: Found 1 global views to redraw
04-04 17:37:08.740 25048 25085 D EGL_emulation: app_time_stats: avg=400.22ms min=284.75ms max=482.68ms count=3
04-04 17:37:08.740 25048 25048 I forceRedraw: FrameCommitCallback complete
04-04 17:37:08.792 25048 25048 I DeviceCapture: got bitmap, returning
04-04 17:37:08.793 25048 25074 D FileTestStorage: openOutputFile from /sdcard/Android/media/com.example.group8_bartertrader/additional_test_output/view-op-error-6.png
04-04 17:37:08.798  2762  3075 W MediaProvider: isAppCloneUserPair for user 0: false
04-04 17:37:08.987 25048 25048 I ViewInteraction: Checking 'MatchesViewAssertion{viewMatcher=an instance of android.widget.TextView and view.getText() with or without transformation to match: is "No preferences set"}' assertion on view view.getId() is <2131296668/com.example.group8_bartertrader:id/preferencesSummary>
04-04 17:37:08.990 25048 25048 D DeviceCapture: Found 1 global views to redraw
04-04 17:37:09.005 25048 25048 I forceRedraw: FrameCommitCallback complete
04-04 17:37:09.070 25048 25048 I DeviceCapture: got bitmap, returning
04-04 17:37:09.072 25048 25074 D FileTestStorage: openOutputFile from /sdcard/Android/media/com.example.group8_bartertrader/additional_test_output/view-op-error-7.png
04-04 17:37:09.074  2762  3075 W MediaProvider: isAppCloneUserPair for user 0: false
04-04 17:37:09.263 25048 25048 I ViewInteraction: Checking 'MatchesViewAssertion{viewMatcher=an instance of android.widget.TextView and view.getText() with or without transformation to match: is "No preferences set"}' assertion on view view.getId() is <2131296668/com.example.group8_bartertrader:id/preferencesSummary>
04-04 17:37:09.267 25048 25048 D DeviceCapture: Found 1 global views to redraw
04-04 17:37:09.272 25048 25048 I forceRedraw: FrameCommitCallback complete
04-04 17:37:09.332 25048 25048 I DeviceCapture: got bitmap, returning
04-04 17:37:09.332 25048 25074 D FileTestStorage: openOutputFile from /sdcard/Android/media/com.example.group8_bartertrader/additional_test_output/view-op-error-8.png
04-04 17:37:09.336  2762  3076 W MediaProvider: isAppCloneUserPair for user 0: false
04-04 17:37:09.526   592  1804 V GrammaticalInflectionUtils: AttributionSource: android.content.AttributionSource@2081d2ab does not have READ_SYSTEM_GRAMMATICAL_GENDER permission.
04-04 17:37:09.536   432   432 I BpBinder: onLastStrongRef automatically unlinking death recipients:
04-04 17:37:09.539 25048 25048 D LifecycleMonitor: Lifecycle status change: com.example.group8_bartertrader.SettingsActivity@8e79d50 in: PAUSED
04-04 17:37:09.539 25048 25048 V ActivityScenario: Update currentActivityStage to PAUSED, currentActivity=com.example.group8_bartertrader.SettingsActivity@8e79d50
04-04 17:37:09.539   592   621 V GrammaticalInflectionUtils: AttributionSource: android.content.AttributionSource@2081d2ab does not have READ_SYSTEM_GRAMMATICAL_GENDER permission.
04-04 17:37:09.540  1078  1078 I TopTaskTracker: onTaskMovedToFront: (moved taskInfo to front) taskId=99, baseIntent=Intent { act=android.intent.action.MAIN cat=[android.intent.category.LAUNCHER] flg=0x10000000 cmp=com.example.group8_bartertrader.test/androidx.test.core.app.InstrumentationActivityInvoker$EmptyActivity }
04-04 17:37:09.551   370   370 D Zygote  : Forked child process 25121
04-04 17:37:09.581 25121 25121 I rtertrader.test: Late-enabling -Xcheck:jni
04-04 17:37:09.601 25121 25121 I rtertrader.test: Using CollectorTypeCMC GC.
04-04 17:37:09.602 25121 25121 W rtertrader.test: Unexpected CPU variant for x86: x86_64.
04-04 17:37:09.602 25121 25121 W rtertrader.test: Known variants: atom, sandybridge, silvermont, goldmont, goldmont-plus, goldmont-without-sha-xsaves, tremont, kabylake, default
04-04 17:37:09.610 25121 25121 D nativeloader: Load libframework-connectivity-tiramisu-jni.so using APEX ns com_android_tethering for caller /apex/com.android.tethering/javalib/framework-connectivity-t.jar: ok
04-04 17:37:09.620   448   470 I adbd    : jdwp connection from 25121
04-04 17:37:09.700 18287 18334 D EGL_emulation: app_time_stats: avg=293.35ms min=1.65ms max=2907.92ms count=10
04-04 17:37:09.709 25121 25121 D ApplicationLoaders: Returning zygote-cached class loader: /system/framework/android.test.base.jar
04-04 17:37:09.717 25121 25121 D nativeloader: Configuring clns-7 for other apk /system/framework/android.test.mock.jar. target_sdk_version=35, uses_libraries=ALL, library_path=/data/app/~~SClJK3gqK00YGCMd3eYOqg==/com.example.group8_bartertrader.test-8dryVjt1UHXF1PaQLQMB7w==/lib/x86_64, permitted_path=/data:/mnt/expand:/data/user/0/com.example.group8_bartertrader.test
04-04 17:37:09.717  1158 25112 W NetworkScheduler: Error inserting flex_time=6000 job_id=-1 period=14000 source=16 requires_charging=0 preferred_network_type=1 target_class=com.google.android.gms.measurement.PackageMeasurementTaskService user_id=0 target_package=com.google.android.gms tag=Measurement.PackageMeasurementTaskService.UPLOAD_TASK_TAG task_type=0 required_idleness_state=0 service_kind=0 source_version=250933000 persistence_level=1 preferred_charging_state=1 required_network_type=0 runtime=1743799029709 retry_strategy={"maximum_backoff_seconds":{"3600":0},"initial_backoff_seconds":{"30":0},"retry_policy":{"0":0}} last_runtime=0 [CONTEXT service_id=218 ]
04-04 17:37:09.717  1158 25112 W NetworkScheduler: android.database.sqlite.SQLiteConstraintException: UNIQUE constraint failed: pending_ops.tag, pending_ops.target_class, pending_ops.target_package, pending_ops.user_id (code 2067 SQLITE_CONSTRAINT_UNIQUE)
04-04 17:37:09.717  1158 25112 W NetworkScheduler: 	at android.database.sqlite.SQLiteConnection.nativeExecuteForLastInsertedRowId(Native Method)
04-04 17:37:09.717  1158 25112 W NetworkScheduler: 	at android.database.sqlite.SQLiteConnection.executeForLastInsertedRowId(SQLiteConnection.java:974)
04-04 17:37:09.717  1158 25112 W NetworkScheduler: 	at android.database.sqlite.SQLiteSession.executeForLastInsertedRowId(SQLiteSession.java:814)
04-04 17:37:09.717  1158 25112 W NetworkScheduler: 	at android.database.sqlite.SQLiteStatement.executeInsert(SQLiteStatement.java:89)
04-04 17:37:09.717  1158 25112 W NetworkScheduler: 	at android.database.sqlite.SQLiteDatabase.insertWithOnConflict(SQLiteDatabase.java:1981)
04-04 17:37:09.717  1158 25112 W NetworkScheduler: 	at android.database.sqlite.SQLiteDatabase.insertOrThrow(SQLiteDatabase.java:1875)
04-04 17:37:09.717  1158 25112 W NetworkScheduler: 	at drtf.d(:com.google.android.gms@250933038@25.09.33 (260800-736501638):727)
04-04 17:37:09.717  1158 25112 W NetworkScheduler: 	at drqk.n(:com.google.android.gms@250933038@25.09.33 (260800-736501638):29)
04-04 17:37:09.717  1158 25112 W NetworkScheduler: 	at drqk.u(:com.google.android.gms@250933038@25.09.33 (260800-736501638):364)
04-04 17:37:09.717  1158 25112 W NetworkScheduler: 	at drqk.h(:com.google.android.gms@250933038@25.09.33 (260800-736501638):51)
04-04 17:37:09.717  1158 25112 W NetworkScheduler: 	at drkz.run(:com.google.android.gms@250933038@25.09.33 (260800-736501638):72)
04-04 17:37:09.717  1158 25112 W NetworkScheduler: 	at atlu.c(:com.google.android.gms@250933038@25.09.33 (260800-736501638):50)
04-04 17:37:09.717  1158 25112 W NetworkScheduler: 	at atlu.run(:com.google.android.gms@250933038@25.09.33 (260800-736501638):76)
04-04 17:37:09.717  1158 25112 W NetworkScheduler: 	at java.util.concurrent.ThreadPoolExecutor.runWorker(ThreadPoolExecutor.java:1145)
04-04 17:37:09.717  1158 25112 W NetworkScheduler: 	at java.util.concurrent.ThreadPoolExecutor$Worker.run(ThreadPoolExecutor.java:644)
04-04 17:37:09.717  1158 25112 W NetworkScheduler: 	at atrh.run(:com.google.android.gms@250933038@25.09.33 (260800-736501638):8)
04-04 17:37:09.717  1158 25112 W NetworkScheduler: 	at java.lang.Thread.run(Thread.java:1012)
04-04 17:37:09.723 25121 25121 D ApplicationLoaders: Returning zygote-cached class loader: /system/framework/android.test.base.jar
04-04 17:37:09.731 25121 25121 D nativeloader: Configuring clns-8 for other apk /system/framework/android.test.runner.jar. target_sdk_version=35, uses_libraries=ALL, library_path=/data/app/~~SClJK3gqK00YGCMd3eYOqg==/com.example.group8_bartertrader.test-8dryVjt1UHXF1PaQLQMB7w==/lib/x86_64, permitted_path=/data:/mnt/expand:/data/user/0/com.example.group8_bartertrader.test
04-04 17:37:09.732 25121 25121 W ziparchive: Unable to open '/data/app/~~SClJK3gqK00YGCMd3eYOqg==/com.example.group8_bartertrader.test-8dryVjt1UHXF1PaQLQMB7w==/base.dm': No such file or directory
04-04 17:37:09.732 25121 25121 W ziparchive: Unable to open '/data/app/~~SClJK3gqK00YGCMd3eYOqg==/com.example.group8_bartertrader.test-8dryVjt1UHXF1PaQLQMB7w==/base.dm': No such file or directory
04-04 17:37:09.745 25048 25085 D EGL_emulation: app_time_stats: avg=120.87ms min=1.89ms max=372.60ms count=8
04-04 17:37:09.763 25121 25121 D nativeloader: Configuring clns-9 for other apk /data/app/~~SClJK3gqK00YGCMd3eYOqg==/com.example.group8_bartertrader.test-8dryVjt1UHXF1PaQLQMB7w==/base.apk. target_sdk_version=35, uses_libraries=, library_path=/data/app/~~SClJK3gqK00YGCMd3eYOqg==/com.example.group8_bartertrader.test-8dryVjt1UHXF1PaQLQMB7w==/lib/x86_64, permitted_path=/data:/mnt/expand:/data/user/0/com.example.group8_bartertrader.test
04-04 17:37:09.768 25121 25121 D CompatChangeReporter: Compat change id reported: 202956589; UID 10227; state: ENABLED
04-04 17:37:09.781 25121 25121 V GraphicsEnvironment: Currently set values for:
04-04 17:37:09.781 25121 25121 V GraphicsEnvironment:   angle_gl_driver_selection_pkgs=[]
04-04 17:37:09.781 25121 25121 V GraphicsEnvironment:   angle_gl_driver_selection_values=[]
04-04 17:37:09.781 25121 25121 V GraphicsEnvironment: Global.Settings values are invalid: number of packages: 0, number of values: 0
04-04 17:37:09.781 25121 25121 V GraphicsEnvironment: Neither updatable production driver nor prerelease driver is supported.
04-04 17:37:09.843 25121 25121 D CompatChangeReporter: Compat change id reported: 279646685; UID 10227; state: ENABLED
04-04 17:37:09.852 25121 25121 D CompatChangeReporter: Compat change id reported: 309578419; UID 10227; state: ENABLED
04-04 17:37:09.878 25121 25121 W HWUI    : Unknown dataspace 0
04-04 17:37:09.892  1078  1078 I TopTaskTracker: onTaskMovedToFront: (moved taskInfo to front) taskId=87, baseIntent=Intent { act=android.intent.action.MAIN flg=0x10000000 cmp=com.android.vending/com.google.android.finsky.unauthenticated.activity.UnauthenticatedMainActivity }
04-04 17:37:09.898   432   451 W ServiceManagerCppClient: Permission failure: android.permission.ACCESS_SURFACE_FLINGER from uid=10227 pid=0
04-04 17:37:09.898   432   451 D PermissionCache: checking android.permission.ACCESS_SURFACE_FLINGER for uid=10227 => denied (185 us)
04-04 17:37:09.899   432   451 W ServiceManagerCppClient: Permission failure: android.permission.ROTATE_SURFACE_FLINGER from uid=10227 pid=0
04-04 17:37:09.899   432   451 D PermissionCache: checking android.permission.ROTATE_SURFACE_FLINGER for uid=10227 => denied (458 us)
04-04 17:37:09.899   432   835 W ServiceManagerCppClient: Permission failure: android.permission.ROTATE_SURFACE_FLINGER from uid=10227 pid=25121
04-04 17:37:09.899   432   835 D PermissionCache: checking android.permission.ROTATE_SURFACE_FLINGER for uid=10227 => denied (376 us)
04-04 17:37:09.900   432   835 W ServiceManagerCppClient: Permission failure: android.permission.INTERNAL_SYSTEM_WINDOW from uid=10227 pid=25121
04-04 17:37:09.900   432   835 D PermissionCache: checking android.permission.INTERNAL_SYSTEM_WINDOW for uid=10227 => denied (673 us)
04-04 17:37:09.901   432   451 W ServiceManagerCppClient: Permission failure: android.permission.INTERNAL_SYSTEM_WINDOW from uid=10227 pid=0
04-04 17:37:09.901   432   451 D PermissionCache: checking android.permission.INTERNAL_SYSTEM_WINDOW for uid=10227 => denied (2141 us)
04-04 17:37:09.908 25121 25136 I EGL_emulation: Opening libGLESv1_CM_emulation.so
04-04 17:37:09.909 25121 25136 I EGL_emulation: Opening libGLESv2_emulation.so
04-04 17:37:09.917 25121 25136 W HWUI    : Failed to choose config with EGL_SWAP_BEHAVIOR_PRESERVED, retrying without...
04-04 17:37:09.917 25121 25136 W HWUI    : Failed to initialize 101010-2 format, error = EGL_SUCCESS
04-04 17:37:09.991   162   162 I hwservicemanager: getTransport: Cannot find entry android.hardware.graphics.mapper@4.0::IMapper/default in either framework or device VINTF manifest.
04-04 17:37:09.991 25121 25136 I Gralloc4: mapper 4.x is not supported
04-04 17:37:10.063   592  1804 W ServiceManagerCppClient: Permission failure: android.permission.ACCESS_SURFACE_FLINGER from uid=10227 pid=0
04-04 17:37:10.063   592  1804 D PermissionCache: checking android.permission.ACCESS_SURFACE_FLINGER for uid=10227 => denied (110 us)
04-04 17:37:10.063   592  1804 W ServiceManagerCppClient: Permission failure: android.permission.ROTATE_SURFACE_FLINGER from uid=10227 pid=0
04-04 17:37:10.064   592  1804 D PermissionCache: checking android.permission.ROTATE_SURFACE_FLINGER for uid=10227 => denied (99 us)
04-04 17:37:10.064   592  1804 W ServiceManagerCppClient: Permission failure: android.permission.INTERNAL_SYSTEM_WINDOW from uid=10227 pid=0
04-04 17:37:10.064   592  1804 D PermissionCache: checking android.permission.INTERNAL_SYSTEM_WINDOW for uid=10227 => denied (83 us)
04-04 17:37:10.083 17252 17252 D VRI[UnauthenticatedMainActivity]: visibilityChanged oldVisibility=false newVisibility=true
04-04 17:37:10.085   592  1802 D FileUtils: Rounded bytes from 8332312576 to 16000000000
04-04 17:37:10.186 25048 25048 D VRI[SettingsActivity]: visibilityChanged oldVisibility=true newVisibility=false
04-04 17:37:10.212   592   721 I ImeTracker: com.android.vending:863dc0d8: onRequestHide at ORIGIN_SERVER reason HIDE_UNSPECIFIED_WINDOW fromUser false
04-04 17:37:10.212   592   721 I ImeTracker: com.android.vending:863dc0d8: onCancelled at PHASE_SERVER_SHOULD_HIDE
04-04 17:37:10.214 11423 11423 I GoogleInputMethodService: GoogleInputMethodService.onFinishInput():2043
04-04 17:37:10.215 11423 11423 I Module  : DeviceLockedStatusModuleProvider$Module.updateDeviceLockedStatus():100 repeatCheckTimes = 0, locked = false
04-04 17:37:10.217 25048 25048 D LifecycleMonitor: Lifecycle status change: com.example.group8_bartertrader.SettingsActivity@8e79d50 in: STOPPED
04-04 17:37:10.217 25048 25048 V ActivityScenario: Update currentActivityStage to STOPPED, currentActivity=com.example.group8_bartertrader.SettingsActivity@8e79d50
04-04 17:37:10.221 25048 25048 D LifecycleMonitor: Lifecycle status change: com.example.group8_bartertrader.SettingsActivity@8e79d50 in: DESTROYED
04-04 17:37:10.221 25048 25048 V ActivityScenario: Update currentActivityStage to DESTROYED, currentActivity=null
04-04 17:37:10.221 25048 25048 W WindowOnBackDispatcher: sendCancelIfRunning: isInProgress=false callback=android.view.ViewRootImpl$$ExternalSyntheticLambda11@4a0c319
04-04 17:37:10.224 11423 11423 I GoogleInputMethodService: GoogleInputMethodService.onStartInput():1293 onStartInput(EditorInfo{EditorInfo{packageName=com.android.vending, inputType=0, inputTypeString=NULL, enableLearning=false, autoCorrection=false, autoComplete=false, imeOptions=0, privateImeOptions=null, actionName=UNSPECIFIED, actionLabel=null, initialSelStart=-1, initialSelEnd=-1, initialCapsMode=0, label=null, fieldId=0, fieldName=null, extras=null, hintText=null, hintLocales=[]}}, false)
04-04 17:37:10.225 25048 25074 E TestRunner: failed: testPreferencesDisplay(com.example.group8_bartertrader.SetPreferencesTest)
04-04 17:37:10.225 11423 11423 I Module  : DeviceLockedStatusModuleProvider$Module.updateDeviceLockedStatus():100 repeatCheckTimes = 1, locked = false
04-04 17:37:10.228 25048 25074 E TestRunner: ----- begin exception -----
04-04 17:37:10.228 25048 25074 E TestRunner: java.lang.AssertionError: Timed out waiting for text: No preferences set
04-04 17:37:10.228 25048 25074 E TestRunner: 	at com.example.group8_bartertrader.SetPreferencesTest.waitForText(SetPreferencesTest.java:81)
04-04 17:37:10.228 25048 25074 E TestRunner: 	at com.example.group8_bartertrader.SetPreferencesTest.testPreferencesDisplay(SetPreferencesTest.java:52)
04-04 17:37:10.228 25048 25074 E TestRunner: 	at java.lang.reflect.Method.invoke(Native Method)
04-04 17:37:10.228 25048 25074 E TestRunner: 	at org.junit.runners.model.FrameworkMethod$1.runReflectiveCall(FrameworkMethod.java:59)
04-04 17:37:10.228 25048 25074 E TestRunner: 	at org.junit.internal.runners.model.ReflectiveCallable.run(ReflectiveCallable.java:12)
04-04 17:37:10.228 25048 25074 E TestRunner: 	at org.junit.runners.model.FrameworkMethod.invokeExplosively(FrameworkMethod.java:56)
04-04 17:37:10.228 25048 25074 E TestRunner: 	at org.junit.internal.runners.statements.InvokeMethod.evaluate(InvokeMethod.java:17)
04-04 17:37:10.228 25048 25074 E TestRunner: 	at androidx.test.internal.runner.junit4.statement.RunBefores.evaluate(RunBefores.java:80)
04-04 17:37:10.228 25048 25074 E TestRunner: 	at org.junit.rules.ExternalResource$1.evaluate(ExternalResource.java:54)
04-04 17:37:10.228 25048 25074 E TestRunner: 	at org.junit.runners.ParentRunner$3.evaluate(ParentRunner.java:306)
04-04 17:37:10.228 25048 25074 E TestRunner: 	at org.junit.runners.BlockJUnit4ClassRunner$1.evaluate(BlockJUnit4ClassRunner.java:100)
04-04 17:37:10.228 25048 25074 E TestRunner: 	at org.junit.runners.ParentRunner.runLeaf(ParentRunner.java:366)
04-04 17:37:10.228 25048 25074 E TestRunner: 	at org.junit.runners.BlockJUnit4ClassRunner.runChild(BlockJUnit4ClassRunner.java:103)
04-04 17:37:10.228 25048 25074 E TestRunner: 	at org.junit.runners.BlockJUnit4ClassRunner.runChild(BlockJUnit4ClassRunner.java:63)
04-04 17:37:10.228 25048 25074 E TestRunner: 	at org.junit.runners.ParentRunner$4.run(ParentRunner.java:331)
04-04 17:37:10.228 25048 25074 E TestRunner: 	at org.junit.runners.ParentRunner$1.schedule(ParentRunner.java:79)
04-04 17:37:10.228 25048 25074 E TestRunner: 	at org.junit.runners.ParentRunner.runChildren(ParentRunner.java:329)
04-04 17:37:10.228 25048 25074 E TestRunner: 	at org.junit.runners.ParentRunner.access$100(ParentRunner.java:66)
04-04 17:37:10.228 25048 25074 E TestRunner: 	at org.junit.runners.ParentRunner$2.evaluate(ParentRunner.java:293)
04-04 17:37:10.228 25048 25074 E TestRunner: 	at org.junit.runners.ParentRunner$3.evaluate(ParentRunner.java:306)
04-04 17:37:10.228 25048 25074 E TestRunner: 	at org.junit.runners.ParentRunner.run(ParentRunner.java:413)
