03-14 23:08:18.287  5384  5403 W .apps.wellbeing: ApkAssets: Deleting an ApkAssets object '<empty> and /system/priv-app/CallLogBackup/CallLogBackup.apk' with 1 weak references
03-14 23:08:18.287  5384  5403 W .apps.wellbeing: ApkAssets: Deleting an ApkAssets object '<empty> and /product/priv-app/PartnerSetupPrebuilt/PartnerSetupPrebuilt.apk' with 1 weak references
03-14 23:08:18.288  5384  5403 W .apps.wellbeing: ApkAssets: Deleting an ApkAssets object '<empty> and /system/app/CameraExtensionsProxy/CameraExtensionsProxy.apk' with 1 weak references
03-14 23:08:18.288  5384  5403 W .apps.wellbeing: ApkAssets: Deleting an ApkAssets object '<empty> and /product/app/NexusWallpapersStubPrebuilt2018/NexusWallpapersStubPrebuilt2018.apk' with 1 weak references
03-14 23:08:18.289  5384  5403 W .apps.wellbeing: ApkAssets: Deleting an ApkAssets object '<empty> and /system_ext/priv-app/NexusLauncherRelease/NexusLauncherRelease.apk' with 1 weak references
03-14 23:08:18.290  5384  5403 W .apps.wellbeing: ApkAssets: Deleting an ApkAssets object '<empty> and /system/app/CarrierDefaultApp/CarrierDefaultApp.apk' with 1 weak references
03-14 23:08:18.289   620   758 I ImeTracker: com.example.group8_bartertrader:fffaa45: onRequestHide at ORIGIN_SERVER reason HIDE_UNSPECIFIED_WINDOW fromUser false
03-14 23:08:18.292   620   758 I ImeTracker: com.example.group8_bartertrader:fffaa45: onCancelled at PHASE_SERVER_SHOULD_HIDE
03-14 23:08:18.292  5384  5403 W .apps.wellbeing: ApkAssets: Deleting an ApkAssets object '<empty> and /system/priv-app/CredentialManager/CredentialManager.apk' with 1 weak references
03-14 23:08:18.292  5384  5403 W .apps.wellbeing: ApkAssets: Deleting an ApkAssets object '<empty> and /product/overlay/FontNotoSerifSource/FontNotoSerifSourceOverlay.apk' with 1 weak references
03-14 23:08:18.293  5384  5403 W .apps.wellbeing: ApkAssets: Deleting an ApkAssets object '<empty> and /system/priv-app/DeviceAsWebcam/DeviceAsWebcam.apk' with 1 weak references
03-14 23:08:18.294  5384  5403 W .apps.wellbeing: ApkAssets: Deleting an ApkAssets object '<empty> and /system/priv-app/ProxyHandler/ProxyHandler.apk' with 1 weak references
03-14 23:08:18.294  5384  5403 W .apps.wellbeing: ApkAssets: Deleting an ApkAssets object '<empty> and /apex/com.android.permission/priv-app/GoogleSafetyCenterResources@350820360/GoogleSafetyCenterResources.apk' with 1 weak references
03-14 23:08:18.295  5384  5403 W .apps.wellbeing: ApkAssets: Deleting an ApkAssets object '<empty> and /product/overlay/DisplayCutoutEmulationWaterfall/DisplayCutoutEmulationWaterfallOverlay.apk' with 1 weak references
03-14 23:08:18.296  5384  5403 W .apps.wellbeing: ApkAssets: Deleting an ApkAssets object '<empty> and /system/priv-app/IntentResolver/IntentResolver.apk' with 1 weak references
03-14 23:08:18.297  1381  1381 I GoogleInputMethodService: GoogleInputMethodService.onFinishInput():3157
03-14 23:08:18.301  5384  5403 W .apps.wellbeing: ApkAssets: Deleting an ApkAssets object '<empty> and /product/overlay/TransparentNavigationBar/TransparentNavigationBarOverlay.apk' with 1 weak references
03-14 23:08:18.301  1381  1381 I GoogleInputMethodService: GoogleInputMethodService.updateDeviceLockedStatus():2248 repeatCheckTimes = 0, locked = false
03-14 23:08:18.301  5384  5403 W .apps.wellbeing: ApkAssets: Deleting an ApkAssets object '<empty> and /system/priv-app/E2eeContactKeysProvider/E2eeContactKeysProvider.apk' with 1 weak references
03-14 23:08:18.303  1381  1381 I GoogleInputMethodService: GoogleInputMethodService.onStartInput():1986 onStartInput(EditorInfo{EditorInfo{packageName=com.example.group8_bartertrader, inputType=0, inputTypeString=NULL, enableLearning=false, autoCorrection=false, autoComplete=false, imeOptions=0, privateImeOptions=null, actionName=UNSPECIFIED, actionLabel=null, initialSelStart=-1, initialSelEnd=-1, initialCapsMode=0, label=null, fieldId=0, fieldName=null, extras=null, hintText=null, hintLocales=[]}}, false)
03-14 23:08:18.306  5384  5403 W .apps.wellbeing: ApkAssets: Deleting an ApkAssets object '<empty> and /apex/com.android.tethering/priv-app/ServiceConnectivityResourcesGoogle@350820300/ServiceConnectivityResourcesGoogle.apk' with 1 weak references
03-14 23:08:18.307  5384  5403 W .apps.wellbeing: ApkAssets: Deleting an ApkAssets object '/vendor/overlay/goldfish_overlay_connectivity_google.apk' with 1 weak references
03-14 23:08:18.308  1381  1381 I GoogleInputMethodService: GoogleInputMethodService.updateDeviceLockedStatus():2248 repeatCheckTimes = 1, locked = false
03-14 23:08:18.309  5384  5403 W .apps.wellbeing: ApkAssets: Deleting an ApkAssets object '<empty> and /system_ext/priv-app/GoogleFeedback/GoogleFeedback.apk' with 1 weak references
03-14 23:08:18.310  5384  5403 W .apps.wellbeing: ApkAssets: Deleting an ApkAssets object '<empty> and /system/app/GooglePrintRecommendationService/GooglePrintRecommendationService.apk' with 1 weak references
03-14 23:08:18.311  1381  1381 I AndroidIME: InputBundleManager.loadActiveInputBundleId():450 loadActiveInputBundleId: und-Latn-x-password, password
03-14 23:08:18.311  5384  5403 W .apps.wellbeing: ApkAssets: Deleting an ApkAssets object '<empty> and /product/app/Photos/Photos.apk' with 1 weak references
03-14 23:08:18.314  5384  5403 W .apps.wellbeing: ApkAssets: Deleting an ApkAssets object '<empty> and /product/app/CalendarGooglePrebuilt/CalendarGooglePrebuilt.apk' with 1 weak references
03-14 23:08:18.316  5384  5403 W .apps.wellbeing: ApkAssets: Deleting an ApkAssets object '<empty> and /system/priv-app/ManagedProvisioning/ManagedProvisioning.apk' with 1 weak references
03-14 23:08:18.317  5384  5403 W .apps.wellbeing: ApkAssets: Deleting an ApkAssets object '<empty> and /system/priv-app/SoundPicker/SoundPicker.apk' with 1 weak references
03-14 23:08:18.317  5384  5403 W .apps.wellbeing: ApkAssets: Deleting an ApkAssets object '<empty> and /system/priv-app/DocumentsUIGoogle/DocumentsUIGoogle.apk' with 1 weak references
03-14 23:08:18.318  5384  5403 W .apps.wellbeing: ApkAssets: Deleting an ApkAssets object '<empty> and /data/app/~~C_i0W2L1kLLmd2SbVXFcJg==/com.example.group8_bartertrader-2ytbDH00S7KKiamSUhKvEg==/base.apk' with 1 weak references
03-14 23:08:18.319  5384  5403 W .apps.wellbeing: ApkAssets: Deleting an ApkAssets object '<empty> and /product/app/PrebuiltGoogleTelemetryTvp/PrebuiltGoogleTelemetryTvp.apk' with 1 weak references
03-14 23:08:18.319  5384  5403 W .apps.wellbeing: ApkAssets: Deleting an ApkAssets object '<empty> and /system_ext/priv-app/MultiDisplayProvider/MultiDisplayProvider.apk' with 1 weak references
03-14 23:08:18.320  5384  5403 W .apps.wellbeing: ApkAssets: Deleting an ApkAssets object '<empty> and /system/priv-app/DeviceDiagnostics/DeviceDiagnostics.apk' with 1 weak references
03-14 23:08:18.322  5384  5403 W .apps.wellbeing: ApkAssets: Deleting an ApkAssets object '/product/overlay/DeviceDiagnostics__sdk_gphone64_x86_64__auto_generated_rro_product.apk' with 1 weak references
03-14 23:08:18.322  5384  5403 W .apps.wellbeing: ApkAssets: Deleting an ApkAssets object '<empty> and /product/overlay/NotesRoleEnabled/NotesRoleEnabledOverlay.apk' with 1 weak references
03-14 23:08:18.323  5384  5403 W .apps.wellbeing: ApkAssets: Deleting an ApkAssets object '<empty> and /system/priv-app/LiveWallpapersPicker/LiveWallpapersPicker.apk' with 1 weak references
03-14 23:08:18.324  5384  5403 W .apps.wellbeing: ApkAssets: Deleting an ApkAssets object '<empty> and /product/app/PrebuiltGoogleAdservicesTvp/PrebuiltGoogleAdservicesTvp.apk' with 1 weak references
03-14 23:08:18.324  5384  5403 W .apps.wellbeing: ApkAssets: Deleting an ApkAssets object '<empty> and /apex/com.android.healthfitness/priv-app/HealthConnectControllerGoogle@350820300/HealthConnectControllerGoogle.apk' with 1 weak references
03-14 23:08:18.325  5384  5403 W .apps.wellbeing: ApkAssets: Deleting an ApkAssets object '<empty> and /product/priv-app/KidsSupervisionStub/KidsSupervisionStub.apk' with 1 weak references
03-14 23:08:18.330  5384  5403 W .apps.wellbeing: ApkAssets: Deleting an ApkAssets object '<empty> and /system_ext/priv-app/StorageManager/StorageManager.apk' with 1 weak references
03-14 23:08:18.331  5384  5403 W .apps.wellbeing: ApkAssets: Deleting an ApkAssets object '/product/overlay/StorageManager__sdk_gphone64_x86_64__auto_generated_rro_product.apk' with 1 weak references
03-14 23:08:18.332  5384  5403 W .apps.wellbeing: ApkAssets: Deleting an ApkAssets object '<empty> and /data/app/~~izzbT2TQvsw5E7wj1o1NLQ==/ca.dal.cs.csci3130.a1-T2sccd974tlNe9nR6ertjw==/base.apk' with 1 weak references
03-14 23:08:18.334  5384  5403 W .apps.wellbeing: ApkAssets: Deleting an ApkAssets object '<empty> and /data/app/~~-e9eWQXo5U3AqvMPnvMsUw==/ca.dal.cs.csci3130.a2-LWOn9wax9K6tf3W75Pn22w==/base.apk' with 1 weak references
03-14 23:08:18.335  5384  5403 W .apps.wellbeing: ApkAssets: Deleting an ApkAssets object '<empty> and /system/app/BookmarkProvider/BookmarkProvider.apk' with 1 weak references
03-14 23:08:18.337  5384  5403 W .apps.wellbeing: ApkAssets: Deleting an ApkAssets object '<empty> and /system_ext/priv-app/SettingsGoogle/SettingsGoogle.apk' with 1 weak references
03-14 23:08:18.340  5384  5403 W .apps.wellbeing: ApkAssets: Deleting an ApkAssets object '/product/overlay/SettingsGoogle__sdk_gphone64_x86_64__auto_generated_rro_product.apk' with 1 weak references
03-14 23:08:18.347  5384  5403 W .apps.wellbeing: ApkAssets: Deleting an ApkAssets object '<empty> and /product/priv-app/SettingsIntelligenceGooglePrebuilt/SettingsIntelligenceGooglePrebuilt.apk' with 1 weak references
03-14 23:08:18.350  5384  5403 W .apps.wellbeing: ApkAssets: Deleting an ApkAssets object '<empty> and /apex/com.android.uwb/priv-app/ServiceUwbResourcesGoogle@350820300/ServiceUwbResourcesGoogle.apk' with 1 weak references
03-14 23:08:18.352  5384  5403 W .apps.wellbeing: ApkAssets: Deleting an ApkAssets object '<empty> and /apex/com.android.wifi/priv-app/ServiceWifiResourcesGoogle@350820300/ServiceWifiResourcesGoogle.apk' with 1 weak references
03-14 23:08:18.355  5384  5403 W .apps.wellbeing: ApkAssets: Deleting an ApkAssets object '<empty> and /system_ext/priv-app/ThemePicker/ThemePicker.apk' with 1 weak references
03-14 23:08:18.357  5384  5403 W .apps.wellbeing: ApkAssets: Deleting an ApkAssets object '<empty> and /system_ext/priv-app/WallpaperPickerGoogleRelease/WallpaperPickerGoogleRelease.apk' with 1 weak references
03-14 23:08:18.359  5384  5403 W .apps.wellbeing: ApkAssets: Deleting an ApkAssets object '<empty> and /product/priv-app/OdadPrebuilt/OdadPrebuilt.apk' with 1 weak references
03-14 23:08:18.361  5384  5403 W .apps.wellbeing: ApkAssets: Deleting an ApkAssets object '<empty> and /system/priv-app/TeleService/TeleService.apk' with 1 weak references
03-14 23:08:18.373  5384  5403 W .apps.wellbeing: ApkAssets: Deleting an ApkAssets object '/vendor/overlay/TeleService__sdk_gphone64_x86_64__auto_generated_rro_vendor.apk' with 1 weak references
03-14 23:08:18.375  5384  5403 W .apps.wellbeing: ApkAssets: Deleting an ApkAssets object '/product/overlay/TeleService__sdk_gphone64_x86_64__auto_generated_rro_product.apk' with 1 weak references
03-14 23:08:18.377  5384  5403 W .apps.wellbeing: ApkAssets: Deleting an ApkAssets object '<empty> and /system/priv-app/Shell/Shell.apk' with 1 weak references
03-14 23:08:18.379  5384  5403 W .apps.wellbeing: ApkAssets: Deleting an ApkAssets object '<empty> and /system/priv-app/BlockedNumberProvider/BlockedNumberProvider.apk' with 1 weak references
03-14 23:08:18.384  5384  5403 W .apps.wellbeing: ApkAssets: Deleting an ApkAssets object '<empty> and /system/priv-app/UserDictionaryProvider/UserDictionaryProvider.apk' with 1 weak references
03-14 23:08:18.385  5384  5403 W .apps.wellbeing: ApkAssets: Deleting an ApkAssets object '<empty> and /system_ext/app/EmergencyInfoGoogleNoUi/EmergencyInfoGoogleNoUi.apk' with 1 weak references
03-14 23:08:18.389   400 19609 W android.hardware.audio@7.1-impl.ranchu: pcmWrite:259 pcm_writei failed with 'cannot read/write stream data: I/O error' (-1)
03-14 23:08:18.389   400 19609 E android.hardware.audio@7.1-impl.ranchu: pcmWrite:260 failure: -1
03-14 23:08:18.395  5384  5403 W .apps.wellbeing: ApkAssets: Deleting an ApkAssets object '<empty> and /product/overlay/NavigationBarModeGestural/NavigationBarModeGesturalOverlay.apk' with 1 weak references
03-14 23:08:18.395  5384  5403 W .apps.wellbeing: ApkAssets: Deleting an ApkAssets object '<empty> and /system/priv-app/FusedLocation/FusedLocation.apk' with 1 weak references
03-14 23:08:18.396  5384  5403 W .apps.wellbeing: ApkAssets: Deleting an ApkAssets object '<empty> and /system_ext/priv-app/SystemUIGoogle/SystemUIGoogle.apk' with 1 weak references
03-14 23:08:18.401  5384  5403 W .apps.wellbeing: ApkAssets: Deleting an ApkAssets object '/vendor/overlay/SystemUIGoogle__sdk_gphone64_x86_64__auto_generated_rro_vendor.apk' with 1 weak references
03-14 23:08:18.407  5384  5403 W .apps.wellbeing: ApkAssets: Deleting an ApkAssets object '/product/overlay/SystemUIGoogle__sdk_gphone64_x86_64__auto_generated_rro_product.apk' with 1 weak references
03-14 23:08:18.412  5384  5403 W .apps.wellbeing: ApkAssets: Deleting an ApkAssets object '<empty> and /product/app/YouTubeMusicPrebuilt/YouTubeMusicPrebuilt.apk' with 1 weak references
03-14 23:08:18.420  5384  5403 W .apps.wellbeing: ApkAssets: Deleting an ApkAssets object '<empty> and /system/app/BluetoothMidiService/BluetoothMidiService.apk' with 1 weak references
03-14 23:08:18.423  5384  5403 W .apps.wellbeing: ApkAssets: Deleting an ApkAssets object '<empty> and /system/app/Traceur/Traceur.apk' with 1 weak references
03-14 23:08:18.426  5384  5403 W .apps.wellbeing: ApkAssets: Deleting an ApkAssets object '<empty> and /apex/com.android.cellbroadcast/priv-app/GoogleCellBroadcastApp@350820300/GoogleCellBroadcastApp.apk' with 1 weak references
03-14 23:08:18.432  5384  5403 W .apps.wellbeing: ApkAssets: Deleting an ApkAssets object '<empty> and /system/priv-app/ContactsProvider/ContactsProvider.apk' with 1 weak references
03-14 23:08:18.434  5384  5403 W .apps.wellbeing: ApkAssets: Deleting an ApkAssets object '/product/overlay/ContactsProvider__sdk_gphone64_x86_64__auto_generated_rro_product.apk' with 1 weak references
03-14 23:08:18.436  5384  5403 W .apps.wellbeing: ApkAssets: Deleting an ApkAssets object '<empty> and /product/app/LatinIMEGooglePrebuilt/LatinIMEGooglePrebuilt.apk' with 1 weak references
03-14 23:08:18.440  5384  5403 W .apps.wellbeing: ApkAssets: Deleting an ApkAssets object '<empty> and /product/priv-app/GoogleRestorePrebuilt-v526684/GoogleRestorePrebuilt-v526684.apk' with 1 weak references
03-14 23:08:18.491 19489 19507 I TestRunner: finished: testSettingsButton_Click(com.example.group8_bartertrader.ReceiverDashUITest)
