04-04 19:08:02.855   591  1006 W ServiceManagerCppClient: Permission failure: android.permission.ACCESS_SURFACE_FLINGER from uid=10263 pid=0
04-04 19:08:02.855   591  1006 D PermissionCache: checking android.permission.ACCESS_SURFACE_FLINGER for uid=10263 => denied (160 us)
04-04 19:08:02.855   591  1006 W ServiceManagerCppClient: Permission failure: android.permission.ROTATE_SURFACE_FLINGER from uid=10263 pid=0
04-04 19:08:02.855   591  1006 D PermissionCache: checking android.permission.ROTATE_SURFACE_FLINGER for uid=10263 => denied (28 us)
04-04 19:08:02.855   591  1006 W ServiceManagerCppClient: Permission failure: android.permission.INTERNAL_SYSTEM_WINDOW from uid=10263 pid=0
04-04 19:08:02.855   591  1006 D PermissionCache: checking android.permission.INTERNAL_SYSTEM_WINDOW for uid=10263 => denied (7 us)
04-04 19:08:02.858   591   627 W ziparchive: Unable to open '/data/app/~~lNLI65NhmS6cIagC6dv_bw==/com.example.group8_bartertrader-bNkEcGK8xYJGNwPK_uVzug==/base.dm': No such file or directory
04-04 19:08:02.875  1139  1139 D BaseDepthController: setSurface:
04-04 19:08:02.875  1139  1139 D BaseDepthController: 	mWaitingOnSurfaceValidity: false
04-04 19:08:02.875  1139  1139 D BaseDepthController: 	mSurface: null
04-04 19:08:02.876  1139  1139 D BaseDepthController: mSurface is null and mCurrentBlur is: 0
04-04 19:08:02.876   591   627 I ActivityTaskManager: Displayed com.example.group8_bartertrader/.ReceivedOfferActivity for user 0: +365ms
04-04 19:08:02.878  1139  1139 D StateManager: goToState - fromState: Normal, toState: Normal, partial trace:
04-04 19:08:02.878  1139  1139 D StateManager: 	at com.android.launcher3.statemanager.StateManager.moveToRestState(go/retraceme 2855a437b73635ce9cad76b9289087e631bbb67fc90008a0da13d343a00e5041:4)
04-04 19:08:02.878  1139  1139 D StateManager: 	at com.android.launcher3.statemanager.StateManager.moveToRestState(go/retraceme 2855a437b73635ce9cad76b9289087e631bbb67fc90008a0da13d343a00e5041:1)
04-04 19:08:02.878  1139  1139 D StateManager: 	at com.android.launcher3.statemanager.StatefulActivity.onStop(go/retraceme 2855a437b73635ce9cad76b9289087e631bbb67fc90008a0da13d343a00e5041:34)
04-04 19:08:02.879  5990  6015 W SurfaceComposerClient: Sync transaction timed out waiting for commit callback.
04-04 19:08:02.882  1139  1139 D StatsLog: LAUNCHER_ONSTOP
04-04 19:08:02.886   856   927 W WindowOnBackDispatcher: sendCancelIfRunning: isInProgress=false callback=android.view.ViewRootImpl$$ExternalSyntheticLambda11@e734a49
04-04 19:08:02.886  1139  1139 D StatsLog: LAUNCHER_GOOGLE_SEARCH_RESTORE_LIST_SIZE_AFTER_ACTIVITY_RESTART
04-04 19:08:02.886   591  1844 W InputManager-JNI: Input channel object '4e27833 Splash Screen com.example.group8_bartertrader (client)' was disposed without first being removed with the input manager!
04-04 19:08:02.888  1139  1675 D OneSearchSuggestProvider: Shut down the binder channel
04-04 19:08:02.890  1139  1475 I IPCThreadState: oneway function results for code 2 on binder at 0xb4000073df0df990 will be dropped but finished with status UNKNOWN_TRANSACTION
04-04 19:08:02.891   591   726 I ImeTracker: com.example.group8_bartertrader:689b4190: onRequestHide at ORIGIN_SERVER reason HIDE_UNSPECIFIED_WINDOW fromUser false
04-04 19:08:02.892   591   726 I ImeTracker: com.example.group8_bartertrader:689b4190: onCancelled at PHASE_SERVER_SHOULD_HIDE
04-04 19:08:02.899  5990  6015 W FileTestStorage: Output properties is not supported.
04-04 19:08:02.901  5990  6015 I Tracing : Tracer added: class androidx.test.platform.tracing.AndroidXTracer
04-04 19:08:02.911  5990  6015 D EventInjectionStrategy: Creating injection strategy with input manager.
04-04 19:08:02.912  5990  6015 W p8_bartertrader: Accessing hidden method Landroid/hardware/input/InputManager;->getInstance()Landroid/hardware/input/InputManager; (unsupported, reflection, allowed)
04-04 19:08:02.912  5990  6015 W p8_bartertrader: Accessing hidden method Landroid/hardware/input/InputManager;->injectInputEvent(Landroid/view/InputEvent;I)Z (unsupported, reflection, allowed)
04-04 19:08:02.912  5990  6015 W p8_bartertrader: Accessing hidden field Landroid/hardware/input/InputManager;->INJECT_INPUT_EVENT_MODE_WAIT_FOR_FINISH:I (unsupported, reflection, allowed)
04-04 19:08:02.917  1315  1315 I GoogleInputMethodService: GoogleInputMethodService.onFinishInput():2090
04-04 19:08:02.919  1315  1315 I Module  : DeviceLockedStatusModuleProvider$Module.updateDeviceLockedStatus():100 repeatCheckTimes = 0, locked = false
04-04 19:08:02.919  1315  1315 I GoogleInputMethodService: GoogleInputMethodService.onStartInput():1357 onStartInput(EditorInfo{EditorInfo{packageName=com.example.group8_bartertrader, inputType=0, inputTypeString=NULL, enableLearning=false, autoCorrection=false, autoComplete=false, imeOptions=0, privateImeOptions=null, actionName=UNSPECIFIED, actionLabel=null, initialSelStart=-1, initialSelEnd=-1, initialCapsMode=0, label=null, fieldId=0, fieldName=null, extras=null, hintText=null, hintLocales=[]}}, false)
04-04 19:08:02.921  1315  1315 I Module  : DeviceLockedStatusModuleProvider$Module.updateDeviceLockedStatus():100 repeatCheckTimes = 1, locked = false
04-04 19:08:02.931  5990  5990 W p8_bartertrader: Accessing hidden method Landroid/os/MessageQueue;->next()Landroid/os/Message; (unsupported, reflection, allowed)
04-04 19:08:02.931  5990  5990 W p8_bartertrader: Accessing hidden field Landroid/os/MessageQueue;->mMessages:Landroid/os/Message; (unsupported, reflection, allowed)
04-04 19:08:02.932  5990  5990 W p8_bartertrader: Accessing hidden method Landroid/os/Message;->recycleUnchecked()V (unsupported, reflection, allowed)
04-04 19:08:02.941  5990  5990 I ViewInteraction: Performing 'Wait for 3000 milliseconds.' action on view view.getRootView() to equal view
04-04 19:08:03.026  5990  5994 I p8_bartertrader: Compiler allocated 5250KB to compile void android.view.ViewRootImpl.performTraversals()
04-04 19:08:03.062  5990  5990 D DEBUG_FIREBASE: Data: DataSnapshot { key = Offers, value = {-OMmjlFGgNTbk4Po5wKl={offeredItemDescription=TestProduct, targetItemCategory=Vehicles, offeredItemName=TestProduct, targetItemName=Blue BMW M5, targetItemLocation=HALIFAX NOVA SCOTIA, offeredItemLocation=HALIFAX, targetItemDescription=Blue BMW, providerEmail=innis@gmail.com, receiverEmail=innis@gmail.com, targetItemId=-OLfQJWx-P2EiyykOW4k, offeredItemCategory=Electronics, status=Pending}, -OMX3e7jHiipVy4FnViz={offeredItemDescription=Description 123, targetItemCategory=Vehicles, offeredItemName=Junfa 123, targetItemName=Blue BMW M5, targetItemLocation=HALIFAX NOVA SCOTIA, offeredItemLocation=DARTMOUTH, NS, targetItemDescription=Blue BMW, providerEmail=innis@gmail.com, receiverEmail=testreset@gmail.com, targetItemId=-OLfQJWx-P2EiyykOW4k, offeredItemCategory=Electronics, status=Accepted}} }
04-04 19:08:03.062  5990  6072 W PersistentConnection: pc_0 - Using an unspecified index. Your data will be downloaded and filtered on the client. Consider adding '".indexOn": "providerEmail"' at Offers to your security and Firebase Database rules for better performance
04-04 19:08:03.067  5990  5990 D DEBUG_FIREBASE: Offer added: Junfa 123 Status: Accepted
04-04 19:08:03.068  5990  5990 D DEBUG_FIREBASE: Offer added: TestProduct Status: Pending
04-04 19:08:03.096  5990  5990 D DEBUG_ADAPTER: Bind offer: Junfa 123
04-04 19:08:03.096  5990  5990 D DEBUG_ADAPTER: Location: DARTMOUTH, NS
04-04 19:08:03.120  5990  5990 D DEBUG_ADAPTER: Bind offer: TestProduct
04-04 19:08:03.120  5990  5990 D DEBUG_ADAPTER: Location: HALIFAX
04-04 19:08:03.163   591   770 D InetDiagMessage: Destroyed 0 sockets, proto=IPPROTO_TCP, family=AF_INET, states=14
04-04 19:08:03.167   591   770 D InetDiagMessage: Destroyed 0 sockets, proto=IPPROTO_TCP, family=AF_INET6, states=14
04-04 19:08:03.167   591   770 D InetDiagMessage: Destroyed live tcp sockets for uids={10102} in 6ms
04-04 19:08:03.191  1093  1553 I FontLog : (REDACTED) Received query %s, URI %s
04-04 19:08:03.195  1093  1553 I FontLog : (REDACTED) Query [%s] resolved to %s
04-04 19:08:03.215  1093  1553 I FontLog : (REDACTED) Fetch %s end status %s
04-04 19:08:03.220  1093  2055 I FontLog : (REDACTED) Pulling font file for id = %d, cache size = %d
04-04 19:08:03.234  1093  2055 I FontLog : (REDACTED) Pulling font file for id = %d, cache size = %d
04-04 19:08:03.455  5990  6085 D ProfileInstaller: Installing profile for com.example.group8_bartertrader
04-04 19:08:05.967  5990  5990 I ViewInteraction: Performing 'actionOnItemAtPosition performing ViewAction: Click on a child view with specified id. on item at position: 0' action on view view.getId() is <2131296701/com.example.group8_bartertrader:id/receivedOffersRecyclerView>
04-04 19:08:06.011  5990  6015 W p8_bartertrader: Accessing hidden method Landroid/view/ViewConfiguration;->getDoubleTapMinTime()I (unsupported, reflection, allowed)
04-04 19:08:06.104  5990  6027 D EGL_emulation: app_time_stats: avg=539.83ms min=3.66ms max=2939.91ms count=6
04-04 19:08:06.130  5990  5990 I ViewInteraction: Performing 'single click' action on view an instance of android.widget.TextView and view.getText() with or without transformation to match: is "Accepted"
04-04 19:08:06.286  5990  5990 W WindowOnBackDispatcher: sendCancelIfRunning: isInProgress=false callback=android.view.ViewRootImpl$$ExternalSyntheticLambda11@2ebb8d
04-04 19:08:06.290   591  1844 W InputManager-JNI: Input channel object '9ee08b2 PopupWindow:68a9fb6 (client)' was disposed without first being removed with the input manager!
04-04 19:08:06.298   591   726 I ImeTracker: com.example.group8_bartertrader:44f627ed: onRequestHide at ORIGIN_SERVER reason HIDE_SAME_WINDOW_FOCUSED_WITHOUT_EDITOR fromUser false
04-04 19:08:06.299   591   726 I ImeTracker: com.example.group8_bartertrader:44f627ed: onCancelled at PHASE_SERVER_SHOULD_HIDE
04-04 19:08:06.301  1315  1315 I GoogleInputMethodService: GoogleInputMethodService.onFinishInput():2090
04-04 19:08:06.302  1315  1315 I Module  : DeviceLockedStatusModuleProvider$Module.updateDeviceLockedStatus():100 repeatCheckTimes = 0, locked = false
04-04 19:08:06.303  1315  1315 I GoogleInputMethodService: GoogleInputMethodService.onStartInput():1357 onStartInput(EditorInfo{EditorInfo{packageName=com.example.group8_bartertrader, inputType=0, inputTypeString=NULL, enableLearning=false, autoCorrection=false, autoComplete=false, imeOptions=0, privateImeOptions=null, actionName=UNSPECIFIED, actionLabel=null, initialSelStart=-1, initialSelEnd=-1, initialCapsMode=0, label=null, fieldId=0, fieldName=null, extras=null, hintText=null, hintLocales=[]}}, false)
04-04 19:08:06.304  1315  1315 I Module  : DeviceLockedStatusModuleProvider$Module.updateDeviceLockedStatus():100 repeatCheckTimes = 1, locked = false
04-04 19:08:06.316   404  2670 D audioserver: logFgsApiBegin: FGS Logger Transaction failed, -129
04-04 19:08:06.317   591   935 W AS.PlaybackActivityMon: No piid assigned for invalid/internal port id 16
04-04 19:08:06.417   404   545 D AudioFlinger: mixer(0xb4000074408b48e0) throttle end: throttle time(57)
04-04 19:08:06.446  5990  5990 I ViewInteraction: Performing 'actionOnItemAtPosition performing ViewAction: Click on a child view with specified id. on item at position: 0' action on view view.getId() is <2131296701/com.example.group8_bartertrader:id/receivedOffersRecyclerView>
04-04 19:08:06.462   591   993 W AS.PlaybackActivityMon: No piid assigned for invalid/internal port id 16
04-04 19:08:06.465   591   993 V GrammaticalInflectionUtils: AttributionSource: android.content.AttributionSource@f1d96725 does not have READ_SYSTEM_GRAMMATICAL_GENDER permission.
04-04 19:08:06.475  5990  5990 D LifecycleMonitor: Lifecycle status change: com.example.group8_bartertrader.ReceivedOfferActivity@db05f2d in: PAUSED
04-04 19:08:06.476  5990  5990 V ActivityScenario: Activity lifecycle changed event received but ignored because the intent does not match. startActivityIntent=Intent { act=android.intent.action.MAIN cat=[android.intent.category.LAUNCHER] flg=0x10008000 cmp=com.example.group8_bartertrader/.ReceivedOfferActivity }, activity.getIntent()=Intent { flg=0x10008000 cmp=com.example.group8_bartertrader/.ReceivedOfferActivity }, activity=com.example.group8_bartertrader.ReceivedOfferActivity@db05f2d
04-04 19:08:06.476   408   408 I BpBinder: onLastStrongRef automatically unlinking death recipients:
04-04 19:08:06.478   404   545 D AudioFlinger: mixer(0xb4000074408b48e0) throttle end: throttle time(42)
04-04 19:08:06.478  5990  5990 V ActivityScenario: Update currentActivityStage to PAUSED, currentActivity=com.example.group8_bartertrader.ReceivedOfferActivity@db05f2d
04-04 19:08:06.494  5990  5990 D LifecycleMonitor: Lifecycle status change: com.example.group8_bartertrader.ChatActivity@5aa1e52 in: PRE_ON_CREATE
04-04 19:08:06.494  5990  5990 V ActivityScenario: Activity lifecycle changed event received but ignored because the intent does not match. startActivityIntent=Intent { act=android.intent.action.MAIN cat=[android.intent.category.LAUNCHER] flg=0x10008000 cmp=com.example.group8_bartertrader/.ReceivedOfferActivity }, activity.getIntent()=Intent { cmp=com.example.group8_bartertrader/.ChatActivity (has extras) }, activity=com.example.group8_bartertrader.ChatActivity@5aa1e52
04-04 19:08:06.494  5990  5990 V ActivityScenario: Activity lifecycle changed event received but ignored because the intent does not match. startActivityIntent=Intent { flg=0x10008000 cmp=com.example.group8_bartertrader/.ReceivedOfferActivity }, activity.getIntent()=Intent { cmp=com.example.group8_bartertrader/.ChatActivity (has extras) }, activity=com.example.group8_bartertrader.ChatActivity@5aa1e52
04-04 19:08:06.514  5990  5995 W p8_bartertrader: Cleared Reference was only reachable from finalizer (only reported once)
04-04 19:08:06.546  5990  5990 D CompatChangeReporter: Compat change id reported: 303326708; UID 10263; state: ENABLED
04-04 19:08:06.557  5990  5990 D LifecycleMonitor: Lifecycle status change: com.example.group8_bartertrader.ChatActivity@5aa1e52 in: CREATED
04-04 19:08:06.557  5990  5990 V ActivityScenario: Activity lifecycle changed event received but ignored because the intent does not match. startActivityIntent=Intent { act=android.intent.action.MAIN cat=[android.intent.category.LAUNCHER] flg=0x10008000 cmp=com.example.group8_bartertrader/.ReceivedOfferActivity }, activity.getIntent()=Intent { cmp=com.example.group8_bartertrader/.ChatActivity (has extras) }, activity=com.example.group8_bartertrader.ChatActivity@5aa1e52
04-04 19:08:06.557  5990  5990 V ActivityScenario: Activity lifecycle changed event received but ignored because the intent does not match. startActivityIntent=Intent { flg=0x10008000 cmp=com.example.group8_bartertrader/.ReceivedOfferActivity }, activity.getIntent()=Intent { cmp=com.example.group8_bartertrader/.ChatActivity (has extras) }, activity=com.example.group8_bartertrader.ChatActivity@5aa1e52
04-04 19:08:06.558  5990  5990 D LifecycleMonitor: Lifecycle status change: com.example.group8_bartertrader.ChatActivity@5aa1e52 in: STARTED
04-04 19:08:06.558  5990  5990 V ActivityScenario: Activity lifecycle changed event received but ignored because the intent does not match. startActivityIntent=Intent { act=android.intent.action.MAIN cat=[android.intent.category.LAUNCHER] flg=0x10008000 cmp=com.example.group8_bartertrader/.ReceivedOfferActivity }, activity.getIntent()=Intent { cmp=com.example.group8_bartertrader/.ChatActivity (has extras) }, activity=com.example.group8_bartertrader.ChatActivity@5aa1e52
04-04 19:08:06.559  5990  5990 V ActivityScenario: Activity lifecycle changed event received but ignored because the intent does not match. startActivityIntent=Intent { flg=0x10008000 cmp=com.example.group8_bartertrader/.ReceivedOfferActivity }, activity.getIntent()=Intent { cmp=com.example.group8_bartertrader/.ChatActivity (has extras) }, activity=com.example.group8_bartertrader.ChatActivity@5aa1e52
04-04 19:08:06.562  5990  5990 D LifecycleMonitor: Lifecycle status change: com.example.group8_bartertrader.ChatActivity@5aa1e52 in: RESUMED
04-04 19:08:06.562  5990  5990 V ActivityScenario: Activity lifecycle changed event received but ignored because the intent does not match. startActivityIntent=Intent { act=android.intent.action.MAIN cat=[android.intent.category.LAUNCHER] flg=0x10008000 cmp=com.example.group8_bartertrader/.ReceivedOfferActivity }, activity.getIntent()=Intent { cmp=com.example.group8_bartertrader/.ChatActivity (has extras) }, activity=com.example.group8_bartertrader.ChatActivity@5aa1e52
04-04 19:08:06.562  5990  5990 V ActivityScenario: Activity lifecycle changed event received but ignored because the intent does not match. startActivityIntent=Intent { flg=0x10008000 cmp=com.example.group8_bartertrader/.ReceivedOfferActivity }, activity.getIntent()=Intent { cmp=com.example.group8_bartertrader/.ChatActivity (has extras) }, activity=com.example.group8_bartertrader.ChatActivity@5aa1e52
04-04 19:08:06.619   591   627 I ActivityTaskManager: Displayed com.example.group8_bartertrader/.ChatActivity for user 0: +150ms
04-04 19:08:06.627   369  6089 W android.hardware.audio@7.1-impl.ranchu: pcmWrite:259 pcm_writei failed with 'cannot read/write stream data: I/O error' (-1)
04-04 19:08:06.627   369  6089 E android.hardware.audio@7.1-impl.ranchu: pcmWrite:260 failure: -1
04-04 19:08:06.647  5990  5990 D RootViewPicker: Root not ready - waiting: 10ms for one to appear.
04-04 19:08:06.659  5990  5990 D RootViewPicker: Root not ready - waiting: 25ms for one to appear.
04-04 19:08:06.664   856   972 D EGL_emulation: app_time_stats: avg=1993.99ms min=2.03ms max=3985.95ms count=2
04-04 19:08:06.684  5990  5990 D RootViewPicker: Root not ready - waiting: 50ms for one to appear.
04-04 19:08:06.687   404   545 D audioserver: logFgsApiEnd: FGS Logger Transaction failed, -129
04-04 19:08:06.718  5990  5990 D VRI[ReceivedOfferActivity]: visibilityChanged oldVisibility=true newVisibility=false
04-04 19:08:06.733   369  6089 W android.hardware.audio@7.1-impl.ranchu: pcmWrite:259 pcm_writei failed with 'cannot read/write stream data: I/O error' (-1)
04-04 19:08:06.733   369  6089 E android.hardware.audio@7.1-impl.ranchu: pcmWrite:260 failure: -1
04-04 19:08:06.771  5990  5990 D LifecycleMonitor: Lifecycle status change: com.example.group8_bartertrader.ReceivedOfferActivity@db05f2d in: STOPPED
04-04 19:08:06.771  5990  5990 V ActivityScenario: Activity lifecycle changed event received but ignored because the intent does not match. startActivityIntent=Intent { act=android.intent.action.MAIN cat=[android.intent.category.LAUNCHER] flg=0x10008000 cmp=com.example.group8_bartertrader/.ReceivedOfferActivity }, activity.getIntent()=Intent { flg=0x10008000 cmp=com.example.group8_bartertrader/.ReceivedOfferActivity }, activity=com.example.group8_bartertrader.ReceivedOfferActivity@db05f2d
04-04 19:08:06.771  5990  5990 V ActivityScenario: Update currentActivityStage to STOPPED, currentActivity=com.example.group8_bartertrader.ReceivedOfferActivity@db05f2d
04-04 19:08:06.774   591   726 I ImeTracker: com.example.group8_bartertrader:5d568ba7: onRequestHide at ORIGIN_SERVER reason HIDE_UNSPECIFIED_WINDOW fromUser false
04-04 19:08:06.774   591   726 I ImeTracker: com.example.group8_bartertrader:5d568ba7: onCancelled at PHASE_SERVER_SHOULD_HIDE
04-04 19:08:06.776  1315  1315 I GoogleInputMethodService: GoogleInputMethodService.onFinishInput():2090
04-04 19:08:06.777  1315  1315 I Module  : DeviceLockedStatusModuleProvider$Module.updateDeviceLockedStatus():100 repeatCheckTimes = 0, locked = false
04-04 19:08:06.777  1315  1315 I GoogleInputMethodService: GoogleInputMethodService.onStartInput():1357 onStartInput(EditorInfo{EditorInfo{packageName=com.example.group8_bartertrader, inputType=0, inputTypeString=NULL, enableLearning=false, autoCorrection=false, autoComplete=false, imeOptions=0, privateImeOptions=null, actionName=UNSPECIFIED, actionLabel=null, initialSelStart=-1, initialSelEnd=-1, initialCapsMode=0, label=null, fieldId=0, fieldName=null, extras=null, hintText=null, hintLocales=[]}}, false)
04-04 19:08:06.778  1315  1315 I Module  : DeviceLockedStatusModuleProvider$Module.updateDeviceLockedStatus():100 repeatCheckTimes = 1, locked = false
04-04 19:08:06.795  5990  5990 I ViewInteraction: Checking 'androidx.test.espresso.intent.Intents$2@b5ce9cc' assertion on view view.getRootView() to equal view
04-04 19:08:06.800  5990  6015 I TestRunner: finished: testChatButtonLaunchesChatActivity_whenOfferAccepted_withActionOnItem(com.example.group8_bartertrader.ReceivedOfferUITest)
