04-04 19:21:26.776   408   408 E SurfaceFlinger: Out of order buffers detected for RequestedLayerState{com.google.android.apps.nexuslauncher/com.google.android.apps.nexuslauncher.NexusLauncherActivity#857 parentId=84} producedId=21 frameNumber=14 -> producedId=21 frameNumber=7
04-04 19:21:26.777  1139  1139 D NexusLauncherModelDelegate: notifySmartspaceEvent: SmartspaceTargetEvent{mSmartspaceTarget=null, mSmartspaceActionId='null', mEventType=7}
04-04 19:21:26.782  9038  9038 D LifecycleMonitor: Lifecycle status change: com.example.group8_bartertrader.ReceivedOfferActivity@4077de3 in: CREATED
04-04 19:21:26.782  9038  9038 V ActivityScenario: Activity lifecycle changed event received but ignored because the intent does not match. startActivityIntent=Intent { act=android.intent.action.MAIN cat=[android.intent.category.LAUNCHER] flg=0x10008000 cmp=com.example.group8_bartertrader/.ReceivedOfferActivity }, activity.getIntent()=Intent { flg=0x10008000 cmp=com.example.group8_bartertrader/.ReceivedOfferActivity }, activity=com.example.group8_bartertrader.ReceivedOfferActivity@4077de3
04-04 19:21:26.783  9038  9038 V ActivityScenario: Update currentActivityStage to CREATED, currentActivity=com.example.group8_bartertrader.ReceivedOfferActivity@4077de3
04-04 19:21:26.786  9038  9038 D LifecycleMonitor: Lifecycle status change: com.example.group8_bartertrader.ReceivedOfferActivity@4077de3 in: STARTED
04-04 19:21:26.786  9038  9038 V ActivityScenario: Activity lifecycle changed event received but ignored because the intent does not match. startActivityIntent=Intent { act=android.intent.action.MAIN cat=[android.intent.category.LAUNCHER] flg=0x10008000 cmp=com.example.group8_bartertrader/.ReceivedOfferActivity }, activity.getIntent()=Intent { flg=0x10008000 cmp=com.example.group8_bartertrader/.ReceivedOfferActivity }, activity=com.example.group8_bartertrader.ReceivedOfferActivity@4077de3
04-04 19:21:26.787  9038  9038 V ActivityScenario: Update currentActivityStage to STARTED, currentActivity=com.example.group8_bartertrader.ReceivedOfferActivity@4077de3
04-04 19:21:26.792  9038  9038 D LifecycleMonitor: Lifecycle status change: com.example.group8_bartertrader.ReceivedOfferActivity@4077de3 in: RESUMED
04-04 19:21:26.792  9038  9038 V ActivityScenario: Activity lifecycle changed event received but ignored because the intent does not match. startActivityIntent=Intent { act=android.intent.action.MAIN cat=[android.intent.category.LAUNCHER] flg=0x10008000 cmp=com.example.group8_bartertrader/.ReceivedOfferActivity }, activity.getIntent()=Intent { flg=0x10008000 cmp=com.example.group8_bartertrader/.ReceivedOfferActivity }, activity=com.example.group8_bartertrader.ReceivedOfferActivity@4077de3
04-04 19:21:26.792  9038  9038 V ActivityScenario: Update currentActivityStage to RESUMED, currentActivity=com.example.group8_bartertrader.ReceivedOfferActivity@4077de3
04-04 19:21:26.810   856   972 D EGL_emulation: app_time_stats: avg=842.46ms min=12.13ms max=3246.51ms count=4
04-04 19:21:26.837  9038  9038 W HWUI    : Unknown dataspace 0
04-04 19:21:26.912  9038  9100 D TrafficStats: tagSocket(119) with statsTag=0xffffffff, statsUid=-1
04-04 19:21:26.937  1093  8980 W NetworkScheduler: Error inserting flex_time=6000 job_id=-1 period=14000 source=16 requires_charging=0 preferred_network_type=1 target_class=com.google.android.gms.measurement.PackageMeasurementTaskService user_id=0 target_package=com.google.android.gms tag=Measurement.PackageMeasurementTaskService.UPLOAD_TASK_TAG task_type=0 required_idleness_state=0 service_kind=0 source_version=250832000 persistence_level=1 preferred_charging_state=1 required_network_type=0 runtime=1743805286922 retry_strategy={"maximum_backoff_seconds":{"3600":0},"initial_backoff_seconds":{"30":0},"retry_policy":{"0":0}} last_runtime=0 [CONTEXT service_id=218 ]
04-04 19:21:26.937  1093  8980 W NetworkScheduler: android.database.sqlite.SQLiteConstraintException: UNIQUE constraint failed: pending_ops.tag, pending_ops.target_class, pending_ops.target_package, pending_ops.user_id (code 2067 SQLITE_CONSTRAINT_UNIQUE)
04-04 19:21:26.937  1093  8980 W NetworkScheduler: 	at android.database.sqlite.SQLiteConnection.nativeExecuteForLastInsertedRowId(Native Method)
04-04 19:21:26.937  1093  8980 W NetworkScheduler: 	at android.database.sqlite.SQLiteConnection.executeForLastInsertedRowId(SQLiteConnection.java:974)
04-04 19:21:26.937  1093  8980 W NetworkScheduler: 	at android.database.sqlite.SQLiteSession.executeForLastInsertedRowId(SQLiteSession.java:814)
04-04 19:21:26.937  1093  8980 W NetworkScheduler: 	at android.database.sqlite.SQLiteStatement.executeInsert(SQLiteStatement.java:89)
04-04 19:21:26.937  1093  8980 W NetworkScheduler: 	at android.database.sqlite.SQLiteDatabase.insertWithOnConflict(SQLiteDatabase.java:1981)
04-04 19:21:26.937  1093  8980 W NetworkScheduler: 	at android.database.sqlite.SQLiteDatabase.insertOrThrow(SQLiteDatabase.java:1875)
04-04 19:21:26.937  1093  8980 W NetworkScheduler: 	at dreu.d(:com.google.android.gms@250832035@25.08.32 (260400-731361394):727)
04-04 19:21:26.937  1093  8980 W NetworkScheduler: 	at drcl.n(:com.google.android.gms@250832035@25.08.32 (260400-731361394):29)
04-04 19:21:26.937  1093  8980 W NetworkScheduler: 	at drcl.u(:com.google.android.gms@250832035@25.08.32 (260400-731361394):364)
04-04 19:21:26.937  1093  8980 W NetworkScheduler: 	at drcl.h(:com.google.android.gms@250832035@25.08.32 (260400-731361394):51)
04-04 19:21:26.937  1093  8980 W NetworkScheduler: 	at dqxa.run(:com.google.android.gms@250832035@25.08.32 (260400-731361394):72)
04-04 19:21:26.937  1093  8980 W NetworkScheduler: 	at atim.c(:com.google.android.gms@250832035@25.08.32 (260400-731361394):50)
04-04 19:21:26.937  1093  8980 W NetworkScheduler: 	at atim.run(:com.google.android.gms@250832035@25.08.32 (260400-731361394):76)
04-04 19:21:26.937  1093  8980 W NetworkScheduler: 	at java.util.concurrent.ThreadPoolExecutor.runWorker(ThreadPoolExecutor.java:1145)
04-04 19:21:26.937  1093  8980 W NetworkScheduler: 	at java.util.concurrent.ThreadPoolExecutor$Worker.run(ThreadPoolExecutor.java:644)
04-04 19:21:26.937  1093  8980 W NetworkScheduler: 	at atnz.run(:com.google.android.gms@250832035@25.08.32 (260400-731361394):8)
04-04 19:21:26.937  1093  8980 W NetworkScheduler: 	at java.lang.Thread.run(Thread.java:1012)
04-04 19:21:26.939  9038  9074 I EGL_emulation: Opening libGLESv1_CM_emulation.so
04-04 19:21:26.941  9038  9074 I EGL_emulation: Opening libGLESv2_emulation.so
04-04 19:21:27.000  9038  9074 W HWUI    : Failed to choose config with EGL_SWAP_BEHAVIOR_PRESERVED, retrying without...
04-04 19:21:27.000  9038  9074 W HWUI    : Failed to initialize 101010-2 format, error = EGL_SUCCESS
04-04 19:21:27.016   162   162 I hwservicemanager: getTransport: Cannot find entry android.hardware.graphics.mapper@4.0::IMapper/default in either framework or device VINTF manifest.
04-04 19:21:27.016  9038  9074 I Gralloc4: mapper 4.x is not supported
04-04 19:21:27.028  9038  9042 I p8_bartertrader: Compiler allocated 5250KB to compile void android.view.ViewRootImpl.performTraversals()
04-04 19:21:27.064   591  1835 W ServiceManagerCppClient: Permission failure: android.permission.ACCESS_SURFACE_FLINGER from uid=10279 pid=0
04-04 19:21:27.064   591  1835 D PermissionCache: checking android.permission.ACCESS_SURFACE_FLINGER for uid=10279 => denied (211 us)
04-04 19:21:27.064   591  1835 W ServiceManagerCppClient: Permission failure: android.permission.ROTATE_SURFACE_FLINGER from uid=10279 pid=0
04-04 19:21:27.064   591  1835 D PermissionCache: checking android.permission.ROTATE_SURFACE_FLINGER for uid=10279 => denied (40 us)
04-04 19:21:27.064   591  1835 W ServiceManagerCppClient: Permission failure: android.permission.INTERNAL_SYSTEM_WINDOW from uid=10279 pid=0
04-04 19:21:27.064   591  1835 D PermissionCache: checking android.permission.INTERNAL_SYSTEM_WINDOW for uid=10279 => denied (74 us)
04-04 19:21:27.072   591   627 W ziparchive: Unable to open '/data/app/~~yVm669fvRw1r20NzlhnnJA==/com.example.group8_bartertrader-I3BZU9yrgPPrKgcpAc3eng==/base.dm': No such file or directory
04-04 19:21:27.082  1139  1139 D BaseDepthController: setSurface:
04-04 19:21:27.082  1139  1139 D BaseDepthController: 	mWaitingOnSurfaceValidity: false
04-04 19:21:27.082  1139  1139 D BaseDepthController: 	mSurface: null
04-04 19:21:27.083  1139  1139 D BaseDepthController: mSurface is null and mCurrentBlur is: 0
04-04 19:21:27.084  1139  1139 D StateManager: goToState - fromState: Normal, toState: Normal, partial trace:
04-04 19:21:27.084  1139  1139 D StateManager: 	at com.android.launcher3.statemanager.StateManager.moveToRestState(go/retraceme 2855a437b73635ce9cad76b9289087e631bbb67fc90008a0da13d343a00e5041:4)
04-04 19:21:27.084  1139  1139 D StateManager: 	at com.android.launcher3.statemanager.StateManager.moveToRestState(go/retraceme 2855a437b73635ce9cad76b9289087e631bbb67fc90008a0da13d343a00e5041:1)
04-04 19:21:27.084  1139  1139 D StateManager: 	at com.android.launcher3.statemanager.StatefulActivity.onStop(go/retraceme 2855a437b73635ce9cad76b9289087e631bbb67fc90008a0da13d343a00e5041:34)
04-04 19:21:27.086   591   627 I ActivityTaskManager: Displayed com.example.group8_bartertrader/.ReceivedOfferActivity for user 0: +432ms
04-04 19:21:27.089  1139  1139 D StatsLog: LAUNCHER_ONSTOP
04-04 19:21:27.095  9038  9063 W SurfaceComposerClient: Sync transaction timed out waiting for commit callback.
04-04 19:21:27.095  1139  1139 D StatsLog: LAUNCHER_GOOGLE_SEARCH_RESTORE_LIST_SIZE_AFTER_ACTIVITY_RESTART
04-04 19:21:27.096  1139  1675 D OneSearchSuggestProvider: Shut down the binder channel
04-04 19:21:27.098   856   927 W WindowOnBackDispatcher: sendCancelIfRunning: isInProgress=false callback=android.view.ViewRootImpl$$ExternalSyntheticLambda11@a14518e
04-04 19:21:27.099   591  1601 W InputManager-JNI: Input channel object '985f463 Splash Screen com.example.group8_bartertrader (client)' was disposed without first being removed with the input manager!
04-04 19:21:27.101  1139  7263 I IPCThreadState: oneway function results for code 2 on binder at 0xb4000073df0c3dc0 will be dropped but finished with status UNKNOWN_TRANSACTION
04-04 19:21:27.102   591   726 I ImeTracker: com.example.group8_bartertrader:cea87255: onRequestHide at ORIGIN_SERVER reason HIDE_UNSPECIFIED_WINDOW fromUser false
04-04 19:21:27.103   591   726 I ImeTracker: com.example.group8_bartertrader:cea87255: onCancelled at PHASE_SERVER_SHOULD_HIDE
04-04 19:21:27.108  9038  9063 W FileTestStorage: Output properties is not supported.
04-04 19:21:27.114  9038  9063 I Tracing : Tracer added: class androidx.test.platform.tracing.AndroidXTracer
04-04 19:21:27.115  1315  1315 I GoogleInputMethodService: GoogleInputMethodService.onFinishInput():2090
04-04 19:21:27.118  1315  1315 I Module  : DeviceLockedStatusModuleProvider$Module.updateDeviceLockedStatus():100 repeatCheckTimes = 0, locked = false
04-04 19:21:27.119  1315  1315 I GoogleInputMethodService: GoogleInputMethodService.onStartInput():1357 onStartInput(EditorInfo{EditorInfo{packageName=com.example.group8_bartertrader, inputType=0, inputTypeString=NULL, enableLearning=false, autoCorrection=false, autoComplete=false, imeOptions=0, privateImeOptions=null, actionName=UNSPECIFIED, actionLabel=null, initialSelStart=-1, initialSelEnd=-1, initialCapsMode=0, label=null, fieldId=0, fieldName=null, extras=null, hintText=null, hintLocales=[]}}, false)
04-04 19:21:27.122  1315  1315 I Module  : DeviceLockedStatusModuleProvider$Module.updateDeviceLockedStatus():100 repeatCheckTimes = 1, locked = false
04-04 19:21:27.142  9038  9063 D EventInjectionStrategy: Creating injection strategy with input manager.
04-04 19:21:27.143  9038  9063 W p8_bartertrader: Accessing hidden method Landroid/hardware/input/InputManager;->getInstance()Landroid/hardware/input/InputManager; (unsupported, reflection, allowed)
04-04 19:21:27.144  9038  9063 W p8_bartertrader: Accessing hidden method Landroid/hardware/input/InputManager;->injectInputEvent(Landroid/view/InputEvent;I)Z (unsupported, reflection, allowed)
04-04 19:21:27.145  9038  9063 W p8_bartertrader: Accessing hidden field Landroid/hardware/input/InputManager;->INJECT_INPUT_EVENT_MODE_WAIT_FOR_FINISH:I (unsupported, reflection, allowed)
04-04 19:21:27.152  9038  9038 W p8_bartertrader: Accessing hidden method Landroid/os/MessageQueue;->next()Landroid/os/Message; (unsupported, reflection, allowed)
04-04 19:21:27.152  9038  9038 W p8_bartertrader: Accessing hidden field Landroid/os/MessageQueue;->mMessages:Landroid/os/Message; (unsupported, reflection, allowed)
04-04 19:21:27.153  9038  9038 W p8_bartertrader: Accessing hidden method Landroid/os/Message;->recycleUnchecked()V (unsupported, reflection, allowed)
04-04 19:21:27.157  9038  9038 I ViewInteraction: Performing 'Wait for 3000 milliseconds.' action on view view.getRootView() to equal view
04-04 19:21:27.190  9038  9099 W PersistentConnection: pc_0 - Using an unspecified index. Your data will be downloaded and filtered on the client. Consider adding '".indexOn": "providerEmail"' at Offers to your security and Firebase Database rules for better performance
04-04 19:21:27.190  9038  9038 D DEBUG_FIREBASE: Data: DataSnapshot { key = Offers, value = {-OMmjlFGgNTbk4Po5wKl={offeredItemDescription=TestProduct, targetItemCategory=Vehicles, offeredItemName=TestProduct, targetItemName=Blue BMW M5, targetItemLocation=HALIFAX NOVA SCOTIA, offeredItemLocation=HALIFAX, targetItemDescription=Blue BMW, providerEmail=innis@gmail.com, receiverEmail=innis@gmail.com, targetItemId=-OLfQJWx-P2EiyykOW4k, offeredItemCategory=Electronics, status=Pending}, -OMX3e7jHiipVy4FnViz={offeredItemDescription=Description 123, targetItemCategory=Vehicles, offeredItemName=Junfa 123, targetItemName=Blue BMW M5, targetItemLocation=HALIFAX NOVA SCOTIA, offeredItemLocation=DARTMOUTH, NS, targetItemDescription=Blue BMW, providerEmail=innis@gmail.com, receiverEmail=testreset@gmail.com, targetItemId=-OLfQJWx-P2EiyykOW4k, offeredItemCategory=Electronics, status=Accepted}} }
04-04 19:21:27.194  9038  9038 D DEBUG_FIREBASE: Offer added: Junfa 123 Status: Accepted
04-04 19:21:27.196  9038  9038 D DEBUG_FIREBASE: Offer added: TestProduct Status: Pending
04-04 19:21:27.225  9038  9038 D DEBUG_ADAPTER: Bind offer: Junfa 123
04-04 19:21:27.225  9038  9038 D DEBUG_ADAPTER: Location: DARTMOUTH, NS
04-04 19:21:27.243  9038  9038 D DEBUG_ADAPTER: Bind offer: TestProduct
04-04 19:21:27.243  9038  9038 D DEBUG_ADAPTER: Location: HALIFAX
04-04 19:21:27.306  1093  2054 I FontLog : (REDACTED) Received query %s, URI %s
04-04 19:21:27.307  1093  2054 I FontLog : (REDACTED) Query [%s] resolved to %s
04-04 19:21:27.310  1093  2054 I FontLog : (REDACTED) Fetch %s end status %s
04-04 19:21:27.312  1093  2054 I FontLog : (REDACTED) Pulling font file for id = %d, cache size = %d
04-04 19:21:27.347  1093  2054 I FontLog : (REDACTED) Pulling font file for id = %d, cache size = %d
04-04 19:21:28.314  9038  9113 D ProfileInstaller: Installing profile for com.example.group8_bartertrader
04-04 19:21:29.338   591   770 D InetDiagMessage: Destroyed 0 sockets, proto=IPPROTO_TCP, family=AF_INET, states=14
04-04 19:21:29.340   591   770 D InetDiagMessage: Destroyed 0 sockets, proto=IPPROTO_TCP, family=AF_INET6, states=14
04-04 19:21:29.340   591   770 D InetDiagMessage: Destroyed live tcp sockets for uids={10102} in 4ms
04-04 19:21:30.184  9038  9038 I ViewInteraction: Performing 'actionOnItemAtPosition performing ViewAction: Click on a child view with specified id. on item at position: 0' action on view view.getId() is <2131296701/com.example.group8_bartertrader:id/receivedOffersRecyclerView>
04-04 19:21:30.229  9038  9063 W p8_bartertrader: Accessing hidden method Landroid/view/ViewConfiguration;->getDoubleTapMinTime()I (unsupported, reflection, allowed)
04-04 19:21:30.306  9038  9074 D EGL_emulation: app_time_stats: avg=538.82ms min=1.60ms max=3029.36ms count=6
04-04 19:21:30.329  9038  9038 I ViewInteraction: Performing 'single click' action on view an instance of android.widget.TextView and view.getText() with or without transformation to match: is "Pending"
04-04 19:21:30.456   404   508 D audioserver: logFgsApiBegin: FGS Logger Transaction failed, -129
04-04 19:21:30.461   591   996 W AS.PlaybackActivityMon: No piid assigned for invalid/internal port id 16
04-04 19:21:30.476  9038  9038 W WindowOnBackDispatcher: sendCancelIfRunning: isInProgress=false callback=android.view.ViewRootImpl$$ExternalSyntheticLambda11@969769a
04-04 19:21:30.481   591  1601 W InputManager-JNI: Input channel object '136e033 PopupWindow:57c73af (client)' was disposed without first being removed with the input manager!
04-04 19:21:30.495   591   726 I ImeTracker: com.example.group8_bartertrader:404efaf: onRequestHide at ORIGIN_SERVER reason HIDE_SAME_WINDOW_FOCUSED_WITHOUT_EDITOR fromUser false
04-04 19:21:30.496   591   726 I ImeTracker: com.example.group8_bartertrader:404efaf: onCancelled at PHASE_SERVER_SHOULD_HIDE
04-04 19:21:30.496  9038  9038 D DEBUG_FIREBASE: Data: DataSnapshot { key = Offers, value = {-OMmjlFGgNTbk4Po5wKl={offeredItemDescription=TestProduct, targetItemCategory=Vehicles, offeredItemName=TestProduct, targetItemName=Blue BMW M5, targetItemLocation=HALIFAX NOVA SCOTIA, offeredItemLocation=HALIFAX, targetItemDescription=Blue BMW, providerEmail=innis@gmail.com, receiverEmail=innis@gmail.com, targetItemId=-OLfQJWx-P2EiyykOW4k, offeredItemCategory=Electronics, status=Pending}, -OMX3e7jHiipVy4FnViz={offeredItemDescription=Description 123, targetItemCategory=Vehicles, offeredItemName=Junfa 123, targetItemName=Blue BMW M5, targetItemLocation=HALIFAX NOVA SCOTIA, offeredItemLocation=DARTMOUTH, NS, targetItemDescription=Blue BMW, providerEmail=innis@gmail.com, receiverEmail=testreset@gmail.com, targetItemId=-OLfQJWx-P2EiyykOW4k, offeredItemCategory=Electronics, status=Pending}} }
04-04 19:21:30.496  9038  9038 D DEBUG_FIREBASE: Offer added: Junfa 123 Status: Pending
04-04 19:21:30.496  9038  9038 D DEBUG_FIREBASE: Offer added: TestProduct Status: Pending
04-04 19:21:30.500  1315  1315 I GoogleInputMethodService: GoogleInputMethodService.onFinishInput():2090
04-04 19:21:30.501  1315  1315 I Module  : DeviceLockedStatusModuleProvider$Module.updateDeviceLockedStatus():100 repeatCheckTimes = 0, locked = false
04-04 19:21:30.502  1315  1315 I GoogleInputMethodService: GoogleInputMethodService.onStartInput():1357 onStartInput(EditorInfo{EditorInfo{packageName=com.example.group8_bartertrader, inputType=0, inputTypeString=NULL, enableLearning=false, autoCorrection=false, autoComplete=false, imeOptions=0, privateImeOptions=null, actionName=UNSPECIFIED, actionLabel=null, initialSelStart=-1, initialSelEnd=-1, initialCapsMode=0, label=null, fieldId=0, fieldName=null, extras=null, hintText=null, hintLocales=[]}}, false)
04-04 19:21:30.503  1315  1315 I Module  : DeviceLockedStatusModuleProvider$Module.updateDeviceLockedStatus():100 repeatCheckTimes = 1, locked = false
04-04 19:21:30.512  9038  9038 D DEBUG_ADAPTER: Bind offer: Junfa 123
04-04 19:21:30.513  9038  9038 D DEBUG_ADAPTER: Location: DARTMOUTH, NS
04-04 19:21:30.516  9038  9038 D DEBUG_ADAPTER: Bind offer: TestProduct
04-04 19:21:30.516  9038  9038 D DEBUG_ADAPTER: Location: HALIFAX
04-04 19:21:30.630  9038  9038 I ViewInteraction: Performing 'Wait for 1000 milliseconds.' action on view view.getRootView() to equal view
04-04 19:21:30.639   404   545 D audioserver: logFgsApiEnd: FGS Logger Transaction failed, -129
04-04 19:21:30.701   369  9117 W android.hardware.audio@7.1-impl.ranchu: pcmWrite:259 pcm_writei failed with 'cannot read/write stream data: I/O error' (-1)
04-04 19:21:30.701   369  9117 E android.hardware.audio@7.1-impl.ranchu: pcmWrite:260 failure: -1
04-04 19:21:30.802   369  9117 W android.hardware.audio@7.1-impl.ranchu: pcmWrite:259 pcm_writei failed with 'cannot read/write stream data: I/O error' (-1)
04-04 19:21:30.802   369  9117 E android.hardware.audio@7.1-impl.ranchu: pcmWrite:260 failure: -1
04-04 19:21:30.907   369  9117 W android.hardware.audio@7.1-impl.ranchu: pcmWrite:259 pcm_writei failed with 'cannot read/write stream data: I/O error' (-1)
04-04 19:21:30.907   369  9117 E android.hardware.audio@7.1-impl.ranchu: pcmWrite:260 failure: -1
04-04 19:21:31.011   369  9117 W android.hardware.audio@7.1-impl.ranchu: pcmWrite:259 pcm_writei failed with 'cannot read/write stream data: I/O error' (-1)
04-04 19:21:31.011   369  9117 E android.hardware.audio@7.1-impl.ranchu: pcmWrite:260 failure: -1
04-04 19:21:31.115   369  9117 W android.hardware.audio@7.1-impl.ranchu: pcmWrite:259 pcm_writei failed with 'cannot read/write stream data: I/O error' (-1)
04-04 19:21:31.115   369  9117 E android.hardware.audio@7.1-impl.ranchu: pcmWrite:260 failure: -1
04-04 19:21:31.222   369  9117 W android.hardware.audio@7.1-impl.ranchu: pcmWrite:259 pcm_writei failed with 'cannot read/write stream data: I/O error' (-1)
04-04 19:21:31.222   369  9117 E android.hardware.audio@7.1-impl.ranchu: pcmWrite:260 failure: -1
04-04 19:21:31.323   369  9117 W android.hardware.audio@7.1-impl.ranchu: pcmWrite:259 pcm_writei failed with 'cannot read/write stream data: I/O error' (-1)
04-04 19:21:31.323   369  9117 E android.hardware.audio@7.1-impl.ranchu: pcmWrite:260 failure: -1
04-04 19:21:31.430   369  9117 W android.hardware.audio@7.1-impl.ranchu: pcmWrite:259 pcm_writei failed with 'cannot read/write stream data: I/O error' (-1)
04-04 19:21:31.430   369  9117 E android.hardware.audio@7.1-impl.ranchu: pcmWrite:260 failure: -1
04-04 19:21:31.537   369  9117 W android.hardware.audio@7.1-impl.ranchu: pcmWrite:259 pcm_writei failed with 'cannot read/write stream data: I/O error' (-1)
04-04 19:21:31.538   369  9117 E android.hardware.audio@7.1-impl.ranchu: pcmWrite:260 failure: -1
04-04 19:21:31.638   369  9117 W android.hardware.audio@7.1-impl.ranchu: pcmWrite:259 pcm_writei failed with 'cannot read/write stream data: I/O error' (-1)
04-04 19:21:31.638   369  9117 E android.hardware.audio@7.1-impl.ranchu: pcmWrite:260 failure: -1
04-04 19:21:31.641  9038  9038 I ViewInteraction: Performing 'actionOnItemAtPosition performing ViewAction: Click on a child view with specified id. on item at position: 0' action on view view.getId() is <2131296701/com.example.group8_bartertrader:id/receivedOffersRecyclerView>
04-04 19:21:31.663   404   508 D audioserver: logFgsApiBegin: FGS Logger Transaction failed, -129
04-04 19:21:31.664   591  1835 W AS.PlaybackActivityMon: No piid assigned for invalid/internal port id 16
04-04 19:21:31.671   591  1835 V GrammaticalInflectionUtils: AttributionSource: android.content.AttributionSource@d26f115 does not have READ_SYSTEM_GRAMMATICAL_GENDER permission.
04-04 19:21:31.683   404   545 D AudioFlinger: mixer(0xb4000074408b48e0) throttle end: throttle time(36)
04-04 19:21:31.688  9038  9038 D LifecycleMonitor: Lifecycle status change: com.example.group8_bartertrader.ReceivedOfferActivity@4077de3 in: PAUSED
04-04 19:21:31.689  9038  9038 V ActivityScenario: Activity lifecycle changed event received but ignored because the intent does not match. startActivityIntent=Intent { act=android.intent.action.MAIN cat=[android.intent.category.LAUNCHER] flg=0x10008000 cmp=com.example.group8_bartertrader/.ReceivedOfferActivity }, activity.getIntent()=Intent { flg=0x10008000 cmp=com.example.group8_bartertrader/.ReceivedOfferActivity }, activity=com.example.group8_bartertrader.ReceivedOfferActivity@4077de3
04-04 19:21:31.689  9038  9038 V ActivityScenario: Update currentActivityStage to PAUSED, currentActivity=com.example.group8_bartertrader.ReceivedOfferActivity@4077de3
04-04 19:21:31.693   408   408 I BpBinder: onLastStrongRef automatically unlinking death recipients:
04-04 19:21:31.703  9038  9038 D LifecycleMonitor: Lifecycle status change: com.example.group8_bartertrader.ChatActivity@f41f276 in: PRE_ON_CREATE
04-04 19:21:31.704  9038  9038 V ActivityScenario: Activity lifecycle changed event received but ignored because the intent does not match. startActivityIntent=Intent { act=android.intent.action.MAIN cat=[android.intent.category.LAUNCHER] flg=0x10008000 cmp=com.example.group8_bartertrader/.ReceivedOfferActivity }, activity.getIntent()=Intent { cmp=com.example.group8_bartertrader/.ChatActivity (has extras) }, activity=com.example.group8_bartertrader.ChatActivity@f41f276
04-04 19:21:31.704  9038  9038 V ActivityScenario: Activity lifecycle changed event received but ignored because the intent does not match. startActivityIntent=Intent { flg=0x10008000 cmp=com.example.group8_bartertrader/.ReceivedOfferActivity }, activity.getIntent()=Intent { cmp=com.example.group8_bartertrader/.ChatActivity (has extras) }, activity=com.example.group8_bartertrader.ChatActivity@f41f276
04-04 19:21:31.736  9038  9038 D CompatChangeReporter: Compat change id reported: 303326708; UID 10279; state: ENABLED
04-04 19:21:31.742   369  9117 W android.hardware.audio@7.1-impl.ranchu: pcmWrite:259 pcm_writei failed with 'cannot read/write stream data: I/O error' (-1)
04-04 19:21:31.742   369  9117 E android.hardware.audio@7.1-impl.ranchu: pcmWrite:260 failure: -1
04-04 19:21:31.747  9038  9038 D LifecycleMonitor: Lifecycle status change: com.example.group8_bartertrader.ChatActivity@f41f276 in: CREATED
04-04 19:21:31.747  9038  9038 V ActivityScenario: Activity lifecycle changed event received but ignored because the intent does not match. startActivityIntent=Intent { act=android.intent.action.MAIN cat=[android.intent.category.LAUNCHER] flg=0x10008000 cmp=com.example.group8_bartertrader/.ReceivedOfferActivity }, activity.getIntent()=Intent { cmp=com.example.group8_bartertrader/.ChatActivity (has extras) }, activity=com.example.group8_bartertrader.ChatActivity@f41f276
04-04 19:21:31.747  9038  9038 V ActivityScenario: Activity lifecycle changed event received but ignored because the intent does not match. startActivityIntent=Intent { flg=0x10008000 cmp=com.example.group8_bartertrader/.ReceivedOfferActivity }, activity.getIntent()=Intent { cmp=com.example.group8_bartertrader/.ChatActivity (has extras) }, activity=com.example.group8_bartertrader.ChatActivity@f41f276
04-04 19:21:31.750  9038  9038 D LifecycleMonitor: Lifecycle status change: com.example.group8_bartertrader.ChatActivity@f41f276 in: STARTED
04-04 19:21:31.751  9038  9038 V ActivityScenario: Activity lifecycle changed event received but ignored because the intent does not match. startActivityIntent=Intent { act=android.intent.action.MAIN cat=[android.intent.category.LAUNCHER] flg=0x10008000 cmp=com.example.group8_bartertrader/.ReceivedOfferActivity }, activity.getIntent()=Intent { cmp=com.example.group8_bartertrader/.ChatActivity (has extras) }, activity=com.example.group8_bartertrader.ChatActivity@f41f276
04-04 19:21:31.751  9038  9038 V ActivityScenario: Activity lifecycle changed event received but ignored because the intent does not match. startActivityIntent=Intent { flg=0x10008000 cmp=com.example.group8_bartertrader/.ReceivedOfferActivity }, activity.getIntent()=Intent { cmp=com.example.group8_bartertrader/.ChatActivity (has extras) }, activity=com.example.group8_bartertrader.ChatActivity@f41f276
04-04 19:21:31.755  9038  9038 D LifecycleMonitor: Lifecycle status change: com.example.group8_bartertrader.ChatActivity@f41f276 in: RESUMED
04-04 19:21:31.758  9038  9038 V ActivityScenario: Activity lifecycle changed event received but ignored because the intent does not match. startActivityIntent=Intent { act=android.intent.action.MAIN cat=[android.intent.category.LAUNCHER] flg=0x10008000 cmp=com.example.group8_bartertrader/.ReceivedOfferActivity }, activity.getIntent()=Intent { cmp=com.example.group8_bartertrader/.ChatActivity (has extras) }, activity=com.example.group8_bartertrader.ChatActivity@f41f276
04-04 19:21:31.758  9038  9038 V ActivityScenario: Activity lifecycle changed event received but ignored because the intent does not match. startActivityIntent=Intent { flg=0x10008000 cmp=com.example.group8_bartertrader/.ReceivedOfferActivity }, activity.getIntent()=Intent { cmp=com.example.group8_bartertrader/.ChatActivity (has extras) }, activity=com.example.group8_bartertrader.ChatActivity@f41f276
04-04 19:21:31.765  1093  8979 W NetworkScheduler: Error inserting flex_time=1000 job_id=-1 period=4000 source=16 requires_charging=0 preferred_network_type=1 target_class=com.google.android.gms.measurement.PackageMeasurementTaskService user_id=0 target_package=com.google.android.gms tag=Measurement.PackageMeasurementTaskService.UPLOAD_TASK_TAG task_type=0 required_idleness_state=0 service_kind=0 source_version=250832000 persistence_level=1 preferred_charging_state=1 required_network_type=0 runtime=1743805291756 retry_strategy={"maximum_backoff_seconds":{"3600":0},"initial_backoff_seconds":{"30":0},"retry_policy":{"0":0}} last_runtime=0 [CONTEXT service_id=218 ]
04-04 19:21:31.765  1093  8979 W NetworkScheduler: android.database.sqlite.SQLiteConstraintException: UNIQUE constraint failed: pending_ops.tag, pending_ops.target_class, pending_ops.target_package, pending_ops.user_id (code 2067 SQLITE_CONSTRAINT_UNIQUE)
04-04 19:21:31.765  1093  8979 W NetworkScheduler: 	at android.database.sqlite.SQLiteConnection.nativeExecuteForLastInsertedRowId(Native Method)
04-04 19:21:31.765  1093  8979 W NetworkScheduler: 	at android.database.sqlite.SQLiteConnection.executeForLastInsertedRowId(SQLiteConnection.java:974)
04-04 19:21:31.765  1093  8979 W NetworkScheduler: 	at android.database.sqlite.SQLiteSession.executeForLastInsertedRowId(SQLiteSession.java:814)
04-04 19:21:31.765  1093  8979 W NetworkScheduler: 	at android.database.sqlite.SQLiteStatement.executeInsert(SQLiteStatement.java:89)
04-04 19:21:31.765  1093  8979 W NetworkScheduler: 	at android.database.sqlite.SQLiteDatabase.insertWithOnConflict(SQLiteDatabase.java:1981)
04-04 19:21:31.765  1093  8979 W NetworkScheduler: 	at android.database.sqlite.SQLiteDatabase.insertOrThrow(SQLiteDatabase.java:1875)
04-04 19:21:31.765  1093  8979 W NetworkScheduler: 	at dreu.d(:com.google.android.gms@250832035@25.08.32 (260400-731361394):727)
04-04 19:21:31.765  1093  8979 W NetworkScheduler: 	at drcl.n(:com.google.android.gms@250832035@25.08.32 (260400-731361394):29)
04-04 19:21:31.765  1093  8979 W NetworkScheduler: 	at drcl.u(:com.google.android.gms@250832035@25.08.32 (260400-731361394):364)
04-04 19:21:31.765  1093  8979 W NetworkScheduler: 	at drcl.h(:com.google.android.gms@250832035@25.08.32 (260400-731361394):51)
04-04 19:21:31.765  1093  8979 W NetworkScheduler: 	at dqxa.run(:com.google.android.gms@250832035@25.08.32 (260400-731361394):72)
04-04 19:21:31.765  1093  8979 W NetworkScheduler: 	at atim.c(:com.google.android.gms@250832035@25.08.32 (260400-731361394):50)
04-04 19:21:31.765  1093  8979 W NetworkScheduler: 	at atim.run(:com.google.android.gms@250832035@25.08.32 (260400-731361394):97)
04-04 19:21:31.765  1093  8979 W NetworkScheduler: 	at java.util.concurrent.ThreadPoolExecutor.runWorker(ThreadPoolExecutor.java:1145)
04-04 19:21:31.765  1093  8979 W NetworkScheduler: 	at java.util.concurrent.ThreadPoolExecutor$Worker.run(ThreadPoolExecutor.java:644)
04-04 19:21:31.765  1093  8979 W NetworkScheduler: 	at atnz.run(:com.google.android.gms@250832035@25.08.32 (260400-731361394):8)
04-04 19:21:31.765  1093  8979 W NetworkScheduler: 	at java.lang.Thread.run(Thread.java:1012)
04-04 19:21:31.796  1093  8980 W NetworkScheduler: Error inserting flex_time=1000 job_id=-1 period=4000 source=16 requires_charging=0 preferred_network_type=1 target_class=com.google.android.gms.measurement.PackageMeasurementTaskService user_id=0 target_package=com.google.android.gms tag=Measurement.PackageMeasurementTaskService.UPLOAD_TASK_TAG task_type=0 required_idleness_state=0 service_kind=0 source_version=250832000 persistence_level=1 preferred_charging_state=1 required_network_type=0 runtime=1743805291795 retry_strategy={"maximum_backoff_seconds":{"3600":0},"initial_backoff_seconds":{"30":0},"retry_policy":{"0":0}} last_runtime=0 [CONTEXT service_id=218 ]
04-04 19:21:31.796  1093  8980 W NetworkScheduler: android.database.sqlite.SQLiteConstraintException: UNIQUE constraint failed: pending_ops.tag, pending_ops.target_class, pending_ops.target_package, pending_ops.user_id (code 2067 SQLITE_CONSTRAINT_UNIQUE)
04-04 19:21:31.796  1093  8980 W NetworkScheduler: 	at android.database.sqlite.SQLiteConnection.nativeExecuteForLastInsertedRowId(Native Method)
04-04 19:21:31.796  1093  8980 W NetworkScheduler: 	at android.database.sqlite.SQLiteConnection.executeForLastInsertedRowId(SQLiteConnection.java:974)
04-04 19:21:31.796  1093  8980 W NetworkScheduler: 	at android.database.sqlite.SQLiteSession.executeForLastInsertedRowId(SQLiteSession.java:814)
04-04 19:21:31.796  1093  8980 W NetworkScheduler: 	at android.database.sqlite.SQLiteStatement.executeInsert(SQLiteStatement.java:89)
04-04 19:21:31.796  1093  8980 W NetworkScheduler: 	at android.database.sqlite.SQLiteDatabase.insertWithOnConflict(SQLiteDatabase.java:1981)
04-04 19:21:31.796  1093  8980 W NetworkScheduler: 	at android.database.sqlite.SQLiteDatabase.insertOrThrow(SQLiteDatabase.java:1875)
04-04 19:21:31.796  1093  8980 W NetworkScheduler: 	at dreu.d(:com.google.android.gms@250832035@25.08.32 (260400-731361394):727)
04-04 19:21:31.796  1093  8980 W NetworkScheduler: 	at drcl.n(:com.google.android.gms@250832035@25.08.32 (260400-731361394):29)
04-04 19:21:31.796  1093  8980 W NetworkScheduler: 	at drcl.u(:com.google.android.gms@250832035@25.08.32 (260400-731361394):364)
04-04 19:21:31.796  1093  8980 W NetworkScheduler: 	at drcl.h(:com.google.android.gms@250832035@25.08.32 (260400-731361394):51)
04-04 19:21:31.796  1093  8980 W NetworkScheduler: 	at dqxa.run(:com.google.android.gms@250832035@25.08.32 (260400-731361394):72)
04-04 19:21:31.796  1093  8980 W NetworkScheduler: 	at atim.c(:com.google.android.gms@250832035@25.08.32 (260400-731361394):50)
04-04 19:21:31.796  1093  8980 W NetworkScheduler: 	at atim.run(:com.google.android.gms@250832035@25.08.32 (260400-731361394):76)
04-04 19:21:31.796  1093  8980 W NetworkScheduler: 	at java.util.concurrent.ThreadPoolExecutor.runWorker(ThreadPoolExecutor.java:1145)
04-04 19:21:31.796  1093  8980 W NetworkScheduler: 	at java.util.concurrent.ThreadPoolExecutor$Worker.run(ThreadPoolExecutor.java:644)
04-04 19:21:31.796  1093  8980 W NetworkScheduler: 	at atnz.run(:com.google.android.gms@250832035@25.08.32 (260400-731361394):8)
04-04 19:21:31.796  1093  8980 W NetworkScheduler: 	at java.lang.Thread.run(Thread.java:1012)
04-04 19:21:31.841   591   627 I ActivityTaskManager: Displayed com.example.group8_bartertrader/.ChatActivity for user 0: +160ms
04-04 19:21:31.843  9038  9074 D EGL_emulation: app_time_stats: avg=305.01ms min=1.95ms max=1298.38ms count=5
04-04 19:21:31.846   369  9117 W android.hardware.audio@7.1-impl.ranchu: pcmWrite:259 pcm_writei failed with 'cannot read/write stream data: I/O error' (-1)
04-04 19:21:31.846   369  9117 E android.hardware.audio@7.1-impl.ranchu: pcmWrite:260 failure: -1
04-04 19:21:31.855  9038  9038 D RootViewPicker: Root not ready - waiting: 10ms for one to appear.
04-04 19:21:31.870  9038  9038 D RootViewPicker: Root not ready - waiting: 25ms for one to appear.
04-04 19:21:31.880   856   972 D EGL_emulation: app_time_stats: avg=2526.24ms min=5.82ms max=5046.67ms count=2
04-04 19:21:31.895   404   545 D audioserver: logFgsApiEnd: FGS Logger Transaction failed, -129
04-04 19:21:31.896  9038  9038 D RootViewPicker: Root not ready - waiting: 50ms for one to appear.
04-04 19:21:31.950   369  9117 W android.hardware.audio@7.1-impl.ranchu: pcmWrite:259 pcm_writei failed with 'cannot read/write stream data: I/O error' (-1)
04-04 19:21:31.950   369  9117 E android.hardware.audio@7.1-impl.ranchu: pcmWrite:260 failure: -1
04-04 19:21:31.968  9038  9038 D VRI[ReceivedOfferActivity]: visibilityChanged oldVisibility=true newVisibility=false
04-04 19:21:31.973  9038  9038 D LifecycleMonitor: Lifecycle status change: com.example.group8_bartertrader.ReceivedOfferActivity@4077de3 in: STOPPED
04-04 19:21:31.973  9038  9038 V ActivityScenario: Activity lifecycle changed event received but ignored because the intent does not match. startActivityIntent=Intent { act=android.intent.action.MAIN cat=[android.intent.category.LAUNCHER] flg=0x10008000 cmp=com.example.group8_bartertrader/.ReceivedOfferActivity }, activity.getIntent()=Intent { flg=0x10008000 cmp=com.example.group8_bartertrader/.ReceivedOfferActivity }, activity=com.example.group8_bartertrader.ReceivedOfferActivity@4077de3
04-04 19:21:31.973  9038  9038 V ActivityScenario: Update currentActivityStage to STOPPED, currentActivity=com.example.group8_bartertrader.ReceivedOfferActivity@4077de3
04-04 19:21:31.989   591   726 I ImeTracker: com.example.group8_bartertrader:2656f8ea: onRequestHide at ORIGIN_SERVER reason HIDE_UNSPECIFIED_WINDOW fromUser false
04-04 19:21:31.989   591   726 I ImeTracker: com.example.group8_bartertrader:2656f8ea: onCancelled at PHASE_SERVER_SHOULD_HIDE
04-04 19:21:31.990  1315  1315 I GoogleInputMethodService: GoogleInputMethodService.onFinishInput():2090
04-04 19:21:31.991  1315  1315 I Module  : DeviceLockedStatusModuleProvider$Module.updateDeviceLockedStatus():100 repeatCheckTimes = 0, locked = false
04-04 19:21:31.991  1315  1315 I GoogleInputMethodService: GoogleInputMethodService.onStartInput():1357 onStartInput(EditorInfo{EditorInfo{packageName=com.example.group8_bartertrader, inputType=0, inputTypeString=NULL, enableLearning=false, autoCorrection=false, autoComplete=false, imeOptions=0, privateImeOptions=null, actionName=UNSPECIFIED, actionLabel=null, initialSelStart=-1, initialSelEnd=-1, initialCapsMode=0, label=null, fieldId=0, fieldName=null, extras=null, hintText=null, hintLocales=[]}}, false)
04-04 19:21:31.991  1315  1315 I Module  : DeviceLockedStatusModuleProvider$Module.updateDeviceLockedStatus():100 repeatCheckTimes = 1, locked = false
04-04 19:21:32.014  9038  9038 I ViewInteraction: Checking 'androidx.test.espresso.intent.Intents$2@9bc7d82' assertion on view view.getRootView() to equal view
04-04 19:21:32.022  9038  9063 I TestRunner: finished: testChatButtonDisabled_whenOfferNotAccepted(com.example.group8_bartertrader.ReceivedOfferUITest)
