03-31 19:24:34.250 30071 30071 V ActivityScenario: Activity lifecycle changed event received but ignored because the intent does not match. startActivityIntent=Intent { act=android.intent.action.MAIN cat=[android.intent.category.LAUNCHER] flg=0x10008000 cmp=com.example.group8_bartertrader/.ReceivedOfferActivity }, activity.getIntent()=Intent { flg=0x10008000 cmp=com.example.group8_bartertrader/.ReceivedOfferActivity }, activity=com.example.group8_bartertrader.ReceivedOfferActivity@da5315a
03-31 19:24:34.250 30071 30071 V ActivityScenario: Activity lifecycle changed event received but ignored because the reported transition was not ON_CREATE while the last known transition was PRE_ON_CREATE
03-31 19:24:34.308  1115  1544 D EGL_emulation: app_time_stats: avg=654.53ms min=9.04ms max=3143.71ms count=5
03-31 19:24:34.308   404   404 E SurfaceFlinger: Out of order buffers detected for RequestedLayerState{com.google.android.apps.nexuslauncher/com.google.android.apps.nexuslauncher.NexusLauncherActivity#4528 parentId=147} producedId=71 frameNumber=18 -> producedId=71 frameNumber=6
03-31 19:24:34.324   404   404 E SurfaceFlinger: Out of order buffers detected for RequestedLayerState{com.google.android.apps.nexuslauncher/com.google.android.apps.nexuslauncher.NexusLauncherActivity#4528 parentId=147} producedId=71 frameNumber=18 -> producedId=71 frameNumber=7
03-31 19:24:34.329 30071 30071 D LifecycleMonitor: Lifecycle status change: com.example.group8_bartertrader.ReceivedOfferActivity@da5315a in: CREATED
03-31 19:24:34.330 30071 30071 V ActivityScenario: Activity lifecycle changed event received but ignored because the intent does not match. startActivityIntent=Intent { act=android.intent.action.MAIN cat=[android.intent.category.LAUNCHER] flg=0x10008000 cmp=com.example.group8_bartertrader/.ReceivedOfferActivity }, activity.getIntent()=Intent { flg=0x10008000 cmp=com.example.group8_bartertrader/.ReceivedOfferActivity }, activity=com.example.group8_bartertrader.ReceivedOfferActivity@da5315a
03-31 19:24:34.330 30071 30071 V ActivityScenario: Update currentActivityStage to CREATED, currentActivity=com.example.group8_bartertrader.ReceivedOfferActivity@da5315a
03-31 19:24:34.332 30071 30071 D LifecycleMonitor: Lifecycle status change: com.example.group8_bartertrader.ReceivedOfferActivity@da5315a in: STARTED
03-31 19:24:34.335  1115  1544 D EGL_emulation: app_time_stats: avg=882.89ms min=53.58ms max=3153.24ms count=4
03-31 19:24:34.336 30071 30071 V ActivityScenario: Activity lifecycle changed event received but ignored because the intent does not match. startActivityIntent=Intent { act=android.intent.action.MAIN cat=[android.intent.category.LAUNCHER] flg=0x10008000 cmp=com.example.group8_bartertrader/.ReceivedOfferActivity }, activity.getIntent()=Intent { flg=0x10008000 cmp=com.example.group8_bartertrader/.ReceivedOfferActivity }, activity=com.example.group8_bartertrader.ReceivedOfferActivity@da5315a
03-31 19:24:34.336 30071 30071 V ActivityScenario: Update currentActivityStage to STARTED, currentActivity=com.example.group8_bartertrader.ReceivedOfferActivity@da5315a
03-31 19:24:34.339  1115  1115 D VRI[NexusLauncherActivity]: visibilityChanged oldVisibility=true newVisibility=false
03-31 19:24:34.344 30071 30071 D LifecycleMonitor: Lifecycle status change: com.example.group8_bartertrader.ReceivedOfferActivity@da5315a in: RESUMED
03-31 19:24:34.345 30071 30071 V ActivityScenario: Activity lifecycle changed event received but ignored because the intent does not match. startActivityIntent=Intent { act=android.intent.action.MAIN cat=[android.intent.category.LAUNCHER] flg=0x10008000 cmp=com.example.group8_bartertrader/.ReceivedOfferActivity }, activity.getIntent()=Intent { flg=0x10008000 cmp=com.example.group8_bartertrader/.ReceivedOfferActivity }, activity=com.example.group8_bartertrader.ReceivedOfferActivity@da5315a
03-31 19:24:34.345 30071 30071 V ActivityScenario: Update currentActivityStage to RESUMED, currentActivity=com.example.group8_bartertrader.ReceivedOfferActivity@da5315a
03-31 19:24:34.347  1115  1115 D NexusLauncherModelDelegate: notifySmartspaceEvent: SmartspaceTargetEvent{mSmartspaceTarget=null, mSmartspaceActionId='null', mEventType=7}
03-31 19:24:34.357 30071 30071 W HWUI    : Unknown dataspace 0
03-31 19:24:34.357   404   404 E SurfaceFlinger: Out of order buffers detected for RequestedLayerState{com.google.android.apps.nexuslauncher/com.google.android.apps.nexuslauncher.NexusLauncherActivity#4528 parentId=147} producedId=71 frameNumber=18 -> producedId=71 frameNumber=8
03-31 19:24:34.371   850   985 D EGL_emulation: app_time_stats: avg=878.07ms min=6.70ms max=3173.97ms count=4
03-31 19:24:34.401 30071 30132 D TrafficStats: tagSocket(127) with statsTag=0xffffffff, statsUid=-1
03-31 19:24:34.411 30071 30091 I FA      : Tag Manager is not found and thus will not be used
03-31 19:24:34.412 30071 30092 I EGL_emulation: Opening libGLESv1_CM_emulation.so
03-31 19:24:34.413 30071 30092 I EGL_emulation: Opening libGLESv2_emulation.so
03-31 19:24:34.471  8065 29877 W NetworkScheduler: Error inserting flex_time=3598000 job_id=-1 period=7197000 source=16 requires_charging=0 preferred_network_type=1 target_class=com.google.android.gms.measurement.PackageMeasurementTaskService user_id=0 target_package=com.google.android.gms tag=Measurement.PackageMeasurementTaskService.UPLOAD_TASK_TAG task_type=0 required_idleness_state=0 service_kind=0 source_version=250832000 persistence_level=1 preferred_charging_state=1 required_network_type=0 runtime=1743459874464 retry_strategy={"maximum_backoff_seconds":{"3600":0},"initial_backoff_seconds":{"30":0},"retry_policy":{"0":0}} last_runtime=0 [CONTEXT service_id=218 ]
03-31 19:24:34.471  8065 29877 W NetworkScheduler: android.database.sqlite.SQLiteConstraintException: UNIQUE constraint failed: pending_ops.tag, pending_ops.target_class, pending_ops.target_package, pending_ops.user_id (code 2067 SQLITE_CONSTRAINT_UNIQUE)
03-31 19:24:34.471  8065 29877 W NetworkScheduler: 	at android.database.sqlite.SQLiteConnection.nativeExecuteForLastInsertedRowId(Native Method)
03-31 19:24:34.471  8065 29877 W NetworkScheduler: 	at android.database.sqlite.SQLiteConnection.executeForLastInsertedRowId(SQLiteConnection.java:974)
03-31 19:24:34.471  8065 29877 W NetworkScheduler: 	at android.database.sqlite.SQLiteSession.executeForLastInsertedRowId(SQLiteSession.java:814)
03-31 19:24:34.471  8065 29877 W NetworkScheduler: 	at android.database.sqlite.SQLiteStatement.executeInsert(SQLiteStatement.java:89)
03-31 19:24:34.471  8065 29877 W NetworkScheduler: 	at android.database.sqlite.SQLiteDatabase.insertWithOnConflict(SQLiteDatabase.java:1981)
03-31 19:24:34.471  8065 29877 W NetworkScheduler: 	at android.database.sqlite.SQLiteDatabase.insertOrThrow(SQLiteDatabase.java:1875)
03-31 19:24:34.471  8065 29877 W NetworkScheduler: 	at dreu.d(:com.google.android.gms@250832035@25.08.32 (260400-731361394):727)
03-31 19:24:34.471  8065 29877 W NetworkScheduler: 	at drcl.n(:com.google.android.gms@250832035@25.08.32 (260400-731361394):29)
03-31 19:24:34.471  8065 29877 W NetworkScheduler: 	at drcl.u(:com.google.android.gms@250832035@25.08.32 (260400-731361394):364)
03-31 19:24:34.471  8065 29877 W NetworkScheduler: 	at drcl.h(:com.google.android.gms@250832035@25.08.32 (260400-731361394):51)
03-31 19:24:34.471  8065 29877 W NetworkScheduler: 	at dqxa.run(:com.google.android.gms@250832035@25.08.32 (260400-731361394):72)
03-31 19:24:34.471  8065 29877 W NetworkScheduler: 	at atim.c(:com.google.android.gms@250832035@25.08.32 (260400-731361394):50)
03-31 19:24:34.471  8065 29877 W NetworkScheduler: 	at atim.run(:com.google.android.gms@250832035@25.08.32 (260400-731361394):76)
03-31 19:24:34.471  8065 29877 W NetworkScheduler: 	at java.util.concurrent.ThreadPoolExecutor.runWorker(ThreadPoolExecutor.java:1145)
03-31 19:24:34.471  8065 29877 W NetworkScheduler: 	at java.util.concurrent.ThreadPoolExecutor$Worker.run(ThreadPoolExecutor.java:644)
03-31 19:24:34.471  8065 29877 W NetworkScheduler: 	at atnz.run(:com.google.android.gms@250832035@25.08.32 (260400-731361394):8)
03-31 19:24:34.471  8065 29877 W NetworkScheduler: 	at java.lang.Thread.run(Thread.java:1012)
03-31 19:24:34.498  8065 30007 W NetworkScheduler: Error inserting flex_time=3597000 job_id=-1 period=7196000 source=16 requires_charging=0 preferred_network_type=1 target_class=com.google.android.gms.measurement.PackageMeasurementTaskService user_id=0 target_package=com.google.android.gms tag=Measurement.PackageMeasurementTaskService.UPLOAD_TASK_TAG task_type=0 required_idleness_state=0 service_kind=0 source_version=250832000 persistence_level=1 preferred_charging_state=1 required_network_type=0 runtime=1743459874496 retry_strategy={"maximum_backoff_seconds":{"3600":0},"initial_backoff_seconds":{"30":0},"retry_policy":{"0":0}} last_runtime=0 [CONTEXT service_id=218 ]
03-31 19:24:34.498  8065 30007 W NetworkScheduler: android.database.sqlite.SQLiteConstraintException: UNIQUE constraint failed: pending_ops.tag, pending_ops.target_class, pending_ops.target_package, pending_ops.user_id (code 2067 SQLITE_CONSTRAINT_UNIQUE)
03-31 19:24:34.498  8065 30007 W NetworkScheduler: 	at android.database.sqlite.SQLiteConnection.nativeExecuteForLastInsertedRowId(Native Method)
03-31 19:24:34.498  8065 30007 W NetworkScheduler: 	at android.database.sqlite.SQLiteConnection.executeForLastInsertedRowId(SQLiteConnection.java:974)
03-31 19:24:34.498  8065 30007 W NetworkScheduler: 	at android.database.sqlite.SQLiteSession.executeForLastInsertedRowId(SQLiteSession.java:814)
03-31 19:24:34.498  8065 30007 W NetworkScheduler: 	at android.database.sqlite.SQLiteStatement.executeInsert(SQLiteStatement.java:89)
03-31 19:24:34.498  8065 30007 W NetworkScheduler: 	at android.database.sqlite.SQLiteDatabase.insertWithOnConflict(SQLiteDatabase.java:1981)
03-31 19:24:34.498  8065 30007 W NetworkScheduler: 	at android.database.sqlite.SQLiteDatabase.insertOrThrow(SQLiteDatabase.java:1875)
03-31 19:24:34.498  8065 30007 W NetworkScheduler: 	at dreu.d(:com.google.android.gms@250832035@25.08.32 (260400-731361394):727)
03-31 19:24:34.498  8065 30007 W NetworkScheduler: 	at drcl.n(:com.google.android.gms@250832035@25.08.32 (260400-731361394):29)
03-31 19:24:34.498  8065 30007 W NetworkScheduler: 	at drcl.u(:com.google.android.gms@250832035@25.08.32 (260400-731361394):364)
03-31 19:24:34.498  8065 30007 W NetworkScheduler: 	at drcl.h(:com.google.android.gms@250832035@25.08.32 (260400-731361394):51)
03-31 19:24:34.498  8065 30007 W NetworkScheduler: 	at dqxa.run(:com.google.android.gms@250832035@25.08.32 (260400-731361394):72)
03-31 19:24:34.498  8065 30007 W NetworkScheduler: 	at atim.c(:com.google.android.gms@250832035@25.08.32 (260400-731361394):50)
03-31 19:24:34.498  8065 30007 W NetworkScheduler: 	at atim.run(:com.google.android.gms@250832035@25.08.32 (260400-731361394):76)
03-31 19:24:34.498  8065 30007 W NetworkScheduler: 	at java.util.concurrent.ThreadPoolExecutor.runWorker(ThreadPoolExecutor.java:1145)
03-31 19:24:34.498  8065 30007 W NetworkScheduler: 	at java.util.concurrent.ThreadPoolExecutor$Worker.run(ThreadPoolExecutor.java:644)
03-31 19:24:34.498  8065 30007 W NetworkScheduler: 	at atnz.run(:com.google.android.gms@250832035@25.08.32 (260400-731361394):8)
03-31 19:24:34.498  8065 30007 W NetworkScheduler: 	at java.lang.Thread.run(Thread.java:1012)
03-31 19:24:34.498 30071 30092 W HWUI    : Failed to choose config with EGL_SWAP_BEHAVIOR_PRESERVED, retrying without...
03-31 19:24:34.499 30071 30092 W HWUI    : Failed to initialize 101010-2 format, error = EGL_SUCCESS
03-31 19:24:34.522   161   161 I hwservicemanager: getTransport: Cannot find entry android.hardware.graphics.mapper@4.0::IMapper/default in either framework or device VINTF manifest.
03-31 19:24:34.523 30071 30092 I Gralloc4: mapper 4.x is not supported
03-31 19:24:34.579   575  1616 W ServiceManagerCppClient: Permission failure: android.permission.ACCESS_SURFACE_FLINGER from uid=10258 pid=0
03-31 19:24:34.579   575  1616 D PermissionCache: checking android.permission.ACCESS_SURFACE_FLINGER for uid=10258 => denied (254 us)
03-31 19:24:34.579   575  1616 W ServiceManagerCppClient: Permission failure: android.permission.ROTATE_SURFACE_FLINGER from uid=10258 pid=0
03-31 19:24:34.579   575  1616 D PermissionCache: checking android.permission.ROTATE_SURFACE_FLINGER for uid=10258 => denied (35 us)
03-31 19:24:34.579   575  1616 W ServiceManagerCppClient: Permission failure: android.permission.INTERNAL_SYSTEM_WINDOW from uid=10258 pid=0
03-31 19:24:34.579   575  1616 D PermissionCache: checking android.permission.INTERNAL_SYSTEM_WINDOW for uid=10258 => denied (20 us)
03-31 19:24:34.587   575   626 W ziparchive: Unable to open '/data/app/~~mL0XERSj5x6h0A3ksfabBw==/com.example.group8_bartertrader-HOmEGh5kTsnXK3L5szH0uQ==/base.dm': No such file or directory
03-31 19:24:34.588  1115  1115 D BaseDepthController: setSurface:
03-31 19:24:34.588  1115  1115 D BaseDepthController: 	mWaitingOnSurfaceValidity: false
03-31 19:24:34.588  1115  1115 D BaseDepthController: 	mSurface: null
03-31 19:24:34.589  1115  1115 D BaseDepthController: mSurface is null and mCurrentBlur is: 0
03-31 19:24:34.592 30071 30089 W SurfaceComposerClient: Sync transaction timed out waiting for commit callback.
03-31 19:24:34.597   575   626 I ActivityTaskManager: Displayed com.example.group8_bartertrader/.ReceivedOfferActivity for user 0: +370ms
03-31 19:24:34.600 30071 30089 W FileTestStorage: Output properties is not supported.
03-31 19:24:34.600 30071 30089 I Tracing : Tracer added: class androidx.test.platform.tracing.AndroidXTracer
03-31 19:24:34.602   850   963 W WindowOnBackDispatcher: sendCancelIfRunning: isInProgress=false callback=android.view.ViewRootImpl$$ExternalSyntheticLambda11@ae97025
03-31 19:24:34.602  1115  1115 D StateManager: goToState - fromState: Normal, toState: Normal, partial trace:
03-31 19:24:34.602  1115  1115 D StateManager: 	at com.android.launcher3.statemanager.StateManager.moveToRestState(go/retraceme 2855a437b73635ce9cad76b9289087e631bbb67fc90008a0da13d343a00e5041:4)
03-31 19:24:34.602  1115  1115 D StateManager: 	at com.android.launcher3.statemanager.StateManager.moveToRestState(go/retraceme 2855a437b73635ce9cad76b9289087e631bbb67fc90008a0da13d343a00e5041:1)
03-31 19:24:34.602  1115  1115 D StateManager: 	at com.android.launcher3.statemanager.StatefulActivity.onStop(go/retraceme 2855a437b73635ce9cad76b9289087e631bbb67fc90008a0da13d343a00e5041:34)
03-31 19:24:34.602   575  1750 W InputManager-JNI: Input channel object 'a21f3f5 Splash Screen com.example.group8_bartertrader (client)' was disposed without first being removed with the input manager!
03-31 19:24:34.609 30071 30089 D EventInjectionStrategy: Creating injection strategy with input manager.
03-31 19:24:34.609 30071 30089 W p8_bartertrader: Accessing hidden method Landroid/hardware/input/InputManager;->getInstance()Landroid/hardware/input/InputManager; (unsupported, reflection, allowed)
03-31 19:24:34.610  1115  1115 D StatsLog: LAUNCHER_ONSTOP
03-31 19:24:34.610 30071 30089 W p8_bartertrader: Accessing hidden method Landroid/hardware/input/InputManager;->injectInputEvent(Landroid/view/InputEvent;I)Z (unsupported, reflection, allowed)
03-31 19:24:34.610 30071 30089 W p8_bartertrader: Accessing hidden field Landroid/hardware/input/InputManager;->INJECT_INPUT_EVENT_MODE_WAIT_FOR_FINISH:I (unsupported, reflection, allowed)
03-31 19:24:34.612  1115  1698 D OneSearchSuggestProvider: Shut down the binder channel
03-31 19:24:34.613  1115  1115 D StatsLog: LAUNCHER_GOOGLE_SEARCH_RESTORE_LIST_SIZE_AFTER_ACTIVITY_RESTART
03-31 19:24:34.615  1115  1391 I IPCThreadState: oneway function results for code 2 on binder at 0xb400006ecc03e110 will be dropped but finished with status UNKNOWN_TRANSACTION
03-31 19:24:34.617 30071 30075 I p8_bartertrader: Compiler allocated 5250KB to compile void android.view.ViewRootImpl.performTraversals()
03-31 19:24:34.619   575   720 I ImeTracker: com.example.group8_bartertrader:236782d3: onRequestHide at ORIGIN_SERVER reason HIDE_UNSPECIFIED_WINDOW fromUser false
03-31 19:24:34.619   575   720 I ImeTracker: com.example.group8_bartertrader:236782d3: onCancelled at PHASE_SERVER_SHOULD_HIDE
03-31 19:24:34.645 32449 32449 I GoogleInputMethodService: GoogleInputMethodService.onFinishInput():2090
03-31 19:24:34.645 30071 30071 W p8_bartertrader: Accessing hidden method Landroid/os/MessageQueue;->next()Landroid/os/Message; (unsupported, reflection, allowed)
03-31 19:24:34.645 30071 30071 W p8_bartertrader: Accessing hidden field Landroid/os/MessageQueue;->mMessages:Landroid/os/Message; (unsupported, reflection, allowed)
03-31 19:24:34.645 30071 30071 W p8_bartertrader: Accessing hidden method Landroid/os/Message;->recycleUnchecked()V (unsupported, reflection, allowed)
03-31 19:24:34.647 32449 32449 I Module  : DeviceLockedStatusModuleProvider$Module.updateDeviceLockedStatus():100 repeatCheckTimes = 0, locked = false
03-31 19:24:34.648 30071 30071 I ViewInteraction: Performing 'Wait for 3000 milliseconds.' action on view view.getRootView() to equal view
03-31 19:24:34.648 32449 32449 I GoogleInputMethodService: GoogleInputMethodService.onStartInput():1357 onStartInput(EditorInfo{EditorInfo{packageName=com.example.group8_bartertrader, inputType=0, inputTypeString=NULL, enableLearning=false, autoCorrection=false, autoComplete=false, imeOptions=0, privateImeOptions=null, actionName=UNSPECIFIED, actionLabel=null, initialSelStart=-1, initialSelEnd=-1, initialCapsMode=0, label=null, fieldId=0, fieldName=null, extras=null, hintText=null, hintLocales=[]}}, false)
03-31 19:24:34.648 32449 32449 I Module  : DeviceLockedStatusModuleProvider$Module.updateDeviceLockedStatus():100 repeatCheckTimes = 1, locked = false
03-31 19:24:34.727 30071 30131 W PersistentConnection: pc_0 - Using an unspecified index. Your data will be downloaded and filtered on the client. Consider adding '".indexOn": "providerEmail"' at Offers to your security and Firebase Database rules for better performance
03-31 19:24:34.727 30071 30071 D DEBUG_FIREBASE: Data: DataSnapshot { key = Offers, value = {-OMX3e7jHiipVy4FnViz={offeredItemDescription=Description 123, targetItemCategory=Vehicles, offeredItemName=Junfa 123, targetItemName=Blue BMW M5, targetItemLocation=HALIFAX NOVA SCOTIA, offeredItemLocation=DARTMOUTH, NS, targetItemDescription=Blue BMW, providerEmail=innis@gmail.com, receiverEmail=testreset@gmail.com, targetItemId=-OLfQJWx-P2EiyykOW4k, offeredItemCategory=Electronics, status=Pending}} }
03-31 19:24:34.728 30071 30071 D DEBUG_FIREBASE: Offer added: Junfa 123 Status: Pending
03-31 19:24:34.751 30071 30071 D DEBUG_ADAPTER: Bind offer: Junfa 123
03-31 19:24:34.752 30071 30071 D DEBUG_ADAPTER: Location: DARTMOUTH, NS
03-31 19:24:34.853  8065  8096 I FontLog : (REDACTED) Received query %s, URI %s
03-31 19:24:34.855  8065  8096 I FontLog : (REDACTED) Query [%s] resolved to %s
03-31 19:24:34.861  8065  8096 I FontLog : (REDACTED) Fetch %s end status %s
03-31 19:24:34.863  8065  8096 I FontLog : (REDACTED) Pulling font file for id = %d, cache size = %d
03-31 19:24:34.866  8065  8096 I FontLog : (REDACTED) Pulling font file for id = %d, cache size = %d
03-31 19:24:35.527 30071 30145 D ProfileInstaller: Installing profile for com.example.group8_bartertrader
03-31 19:24:36.929   575   761 D InetDiagMessage: Destroyed 0 sockets, proto=IPPROTO_TCP, family=AF_INET, states=14
03-31 19:24:36.930   575   761 D InetDiagMessage: Destroyed 0 sockets, proto=IPPROTO_TCP, family=AF_INET6, states=14
03-31 19:24:36.930   575   761 D InetDiagMessage: Destroyed live tcp sockets for uids={10102} in 3ms
03-31 19:24:37.674 30071 30071 I ViewInteraction: Performing 'actionOnItemAtPosition performing ViewAction: Click on a child view with specified id. on item at position: 0' action on view view.getId() is <2131296685/com.example.group8_bartertrader:id/receivedOffersRecyclerView>
03-31 19:24:37.718 30071 30089 W p8_bartertrader: Accessing hidden method Landroid/view/ViewConfiguration;->getDoubleTapMinTime()I (unsupported, reflection, allowed)
03-31 19:24:37.783 30071 30092 D EGL_emulation: app_time_stats: avg=532.15ms min=1.43ms max=2991.74ms count=6
03-31 19:24:37.809 30071 30071 I ViewInteraction: Performing 'single click' action on view an instance of android.widget.TextView and view.getText() with or without transformation to match: is "Pending"
03-31 19:24:37.937   398  3719 D audioserver: logFgsApiBegin: FGS Logger Transaction failed, -129
03-31 19:24:37.938   575  1840 W AS.PlaybackActivityMon: No piid assigned for invalid/internal port id 15
03-31 19:24:37.941 30071 30071 W WindowOnBackDispatcher: sendCancelIfRunning: isInProgress=false callback=android.view.ViewRootImpl$$ExternalSyntheticLambda11@3424ea6
03-31 19:24:37.943   575  1750 W InputManager-JNI: Input channel object '1e35bc PopupWindow:e5cbf0b (client)' was disposed without first being removed with the input manager!
03-31 19:24:38.049   575   720 I ImeTracker: com.example.group8_bartertrader:e8a4db95: onRequestHide at ORIGIN_SERVER reason HIDE_SAME_WINDOW_FOCUSED_WITHOUT_EDITOR fromUser false
03-31 19:24:38.049   575   720 I ImeTracker: com.example.group8_bartertrader:e8a4db95: onCancelled at PHASE_SERVER_SHOULD_HIDE
03-31 19:24:38.052 32449 32449 I GoogleInputMethodService: GoogleInputMethodService.onFinishInput():2090
03-31 19:24:38.052 32449 32449 I Module  : DeviceLockedStatusModuleProvider$Module.updateDeviceLockedStatus():100 repeatCheckTimes = 0, locked = false
03-31 19:24:38.053 32449 32449 I GoogleInputMethodService: GoogleInputMethodService.onStartInput():1357 onStartInput(EditorInfo{EditorInfo{packageName=com.example.group8_bartertrader, inputType=0, inputTypeString=NULL, enableLearning=false, autoCorrection=false, autoComplete=false, imeOptions=0, privateImeOptions=null, actionName=UNSPECIFIED, actionLabel=null, initialSelStart=-1, initialSelEnd=-1, initialCapsMode=0, label=null, fieldId=0, fieldName=null, extras=null, hintText=null, hintLocales=[]}}, false)
03-31 19:24:38.053 32449 32449 I Module  : DeviceLockedStatusModuleProvider$Module.updateDeviceLockedStatus():100 repeatCheckTimes = 1, locked = false
03-31 19:24:38.108 30071 30071 I ViewInteraction: Performing 'Wait for 1000 milliseconds.' action on view view.getRootView() to equal view
03-31 19:24:38.210   398   510 D audioserver: logFgsApiEnd: FGS Logger Transaction failed, -129
03-31 19:24:38.640   575   761 D InetDiagMessage: Destroyed 0 sockets, proto=IPPROTO_TCP, family=AF_INET, states=14
03-31 19:24:38.641   575   761 D InetDiagMessage: Destroyed 0 sockets, proto=IPPROTO_TCP, family=AF_INET6, states=14
03-31 19:24:38.641   575   761 D InetDiagMessage: Destroyed live tcp sockets for uids={10143} in 3ms
03-31 19:24:38.642   575   761 D InetDiagMessage: Destroyed 0 sockets, proto=IPPROTO_TCP, family=AF_INET, states=14
03-31 19:24:38.643   575   761 D InetDiagMessage: Destroyed 0 sockets, proto=IPPROTO_TCP, family=AF_INET6, states=14
03-31 19:24:38.643   575   761 D InetDiagMessage: Destroyed live tcp sockets for uids={20143} in 2ms
03-31 19:24:39.118 30071 30071 I ViewInteraction: Performing 'actionOnItemAtPosition performing ViewAction: Click on a child view with specified id. on item at position: 0' action on view view.getId() is <2131296685/com.example.group8_bartertrader:id/receivedOffersRecyclerView>
03-31 19:24:39.128   398  3719 D audioserver: logFgsApiBegin: FGS Logger Transaction failed, -129
03-31 19:24:39.129   575  1750 W AS.PlaybackActivityMon: No piid assigned for invalid/internal port id 15
03-31 19:24:39.135   575  1750 V GrammaticalInflectionUtils: AttributionSource: android.content.AttributionSource@345be28a does not have READ_SYSTEM_GRAMMATICAL_GENDER permission.
03-31 19:24:39.149 30071 30071 D LifecycleMonitor: Lifecycle status change: com.example.group8_bartertrader.ReceivedOfferActivity@da5315a in: PAUSED
03-31 19:24:39.149 30071 30071 V ActivityScenario: Activity lifecycle changed event received but ignored because the intent does not match. startActivityIntent=Intent { act=android.intent.action.MAIN cat=[android.intent.category.LAUNCHER] flg=0x10008000 cmp=com.example.group8_bartertrader/.ReceivedOfferActivity }, activity.getIntent()=Intent { flg=0x10008000 cmp=com.example.group8_bartertrader/.ReceivedOfferActivity }, activity=com.example.group8_bartertrader.ReceivedOfferActivity@da5315a
03-31 19:24:39.149 30071 30071 V ActivityScenario: Update currentActivityStage to PAUSED, currentActivity=com.example.group8_bartertrader.ReceivedOfferActivity@da5315a
03-31 19:24:39.153   398   510 D AudioFlinger: mixer(0xb4000073f25f68e0) throttle end: throttle time(37)
03-31 19:24:39.157 30071 30071 D LifecycleMonitor: Lifecycle status change: com.example.group8_bartertrader.ChatActivity@9b918db in: PRE_ON_CREATE
03-31 19:24:39.157 30071 30071 V ActivityScenario: Activity lifecycle changed event received but ignored because the intent does not match. startActivityIntent=Intent { act=android.intent.action.MAIN cat=[android.intent.category.LAUNCHER] flg=0x10008000 cmp=com.example.group8_bartertrader/.ReceivedOfferActivity }, activity.getIntent()=Intent { cmp=com.example.group8_bartertrader/.ChatActivity (has extras) }, activity=com.example.group8_bartertrader.ChatActivity@9b918db
03-31 19:24:39.157 30071 30071 V ActivityScenario: Activity lifecycle changed event received but ignored because the intent does not match. startActivityIntent=Intent { flg=0x10008000 cmp=com.example.group8_bartertrader/.ReceivedOfferActivity }, activity.getIntent()=Intent { cmp=com.example.group8_bartertrader/.ChatActivity (has extras) }, activity=com.example.group8_bartertrader.ChatActivity@9b918db
03-31 19:24:39.158   404   404 I BpBinder: onLastStrongRef automatically unlinking death recipients:
03-31 19:24:39.181 30071 30071 D CompatChangeReporter: Compat change id reported: 303326708; UID 10258; state: ENABLED
03-31 19:24:39.192 30071 30071 D LifecycleMonitor: Lifecycle status change: com.example.group8_bartertrader.ChatActivity@9b918db in: CREATED
03-31 19:24:39.193 30071 30071 V ActivityScenario: Activity lifecycle changed event received but ignored because the intent does not match. startActivityIntent=Intent { act=android.intent.action.MAIN cat=[android.intent.category.LAUNCHER] flg=0x10008000 cmp=com.example.group8_bartertrader/.ReceivedOfferActivity }, activity.getIntent()=Intent { cmp=com.example.group8_bartertrader/.ChatActivity (has extras) }, activity=com.example.group8_bartertrader.ChatActivity@9b918db
03-31 19:24:39.194 30071 30071 V ActivityScenario: Activity lifecycle changed event received but ignored because the intent does not match. startActivityIntent=Intent { flg=0x10008000 cmp=com.example.group8_bartertrader/.ReceivedOfferActivity }, activity.getIntent()=Intent { cmp=com.example.group8_bartertrader/.ChatActivity (has extras) }, activity=com.example.group8_bartertrader.ChatActivity@9b918db
03-31 19:24:39.195 30071 30071 D LifecycleMonitor: Lifecycle status change: com.example.group8_bartertrader.ChatActivity@9b918db in: STARTED
03-31 19:24:39.196 30071 30071 V ActivityScenario: Activity lifecycle changed event received but ignored because the intent does not match. startActivityIntent=Intent { act=android.intent.action.MAIN cat=[android.intent.category.LAUNCHER] flg=0x10008000 cmp=com.example.group8_bartertrader/.ReceivedOfferActivity }, activity.getIntent()=Intent { cmp=com.example.group8_bartertrader/.ChatActivity (has extras) }, activity=com.example.group8_bartertrader.ChatActivity@9b918db
03-31 19:24:39.196 30071 30071 V ActivityScenario: Activity lifecycle changed event received but ignored because the intent does not match. startActivityIntent=Intent { flg=0x10008000 cmp=com.example.group8_bartertrader/.ReceivedOfferActivity }, activity.getIntent()=Intent { cmp=com.example.group8_bartertrader/.ChatActivity (has extras) }, activity=com.example.group8_bartertrader.ChatActivity@9b918db
03-31 19:24:39.199 30071 30071 D LifecycleMonitor: Lifecycle status change: com.example.group8_bartertrader.ChatActivity@9b918db in: RESUMED
03-31 19:24:39.199 30071 30071 V ActivityScenario: Activity lifecycle changed event received but ignored because the intent does not match. startActivityIntent=Intent { act=android.intent.action.MAIN cat=[android.intent.category.LAUNCHER] flg=0x10008000 cmp=com.example.group8_bartertrader/.ReceivedOfferActivity }, activity.getIntent()=Intent { cmp=com.example.group8_bartertrader/.ChatActivity (has extras) }, activity=com.example.group8_bartertrader.ChatActivity@9b918db
03-31 19:24:39.199 30071 30071 V ActivityScenario: Activity lifecycle changed event received but ignored because the intent does not match. startActivityIntent=Intent { flg=0x10008000 cmp=com.example.group8_bartertrader/.ReceivedOfferActivity }, activity.getIntent()=Intent { cmp=com.example.group8_bartertrader/.ChatActivity (has extras) }, activity=com.example.group8_bartertrader.ChatActivity@9b918db
03-31 19:24:39.203  8065 29877 W NetworkScheduler: Error inserting flex_time=3593000 job_id=-1 period=7187000 source=16 requires_charging=0 preferred_network_type=1 target_class=com.google.android.gms.measurement.PackageMeasurementTaskService user_id=0 target_package=com.google.android.gms tag=Measurement.PackageMeasurementTaskService.UPLOAD_TASK_TAG task_type=0 required_idleness_state=0 service_kind=0 source_version=250832000 persistence_level=1 preferred_charging_state=1 required_network_type=0 runtime=1743459879201 retry_strategy={"maximum_backoff_seconds":{"3600":0},"initial_backoff_seconds":{"30":0},"retry_policy":{"0":0}} last_runtime=0 [CONTEXT service_id=218 ]
03-31 19:24:39.203  8065 29877 W NetworkScheduler: android.database.sqlite.SQLiteConstraintException: UNIQUE constraint failed: pending_ops.tag, pending_ops.target_class, pending_ops.target_package, pending_ops.user_id (code 2067 SQLITE_CONSTRAINT_UNIQUE)
03-31 19:24:39.203  8065 29877 W NetworkScheduler: 	at android.database.sqlite.SQLiteConnection.nativeExecuteForLastInsertedRowId(Native Method)
03-31 19:24:39.203  8065 29877 W NetworkScheduler: 	at android.database.sqlite.SQLiteConnection.executeForLastInsertedRowId(SQLiteConnection.java:974)
03-31 19:24:39.203  8065 29877 W NetworkScheduler: 	at android.database.sqlite.SQLiteSession.executeForLastInsertedRowId(SQLiteSession.java:814)
03-31 19:24:39.203  8065 29877 W NetworkScheduler: 	at android.database.sqlite.SQLiteStatement.executeInsert(SQLiteStatement.java:89)
03-31 19:24:39.203  8065 29877 W NetworkScheduler: 	at android.database.sqlite.SQLiteDatabase.insertWithOnConflict(SQLiteDatabase.java:1981)
03-31 19:24:39.203  8065 29877 W NetworkScheduler: 	at android.database.sqlite.SQLiteDatabase.insertOrThrow(SQLiteDatabase.java:1875)
03-31 19:24:39.203  8065 29877 W NetworkScheduler: 	at dreu.d(:com.google.android.gms@250832035@25.08.32 (260400-731361394):727)
03-31 19:24:39.203  8065 29877 W NetworkScheduler: 	at drcl.n(:com.google.android.gms@250832035@25.08.32 (260400-731361394):29)
03-31 19:24:39.203  8065 29877 W NetworkScheduler: 	at drcl.u(:com.google.android.gms@250832035@25.08.32 (260400-731361394):364)
03-31 19:24:39.203  8065 29877 W NetworkScheduler: 	at drcl.h(:com.google.android.gms@250832035@25.08.32 (260400-731361394):51)
03-31 19:24:39.203  8065 29877 W NetworkScheduler: 	at dqxa.run(:com.google.android.gms@250832035@25.08.32 (260400-731361394):72)
03-31 19:24:39.203  8065 29877 W NetworkScheduler: 	at atim.c(:com.google.android.gms@250832035@25.08.32 (260400-731361394):50)
03-31 19:24:39.203  8065 29877 W NetworkScheduler: 	at atim.run(:com.google.android.gms@250832035@25.08.32 (260400-731361394):97)
03-31 19:24:39.203  8065 29877 W NetworkScheduler: 	at java.util.concurrent.ThreadPoolExecutor.runWorker(ThreadPoolExecutor.java:1145)
03-31 19:24:39.203  8065 29877 W NetworkScheduler: 	at java.util.concurrent.ThreadPoolExecutor$Worker.run(ThreadPoolExecutor.java:644)
03-31 19:24:39.203  8065 29877 W NetworkScheduler: 	at atnz.run(:com.google.android.gms@250832035@25.08.32 (260400-731361394):8)
03-31 19:24:39.203  8065 29877 W NetworkScheduler: 	at java.lang.Thread.run(Thread.java:1012)
03-31 19:24:39.229  8065 30006 W NetworkScheduler: Error inserting flex_time=3593000 job_id=-1 period=7187000 source=16 requires_charging=0 preferred_network_type=1 target_class=com.google.android.gms.measurement.PackageMeasurementTaskService user_id=0 target_package=com.google.android.gms tag=Measurement.PackageMeasurementTaskService.UPLOAD_TASK_TAG task_type=0 required_idleness_state=0 service_kind=0 source_version=250832000 persistence_level=1 preferred_charging_state=1 required_network_type=0 runtime=1743459879228 retry_strategy={"maximum_backoff_seconds":{"3600":0},"initial_backoff_seconds":{"30":0},"retry_policy":{"0":0}} last_runtime=0 [CONTEXT service_id=218 ]
03-31 19:24:39.229  8065 30006 W NetworkScheduler: android.database.sqlite.SQLiteConstraintException: UNIQUE constraint failed: pending_ops.tag, pending_ops.target_class, pending_ops.target_package, pending_ops.user_id (code 2067 SQLITE_CONSTRAINT_UNIQUE)
03-31 19:24:39.229  8065 30006 W NetworkScheduler: 	at android.database.sqlite.SQLiteConnection.nativeExecuteForLastInsertedRowId(Native Method)
03-31 19:24:39.229  8065 30006 W NetworkScheduler: 	at android.database.sqlite.SQLiteConnection.executeForLastInsertedRowId(SQLiteConnection.java:974)
03-31 19:24:39.229  8065 30006 W NetworkScheduler: 	at android.database.sqlite.SQLiteSession.executeForLastInsertedRowId(SQLiteSession.java:814)
03-31 19:24:39.229  8065 30006 W NetworkScheduler: 	at android.database.sqlite.SQLiteStatement.executeInsert(SQLiteStatement.java:89)
03-31 19:24:39.229  8065 30006 W NetworkScheduler: 	at android.database.sqlite.SQLiteDatabase.insertWithOnConflict(SQLiteDatabase.java:1981)
03-31 19:24:39.229  8065 30006 W NetworkScheduler: 	at android.database.sqlite.SQLiteDatabase.insertOrThrow(SQLiteDatabase.java:1875)
03-31 19:24:39.229  8065 30006 W NetworkScheduler: 	at dreu.d(:com.google.android.gms@250832035@25.08.32 (260400-731361394):727)
03-31 19:24:39.229  8065 30006 W NetworkScheduler: 	at drcl.n(:com.google.android.gms@250832035@25.08.32 (260400-731361394):29)
03-31 19:24:39.229  8065 30006 W NetworkScheduler: 	at drcl.u(:com.google.android.gms@250832035@25.08.32 (260400-731361394):364)
03-31 19:24:39.229  8065 30006 W NetworkScheduler: 	at drcl.h(:com.google.android.gms@250832035@25.08.32 (260400-731361394):51)
03-31 19:24:39.229  8065 30006 W NetworkScheduler: 	at dqxa.run(:com.google.android.gms@250832035@25.08.32 (260400-731361394):72)
03-31 19:24:39.229  8065 30006 W NetworkScheduler: 	at atim.c(:com.google.android.gms@250832035@25.08.32 (260400-731361394):50)
03-31 19:24:39.229  8065 30006 W NetworkScheduler: 	at atim.run(:com.google.android.gms@250832035@25.08.32 (260400-731361394):76)
03-31 19:24:39.229  8065 30006 W NetworkScheduler: 	at java.util.concurrent.ThreadPoolExecutor.runWorker(ThreadPoolExecutor.java:1145)
03-31 19:24:39.229  8065 30006 W NetworkScheduler: 	at java.util.concurrent.ThreadPoolExecutor$Worker.run(ThreadPoolExecutor.java:644)
03-31 19:24:39.229  8065 30006 W NetworkScheduler: 	at atnz.run(:com.google.android.gms@250832035@25.08.32 (260400-731361394):8)
03-31 19:24:39.229  8065 30006 W NetworkScheduler: 	at java.lang.Thread.run(Thread.java:1012)
03-31 19:24:39.243   575   626 I ActivityTaskManager: Displayed com.example.group8_bartertrader/.ChatActivity for user 0: +103ms
03-31 19:24:39.253 30071 30092 D EGL_emulation: app_time_stats: avg=293.91ms min=13.37ms max=1175.28ms count=5
03-31 19:24:39.269 30071 30071 D RootViewPicker: Root not ready - waiting: 10ms for one to appear.
03-31 19:24:39.281 30071 30071 D RootViewPicker: Root not ready - waiting: 25ms for one to appear.
03-31 19:24:39.287   850   985 D EGL_emulation: app_time_stats: avg=2458.01ms min=9.77ms max=4906.24ms count=2
03-31 19:24:39.307 30071 30071 D RootViewPicker: Root not ready - waiting: 50ms for one to appear.
03-31 19:24:39.348 30071 30071 D VRI[ReceivedOfferActivity]: visibilityChanged oldVisibility=true newVisibility=false
03-31 19:24:39.351 30071 30071 D LifecycleMonitor: Lifecycle status change: com.example.group8_bartertrader.ReceivedOfferActivity@da5315a in: STOPPED
03-31 19:24:39.351 30071 30071 V ActivityScenario: Activity lifecycle changed event received but ignored because the intent does not match. startActivityIntent=Intent { act=android.intent.action.MAIN cat=[android.intent.category.LAUNCHER] flg=0x10008000 cmp=com.example.group8_bartertrader/.ReceivedOfferActivity }, activity.getIntent()=Intent { flg=0x10008000 cmp=com.example.group8_bartertrader/.ReceivedOfferActivity }, activity=com.example.group8_bartertrader.ReceivedOfferActivity@da5315a
03-31 19:24:39.351 30071 30071 V ActivityScenario: Update currentActivityStage to STOPPED, currentActivity=com.example.group8_bartertrader.ReceivedOfferActivity@da5315a
03-31 19:24:39.356   575   720 I ImeTracker: com.example.group8_bartertrader:34c9b0db: onRequestHide at ORIGIN_SERVER reason HIDE_UNSPECIFIED_WINDOW fromUser false
03-31 19:24:39.356   575   720 I ImeTracker: com.example.group8_bartertrader:34c9b0db: onCancelled at PHASE_SERVER_SHOULD_HIDE
03-31 19:24:39.357   398   510 D audioserver: logFgsApiEnd: FGS Logger Transaction failed, -129
03-31 19:24:39.359 32449 32449 I GoogleInputMethodService: GoogleInputMethodService.onFinishInput():2090
03-31 19:24:39.362 32449 32449 I Module  : DeviceLockedStatusModuleProvider$Module.updateDeviceLockedStatus():100 repeatCheckTimes = 0, locked = false
03-31 19:24:39.362 32449 32449 I GoogleInputMethodService: GoogleInputMethodService.onStartInput():1357 onStartInput(EditorInfo{EditorInfo{packageName=com.example.group8_bartertrader, inputType=0, inputTypeString=NULL, enableLearning=false, autoCorrection=false, autoComplete=false, imeOptions=0, privateImeOptions=null, actionName=UNSPECIFIED, actionLabel=null, initialSelStart=-1, initialSelEnd=-1, initialCapsMode=0, label=null, fieldId=0, fieldName=null, extras=null, hintText=null, hintLocales=[]}}, false)
03-31 19:24:39.363 32449 32449 I Module  : DeviceLockedStatusModuleProvider$Module.updateDeviceLockedStatus():100 repeatCheckTimes = 1, locked = false
03-31 19:24:39.375 30071 30071 I ViewInteraction: Checking 'androidx.test.espresso.intent.Intents$2@95b6c4f' assertion on view view.getRootView() to equal view
03-31 19:24:39.380 30071 30089 I TestRunner: finished: testChatButtonDisabled_whenOfferNotAccepted(com.example.group8_bartertrader.ReceivedOfferUITest)
