02-13 23:07:30.275 27876 27894 I TestRunner: started: checkIfPageDisplayed(com.example.group8_bartertrader.ResetPasswordActivityEspressoTest)
02-13 23:07:30.296 27876 27894 W Settings: Setting always_finish_activities has moved from android.provider.Settings.System to android.provider.Settings.Global, returning read-only value.
02-13 23:07:30.316   617  1842 V GrammaticalInflectionUtils: AttributionSource: android.content.AttributionSource@1ba503ec does not have READ_SYSTEM_GRAMMATICAL_GENDER permission.
02-13 23:07:30.321 27876 27896 I FA      : App measurement initialized, version: 114010
02-13 23:07:30.321 27876 27896 I FA      : To enable debug logging run: adb shell setprop log.tag.FA VERBOSE
02-13 23:07:30.321 27876 27896 I FA      : To enable faster debug mode event logging run:
02-13 23:07:30.321 27876 27896 I FA      :   adb shell setprop debug.firebase.analytics.app com.example.group8_bartertrader
02-13 23:07:30.325 27876 27896 D MeasurementManager: AdServicesInfo.version=13
02-13 23:07:30.333  1177  1177 W SplitSelectStateCtor: Missing session instanceIds
02-13 23:07:30.333  1177  1177 D StatsLog: LAUNCHER_SPLIT_SELECTION_EXIT_INTERRUPTED
02-13 23:07:30.338   468   468 I BpBinder: onLastStrongRef automatically unlinking death recipients:
02-13 23:07:30.339  1177  1177 I TopTaskTracker: onTaskMovedToFront: (moved taskInfo to front) taskId=78, baseIntent=Intent { act=android.intent.action.MAIN cat=[android.intent.category.LAUNCHER] flg=0x10008000 cmp=com.example.group8_bartertrader/.SettingsActivity }
02-13 23:07:30.453  1177  1568 D EGL_emulation: app_time_stats: avg=87.05ms min=1.89ms max=1735.64ms count=22
02-13 23:07:30.463 27876 27876 D AppCompatDelegate: Checking for metadata for AppLocalesMetadataHolderService : Service not found
02-13 23:07:30.472   468   468 E SurfaceFlinger: Out of order buffers detected for RequestedLayerState{com.google.android.apps.nexuslauncher/com.google.android.apps.nexuslauncher.NexusLauncherActivity#2573 parentId=84} producedId=73 frameNumber=195 -> producedId=73 frameNumber=54
02-13 23:07:30.478 27876 27876 D LifecycleMonitor: Lifecycle status change: com.example.group8_bartertrader.SettingsActivity@9aa07bb in: PRE_ON_CREATE
02-13 23:07:30.482 27876 27876 V ActivityScenario: Activity lifecycle changed event received but ignored because the reported transition was not ON_CREATE while the last known transition was PRE_ON_CREATE
02-13 23:07:30.488   468   468 E SurfaceFlinger: Out of order buffers detected for RequestedLayerState{com.google.android.apps.nexuslauncher/com.google.android.apps.nexuslauncher.NexusLauncherActivity#2573 parentId=84} producedId=73 frameNumber=195 -> producedId=73 frameNumber=55
02-13 23:07:30.504   468   468 E SurfaceFlinger: Out of order buffers detected for RequestedLayerState{com.google.android.apps.nexuslauncher/com.google.android.apps.nexuslauncher.NexusLauncherActivity#2573 parentId=84} producedId=73 frameNumber=195 -> producedId=73 frameNumber=56
02-13 23:07:30.514   873  1072 D EGL_emulation: app_time_stats: avg=30481.58ms min=30481.58ms max=30481.58ms count=1
02-13 23:07:30.521   468   468 E SurfaceFlinger: Out of order buffers detected for RequestedLayerState{com.google.android.apps.nexuslauncher/com.google.android.apps.nexuslauncher.NexusLauncherActivity#2573 parentId=84} producedId=73 frameNumber=195 -> producedId=73 frameNumber=57
02-13 23:07:30.530  1177  1568 D EGL_emulation: app_time_stats: avg=171167.69ms min=171167.69ms max=171167.69ms count=1
02-13 23:07:30.537   468   468 E SurfaceFlinger: Out of order buffers detected for RequestedLayerState{com.google.android.apps.nexuslauncher/com.google.android.apps.nexuslauncher.NexusLauncherActivity#2573 parentId=84} producedId=73 frameNumber=195 -> producedId=73 frameNumber=58
02-13 23:07:30.555   468   468 E SurfaceFlinger: Out of order buffers detected for RequestedLayerState{com.google.android.apps.nexuslauncher/com.google.android.apps.nexuslauncher.NexusLauncherActivity#2573 parentId=84} producedId=73 frameNumber=195 -> producedId=73 frameNumber=59
02-13 23:07:30.564 27876 27876 D CompatChangeReporter: Compat change id reported: 309578419; UID 10267; state: ENABLED
02-13 23:07:30.565 27489 27906 E adservices.measurement: Consent notification has not been displayed.
02-13 23:07:30.568 27489 27907 W adservices: Skip logging because Cobalt logger is null
02-13 23:07:30.605 27876 27876 W p8_bartertrader: Accessing hidden method Landroid/view/ViewGroup;->makeOptionalFitsSystemWindows()V (unsupported, reflection, allowed)
02-13 23:07:30.686 27876 27876 D CompatChangeReporter: Compat change id reported: 63938206; UID 10267; state: ENABLED
02-13 23:07:30.748  1570  1570 D BoundBrokerSvc: onBind: Intent { act=com.google.android.gms.measurement.START pkg=com.google.android.gms }
02-13 23:07:30.749  1570  1570 D BoundBrokerSvc: Loading bound service for intent: Intent { act=com.google.android.gms.measurement.START pkg=com.google.android.gms }
02-13 23:07:30.762  1177  1177 D VRI[NexusLauncherActivity]: visibilityChanged oldVisibility=true newVisibility=false
02-13 23:07:30.771  1177  1177 D NexusLauncherModelDelegate: notifySmartspaceEvent: SmartspaceTargetEvent{mSmartspaceTarget=null, mSmartspaceActionId='null', mEventType=7}
02-13 23:07:30.782 27876 27896 I FA      : Tag Manager is not found and thus will not be used
02-13 23:07:30.864 27876 27876 W AndroidJUnitRunner: An unhandled exception was thrown by the app.
02-13 23:07:30.864 27876 27876 W AndroidJUnitRunner: java.lang.NullPointerException: Attempt to invoke virtual method 'void android.widget.Button.setOnClickListener(android.view.View$OnClickListener)' on a null object reference
02-13 23:07:30.864 27876 27876 W AndroidJUnitRunner: 	at com.example.group8_bartertrader.SettingsActivity.onCreate(SettingsActivity.java:47)
02-13 23:07:30.864 27876 27876 W AndroidJUnitRunner: 	at android.app.Activity.performCreate(Activity.java:9002)
02-13 23:07:30.864 27876 27876 W AndroidJUnitRunner: 	at android.app.Activity.performCreate(Activity.java:8980)
02-13 23:07:30.864 27876 27876 W AndroidJUnitRunner: 	at android.app.Instrumentation.callActivityOnCreate(Instrumentation.java:1526)
02-13 23:07:30.864 27876 27876 W AndroidJUnitRunner: 	at androidx.test.runner.MonitoringInstrumentation.callActivityOnCreate(MonitoringInstrumentation.java:766)
02-13 23:07:30.864 27876 27876 W AndroidJUnitRunner: 	at android.app.ActivityThread.performLaunchActivity(ActivityThread.java:4030)
02-13 23:07:30.864 27876 27876 W AndroidJUnitRunner: 	at android.app.ActivityThread.handleLaunchActivity(ActivityThread.java:4235)
02-13 23:07:30.864 27876 27876 W AndroidJUnitRunner: 	at android.app.servertransaction.LaunchActivityItem.execute(LaunchActivityItem.java:112)
02-13 23:07:30.864 27876 27876 W AndroidJUnitRunner: 	at android.app.servertransaction.TransactionExecutor.executeNonLifecycleItem(TransactionExecutor.java:174)
02-13 23:07:30.864 27876 27876 W AndroidJUnitRunner: 	at android.app.servertransaction.TransactionExecutor.executeTransactionItems(TransactionExecutor.java:109)
02-13 23:07:30.864 27876 27876 W AndroidJUnitRunner: 	at android.app.servertransaction.TransactionExecutor.execute(TransactionExecutor.java:81)
02-13 23:07:30.864 27876 27876 W AndroidJUnitRunner: 	at android.app.ActivityThread$H.handleMessage(ActivityThread.java:2636)
02-13 23:07:30.864 27876 27876 W AndroidJUnitRunner: 	at android.os.Handler.dispatchMessage(Handler.java:107)
02-13 23:07:30.864 27876 27876 W AndroidJUnitRunner: 	at android.os.Looper.loopOnce(Looper.java:232)
02-13 23:07:30.864 27876 27876 W AndroidJUnitRunner: 	at android.os.Looper.loop(Looper.java:317)
02-13 23:07:30.864 27876 27876 W AndroidJUnitRunner: 	at android.app.ActivityThread.main(ActivityThread.java:8705)
02-13 23:07:30.864 27876 27876 W AndroidJUnitRunner: 	at java.lang.reflect.Method.invoke(Native Method)
02-13 23:07:30.864 27876 27876 W AndroidJUnitRunner: 	at com.android.internal.os.RuntimeInit$MethodAndArgsCaller.run(RuntimeInit.java:580)
02-13 23:07:30.864 27876 27876 W AndroidJUnitRunner: 	at com.android.internal.os.ZygoteInit.main(ZygoteInit.java:886)
02-13 23:07:30.871 27876 27876 D AndroidJUnitRunner: Reporting the crash to an event service.
02-13 23:07:30.871 27876 27876 W TestEventClient: Process crashed before connection to orchestrator
02-13 23:07:30.871 27876 27876 I AndroidJUnitRunner: Bringing down the entire Instrumentation process.
02-13 23:07:30.873 27876 27876 E MonitoringInstr: Exception encountered by: com.example.group8_bartertrader.SettingsActivity@9aa07bb. Dumping thread state to outputs and pining for the fjords.
02-13 23:07:30.873 27876 27876 E MonitoringInstr: java.lang.NullPointerException: Attempt to invoke virtual method 'void android.widget.Button.setOnClickListener(android.view.View$OnClickListener)' on a null object reference
02-13 23:07:30.873 27876 27876 E MonitoringInstr: 	at com.example.group8_bartertrader.SettingsActivity.onCreate(SettingsActivity.java:47)
02-13 23:07:30.873 27876 27876 E MonitoringInstr: 	at android.app.Activity.performCreate(Activity.java:9002)
02-13 23:07:30.873 27876 27876 E MonitoringInstr: 	at android.app.Activity.performCreate(Activity.java:8980)
02-13 23:07:30.873 27876 27876 E MonitoringInstr: 	at android.app.Instrumentation.callActivityOnCreate(Instrumentation.java:1526)
02-13 23:07:30.873 27876 27876 E MonitoringInstr: 	at androidx.test.runner.MonitoringInstrumentation.callActivityOnCreate(MonitoringInstrumentation.java:766)
02-13 23:07:30.873 27876 27876 E MonitoringInstr: 	at android.app.ActivityThread.performLaunchActivity(ActivityThread.java:4030)
02-13 23:07:30.873 27876 27876 E MonitoringInstr: 	at android.app.ActivityThread.handleLaunchActivity(ActivityThread.java:4235)
02-13 23:07:30.873 27876 27876 E MonitoringInstr: 	at android.app.servertransaction.LaunchActivityItem.execute(LaunchActivityItem.java:112)
02-13 23:07:30.873 27876 27876 E MonitoringInstr: 	at android.app.servertransaction.TransactionExecutor.executeNonLifecycleItem(TransactionExecutor.java:174)
02-13 23:07:30.873 27876 27876 E MonitoringInstr: 	at android.app.servertransaction.TransactionExecutor.executeTransactionItems(TransactionExecutor.java:109)
02-13 23:07:30.873 27876 27876 E MonitoringInstr: 	at android.app.servertransaction.TransactionExecutor.execute(TransactionExecutor.java:81)
02-13 23:07:30.873 27876 27876 E MonitoringInstr: 	at android.app.ActivityThread$H.handleMessage(ActivityThread.java:2636)
02-13 23:07:30.873 27876 27876 E MonitoringInstr: 	at android.os.Handler.dispatchMessage(Handler.java:107)
02-13 23:07:30.873 27876 27876 E MonitoringInstr: 	at android.os.Looper.loopOnce(Looper.java:232)
02-13 23:07:30.873 27876 27876 E MonitoringInstr: 	at android.os.Looper.loop(Looper.java:317)
02-13 23:07:30.873 27876 27876 E MonitoringInstr: 	at android.app.ActivityThread.main(ActivityThread.java:8705)
02-13 23:07:30.873 27876 27876 E MonitoringInstr: 	at java.lang.reflect.Method.invoke(Native Method)
02-13 23:07:30.873 27876 27876 E MonitoringInstr: 	at com.android.internal.os.RuntimeInit$MethodAndArgsCaller.run(RuntimeInit.java:580)
02-13 23:07:30.873 27876 27876 E MonitoringInstr: 	at com.android.internal.os.ZygoteInit.main(ZygoteInit.java:886)
02-13 23:07:30.881 27876 27876 E THREAD_STATE:   Thread[Firebase Background Thread #2,5,main]
02-13 23:07:30.881 27876 27876 E THREAD_STATE:     java.io.FileDescriptor.sync(Native Method)
02-13 23:07:30.881 27876 27876 E THREAD_STATE:     android.os.FileUtils.sync(FileUtils.java:278)
02-13 23:07:30.881 27876 27876 E THREAD_STATE:     android.app.SharedPreferencesImpl.writeToFile(SharedPreferencesImpl.java:815)
02-13 23:07:30.881 27876 27876 E THREAD_STATE:     android.app.SharedPreferencesImpl.-$$Nest$mwriteToFile(Unknown Source:0)
02-13 23:07:30.881 27876 27876 E THREAD_STATE:     android.app.SharedPreferencesImpl$1.run(SharedPreferencesImpl.java:680)
02-13 23:07:30.881 27876 27876 E THREAD_STATE:     android.app.SharedPreferencesImpl.enqueueDiskWrite(SharedPreferencesImpl.java:699)
02-13 23:07:30.881 27876 27876 E THREAD_STATE:     android.app.SharedPreferencesImpl.-$$Nest$menqueueDiskWrite(Unknown Source:0)
02-13 23:07:30.881 27876 27876 E THREAD_STATE:     android.app.SharedPreferencesImpl$EditorImpl.commit(SharedPreferencesImpl.java:612)
02-13 23:07:30.881 27876 27876 E THREAD_STATE:     com.google.firebase.heartbeatinfo.HeartBeatInfoStorage.updateGlobalHeartBeat(HeartBeatInfoStorage.java:243)
02-13 23:07:30.881 27876 27876 E THREAD_STATE:     com.google.firebase.heartbeatinfo.HeartBeatInfoStorage.getAllHeartBeats(HeartBeatInfoStorage.java:117)
02-13 23:07:30.881 27876 27876 E THREAD_STATE:     com.google.firebase.heartbeatinfo.DefaultHeartBeatController.lambda$getHeartBeatsHeader$1$com-google-firebase-heartbeatinfo-DefaultHeartBeatController(DefaultHeartBeatController.java:87)
02-13 23:07:30.881 27876 27876 E THREAD_STATE:     com.google.firebase.heartbeatinfo.DefaultHeartBeatController$$ExternalSyntheticLambda1.call(D8$$SyntheticClass:0)
02-13 23:07:30.881 27876 27876 E THREAD_STATE:     com.google.android.gms.tasks.zzz.run(com.google.android.gms:play-services-tasks@@18.1.0:1)
02-13 23:07:30.881 27876 27876 E THREAD_STATE:     java.util.concurrent.ThreadPoolExecutor.runWorker(ThreadPoolExecutor.java:1145)
02-13 23:07:30.881 27876 27876 E THREAD_STATE:     java.util.concurrent.ThreadPoolExecutor$Worker.run(ThreadPoolExecutor.java:644)
02-13 23:07:30.881 27876 27876 E THREAD_STATE:     com.google.firebase.concurrent.CustomThreadFactory.lambda$newThread$0$com-google-firebase-concurrent-CustomThreadFactory(CustomThreadFactory.java:47)
02-13 23:07:30.881 27876 27876 E THREAD_STATE:     com.google.firebase.concurrent.CustomThreadFactory$$ExternalSyntheticLambda0.run(D8$$SyntheticClass:0)
02-13 23:07:30.881 27876 27876 E THREAD_STATE:     java.lang.Thread.run(Thread.java:1012)
02-13 23:07:30.881 27876 27876 E THREAD_STATE:
02-13 23:07:30.881 27876 27876 E THREAD_STATE:   Thread[binder:27876_1,5,main]
02-13 23:07:30.881 27876 27876 E THREAD_STATE:
02-13 23:07:30.881 27876 27876 E THREAD_STATE:   Thread[Firebase Background Thread #1,5,main]
02-13 23:07:30.881 27876 27876 E THREAD_STATE:     jdk.internal.misc.Unsafe.park(Native Method)
02-13 23:07:30.881 27876 27876 E THREAD_STATE:     java.util.concurrent.locks.LockSupport.park(LockSupport.java:341)
02-13 23:07:30.881 27876 27876 E THREAD_STATE:     java.util.concurrent.locks.AbstractQueuedSynchronizer$ConditionNode.block(AbstractQueuedSynchronizer.java:506)
02-13 23:07:30.881 27876 27876 E THREAD_STATE:     java.util.concurrent.ForkJoinPool.unmanagedBlock(ForkJoinPool.java:3466)
02-13 23:07:30.881 27876 27876 E THREAD_STATE:     java.util.concurrent.ForkJoinPool.managedBlock(ForkJoinPool.java:3437)
02-13 23:07:30.881 27876 27876 E THREAD_STATE:     java.util.concurrent.locks.AbstractQueuedSynchronizer$ConditionObject.await(AbstractQueuedSynchronizer.java:1623)
02-13 23:07:30.881 27876 27876 E THREAD_STATE:     java.util.concurrent.LinkedBlockingQueue.take(LinkedBlockingQueue.java:435)
02-13 23:07:30.881 27876 27876 E THREAD_STATE:     java.util.concurrent.ThreadPoolExecutor.getTask(ThreadPoolExecutor.java:1071)
02-13 23:07:30.881 27876 27876 E THREAD_STATE:     java.util.concurrent.ThreadPoolExecutor.runWorker(ThreadPoolExecutor.java:1131)
02-13 23:07:30.881 27876 27876 E THREAD_STATE:     java.util.concurrent.ThreadPoolExecutor$Worker.run(ThreadPoolExecutor.java:644)
02-13 23:07:30.881 27876 27876 E THREAD_STATE:     com.google.firebase.concurrent.CustomThreadFactory.lambda$newThread$0$com-google-firebase-concurrent-CustomThreadFactory(CustomThreadFactory.java:47)
02-13 23:07:30.881 27876 27876 E THREAD_STATE:     com.google.firebase.concurrent.CustomThreadFactory$$ExternalSyntheticLambda0.run(D8$$SyntheticClass:0)
02-13 23:07:30.881 27876 27876 E THREAD_STATE:     java.lang.Thread.run(Thread.java:1012)
02-13 23:07:30.881 27876 27876 E THREAD_STATE:
02-13 23:07:30.881 27876 27876 E THREAD_STATE:   Thread[ScionFrontendApi,5,main]
02-13 23:07:30.881 27876 27876 E THREAD_STATE:     jdk.internal.misc.Unsafe.park(Native Method)
02-13 23:07:30.881 27876 27876 E THREAD_STATE:     java.util.concurrent.locks.LockSupport.parkNanos(LockSupport.java:252)
02-13 23:07:30.881 27876 27876 E THREAD_STATE:     java.util.concurrent.locks.AbstractQueuedSynchronizer$ConditionObject.awaitNanos(AbstractQueuedSynchronizer.java:1672)
02-13 23:07:30.881 27876 27876 E THREAD_STATE:     java.util.concurrent.LinkedBlockingQueue.poll(LinkedBlockingQueue.java:460)
02-13 23:07:30.881 27876 27876 E THREAD_STATE:     java.util.concurrent.ThreadPoolExecutor.getTask(ThreadPoolExecutor.java:1070)
02-13 23:07:30.881 27876 27876 E THREAD_STATE:     java.util.concurrent.ThreadPoolExecutor.runWorker(ThreadPoolExecutor.java:1131)
02-13 23:07:30.881 27876 27876 E THREAD_STATE:     java.util.concurrent.ThreadPoolExecutor$Worker.run(ThreadPoolExecutor.java:644)
02-13 23:07:30.881 27876 27876 E THREAD_STATE:     java.lang.Thread.run(Thread.java:1012)
02-13 23:07:30.881 27876 27876 E THREAD_STATE:
02-13 23:07:30.881 27876 27876 E THREAD_STATE:   Thread[Firebase Background Thread #3,5,main]
02-13 23:07:30.881 27876 27876 E THREAD_STATE:     jdk.internal.misc.Unsafe.park(Native Method)
02-13 23:07:30.881 27876 27876 E THREAD_STATE:     java.util.concurrent.locks.LockSupport.park(LockSupport.java:341)
02-13 23:07:30.881 27876 27876 E THREAD_STATE:     java.util.concurrent.locks.AbstractQueuedSynchronizer$ConditionNode.block(AbstractQueuedSynchronizer.java:506)
02-13 23:07:30.881 27876 27876 E THREAD_STATE:     java.util.concurrent.ForkJoinPool.unmanagedBlock(ForkJoinPool.java:3466)
02-13 23:07:30.881 27876 27876 E THREAD_STATE:     java.util.concurrent.ForkJoinPool.managedBlock(ForkJoinPool.java:3437)
02-13 23:07:30.881 27876 27876 E THREAD_STATE:     java.util.concurrent.locks.AbstractQueuedSynchronizer$ConditionObject.await(AbstractQueuedSynchronizer.java:1623)
02-13 23:07:30.881 27876 27876 E THREAD_STATE:     java.util.concurrent.LinkedBlockingQueue.take(LinkedBlockingQueue.java:435)
02-13 23:07:30.881 27876 27876 E THREAD_STATE:     java.util.concurrent.ThreadPoolExecutor.getTask(ThreadPoolExecutor.java:1071)
02-13 23:07:30.881 27876 27876 E THREAD_STATE:     java.util.concurrent.ThreadPoolExecutor.runWorker(ThreadPoolExecutor.java:1131)
02-13 23:07:30.881 27876 27876 E THREAD_STATE:     java.util.concurrent.ThreadPoolExecutor$Worker.run(ThreadPoolExecutor.java:644)
02-13 23:07:30.881 27876 27876 E THREAD_STATE:     com.google.firebase.concurrent.CustomThreadFactory.lambda$newThread$0$com-google-firebase-concurrent-CustomThreadFactory(CustomThreadFactory.java:47)
02-13 23:07:30.881 27876 27876 E THREAD_STATE:     com.google.firebase.concurrent.CustomThreadFactory$$ExternalSyntheticLambda0.run(D8$$SyntheticClass:0)
02-13 23:07:30.881 27876 27876 E THREAD_STATE:     java.lang.Thread.run(Thread.java:1012)
02-13 23:07:30.881 27876 27876 E THREAD_STATE:
02-13 23:07:30.881 27876 27876 E THREAD_STATE:   Thread[queued-work-looper,5,main]
02-13 23:07:30.881 27876 27876 E THREAD_STATE:     android.os.MessageQueue.nativePollOnce(Native Method)
02-13 23:07:30.881 27876 27876 E THREAD_STATE:     android.os.MessageQueue.next(MessageQueue.java:346)
02-13 23:07:30.881 27876 27876 E THREAD_STATE:     android.os.Looper.loopOnce(Looper.java:189)
02-13 23:07:30.881 27876 27876 E THREAD_STATE:     android.os.Looper.loop(Looper.java:317)
02-13 23:07:30.881 27876 27876 E THREAD_STATE:     android.os.HandlerThread.run(HandlerThread.java:85)
02-13 23:07:30.881 27876 27876 E THREAD_STATE:
02-13 23:07:30.881 27876 27876 E THREAD_STATE:   Thread[ReferenceQueueDaemon,5,system]
02-13 23:07:30.881 27876 27876 E THREAD_STATE:     java.lang.Object.wait(Native Method)
02-13 23:07:30.881 27876 27876 E THREAD_STATE:     java.lang.Object.wait(Object.java:405)
02-13 23:07:30.881 27876 27876 E THREAD_STATE:     java.lang.Object.wait(Object.java:543)
02-13 23:07:30.881 27876 27876 E THREAD_STATE:     java.lang.Daemons$ReferenceQueueDaemon.runInternal(Daemons.java:251)
02-13 23:07:30.881 27876 27876 E THREAD_STATE:     java.lang.Daemons$Daemon.run(Daemons.java:131)
02-13 23:07:30.881 27876 27876 E THREAD_STATE:     java.lang.Thread.run(Thread.java:1012)
02-13 23:07:30.881 27876 27876 E THREAD_STATE:
02-13 23:07:30.881 27876 27876 E THREAD_STATE:   Thread[main,5,main]
02-13 23:07:30.881 27876 27876 E THREAD_STATE:     dalvik.system.VMStack.getThreadStackTrace(Native Method)
02-13 23:07:30.881 27876 27876 E THREAD_STATE:     java.lang.Thread.getStackTrace(Thread.java:1841)
02-13 23:07:30.881 27876 27876 E THREAD_STATE:     java.lang.Thread.getAllStackTraces(Thread.java:1909)
02-13 23:07:30.881 27876 27876 E THREAD_STATE:     androidx.test.runner.MonitoringInstrumentation.getThreadState(MonitoringInstrumentation.java:735)
02-13 23:07:30.881 27876 27876 E THREAD_STATE:     androidx.test.runner.MonitoringInstrumentation.dumpThreadStateToOutputs(MonitoringInstrumentation.java:730)
02-13 23:07:30.881 27876 27876 E THREAD_STATE:     androidx.test.runner.MonitoringInstrumentation.onException(MonitoringInstrumentation.java:724)
02-13 23:07:30.881 27876 27876 E THREAD_STATE:     androidx.test.runner.AndroidJUnitRunner.onException(AndroidJUnitRunner.java:639)
02-13 23:07:30.881 27876 27876 E THREAD_STATE:     android.app.ActivityThread.performLaunchActivity(ActivityThread.java:4045)
02-13 23:07:30.881 27876 27876 E THREAD_STATE:     android.app.ActivityThread.handleLaunchActivity(ActivityThread.java:4235)
02-13 23:07:30.881 27876 27876 E THREAD_STATE:     android.app.servertransaction.LaunchActivityItem.execute(LaunchActivityItem.java:112)
02-13 23:07:30.881 27876 27876 E THREAD_STATE:     android.app.servertransaction.TransactionExecutor.executeNonLifecycleItem(TransactionExecutor.java:174)
02-13 23:07:30.881 27876 27876 E THREAD_STATE:     android.app.servertransaction.TransactionExecutor.executeTransactionItems(TransactionExecutor.java:109)
02-13 23:07:30.881 27876 27876 E THREAD_STATE:     android.app.servertransaction.TransactionExecutor.execute(TransactionExecutor.java:81)
02-13 23:07:30.881 27876 27876 E THREAD_STATE:     android.app.ActivityThread$H.handleMessage(ActivityThread.java:2636)
02-13 23:07:30.881 27876 27876 E THREAD_STATE:     android.os.Handler.dispatchMessage(Handler.java:107)
02-13 23:07:30.881 27876 27876 E THREAD_STATE:     android.os.Looper.loopOnce(Looper.java:232)
02-13 23:07:30.881 27876 27876 E THREAD_STATE:     android.os.Looper.loop(Looper.java:317)
02-13 23:07:30.881 27876 27876 E THREAD_STATE:     android.app.ActivityThread.main(ActivityThread.java:8705)
02-13 23:07:30.881 27876 27876 E THREAD_STATE:     java.lang.reflect.Method.invoke(Native Method)
02-13 23:07:30.881 27876 27876 E THREAD_STATE:     com.android.internal.os.RuntimeInit$MethodAndArgsCaller.run(RuntimeInit.java:580)
02-13 23:07:30.881 27876 27876 E THREAD_STATE:     com.android.internal.os.ZygoteInit.main(ZygoteInit.java:886)
02-13 23:07:30.881 27876 27876 E THREAD_STATE:
02-13 23:07:30.881 27876 27876 E THREAD_STATE:   Thread[binder:27876_3,5,main]
02-13 23:07:30.881 27876 27876 E THREAD_STATE:
02-13 23:07:30.881 27876 27876 E THREAD_STATE:   Thread[HeapTaskDaemon,5,system]
02-13 23:07:30.881 27876 27876 E THREAD_STATE:
02-13 23:07:30.881 27876 27876 E THREAD_STATE:   Thread[SharedPreferences,5,main]
02-13 23:07:30.881 27876 27876 E THREAD_STATE:     jdk.internal.misc.Unsafe.park(Native Method)
02-13 23:07:30.881 27876 27876 E THREAD_STATE:     java.util.concurrent.locks.LockSupport.parkNanos(LockSupport.java:252)
02-13 23:07:30.881 27876 27876 E THREAD_STATE:     java.util.concurrent.locks.AbstractQueuedSynchronizer$ConditionObject.awaitNanos(AbstractQueuedSynchronizer.java:1672)
02-13 23:07:30.881 27876 27876 E THREAD_STATE:     java.util.concurrent.LinkedBlockingQueue.poll(LinkedBlockingQueue.java:460)
02-13 23:07:30.881 27876 27876 E THREAD_STATE:     java.util.concurrent.ThreadPoolExecutor.getTask(ThreadPoolExecutor.java:1070)
02-13 23:07:30.881 27876 27876 E THREAD_STATE:     java.util.concurrent.ThreadPoolExecutor.runWorker(ThreadPoolExecutor.java:1131)
02-13 23:07:30.881 27876 27876 E THREAD_STATE:     java.util.concurrent.ThreadPoolExecutor$Worker.run(ThreadPoolExecutor.java:644)
02-13 23:07:30.881 27876 27876 E THREAD_STATE:     java.lang.Thread.run(Thread.java:1012)
02-13 23:07:30.881 27876 27876 E THREAD_STATE:
02-13 23:07:30.881 27876 27876 E THREAD_STATE:   Thread[Instr: androidx.test.runner.AndroidJUnitRunner,5,main]
02-13 23:07:30.881 27876 27876 E THREAD_STATE:     java.lang.Object.wait(Native Method)
02-13 23:07:30.881 27876 27876 E THREAD_STATE:     java.lang.Object.wait(Object.java:405)
02-13 23:07:30.881 27876 27876 E THREAD_STATE:     java.lang.Object.wait(Object.java:543)
02-13 23:07:30.883 27876 27876 E THREAD_STATE:     android.app.Instrumentation.startActivitySync(Instrumentation.java:631)
02-13 23:07:30.883 27876 27876 E THREAD_STATE:     androidx.test.core.app.InstrumentationActivityInvoker.startActivity(InstrumentationActivityInvoker.java:422)
02-13 23:07:30.883 27876 27876 E THREAD_STATE:     androidx.test.core.app.InstrumentationActivityInvoker.startActivity(InstrumentationActivityInvoker.java:428)
02-13 23:07:30.883 27876 27876 E THREAD_STATE:     androidx.test.core.app.ActivityScenario.launchInternal(ActivityScenario.java:367)
02-13 23:07:30.883 27876 27876 E THREAD_STATE:     androidx.test.core.app.ActivityScenario.launch(ActivityScenario.java:203)
02-13 23:07:30.883 27876 27876 E THREAD_STATE:     com.example.group8_bartertrader.ResetPasswordActivityEspressoTest.setup(ResetPasswordActivityEspressoTest.java:27)
02-13 23:07:30.883 27876 27876 E THREAD_STATE:     java.lang.reflect.Method.invoke(Native Method)
02-13 23:07:30.883 27876 27876 E THREAD_STATE:     org.junit.runners.model.FrameworkMethod$1.runReflectiveCall(FrameworkMethod.java:59)
02-13 23:07:30.883 27876 27876 E THREAD_STATE:     org.junit.internal.runners.model.ReflectiveCallable.run(ReflectiveCallable.java:12)
02-13 23:07:30.883 27876 27876 E THREAD_STATE:     org.junit.runners.model.FrameworkMethod.invokeExplosively(FrameworkMethod.java:56)
02-13 23:07:30.883 27876 27876 E THREAD_STATE:     androidx.test.internal.runner.junit4.statement.RunBefores.evaluate(RunBefores.java:76)
02-13 23:07:30.883 27876 27876 E THREAD_STATE:     org.junit.runners.ParentRunner$3.evaluate(ParentRunner.java:306)
02-13 23:07:30.883 27876 27876 E THREAD_STATE:     org.junit.runners.BlockJUnit4ClassRunner$1.evaluate(BlockJUnit4ClassRunner.java:100)
02-13 23:07:30.883 27876 27876 E THREAD_STATE:     org.junit.runners.ParentRunner.runLeaf(ParentRunner.java:366)
02-13 23:07:30.883 27876 27876 E THREAD_STATE:     org.junit.runners.BlockJUnit4ClassRunner.runChild(BlockJUnit4ClassRunner.java:103)
02-13 23:07:30.883 27876 27876 E THREAD_STATE:     org.junit.runners.BlockJUnit4ClassRunner.runChild(BlockJUnit4ClassRunner.java:63)
02-13 23:07:30.883 27876 27876 E THREAD_STATE:     org.junit.runners.ParentRunner$4.run(ParentRunner.java:331)
02-13 23:07:30.883 27876 27876 E THREAD_STATE:     org.junit.runners.ParentRunner$1.schedule(ParentRunner.java:79)
02-13 23:07:30.883 27876 27876 E THREAD_STATE:     org.junit.runners.ParentRunner.runChildren(ParentRunner.java:329)
02-13 23:07:30.883 27876 27876 E THREAD_STATE:     org.junit.runners.ParentRunner.access$100(ParentRunner.java:66)
02-13 23:07:30.883 27876 27876 E THREAD_STATE:     org.junit.runners.ParentRunner$2.evaluate(ParentRunner.java:293)
02-13 23:07:30.883 27876 27876 E THREAD_STATE:     org.junit.runners.ParentRunner$3.evaluate(ParentRunner.java:306)
02-13 23:07:30.883 27876 27876 E THREAD_STATE:     org.junit.runners.ParentRunner.run(ParentRunner.java:413)
02-13 23:07:30.883 27876 27876 E THREAD_STATE:     androidx.test.ext.junit.runners.AndroidJUnit4.run(AndroidJUnit4.java:162)
02-13 23:07:30.883 27876 27876 E THREAD_STATE:     org.junit.runners.Suite.runChild(Suite.java:128)
02-13 23:07:30.883 27876 27876 E THREAD_STATE:     org.junit.runners.Suite.runChild(Suite.java:27)
02-13 23:07:30.883 27876 27876 E THREAD_STATE:     org.junit.runners.ParentRunner$4.run(ParentRunner.java:331)
02-13 23:07:30.883 27876 27876 E THREAD_STATE:     org.junit.runners.ParentRunner$1.schedule(ParentRunner.java:79)
02-13 23:07:30.883 27876 27876 E THREAD_STATE:     org.junit.runners.ParentRunner.runChildren(ParentRunner.java:329)
02-13 23:07:30.883 27876 27876 E THREAD_STATE:     org.junit.runners.ParentRunner.access$100(ParentRunner.java:66)
02-13 23:07:30.883 27876 27876 E THREAD_STATE:     org.junit.runners.ParentRunner$2.evaluate(ParentRunner.java:293)
02-13 23:07:30.883 27876 27876 E THREAD_STATE:     org.junit.runners.ParentRunner$3.evaluate(ParentRunner.java:306)
02-13 23:07:30.883 27876 27876 E THREAD_STATE:     org.junit.runners.ParentRunner.run(ParentRunner.java:413)
02-13 23:07:30.883 27876 27876 E THREAD_STATE:     org.junit.runner.JUnitCore.run(JUnitCore.java:137)
02-13 23:07:30.883 27876 27876 E THREAD_STATE:     org.junit.runner.JUnitCore.run(JUnitCore.java:115)
02-13 23:07:30.883 27876 27876 E THREAD_STATE:     androidx.test.internal.runner.TestExecutor.execute(TestExecutor.java:68)
02-13 23:07:30.883 27876 27876 E THREAD_STATE:     androidx.test.internal.runner.TestExecutor.execute(TestExecutor.java:59)
02-13 23:07:30.883 27876 27876 E THREAD_STATE:     androidx.test.runner.AndroidJUnitRunner.onStart(AndroidJUnitRunner.java:463)
02-13 23:07:30.883 27876 27876 E THREAD_STATE:     android.app.Instrumentation$InstrumentationThread.run(Instrumentation.java:2594)
02-13 23:07:30.883 27876 27876 E THREAD_STATE:
02-13 23:07:30.883 27876 27876 E THREAD_STATE:   Thread[Profile Saver,5,system]
02-13 23:07:30.883 27876 27876 E THREAD_STATE:
02-13 23:07:30.883 27876 27876 E THREAD_STATE:   Thread[Jit thread pool worker thread 0,5,system]
02-13 23:07:30.883 27876 27876 E THREAD_STATE:
02-13 23:07:30.883 27876 27876 E THREAD_STATE:   Thread[Firebase Background Thread #0,5,main]
02-13 23:07:30.883 27876 27876 E THREAD_STATE:     jdk.internal.misc.Unsafe.park(Native Method)
02-13 23:07:30.883 27876 27876 E THREAD_STATE:     java.util.concurrent.locks.LockSupport.park(LockSupport.java:341)
02-13 23:07:30.883 27876 27876 E THREAD_STATE:     java.util.concurrent.locks.AbstractQueuedSynchronizer$ConditionNode.block(AbstractQueuedSynchronizer.java:506)
02-13 23:07:30.883 27876 27876 E THREAD_STATE:     java.util.concurrent.ForkJoinPool.unmanagedBlock(ForkJoinPool.java:3466)
02-13 23:07:30.883 27876 27876 E THREAD_STATE:     java.util.concurrent.ForkJoinPool.managedBlock(ForkJoinPool.java:3437)
02-13 23:07:30.883 27876 27876 E THREAD_STATE:     java.util.concurrent.locks.AbstractQueuedSynchronizer$ConditionObject.await(AbstractQueuedSynchronizer.java:1623)
02-13 23:07:30.883 27876 27876 E THREAD_STATE:     java.util.concurrent.LinkedBlockingQueue.take(LinkedBlockingQueue.java:435)
02-13 23:07:30.883 27876 27876 E THREAD_STATE:     java.util.concurrent.ThreadPoolExecutor.getTask(ThreadPoolExecutor.java:1071)
02-13 23:07:30.883 27876 27876 E THREAD_STATE:     java.util.concurrent.ThreadPoolExecutor.runWorker(ThreadPoolExecutor.java:1131)
02-13 23:07:30.883 27876 27876 E THREAD_STATE:     java.util.concurrent.ThreadPoolExecutor$Worker.run(ThreadPoolExecutor.java:644)
02-13 23:07:30.883 27876 27876 E THREAD_STATE:     com.google.firebase.concurrent.CustomThreadFactory.lambda$newThread$0$com-google-firebase-concurrent-CustomThreadFactory(CustomThreadFactory.java:47)
02-13 23:07:30.883 27876 27876 E THREAD_STATE:     com.google.firebase.concurrent.CustomThreadFactory$$ExternalSyntheticLambda0.run(D8$$SyntheticClass:0)
02-13 23:07:30.883 27876 27876 E THREAD_STATE:     java.lang.Thread.run(Thread.java:1012)
02-13 23:07:30.883 27876 27876 E THREAD_STATE:
02-13 23:07:30.883 27876 27876 E THREAD_STATE:   Thread[DefaultDispatcher-worker-2,5,main]
02-13 23:07:30.883 27876 27876 E THREAD_STATE:     jdk.internal.misc.Unsafe.park(Native Method)
02-13 23:07:30.883 27876 27876 E THREAD_STATE:     java.util.concurrent.locks.LockSupport.parkNanos(LockSupport.java:376)
02-13 23:07:30.883 27876 27876 E THREAD_STATE:     kotlinx.coroutines.scheduling.CoroutineScheduler$Worker.park(CoroutineScheduler.kt:838)
02-13 23:07:30.883 27876 27876 E THREAD_STATE:     kotlinx.coroutines.scheduling.CoroutineScheduler$Worker.tryPark(CoroutineScheduler.kt:783)
02-13 23:07:30.883 27876 27876 E THREAD_STATE:     kotlinx.coroutines.scheduling.CoroutineScheduler$Worker.runWorker(CoroutineScheduler.kt:731)
02-13 23:07:30.883 27876 27876 E THREAD_STATE:     kotlinx.coroutines.scheduling.CoroutineScheduler$Worker.run(CoroutineScheduler.kt:684)
02-13 23:07:30.883 27876 27876 E THREAD_STATE:
02-13 23:07:30.883 27876 27876 E THREAD_STATE:   Thread[RenderThread,7,main]
02-13 23:07:30.883 27876 27876 E THREAD_STATE:
02-13 23:07:30.883 27876 27876 E THREAD_STATE:   Thread[DefaultDispatcher-worker-1,5,main]
02-13 23:07:30.883 27876 27876 E THREAD_STATE:     jdk.internal.misc.Unsafe.park(Native Method)
02-13 23:07:30.883 27876 27876 E THREAD_STATE:     java.util.concurrent.locks.LockSupport.parkNanos(LockSupport.java:376)
02-13 23:07:30.883 27876 27876 E THREAD_STATE:     kotlinx.coroutines.scheduling.CoroutineScheduler$Worker.park(CoroutineScheduler.kt:838)
02-13 23:07:30.883 27876 27876 E THREAD_STATE:     kotlinx.coroutines.scheduling.CoroutineScheduler$Worker.tryPark(CoroutineScheduler.kt:783)
02-13 23:07:30.883 27876 27876 E THREAD_STATE:     kotlinx.coroutines.scheduling.CoroutineScheduler$Worker.runWorker(CoroutineScheduler.kt:731)
02-13 23:07:30.883 27876 27876 E THREAD_STATE:     kotlinx.coroutines.scheduling.CoroutineScheduler$Worker.run(CoroutineScheduler.kt:684)
02-13 23:07:30.883 27876 27876 E THREAD_STATE:
02-13 23:07:30.883 27876 27876 E THREAD_STATE:   Thread[Signal Catcher,10,system]
02-13 23:07:30.883 27876 27876 E THREAD_STATE:
02-13 23:07:30.883 27876 27876 E THREAD_STATE:   Thread[FinalizerDaemon,5,system]
02-13 23:07:30.883 27876 27876 E THREAD_STATE:     java.lang.Object.wait(Native Method)
02-13 23:07:30.883 27876 27876 E THREAD_STATE:     java.lang.Object.wait(Object.java:405)
02-13 23:07:30.883 27876 27876 E THREAD_STATE:     java.lang.ref.ReferenceQueue.remove(ReferenceQueue.java:207)
02-13 23:07:30.883 27876 27876 E THREAD_STATE:     java.lang.ref.ReferenceQueue.remove(ReferenceQueue.java:228)
02-13 23:07:30.883 27876 27876 E THREAD_STATE:     java.lang.Daemons$FinalizerDaemon.runInternal(Daemons.java:331)
02-13 23:07:30.883 27876 27876 E THREAD_STATE:     java.lang.Daemons$Daemon.run(Daemons.java:131)
02-13 23:07:30.883 27876 27876 E THREAD_STATE:     java.lang.Thread.run(Thread.java:1012)
02-13 23:07:30.883 27876 27876 E THREAD_STATE:
02-13 23:07:30.883 27876 27876 E THREAD_STATE:   Thread[FinalizerWatchdogDaemon,5,system]
02-13 23:07:30.883 27876 27876 E THREAD_STATE:     java.lang.Thread.sleep(Native Method)
02-13 23:07:30.883 27876 27876 E THREAD_STATE:     java.lang.Thread.sleep(Thread.java:450)
02-13 23:07:30.883 27876 27876 E THREAD_STATE:     java.lang.Thread.sleep(Thread.java:355)
02-13 23:07:30.883 27876 27876 E THREAD_STATE:     java.lang.Daemons$FinalizerWatchdogDaemon.sleepForNanos(Daemons.java:517)
02-13 23:07:30.883 27876 27876 E THREAD_STATE:     java.lang.Daemons$FinalizerWatchdogDaemon.waitForProgress(Daemons.java:563)
02-13 23:07:30.883 27876 27876 E THREAD_STATE:     java.lang.Daemons$FinalizerWatchdogDaemon.runInternal(Daemons.java:448)
02-13 23:07:30.883 27876 27876 E THREAD_STATE:     java.lang.Daemons$Daemon.run(Daemons.java:131)
02-13 23:07:30.883 27876 27876 E THREAD_STATE:     java.lang.Thread.run(Thread.java:1012)
02-13 23:07:30.883 27876 27876 E THREAD_STATE:
02-13 23:07:30.883 27876 27876 E THREAD_STATE:   Thread[GmsDynamite,5,dynamiteLoader]
02-13 23:07:30.883 27876 27876 E THREAD_STATE:     java.lang.Object.wait(Native Method)
02-13 23:07:30.883 27876 27876 E THREAD_STATE:     java.lang.Object.wait(Object.java:405)
02-13 23:07:30.883 27876 27876 E THREAD_STATE:     java.lang.Object.wait(Object.java:543)
02-13 23:07:30.883 27876 27876 E THREAD_STATE:     com.google.android.gms.dynamite.zza.run(com.google.android.gms:play-services-basement@@18.5.0:2)
02-13 23:07:30.883 27876 27876 E THREAD_STATE:
02-13 23:07:30.883 27876 27876 E THREAD_STATE:   Thread[Firebase Blocking Thread #0,5,main]
02-13 23:07:30.883 27876 27876 E THREAD_STATE:     jdk.internal.misc.Unsafe.park(Native Method)
02-13 23:07:30.883 27876 27876 E THREAD_STATE:     java.util.concurrent.locks.LockSupport.park(LockSupport.java:211)
02-13 23:07:30.883 27876 27876 E THREAD_STATE:     java.util.concurrent.locks.AbstractQueuedSynchronizer.acquire(AbstractQueuedSynchronizer.java:715)
02-13 23:07:30.883 27876 27876 E THREAD_STATE:     java.util.concurrent.locks.AbstractQueuedSynchronizer.acquireSharedInterruptibly(AbstractQueuedSynchronizer.java:1047)
02-13 23:07:30.883 27876 27876 E THREAD_STATE:     java.util.concurrent.CountDownLatch.await(CountDownLatch.java:230)
02-13 23:07:30.883 27876 27876 E THREAD_STATE:     com.google.android.gms.tasks.zzad.zza(com.google.android.gms:play-services-tasks@@18.1.0:1)
02-13 23:07:30.883 27876 27876 E THREAD_STATE:     com.google.android.gms.tasks.Tasks.await(com.google.android.gms:play-services-tasks@@18.1.0:8)
02-13 23:07:30.883 27876 27876 E THREAD_STATE:     com.google.firebase.installations.remote.FirebaseInstallationServiceClient.openHttpURLConnection(FirebaseInstallationServiceClient.java:488)
02-13 23:07:30.883 27876 27876 E THREAD_STATE:     com.google.firebase.installations.remote.FirebaseInstallationServiceClient.createFirebaseInstallation(FirebaseInstallationServiceClient.java:164)
02-13 23:07:30.883 27876 27876 E THREAD_STATE:     com.google.firebase.installations.FirebaseInstallations.registerFidWithServer(FirebaseInstallations.java:533)
02-13 23:07:30.883 27876 27876 E THREAD_STATE:     com.google.firebase.installations.FirebaseInstallations.doNetworkCallIfNecessary(FirebaseInstallations.java:387)
02-13 23:07:30.883 27876 27876 E THREAD_STATE:     com.google.firebase.installations.FirebaseInstallations.lambda$doRegistrationOrRefresh$3$com-google-firebase-installations-FirebaseInstallations(FirebaseInstallations.java:372)
02-13 23:07:30.883 27876 27876 E THREAD_STATE:     com.google.firebase.installations.FirebaseInstallations$$ExternalSyntheticLambda1.run(D8$$SyntheticClass:0)
02-13 23:07:30.883 27876 27876 E THREAD_STATE:     com.google.firebase.concurrent.SequentialExecutor$QueueWorker.workOnQueue(SequentialExecutor.java:229)
02-13 23:07:30.883 27876 27876 E THREAD_STATE:     com.google.firebase.concurrent.SequentialExecutor$QueueWorker.run(SequentialExecutor.java:174)
02-13 23:07:30.883 27876 27876 E THREAD_STATE:     java.util.concurrent.ThreadPoolExecutor.runWorker(ThreadPoolExecutor.java:1145)
02-13 23:07:30.883 27876 27876 E THREAD_STATE:     java.util.concurrent.ThreadPoolExecutor$Worker.run(ThreadPoolExecutor.java:644)
02-13 23:07:30.883 27876 27876 E THREAD_STATE:     com.google.firebase.concurrent.CustomThreadFactory.lambda$newThread$0$com-google-firebase-concurrent-CustomThreadFactory(CustomThreadFactory.java:47)
02-13 23:07:30.883 27876 27876 E THREAD_STATE:     com.google.firebase.concurrent.CustomThreadFactory$$ExternalSyntheticLambda0.run(D8$$SyntheticClass:0)
02-13 23:07:30.883 27876 27876 E THREAD_STATE:     java.lang.Thread.run(Thread.java:1012)
02-13 23:07:30.883 27876 27876 E THREAD_STATE:
02-13 23:07:30.883 27876 27876 E THREAD_STATE:   Thread[InstrumentationConnectionThread,5,main]
02-13 23:07:30.883 27876 27876 E THREAD_STATE:     android.os.MessageQueue.nativePollOnce(Native Method)
02-13 23:07:30.883 27876 27876 E THREAD_STATE:     android.os.MessageQueue.next(MessageQueue.java:346)
02-13 23:07:30.883 27876 27876 E THREAD_STATE:     android.os.Looper.loopOnce(Looper.java:189)
02-13 23:07:30.883 27876 27876 E THREAD_STATE:     android.os.Looper.loop(Looper.java:317)
02-13 23:07:30.883 27876 27876 E THREAD_STATE:     android.os.HandlerThread.run(HandlerThread.java:85)
02-13 23:07:30.883 27876 27876 E THREAD_STATE:
02-13 23:07:30.883 27876 27876 E THREAD_STATE:   Thread[Measurement Worker,5,main]
02-13 23:07:30.883 27876 27876 E THREAD_STATE:     java.lang.Object.wait(Native Method)
02-13 23:07:30.883 27876 27876 E THREAD_STATE:     java.lang.Object.wait(Object.java:405)
02-13 23:07:30.883 27876 27876 E THREAD_STATE:     com.google.android.gms.measurement.internal.zzhz.run(com.google.android.gms:play-services-measurement-impl@@22.2.0:41)
02-13 23:07:30.883 27876 27876 E THREAD_STATE:
02-13 23:07:30.883 27876 27876 E THREAD_STATE:   Thread[binder:27876_2,5,main]
02-13 23:07:30.883 27876 27876 E THREAD_STATE:
02-13 23:07:30.883 27876 27876 E MonitoringInstr: Dying now...
02-13 23:07:30.885 27876 27876 D AndroidRuntime: Shutting down VM
--------- beginning of crash
02-13 23:07:30.887 27876 27876 E AndroidRuntime: FATAL EXCEPTION: main
02-13 23:07:30.887 27876 27876 E AndroidRuntime: Process: com.example.group8_bartertrader, PID: 27876
02-13 23:07:30.887 27876 27876 E AndroidRuntime: java.lang.RuntimeException: Unable to start activity ComponentInfo{com.example.group8_bartertrader/com.example.group8_bartertrader.SettingsActivity}: java.lang.NullPointerException: Attempt to invoke virtual method 'void android.widget.Button.setOnClickListener(android.view.View$OnClickListener)' on a null object reference
02-13 23:07:30.887 27876 27876 E AndroidRuntime: 	at android.app.ActivityThread.performLaunchActivity(ActivityThread.java:4048)
02-13 23:07:30.887 27876 27876 E AndroidRuntime: 	at android.app.ActivityThread.handleLaunchActivity(ActivityThread.java:4235)
02-13 23:07:30.887 27876 27876 E AndroidRuntime: 	at android.app.servertransaction.LaunchActivityItem.execute(LaunchActivityItem.java:112)
02-13 23:07:30.887 27876 27876 E AndroidRuntime: 	at android.app.servertransaction.TransactionExecutor.executeNonLifecycleItem(TransactionExecutor.java:174)
02-13 23:07:30.887 27876 27876 E AndroidRuntime: 	at android.app.servertransaction.TransactionExecutor.executeTransactionItems(TransactionExecutor.java:109)
02-13 23:07:30.887 27876 27876 E AndroidRuntime: 	at android.app.servertransaction.TransactionExecutor.execute(TransactionExecutor.java:81)
02-13 23:07:30.887 27876 27876 E AndroidRuntime: 	at android.app.ActivityThread$H.handleMessage(ActivityThread.java:2636)
02-13 23:07:30.887 27876 27876 E AndroidRuntime: 	at android.os.Handler.dispatchMessage(Handler.java:107)
02-13 23:07:30.887 27876 27876 E AndroidRuntime: 	at android.os.Looper.loopOnce(Looper.java:232)
02-13 23:07:30.887 27876 27876 E AndroidRuntime: 	at android.os.Looper.loop(Looper.java:317)
02-13 23:07:30.887 27876 27876 E AndroidRuntime: 	at android.app.ActivityThread.main(ActivityThread.java:8705)
02-13 23:07:30.887 27876 27876 E AndroidRuntime: 	at java.lang.reflect.Method.invoke(Native Method)
02-13 23:07:30.887 27876 27876 E AndroidRuntime: 	at com.android.internal.os.RuntimeInit$MethodAndArgsCaller.run(RuntimeInit.java:580)
02-13 23:07:30.887 27876 27876 E AndroidRuntime: 	at com.android.internal.os.ZygoteInit.main(ZygoteInit.java:886)
02-13 23:07:30.887 27876 27876 E AndroidRuntime: Caused by: java.lang.NullPointerException: Attempt to invoke virtual method 'void android.widget.Button.setOnClickListener(android.view.View$OnClickListener)' on a null object reference
02-13 23:07:30.887 27876 27876 E AndroidRuntime: 	at com.example.group8_bartertrader.SettingsActivity.onCreate(SettingsActivity.java:47)
02-13 23:07:30.887 27876 27876 E AndroidRuntime: 	at android.app.Activity.performCreate(Activity.java:9002)
02-13 23:07:30.887 27876 27876 E AndroidRuntime: 	at android.app.Activity.performCreate(Activity.java:8980)
02-13 23:07:30.887 27876 27876 E AndroidRuntime: 	at android.app.Instrumentation.callActivityOnCreate(Instrumentation.java:1526)
02-13 23:07:30.887 27876 27876 E AndroidRuntime: 	at androidx.test.runner.MonitoringInstrumentation.callActivityOnCreate(MonitoringInstrumentation.java:766)
02-13 23:07:30.887 27876 27876 E AndroidRuntime: 	at android.app.ActivityThread.performLaunchActivity(ActivityThread.java:4030)
02-13 23:07:30.887 27876 27876 E AndroidRuntime: 	... 13 more
02-13 23:07:30.892 27876 27876 D MonitoringInstr: Handling an uncaught exception thrown on the thread main.
02-13 23:07:30.892 27876 27876 D MonitoringInstr: java.lang.RuntimeException: Unable to start activity ComponentInfo{com.example.group8_bartertrader/com.example.group8_bartertrader.SettingsActivity}: java.lang.NullPointerException: Attempt to invoke virtual method 'void android.widget.Button.setOnClickListener(android.view.View$OnClickListener)' on a null object reference
02-13 23:07:30.892 27876 27876 D MonitoringInstr: 	at android.app.ActivityThread.performLaunchActivity(ActivityThread.java:4048)
02-13 23:07:30.892 27876 27876 D MonitoringInstr: 	at android.app.ActivityThread.handleLaunchActivity(ActivityThread.java:4235)
02-13 23:07:30.892 27876 27876 D MonitoringInstr: 	at android.app.servertransaction.LaunchActivityItem.execute(LaunchActivityItem.java:112)
02-13 23:07:30.892 27876 27876 D MonitoringInstr: 	at android.app.servertransaction.TransactionExecutor.executeNonLifecycleItem(TransactionExecutor.java:174)
02-13 23:07:30.892 27876 27876 D MonitoringInstr: 	at android.app.servertransaction.TransactionExecutor.executeTransactionItems(TransactionExecutor.java:109)
02-13 23:07:30.892 27876 27876 D MonitoringInstr: 	at android.app.servertransaction.TransactionExecutor.execute(TransactionExecutor.java:81)
02-13 23:07:30.892 27876 27876 D MonitoringInstr: 	at android.app.ActivityThread$H.handleMessage(ActivityThread.java:2636)
02-13 23:07:30.892 27876 27876 D MonitoringInstr: 	at android.os.Handler.dispatchMessage(Handler.java:107)
02-13 23:07:30.892 27876 27876 D MonitoringInstr: 	at android.os.Looper.loopOnce(Looper.java:232)
02-13 23:07:30.892 27876 27876 D MonitoringInstr: 	at android.os.Looper.loop(Looper.java:317)
02-13 23:07:30.892 27876 27876 D MonitoringInstr: 	at android.app.ActivityThread.main(ActivityThread.java:8705)
02-13 23:07:30.892 27876 27876 D MonitoringInstr: 	at java.lang.reflect.Method.invoke(Native Method)
02-13 23:07:30.892 27876 27876 D MonitoringInstr: 	at com.android.internal.os.RuntimeInit$MethodAndArgsCaller.run(RuntimeInit.java:580)
02-13 23:07:30.892 27876 27876 D MonitoringInstr: 	at com.android.internal.os.ZygoteInit.main(ZygoteInit.java:886)
02-13 23:07:30.892 27876 27876 D MonitoringInstr: Caused by: java.lang.NullPointerException: Attempt to invoke virtual method 'void android.widget.Button.setOnClickListener(android.view.View$OnClickListener)' on a null object reference
02-13 23:07:30.892 27876 27876 D MonitoringInstr: 	at com.example.group8_bartertrader.SettingsActivity.onCreate(SettingsActivity.java:47)
02-13 23:07:30.892 27876 27876 D MonitoringInstr: 	at android.app.Activity.performCreate(Activity.java:9002)
02-13 23:07:30.892 27876 27876 D MonitoringInstr: 	at android.app.Activity.performCreate(Activity.java:8980)
02-13 23:07:30.892 27876 27876 D MonitoringInstr: 	at android.app.Instrumentation.callActivityOnCreate(Instrumentation.java:1526)
02-13 23:07:30.892 27876 27876 D MonitoringInstr: 	at androidx.test.runner.MonitoringInstrumentation.callActivityOnCreate(MonitoringInstrumentation.java:766)
02-13 23:07:30.892 27876 27876 D MonitoringInstr: 	at android.app.ActivityThread.performLaunchActivity(ActivityThread.java:4030)
02-13 23:07:30.892 27876 27876 D MonitoringInstr: 	... 13 more
02-13 23:07:30.893 27876 27876 D AndroidJUnitRunner: We've already handled this exception java.lang.NullPointerException. Ignoring.
02-13 23:07:30.894 27876 27876 W MonitoringInstr: Invoking default uncaught exception handler com.android.internal.os.RuntimeInit$KillApplicationHandler@792b39c (a class com.android.internal.os.RuntimeInit$KillApplicationHandler)
02-13 23:07:30.897 27876 27876 I Process : Sending signal. PID: 27876 SIG: 9
02-13 23:07:30.923   476   476 I adbd    : Remote process closed the socket (on MSG_PEEK)
02-13 23:07:30.926   397   397 I Zygote  : Process 27876 exited due to signal 9 (Killed)
02-13 23:07:30.928  1570  1570 D BoundBrokerSvc: onUnbind: Intent { act=com.google.android.gms.measurement.START pkg=com.google.android.gms }
02-13 23:07:30.938   468   468 I BpBinder: onLastStrongRef automatically unlinking death recipients:
02-13 23:07:30.938   617   778 D InetDiagMessage: Destroyed 0 sockets, proto=IPPROTO_TCP, family=AF_INET, states=14
02-13 23:07:30.939 27848 27848 I app_process: System.exit called, status: 0
02-13 23:07:30.939 27848 27848 I AndroidRuntime: VM exiting with result code 0.
02-13 23:07:30.940   617   778 D InetDiagMessage: Destroyed 0 sockets, proto=IPPROTO_TCP, family=AF_INET6, states=14
02-13 23:07:30.940   617   778 D InetDiagMessage: Destroyed live tcp sockets for uids={10267} in 3ms
02-13 23:07:30.941   617   778 D InetDiagMessage: Destroyed 0 sockets, proto=IPPROTO_TCP, family=AF_INET, states=14
02-13 23:07:30.943   617   778 D InetDiagMessage: Destroyed 0 sockets, proto=IPPROTO_TCP, family=AF_INET6, states=14
02-13 23:07:30.943   617   778 D InetDiagMessage: Destroyed live tcp sockets for uids={20267} in 2ms
02-13 23:07:30.945  1177  1177 D VRI[NexusLauncherActivity]: visibilityChanged oldVisibility=false newVisibility=true
02-13 23:07:30.946   617   655 I libprocessgroup: Removed cgroup /sys/fs/cgroup/uid_10267/pid_27876
02-13 23:07:30.955  1177  1177 D NexusLauncherModelDelegate: notifySmartspaceEvent: SmartspaceTargetEvent{mSmartspaceTarget=null, mSmartspaceActionId='null', mEventType=6}
02-13 23:07:30.955   617   644 V GrammaticalInflectionUtils: AttributionSource: android.content.AttributionSource@1ba503ec does not have READ_SYSTEM_GRAMMATICAL_GENDER permission.
02-13 23:07:30.964   397   397 D Zygote  : Forked child process 27919
02-13 23:07:30.981 27919 27919 I p8_bartertrader: Late-enabling -Xcheck:jni
02-13 23:07:31.034  1177  1177 D StatsLog: LAUNCHER_ONRESUME
