02-14 15:20:34.296 31267 31286 I TestRunner: started: checkIfLandingPageIsDisplayed(com.example.group8_bartertrader.ResetPasswordActivityUITest)
02-14 15:20:34.327 31267 31286 I UiDevice: Creating a new instance, old instance exists: false
02-14 15:20:34.334 31267 31286 I UiAutomation: Initialized for user 0 on display 0
02-14 15:20:34.375  1376 10075 I AiAiEcho: Settings changed for uri: content://settings/secure/accessibility_enabled
02-14 15:20:34.390  1376  1624 I AiAiEcho: Predicting[0]:  [CONTEXT sampling_count=5 ]
02-14 15:20:34.392  1376  1624 I AiAiEcho: EchoTargets:
02-14 15:20:34.392  1376  1624 I AiAiEcho: Filtered by AiAi flag check:
02-14 15:20:34.392  1376  1624 I AiAiEcho: [CONTEXT ratelimit_period="10 SECONDS" ]
02-14 15:20:34.394  1376  1624 I AiAiEcho: Ranked targets strategy: SORT, count: 0, ranking metadata:  [CONTEXT ratelimit_period="10 SECONDS" ]
02-14 15:20:34.395  1376  1624 I AiAiEcho: #remoteViewsTwiddler: feature disabled.
02-14 15:20:34.396  1376  1624 I AiAiEcho: Predicting[0]:  [CONTEXT sampling_count=5 ]
02-14 15:20:34.396  1376  1624 I AiAiEcho: EchoTargets:
02-14 15:20:34.396  1376  1624 I AiAiEcho: Filtered by AiAi flag check:
02-14 15:20:34.396  1376  1624 I AiAiEcho: [CONTEXT ratelimit_period="10 SECONDS" ]
02-14 15:20:34.396  1376  1624 I AiAiEcho: Ranked targets strategy: SORT, count: 0, ranking metadata:  [CONTEXT ratelimit_period="10 SECONDS" ]
02-14 15:20:34.396  1376  1624 I AiAiEcho: #remoteViewsTwiddler: feature disabled.
02-14 15:20:34.396  1376  1624 I AiAiEcho: Predicting[0]:  [CONTEXT sampling_count=5 ]
02-14 15:20:34.396  1376  1624 I AiAiEcho: EchoTargets:
02-14 15:20:34.396  1376  1624 I AiAiEcho: Filtered by AiAi flag check:
02-14 15:20:34.396  1376  1624 I AiAiEcho: [CONTEXT ratelimit_period="10 SECONDS" ]
02-14 15:20:34.399  1376  1624 I AiAiEcho: Ranked targets strategy: SORT, count: 0, ranking metadata:  [CONTEXT ratelimit_period="10 SECONDS" ]
02-14 15:20:34.401  1376  1624 I AiAiEcho: #remoteViewsTwiddler: feature disabled.
02-14 15:20:34.405  1376  1624 I AiAiEcho: #postPredictionTargets: Sending updates to UISurface media_data_manager with targets# 0 (types=[])
02-14 15:20:34.408   873   873 D SsMediaDataProvider: Forwarding Smartspace updates []
02-14 15:20:34.410  1376  1624 I AiAiEcho: #postPredictionTargets: Sending updates to UISurface lockscreen with targets# 0 (types=[])
02-14 15:20:34.411   873   873 W PageIndicator: Total number of pages invalid: 0. Assuming 1 page.
02-14 15:20:34.414  1376  1624 I AiAiEcho: #postPredictionTargets: Sending updates to UISurface home with targets# 0 (types=[])
02-14 15:20:34.415 31267 31288 I FA      : App measurement initialized, version: 114010
02-14 15:20:34.415 31267 31288 I FA      : To enable debug logging run: adb shell setprop log.tag.FA VERBOSE
02-14 15:20:34.416 31267 31288 I FA      : To enable faster debug mode event logging run:
02-14 15:20:34.416 31267 31288 I FA      :   adb shell setprop debug.firebase.analytics.app com.example.group8_bartertrader
02-14 15:20:34.419  1177  1177 D SsBaseTemplateCard: No text view can be set up
02-14 15:20:34.421  1177  1177 D SsBaseTemplateCard: Passed-in item info is null
02-14 15:20:34.421  1177  1177 D SsBaseTemplateCard: Passed-in item info is null
02-14 15:20:34.422  1177  1177 D SsBaseTemplateCard: Passed-in item info is null
02-14 15:20:34.423  1177  1177 I SsBaseTemplateCard: Secondary card pane is null
02-14 15:20:34.425 31267 31288 D MeasurementManager: AdServicesInfo.version=13
02-14 15:20:34.457  1177  1568 D EGL_emulation: app_time_stats: avg=232.17ms min=3.40ms max=3748.83ms count=17
02-14 15:20:34.470   617   617 W IPCThreadState: Sending oneway calls to frozen process.
02-14 15:20:34.472   617   617 W IPCThreadState: Sending oneway calls to frozen process.
02-14 15:20:34.473   617   617 W IPCThreadState: Sending oneway calls to frozen process.
02-14 15:20:34.475   617   617 W IPCThreadState: Sending oneway calls to frozen process.
02-14 15:20:34.484   617   617 W IPCThreadState: Sending oneway calls to frozen process.
02-14 15:20:34.484   617   617 W IPCThreadState: Sending oneway calls to frozen process.
02-14 15:20:34.497   617   617 W IPCThreadState: Sending oneway calls to frozen process.
02-14 15:20:34.503 31267 31286 D UiDevice: Setting accessibility service flags: 65618
02-14 15:20:34.504   617   617 W IPCThreadState: Sending oneway calls to frozen process.
02-14 15:20:34.513   617   617 W IPCThreadState: Sending oneway calls to frozen process.
02-14 15:20:34.517  1376 10075 I AiAiEcho: Settings changed for uri: content://settings/secure/accessibility_enabled
02-14 15:20:34.518  1376  1624 I AiAiEcho: Predicting[0]:  [CONTEXT sampling_count=5 ]
02-14 15:20:34.518  1376  1624 I AiAiEcho: EchoTargets:
02-14 15:20:34.518  1376  1624 I AiAiEcho: Filtered by AiAi flag check:
02-14 15:20:34.518  1376  1624 I AiAiEcho: [CONTEXT ratelimit_period="10 SECONDS" ]
02-14 15:20:34.518  1376  1624 I AiAiEcho: Ranked targets strategy: SORT, count: 0, ranking metadata:  [CONTEXT ratelimit_period="10 SECONDS" ]
02-14 15:20:34.518  1376  1624 I AiAiEcho: #remoteViewsTwiddler: feature disabled.
02-14 15:20:34.518  1376  1624 I AiAiEcho: Predicting[0]:  [CONTEXT sampling_count=5 ]
02-14 15:20:34.518  1376  1624 I AiAiEcho: EchoTargets:
02-14 15:20:34.518  1376  1624 I AiAiEcho: Filtered by AiAi flag check:
02-14 15:20:34.518  1376  1624 I AiAiEcho: [CONTEXT ratelimit_period="10 SECONDS" ]
02-14 15:20:34.518  1376  1624 I AiAiEcho: Ranked targets strategy: SORT, count: 0, ranking metadata:  [CONTEXT ratelimit_period="10 SECONDS" ]
02-14 15:20:34.519  1376  1624 I AiAiEcho: #remoteViewsTwiddler: feature disabled.
02-14 15:20:34.519  1376  1624 I AiAiEcho: Predicting[0]:  [CONTEXT sampling_count=5 ]
02-14 15:20:34.519  1376  1624 I AiAiEcho: EchoTargets:
02-14 15:20:34.519  1376  1624 I AiAiEcho: Filtered by AiAi flag check:
02-14 15:20:34.519  1376  1624 I AiAiEcho: [CONTEXT ratelimit_period="10 SECONDS" ]
02-14 15:20:34.519  1376  1624 I AiAiEcho: Ranked targets strategy: SORT, count: 0, ranking metadata:  [CONTEXT ratelimit_period="10 SECONDS" ]
02-14 15:20:34.520  1376  1624 I AiAiEcho: #remoteViewsTwiddler: feature disabled.
02-14 15:20:34.522  1376  1624 I AiAiEcho: #postPredictionTargets: Sending updates to UISurface media_data_manager with targets# 0 (types=[])
02-14 15:20:34.522  1376  1624 I AiAiEcho: #postPredictionTargets: Sending updates to UISurface lockscreen with targets# 0 (types=[])
02-14 15:20:34.523  1376  1624 I AiAiEcho: #postPredictionTargets: Sending updates to UISurface home with targets# 0 (types=[])
02-14 15:20:34.535   617   617 W IPCThreadState: Sending oneway calls to frozen process.
02-14 15:20:34.538   617   617 W IPCThreadState: Sending oneway calls to frozen process.
02-14 15:20:34.538   617   617 W IPCThreadState: Sending oneway calls to frozen process.
02-14 15:20:34.542   617   617 W IPCThreadState: Sending oneway calls to frozen process.
02-14 15:20:34.546   617   617 W IPCThreadState: Sending oneway calls to frozen process.
02-14 15:20:34.546   617   617 W IPCThreadState: Sending oneway calls to frozen process.
02-14 15:20:34.554  1177  1177 D SsBaseTemplateCard: No text view can be set up
02-14 15:20:34.554  1177  1177 D SsBaseTemplateCard: Passed-in item info is null
02-14 15:20:34.554  1177  1177 D SsBaseTemplateCard: Passed-in item info is null
02-14 15:20:34.554  1177  1177 D SsBaseTemplateCard: Passed-in item info is null
02-14 15:20:34.554  1177  1177 I SsBaseTemplateCard: Secondary card pane is null
02-14 15:20:34.580 29117 29145 I akvy    : NGA disabled since it's running Panthera and at least one a11y feature is on.
02-14 15:20:34.591   873   873 D SsMediaDataProvider: Forwarding Smartspace updates []
02-14 15:20:34.598 29117 29145 I akvy    : (REDACTED) Nga state changed to %s
02-14 15:20:34.602 29117 29145 I akvy    : (REDACTED) isTngActive=%s
02-14 15:20:34.602   873   873 W PageIndicator: Total number of pages invalid: 0. Assuming 1 page.
02-14 15:20:34.661  2566  2840 D AccessibilitySourceService: enabled a11y services count 0
02-14 15:20:34.662  2566  2840 D AccessibilitySourceService: a11y source sending 0 issue to sc
02-14 15:20:34.666   617   700 D SafetySourceDataValidat: No cert check requested for package com.google.android.permissioncontroller
02-14 15:20:34.722   617   636 V GrammaticalInflectionUtils: AttributionSource: android.content.AttributionSource@1f0eb52a does not have READ_SYSTEM_GRAMMATICAL_GENDER permission.
02-14 15:20:34.754 12433 12527 I sya     : (REDACTED) Nga on-device enabled based on TNG:MA active state: %b
02-14 15:20:34.772 12433 12527 I sya     : (REDACTED) Nga on-device enabled based on TNG:MA active state: %b
02-14 15:20:34.806  1177  1177 W SplitSelectStateCtor: Missing session instanceIds
02-14 15:20:34.806  1177  1177 D StatsLog: LAUNCHER_SPLIT_SELECTION_EXIT_INTERRUPTED
02-14 15:20:34.824 31267 31286 D UiDevice: Waiting 5000ms for SearchCondition[hasObject=BySelector [PKG='\Qcom.example.group8_bartertrader\E']].
02-14 15:20:34.826 31267 31286 D UiDevice: Searching for node with selector: BySelector [PKG='\Qcom.example.group8_bartertrader\E'].
02-14 15:20:34.888  1177  1177 I TopTaskTracker: onTaskMovedToFront: (moved taskInfo to front) taskId=83, baseIntent=Intent { act=android.intent.action.MAIN cat=[android.intent.category.LAUNCHER] flg=0x10008000 pkg=com.example.group8_bartertrader cmp=com.example.group8_bartertrader/.SettingsActivity }
02-14 15:20:34.905   468   468 I BpBinder: onLastStrongRef automatically unlinking death recipients:
02-14 15:20:34.953 28505 28505 E adservices.measurement: DeleteUninstalledJobService is disabled, skip scheduling
02-14 15:20:35.063 28505 28505 E adservices: Encryption key fetch job is disabled, skip scheduling.
02-14 15:20:35.165 28505 28809 W adservices: Skip logging because Cobalt logger is null
02-14 15:20:35.182 31267 31267 D AppCompatDelegate: Checking for metadata for AppLocalesMetadataHolderService : Service not found
02-14 15:20:35.243 31267 31267 D LifecycleMonitor: Lifecycle status change: com.example.group8_bartertrader.SettingsActivity@2382aa2 in: PRE_ON_CREATE
02-14 15:20:35.249  1177  1568 D EGL_emulation: app_time_stats: avg=563412.88ms min=4.23ms max=10704537.00ms count=19
02-14 15:20:35.276   873  1072 D EGL_emulation: app_time_stats: avg=34134.96ms min=34134.96ms max=34134.96ms count=1
02-14 15:20:35.335 31267 31267 D CompatChangeReporter: Compat change id reported: 309578419; UID 10269; state: ENABLED
02-14 15:20:35.407 31267 31267 W p8_bartertrader: Accessing hidden method Landroid/view/ViewGroup;->makeOptionalFitsSystemWindows()V (unsupported, reflection, allowed)
02-14 15:20:35.444  1570  1570 D BoundBrokerSvc: onBind: Intent { act=com.google.android.gms.measurement.START pkg=com.google.android.gms }
02-14 15:20:35.451  1570  1570 D BoundBrokerSvc: Loading bound service for intent: Intent { act=com.google.android.gms.measurement.START pkg=com.google.android.gms }
02-14 15:20:35.495  1177  1177 D VRI[NexusLauncherActivity]: visibilityChanged oldVisibility=true newVisibility=false
02-14 15:20:35.500 31267 31267 D CompatChangeReporter: Compat change id reported: 63938206; UID 10269; state: ENABLED
02-14 15:20:35.503  1177  1177 D NexusLauncherModelDelegate: notifySmartspaceEvent: SmartspaceTargetEvent{mSmartspaceTarget=null, mSmartspaceActionId='null', mEventType=7}
02-14 15:20:35.530 31267 31288 I FA      : Tag Manager is not found and thus will not be used
02-14 15:20:35.531 31267 31286 D UiDevice: Searching for node with selector: BySelector [PKG='\Qcom.example.group8_bartertrader\E'].
02-14 15:20:35.545 31267 31286 W UiDevice: Active window root not found.
02-14 15:20:35.569 31267 31286 W UiDevice: Skipping null root node for window: AccessibilityWindowInfo[title=Home, displayId=0, id=289, taskId=6, type=TYPE_APPLICATION, layer=0, region=SkRegion((0,0,1080,2400)), bounds=Rect(0, 0 - 1080, 2400), focused=true, active=true, pictureInPicture=false, transitionTime=67136550, hasParent=false, isAnchored=false, hasChildren=false]
02-14 15:20:35.712 31267 31286 D UiDevice: Searching for node with selector: BySelector [PKG='\Qcom.example.group8_bartertrader\E'].
02-14 15:20:35.717 31267 31286 W UiDevice: Active window root not found.
02-14 15:20:35.717 31267 31267 W AndroidJUnitRunner: An unhandled exception was thrown by the app.
02-14 15:20:35.717 31267 31267 W AndroidJUnitRunner: java.lang.NullPointerException: Attempt to invoke virtual method 'void android.widget.Button.setOnClickListener(android.view.View$OnClickListener)' on a null object reference
02-14 15:20:35.717 31267 31267 W AndroidJUnitRunner: 	at com.example.group8_bartertrader.SettingsActivity.onCreate(SettingsActivity.java:47)
02-14 15:20:35.717 31267 31267 W AndroidJUnitRunner: 	at android.app.Activity.performCreate(Activity.java:9002)
02-14 15:20:35.717 31267 31267 W AndroidJUnitRunner: 	at android.app.Activity.performCreate(Activity.java:8980)
02-14 15:20:35.717 31267 31267 W AndroidJUnitRunner: 	at android.app.Instrumentation.callActivityOnCreate(Instrumentation.java:1526)
02-14 15:20:35.717 31267 31267 W AndroidJUnitRunner: 	at androidx.test.runner.MonitoringInstrumentation.callActivityOnCreate(MonitoringInstrumentation.java:766)
02-14 15:20:35.717 31267 31267 W AndroidJUnitRunner: 	at android.app.ActivityThread.performLaunchActivity(ActivityThread.java:4030)
02-14 15:20:35.717 31267 31267 W AndroidJUnitRunner: 	at android.app.ActivityThread.handleLaunchActivity(ActivityThread.java:4235)
02-14 15:20:35.717 31267 31267 W AndroidJUnitRunner: 	at android.app.servertransaction.LaunchActivityItem.execute(LaunchActivityItem.java:112)
02-14 15:20:35.717 31267 31267 W AndroidJUnitRunner: 	at android.app.servertransaction.TransactionExecutor.executeNonLifecycleItem(TransactionExecutor.java:174)
02-14 15:20:35.717 31267 31267 W AndroidJUnitRunner: 	at android.app.servertransaction.TransactionExecutor.executeTransactionItems(TransactionExecutor.java:109)
02-14 15:20:35.717 31267 31267 W AndroidJUnitRunner: 	at android.app.servertransaction.TransactionExecutor.execute(TransactionExecutor.java:81)
02-14 15:20:35.717 31267 31267 W AndroidJUnitRunner: 	at android.app.ActivityThread$H.handleMessage(ActivityThread.java:2636)
02-14 15:20:35.717 31267 31267 W AndroidJUnitRunner: 	at android.os.Handler.dispatchMessage(Handler.java:107)
02-14 15:20:35.717 31267 31267 W AndroidJUnitRunner: 	at android.os.Looper.loopOnce(Looper.java:232)
02-14 15:20:35.717 31267 31267 W AndroidJUnitRunner: 	at android.os.Looper.loop(Looper.java:317)
02-14 15:20:35.717 31267 31267 W AndroidJUnitRunner: 	at android.app.ActivityThread.main(ActivityThread.java:8705)
02-14 15:20:35.717 31267 31267 W AndroidJUnitRunner: 	at java.lang.reflect.Method.invoke(Native Method)
02-14 15:20:35.717 31267 31267 W AndroidJUnitRunner: 	at com.android.internal.os.RuntimeInit$MethodAndArgsCaller.run(RuntimeInit.java:580)
02-14 15:20:35.717 31267 31267 W AndroidJUnitRunner: 	at com.android.internal.os.ZygoteInit.main(ZygoteInit.java:886)
02-14 15:20:35.722 31267 31286 W UiDevice: Skipping null root node for window: AccessibilityWindowInfo[title=Home, displayId=0, id=289, taskId=6, type=TYPE_APPLICATION, layer=0, region=SkRegion((0,0,1080,2400)), bounds=Rect(0, 0 - 1080, 2400), focused=true, active=true, pictureInPicture=false, transitionTime=67136550, hasParent=false, isAnchored=false, hasChildren=false]
02-14 15:20:35.725 31267 31267 D AndroidJUnitRunner: Reporting the crash to an event service.
02-14 15:20:35.725 31267 31267 W TestEventClient: Process crashed before connection to orchestrator
02-14 15:20:35.725 31267 31267 I AndroidJUnitRunner: Bringing down the entire Instrumentation process.
02-14 15:20:35.726 31267 31267 E MonitoringInstr: Exception encountered by: com.example.group8_bartertrader.SettingsActivity@2382aa2. Dumping thread state to outputs and pining for the fjords.
02-14 15:20:35.726 31267 31267 E MonitoringInstr: java.lang.NullPointerException: Attempt to invoke virtual method 'void android.widget.Button.setOnClickListener(android.view.View$OnClickListener)' on a null object reference
02-14 15:20:35.726 31267 31267 E MonitoringInstr: 	at com.example.group8_bartertrader.SettingsActivity.onCreate(SettingsActivity.java:47)
02-14 15:20:35.726 31267 31267 E MonitoringInstr: 	at android.app.Activity.performCreate(Activity.java:9002)
02-14 15:20:35.726 31267 31267 E MonitoringInstr: 	at android.app.Activity.performCreate(Activity.java:8980)
02-14 15:20:35.726 31267 31267 E MonitoringInstr: 	at android.app.Instrumentation.callActivityOnCreate(Instrumentation.java:1526)
02-14 15:20:35.726 31267 31267 E MonitoringInstr: 	at androidx.test.runner.MonitoringInstrumentation.callActivityOnCreate(MonitoringInstrumentation.java:766)
02-14 15:20:35.726 31267 31267 E MonitoringInstr: 	at android.app.ActivityThread.performLaunchActivity(ActivityThread.java:4030)
02-14 15:20:35.726 31267 31267 E MonitoringInstr: 	at android.app.ActivityThread.handleLaunchActivity(ActivityThread.java:4235)
02-14 15:20:35.726 31267 31267 E MonitoringInstr: 	at android.app.servertransaction.LaunchActivityItem.execute(LaunchActivityItem.java:112)
02-14 15:20:35.726 31267 31267 E MonitoringInstr: 	at android.app.servertransaction.TransactionExecutor.executeNonLifecycleItem(TransactionExecutor.java:174)
02-14 15:20:35.726 31267 31267 E MonitoringInstr: 	at android.app.servertransaction.TransactionExecutor.executeTransactionItems(TransactionExecutor.java:109)
02-14 15:20:35.726 31267 31267 E MonitoringInstr: 	at android.app.servertransaction.TransactionExecutor.execute(TransactionExecutor.java:81)
02-14 15:20:35.726 31267 31267 E MonitoringInstr: 	at android.app.ActivityThread$H.handleMessage(ActivityThread.java:2636)
02-14 15:20:35.726 31267 31267 E MonitoringInstr: 	at android.os.Handler.dispatchMessage(Handler.java:107)
02-14 15:20:35.726 31267 31267 E MonitoringInstr: 	at android.os.Looper.loopOnce(Looper.java:232)
02-14 15:20:35.726 31267 31267 E MonitoringInstr: 	at android.os.Looper.loop(Looper.java:317)
02-14 15:20:35.726 31267 31267 E MonitoringInstr: 	at android.app.ActivityThread.main(ActivityThread.java:8705)
02-14 15:20:35.726 31267 31267 E MonitoringInstr: 	at java.lang.reflect.Method.invoke(Native Method)
02-14 15:20:35.726 31267 31267 E MonitoringInstr: 	at com.android.internal.os.RuntimeInit$MethodAndArgsCaller.run(RuntimeInit.java:580)
02-14 15:20:35.726 31267 31267 E MonitoringInstr: 	at com.android.internal.os.ZygoteInit.main(ZygoteInit.java:886)
02-14 15:20:35.745 31267 31267 E THREAD_STATE:   Thread[RenderThread,7,main]
02-14 15:20:35.745 31267 31267 E THREAD_STATE:
02-14 15:20:35.745 31267 31267 E THREAD_STATE:   Thread[Measurement Worker,5,main]
02-14 15:20:35.745 31267 31267 E THREAD_STATE:     java.lang.Object.wait(Native Method)
02-14 15:20:35.745 31267 31267 E THREAD_STATE:     java.lang.Object.wait(Object.java:405)
02-14 15:20:35.745 31267 31267 E THREAD_STATE:     com.google.android.gms.measurement.internal.zzhz.run(com.google.android.gms:play-services-measurement-impl@@22.2.0:41)
02-14 15:20:35.745 31267 31267 E THREAD_STATE:
02-14 15:20:35.745 31267 31267 E THREAD_STATE:   Thread[Firebase Background Thread #2,5,main]
02-14 15:20:35.745 31267 31267 E THREAD_STATE:     jdk.internal.misc.Unsafe.park(Native Method)
02-14 15:20:35.745 31267 31267 E THREAD_STATE:     java.util.concurrent.locks.LockSupport.park(LockSupport.java:341)
02-14 15:20:35.745 31267 31267 E THREAD_STATE:     java.util.concurrent.locks.AbstractQueuedSynchronizer$ConditionNode.block(AbstractQueuedSynchronizer.java:506)
02-14 15:20:35.745 31267 31267 E THREAD_STATE:     java.util.concurrent.ForkJoinPool.unmanagedBlock(ForkJoinPool.java:3466)
02-14 15:20:35.745 31267 31267 E THREAD_STATE:     java.util.concurrent.ForkJoinPool.managedBlock(ForkJoinPool.java:3437)
02-14 15:20:35.745 31267 31267 E THREAD_STATE:     java.util.concurrent.locks.AbstractQueuedSynchronizer$ConditionObject.await(AbstractQueuedSynchronizer.java:1623)
02-14 15:20:35.745 31267 31267 E THREAD_STATE:     java.util.concurrent.LinkedBlockingQueue.take(LinkedBlockingQueue.java:435)
02-14 15:20:35.745 31267 31267 E THREAD_STATE:     java.util.concurrent.ThreadPoolExecutor.getTask(ThreadPoolExecutor.java:1071)
02-14 15:20:35.745 31267 31267 E THREAD_STATE:     java.util.concurrent.ThreadPoolExecutor.runWorker(ThreadPoolExecutor.java:1131)
02-14 15:20:35.745 31267 31267 E THREAD_STATE:     java.util.concurrent.ThreadPoolExecutor$Worker.run(ThreadPoolExecutor.java:644)
02-14 15:20:35.745 31267 31267 E THREAD_STATE:     com.google.firebase.concurrent.CustomThreadFactory.lambda$newThread$0$com-google-firebase-concurrent-CustomThreadFactory(CustomThreadFactory.java:47)
02-14 15:20:35.745 31267 31267 E THREAD_STATE:     com.google.firebase.concurrent.CustomThreadFactory$$ExternalSyntheticLambda0.run(D8$$SyntheticClass:0)
02-14 15:20:35.745 31267 31267 E THREAD_STATE:     java.lang.Thread.run(Thread.java:1012)
02-14 15:20:35.745 31267 31267 E THREAD_STATE:
02-14 15:20:35.745 31267 31267 E THREAD_STATE:   Thread[HeapTaskDaemon,5,system]
02-14 15:20:35.745 31267 31267 E THREAD_STATE:
02-14 15:20:35.745 31267 31267 E THREAD_STATE:   Thread[InstrumentationConnectionThread,5,main]
02-14 15:20:35.745 31267 31267 E THREAD_STATE:     android.os.MessageQueue.nativePollOnce(Native Method)
02-14 15:20:35.745 31267 31267 E THREAD_STATE:     android.os.MessageQueue.next(MessageQueue.java:346)
02-14 15:20:35.745 31267 31267 E THREAD_STATE:     android.os.Looper.loopOnce(Looper.java:189)
02-14 15:20:35.745 31267 31267 E THREAD_STATE:     android.os.Looper.loop(Looper.java:317)
02-14 15:20:35.745 31267 31267 E THREAD_STATE:     android.os.HandlerThread.run(HandlerThread.java:85)
02-14 15:20:35.745 31267 31267 E THREAD_STATE:
02-14 15:20:35.745 31267 31267 E THREAD_STATE:   Thread[Profile Saver,5,system]
02-14 15:20:35.745 31267 31267 E THREAD_STATE:
02-14 15:20:35.745 31267 31267 E THREAD_STATE:   Thread[binder:31267_4,5,main]
02-14 15:20:35.745 31267 31267 E THREAD_STATE:
02-14 15:20:35.745 31267 31267 E THREAD_STATE:   Thread[Firebase Background Thread #3,5,main]
02-14 15:20:35.745 31267 31267 E THREAD_STATE:     jdk.internal.misc.Unsafe.park(Native Method)
02-14 15:20:35.745 31267 31267 E THREAD_STATE:     java.util.concurrent.locks.LockSupport.park(LockSupport.java:341)
02-14 15:20:35.745 31267 31267 E THREAD_STATE:     java.util.concurrent.locks.AbstractQueuedSynchronizer$ConditionNode.block(AbstractQueuedSynchronizer.java:506)
02-14 15:20:35.745 31267 31267 E THREAD_STATE:     java.util.concurrent.ForkJoinPool.unmanagedBlock(ForkJoinPool.java:3466)
02-14 15:20:35.745 31267 31267 E THREAD_STATE:     java.util.concurrent.ForkJoinPool.managedBlock(ForkJoinPool.java:3437)
02-14 15:20:35.745 31267 31267 E THREAD_STATE:     java.util.concurrent.locks.AbstractQueuedSynchronizer$ConditionObject.await(AbstractQueuedSynchronizer.java:1623)
02-14 15:20:35.745 31267 31267 E THREAD_STATE:     java.util.concurrent.LinkedBlockingQueue.take(LinkedBlockingQueue.java:435)
02-14 15:20:35.745 31267 31267 E THREAD_STATE:     java.util.concurrent.ThreadPoolExecutor.getTask(ThreadPoolExecutor.java:1071)
02-14 15:20:35.745 31267 31267 E THREAD_STATE:     java.util.concurrent.ThreadPoolExecutor.runWorker(ThreadPoolExecutor.java:1131)
02-14 15:20:35.745 31267 31267 E THREAD_STATE:     java.util.concurrent.ThreadPoolExecutor$Worker.run(ThreadPoolExecutor.java:644)
02-14 15:20:35.745 31267 31267 E THREAD_STATE:     com.google.firebase.concurrent.CustomThreadFactory.lambda$newThread$0$com-google-firebase-concurrent-CustomThreadFactory(CustomThreadFactory.java:47)
02-14 15:20:35.745 31267 31267 E THREAD_STATE:     com.google.firebase.concurrent.CustomThreadFactory$$ExternalSyntheticLambda0.run(D8$$SyntheticClass:0)
02-14 15:20:35.745 31267 31267 E THREAD_STATE:     java.lang.Thread.run(Thread.java:1012)
02-14 15:20:35.745 31267 31267 E THREAD_STATE:
02-14 15:20:35.745 31267 31267 E THREAD_STATE:   Thread[SharedPreferences,5,main]
02-14 15:20:35.745 31267 31267 E THREAD_STATE:     jdk.internal.misc.Unsafe.park(Native Method)
02-14 15:20:35.745 31267 31267 E THREAD_STATE:     java.util.concurrent.locks.LockSupport.parkNanos(LockSupport.java:252)
02-14 15:20:35.745 31267 31267 E THREAD_STATE:     java.util.concurrent.locks.AbstractQueuedSynchronizer$ConditionObject.awaitNanos(AbstractQueuedSynchronizer.java:1672)
02-14 15:20:35.745 31267 31267 E THREAD_STATE:     java.util.concurrent.LinkedBlockingQueue.poll(LinkedBlockingQueue.java:460)
02-14 15:20:35.745 31267 31267 E THREAD_STATE:     java.util.concurrent.ThreadPoolExecutor.getTask(ThreadPoolExecutor.java:1070)
02-14 15:20:35.745 31267 31267 E THREAD_STATE:     java.util.concurrent.ThreadPoolExecutor.runWorker(ThreadPoolExecutor.java:1131)
02-14 15:20:35.745 31267 31267 E THREAD_STATE:     java.util.concurrent.ThreadPoolExecutor$Worker.run(ThreadPoolExecutor.java:644)
02-14 15:20:35.745 31267 31267 E THREAD_STATE:     java.lang.Thread.run(Thread.java:1012)
02-14 15:20:35.745 31267 31267 E THREAD_STATE:
02-14 15:20:35.745 31267 31267 E THREAD_STATE:   Thread[Jit thread pool worker thread 0,5,system]
02-14 15:20:35.745 31267 31267 E THREAD_STATE:
02-14 15:20:35.745 31267 31267 E THREAD_STATE:   Thread[FinalizerDaemon,5,system]
02-14 15:20:35.745 31267 31267 E THREAD_STATE:     java.lang.Object.wait(Native Method)
02-14 15:20:35.745 31267 31267 E THREAD_STATE:     java.lang.Object.wait(Object.java:405)
02-14 15:20:35.745 31267 31267 E THREAD_STATE:     java.lang.ref.ReferenceQueue.remove(ReferenceQueue.java:207)
02-14 15:20:35.745 31267 31267 E THREAD_STATE:     java.lang.ref.ReferenceQueue.remove(ReferenceQueue.java:228)
02-14 15:20:35.745 31267 31267 E THREAD_STATE:     java.lang.Daemons$FinalizerDaemon.runInternal(Daemons.java:331)
02-14 15:20:35.745 31267 31267 E THREAD_STATE:     java.lang.Daemons$Daemon.run(Daemons.java:131)
02-14 15:20:35.745 31267 31267 E THREAD_STATE:     java.lang.Thread.run(Thread.java:1012)
02-14 15:20:35.745 31267 31267 E THREAD_STATE:
02-14 15:20:35.745 31267 31267 E THREAD_STATE:   Thread[queued-work-looper,5,main]
02-14 15:20:35.745 31267 31267 E THREAD_STATE:     android.os.MessageQueue.nativePollOnce(Native Method)
02-14 15:20:35.745 31267 31267 E THREAD_STATE:     android.os.MessageQueue.next(MessageQueue.java:346)
02-14 15:20:35.745 31267 31267 E THREAD_STATE:     android.os.Looper.loopOnce(Looper.java:189)
02-14 15:20:35.745 31267 31267 E THREAD_STATE:     android.os.Looper.loop(Looper.java:317)
02-14 15:20:35.745 31267 31267 E THREAD_STATE:     android.os.HandlerThread.run(HandlerThread.java:85)
02-14 15:20:35.745 31267 31267 E THREAD_STATE:
02-14 15:20:35.745 31267 31267 E THREAD_STATE:   Thread[DefaultDispatcher-worker-2,5,main]
02-14 15:20:35.745 31267 31267 E THREAD_STATE:     jdk.internal.misc.Unsafe.park(Native Method)
02-14 15:20:35.745 31267 31267 E THREAD_STATE:     java.util.concurrent.locks.LockSupport.parkNanos(LockSupport.java:376)
02-14 15:20:35.745 31267 31267 E THREAD_STATE:     kotlinx.coroutines.scheduling.CoroutineScheduler$Worker.park(CoroutineScheduler.kt:838)
02-14 15:20:35.745 31267 31267 E THREAD_STATE:     kotlinx.coroutines.scheduling.CoroutineScheduler$Worker.tryPark(CoroutineScheduler.kt:783)
02-14 15:20:35.745 31267 31267 E THREAD_STATE:     kotlinx.coroutines.scheduling.CoroutineScheduler$Worker.runWorker(CoroutineScheduler.kt:731)
02-14 15:20:35.745 31267 31267 E THREAD_STATE:     kotlinx.coroutines.scheduling.CoroutineScheduler$Worker.run(CoroutineScheduler.kt:684)
02-14 15:20:35.745 31267 31267 E THREAD_STATE:
02-14 15:20:35.745 31267 31267 E THREAD_STATE:   Thread[FinalizerWatchdogDaemon,5,system]
02-14 15:20:35.745 31267 31267 E THREAD_STATE:     java.lang.Object.wait(Native Method)
02-14 15:20:35.745 31267 31267 E THREAD_STATE:     java.lang.Object.wait(Object.java:405)
02-14 15:20:35.745 31267 31267 E THREAD_STATE:     java.lang.Object.wait(Object.java:543)
02-14 15:20:35.745 31267 31267 E THREAD_STATE:     java.lang.Daemons$FinalizerWatchdogDaemon.sleepUntilNeeded(Daemons.java:464)
02-14 15:20:35.745 31267 31267 E THREAD_STATE:     java.lang.Daemons$FinalizerWatchdogDaemon.runInternal(Daemons.java:444)
02-14 15:20:35.745 31267 31267 E THREAD_STATE:     java.lang.Daemons$Daemon.run(Daemons.java:131)
02-14 15:20:35.745 31267 31267 E THREAD_STATE:     java.lang.Thread.run(Thread.java:1012)
02-14 15:20:35.745 31267 31267 E THREAD_STATE:
02-14 15:20:35.745 31267 31267 E THREAD_STATE:   Thread[binder:31267_1,5,main]
02-14 15:20:35.745 31267 31267 E THREAD_STATE:
02-14 15:20:35.745 31267 31267 E THREAD_STATE:   Thread[Signal Catcher,10,system]
02-14 15:20:35.745 31267 31267 E THREAD_STATE:
02-14 15:20:35.745 31267 31267 E THREAD_STATE:   Thread[main,5,main]
02-14 15:20:35.745 31267 31267 E THREAD_STATE:     dalvik.system.VMStack.getThreadStackTrace(Native Method)
02-14 15:20:35.745 31267 31267 E THREAD_STATE:     java.lang.Thread.getStackTrace(Thread.java:1841)
02-14 15:20:35.745 31267 31267 E THREAD_STATE:     java.lang.Thread.getAllStackTraces(Thread.java:1909)
02-14 15:20:35.745 31267 31267 E THREAD_STATE:     androidx.test.runner.MonitoringInstrumentation.getThreadState(MonitoringInstrumentation.java:735)
02-14 15:20:35.745 31267 31267 E THREAD_STATE:     androidx.test.runner.MonitoringInstrumentation.dumpThreadStateToOutputs(MonitoringInstrumentation.java:730)
02-14 15:20:35.745 31267 31267 E THREAD_STATE:     androidx.test.runner.MonitoringInstrumentation.onException(MonitoringInstrumentation.java:724)
02-14 15:20:35.745 31267 31267 E THREAD_STATE:     androidx.test.runner.AndroidJUnitRunner.onException(AndroidJUnitRunner.java:639)
02-14 15:20:35.745 31267 31267 E THREAD_STATE:     android.app.ActivityThread.performLaunchActivity(ActivityThread.java:4045)
02-14 15:20:35.745 31267 31267 E THREAD_STATE:     android.app.ActivityThread.handleLaunchActivity(ActivityThread.java:4235)
02-14 15:20:35.745 31267 31267 E THREAD_STATE:     android.app.servertransaction.LaunchActivityItem.execute(LaunchActivityItem.java:112)
02-14 15:20:35.745 31267 31267 E THREAD_STATE:     android.app.servertransaction.TransactionExecutor.executeNonLifecycleItem(TransactionExecutor.java:174)
02-14 15:20:35.745 31267 31267 E THREAD_STATE:     android.app.servertransaction.TransactionExecutor.executeTransactionItems(TransactionExecutor.java:109)
02-14 15:20:35.745 31267 31267 E THREAD_STATE:     android.app.servertransaction.TransactionExecutor.execute(TransactionExecutor.java:81)
02-14 15:20:35.745 31267 31267 E THREAD_STATE:     android.app.ActivityThread$H.handleMessage(ActivityThread.java:2636)
02-14 15:20:35.745 31267 31267 E THREAD_STATE:     android.os.Handler.dispatchMessage(Handler.java:107)
02-14 15:20:35.745 31267 31267 E THREAD_STATE:     android.os.Looper.loopOnce(Looper.java:232)
02-14 15:20:35.745 31267 31267 E THREAD_STATE:     android.os.Looper.loop(Looper.java:317)
02-14 15:20:35.745 31267 31267 E THREAD_STATE:     android.app.ActivityThread.main(ActivityThread.java:8705)
02-14 15:20:35.745 31267 31267 E THREAD_STATE:     java.lang.reflect.Method.invoke(Native Method)
02-14 15:20:35.745 31267 31267 E THREAD_STATE:     com.android.internal.os.RuntimeInit$MethodAndArgsCaller.run(RuntimeInit.java:580)
02-14 15:20:35.745 31267 31267 E THREAD_STATE:     com.android.internal.os.ZygoteInit.main(ZygoteInit.java:886)
02-14 15:20:35.745 31267 31267 E THREAD_STATE:
02-14 15:20:35.745 31267 31267 E THREAD_STATE:   Thread[Instr: androidx.test.runner.AndroidJUnitRunner,5,main]
02-14 15:20:35.745 31267 31267 E THREAD_STATE:     java.lang.Thread.sleep(Native Method)
02-14 15:20:35.745 31267 31267 E THREAD_STATE:     java.lang.Thread.sleep(Thread.java:450)
02-14 15:20:35.745 31267 31267 E THREAD_STATE:     java.lang.Thread.sleep(Thread.java:355)
02-14 15:20:35.745 31267 31267 E THREAD_STATE:     android.os.SystemClock.sleep(SystemClock.java:143)
02-14 15:20:35.745 31267 31267 E THREAD_STATE:     androidx.test.uiautomator.WaitMixin.wait(WaitMixin.java:48)
02-14 15:20:35.745 31267 31267 E THREAD_STATE:     androidx.test.uiautomator.WaitMixin.wait(WaitMixin.java:34)
02-14 15:20:35.745 31267 31267 E THREAD_STATE:     androidx.test.uiautomator.UiDevice.wait(UiDevice.java:201)
02-14 15:20:35.745 31267 31267 E THREAD_STATE:     androidx.test.uiautomator.UiDevice.wait(UiDevice.java:187)
02-14 15:20:35.745 31267 31267 E THREAD_STATE:     com.example.group8_bartertrader.ResetPasswordActivityUITest.setup(ResetPasswordActivityUITest.java:37)
02-14 15:20:35.745 31267 31267 E THREAD_STATE:     java.lang.reflect.Method.invoke(Native Method)
02-14 15:20:35.745 31267 31267 E THREAD_STATE:     org.junit.runners.model.FrameworkMethod$1.runReflectiveCall(FrameworkMethod.java:59)
02-14 15:20:35.745 31267 31267 E THREAD_STATE:     org.junit.internal.runners.model.ReflectiveCallable.run(ReflectiveCallable.java:12)
02-14 15:20:35.745 31267 31267 E THREAD_STATE:     org.junit.runners.model.FrameworkMethod.invokeExplosively(FrameworkMethod.java:56)
02-14 15:20:35.745 31267 31267 E THREAD_STATE:     androidx.test.internal.runner.junit4.statement.RunBefores.evaluate(RunBefores.java:76)
02-14 15:20:35.745 31267 31267 E THREAD_STATE:     org.junit.runners.ParentRunner$3.evaluate(ParentRunner.java:306)
02-14 15:20:35.745 31267 31267 E THREAD_STATE:     org.junit.runners.BlockJUnit4ClassRunner$1.evaluate(BlockJUnit4ClassRunner.java:100)
02-14 15:20:35.745 31267 31267 E THREAD_STATE:     org.junit.runners.ParentRunner.runLeaf(ParentRunner.java:366)
02-14 15:20:35.745 31267 31267 E THREAD_STATE:     org.junit.runners.BlockJUnit4ClassRunner.runChild(BlockJUnit4ClassRunner.java:103)
02-14 15:20:35.745 31267 31267 E THREAD_STATE:     org.junit.runners.BlockJUnit4ClassRunner.runChild(BlockJUnit4ClassRunner.java:63)
02-14 15:20:35.745 31267 31267 E THREAD_STATE:     org.junit.runners.ParentRunner$4.run(ParentRunner.java:331)
02-14 15:20:35.745 31267 31267 E THREAD_STATE:     org.junit.runners.ParentRunner$1.schedule(ParentRunner.java:79)
02-14 15:20:35.745 31267 31267 E THREAD_STATE:     org.junit.runners.ParentRunner.runChildren(ParentRunner.java:329)
02-14 15:20:35.745 31267 31267 E THREAD_STATE:     org.junit.runners.ParentRunner.access$100(ParentRunner.java:66)
02-14 15:20:35.745 31267 31267 E THREAD_STATE:     org.junit.runners.ParentRunner$2.evaluate(ParentRunner.java:293)
02-14 15:20:35.745 31267 31267 E THREAD_STATE:     org.junit.runners.ParentRunner$3.evaluate(ParentRunner.java:306)
02-14 15:20:35.745 31267 31267 E THREAD_STATE:     org.junit.runners.ParentRunner.run(ParentRunner.java:413)
02-14 15:20:35.745 31267 31267 E THREAD_STATE:     androidx.test.ext.junit.runners.AndroidJUnit4.run(AndroidJUnit4.java:162)
02-14 15:20:35.745 31267 31267 E THREAD_STATE:     org.junit.runners.Suite.runChild(Suite.java:128)
02-14 15:20:35.745 31267 31267 E THREAD_STATE:     org.junit.runners.Suite.runChild(Suite.java:27)
02-14 15:20:35.745 31267 31267 E THREAD_STATE:     org.junit.runners.ParentRunner$4.run(ParentRunner.java:331)
02-14 15:20:35.745 31267 31267 E THREAD_STATE:     org.junit.runners.ParentRunner$1.schedule(ParentRunner.java:79)
02-14 15:20:35.745 31267 31267 E THREAD_STATE:     org.junit.runners.ParentRunner.runChildren(ParentRunner.java:329)
02-14 15:20:35.745 31267 31267 E THREAD_STATE:     org.junit.runners.ParentRunner.access$100(ParentRunner.java:66)
02-14 15:20:35.745 31267 31267 E THREAD_STATE:     org.junit.runners.ParentRunner$2.evaluate(ParentRunner.java:293)
02-14 15:20:35.745 31267 31267 E THREAD_STATE:     org.junit.runners.ParentRunner$3.evaluate(ParentRunner.java:306)
02-14 15:20:35.745 31267 31267 E THREAD_STATE:     org.junit.runners.ParentRunner.run(ParentRunner.java:413)
02-14 15:20:35.745 31267 31267 E THREAD_STATE:     org.junit.runner.JUnitCore.run(JUnitCore.java:137)
02-14 15:20:35.745 31267 31267 E THREAD_STATE:     org.junit.runner.JUnitCore.run(JUnitCore.java:115)
02-14 15:20:35.745 31267 31267 E THREAD_STATE:     androidx.test.internal.runner.TestExecutor.execute(TestExecutor.java:68)
02-14 15:20:35.745 31267 31267 E THREAD_STATE:     androidx.test.internal.runner.TestExecutor.execute(TestExecutor.java:59)
02-14 15:20:35.745 31267 31267 E THREAD_STATE:     androidx.test.runner.AndroidJUnitRunner.onStart(AndroidJUnitRunner.java:463)
02-14 15:20:35.745 31267 31267 E THREAD_STATE:     android.app.Instrumentation$InstrumentationThread.run(Instrumentation.java:2594)
02-14 15:20:35.745 31267 31267 E THREAD_STATE:
02-14 15:20:35.745 31267 31267 E THREAD_STATE:   Thread[ScionFrontendApi,5,main]
02-14 15:20:35.745 31267 31267 E THREAD_STATE:     jdk.internal.misc.Unsafe.park(Native Method)
02-14 15:20:35.745 31267 31267 E THREAD_STATE:     java.util.concurrent.locks.LockSupport.parkNanos(LockSupport.java:252)
02-14 15:20:35.745 31267 31267 E THREAD_STATE:     java.util.concurrent.locks.AbstractQueuedSynchronizer$ConditionObject.awaitNanos(AbstractQueuedSynchronizer.java:1672)
02-14 15:20:35.745 31267 31267 E THREAD_STATE:     java.util.concurrent.LinkedBlockingQueue.poll(LinkedBlockingQueue.java:460)
02-14 15:20:35.745 31267 31267 E THREAD_STATE:     java.util.concurrent.ThreadPoolExecutor.getTask(ThreadPoolExecutor.java:1070)
02-14 15:20:35.745 31267 31267 E THREAD_STATE:     java.util.concurrent.ThreadPoolExecutor.runWorker(ThreadPoolExecutor.java:1131)
02-14 15:20:35.745 31267 31267 E THREAD_STATE:     java.util.concurrent.ThreadPoolExecutor$Worker.run(ThreadPoolExecutor.java:644)
02-14 15:20:35.745 31267 31267 E THREAD_STATE:     java.lang.Thread.run(Thread.java:1012)
02-14 15:20:35.745 31267 31267 E THREAD_STATE:
02-14 15:20:35.745 31267 31267 E THREAD_STATE:   Thread[Firebase Blocking Thread #0,5,main]
02-14 15:20:35.745 31267 31267 E THREAD_STATE:     jdk.internal.misc.Unsafe.park(Native Method)
02-14 15:20:35.745 31267 31267 E THREAD_STATE:     java.util.concurrent.locks.LockSupport.parkNanos(LockSupport.java:252)
02-14 15:20:35.745 31267 31267 E THREAD_STATE:     java.util.concurrent.SynchronousQueue$TransferStack.transfer(SynchronousQueue.java:401)
02-14 15:20:35.745 31267 31267 E THREAD_STATE:     java.util.concurrent.SynchronousQueue.poll(SynchronousQueue.java:903)
02-14 15:20:35.745 31267 31267 E THREAD_STATE:     java.util.concurrent.ThreadPoolExecutor.getTask(ThreadPoolExecutor.java:1070)
02-14 15:20:35.745 31267 31267 E THREAD_STATE:     java.util.concurrent.ThreadPoolExecutor.runWorker(ThreadPoolExecutor.java:1131)
02-14 15:20:35.745 31267 31267 E THREAD_STATE:     java.util.concurrent.ThreadPoolExecutor$Worker.run(ThreadPoolExecutor.java:644)
02-14 15:20:35.745 31267 31267 E THREAD_STATE:     com.google.firebase.concurrent.CustomThreadFactory.lambda$newThread$0$com-google-firebase-concurrent-CustomThreadFactory(CustomThreadFactory.java:47)
02-14 15:20:35.745 31267 31267 E THREAD_STATE:     com.google.firebase.concurrent.CustomThreadFactory$$ExternalSyntheticLambda0.run(D8$$SyntheticClass:0)
02-14 15:20:35.745 31267 31267 E THREAD_STATE:     java.lang.Thread.run(Thread.java:1012)
02-14 15:20:35.745 31267 31267 E THREAD_STATE:
02-14 15:20:35.745 31267 31267 E THREAD_STATE:   Thread[Firebase Background Thread #0,5,main]
02-14 15:20:35.745 31267 31267 E THREAD_STATE:     jdk.internal.misc.Unsafe.park(Native Method)
02-14 15:20:35.745 31267 31267 E THREAD_STATE:     java.util.concurrent.locks.LockSupport.park(LockSupport.java:341)
02-14 15:20:35.745 31267 31267 E THREAD_STATE:     java.util.concurrent.locks.AbstractQueuedSynchronizer$ConditionNode.block(AbstractQueuedSynchronizer.java:506)
02-14 15:20:35.745 31267 31267 E THREAD_STATE:     java.util.concurrent.ForkJoinPool.unmanagedBlock(ForkJoinPool.java:3466)
02-14 15:20:35.745 31267 31267 E THREAD_STATE:     java.util.concurrent.ForkJoinPool.managedBlock(ForkJoinPool.java:3437)
02-14 15:20:35.745 31267 31267 E THREAD_STATE:     java.util.concurrent.locks.AbstractQueuedSynchronizer$ConditionObject.await(AbstractQueuedSynchronizer.java:1623)
02-14 15:20:35.745 31267 31267 E THREAD_STATE:     java.util.concurrent.LinkedBlockingQueue.take(LinkedBlockingQueue.java:435)
02-14 15:20:35.745 31267 31267 E THREAD_STATE:     java.util.concurrent.ThreadPoolExecutor.getTask(ThreadPoolExecutor.java:1071)
02-14 15:20:35.745 31267 31267 E THREAD_STATE:     java.util.concurrent.ThreadPoolExecutor.runWorker(ThreadPoolExecutor.java:1131)
02-14 15:20:35.745 31267 31267 E THREAD_STATE:     java.util.concurrent.ThreadPoolExecutor$Worker.run(ThreadPoolExecutor.java:644)
02-14 15:20:35.745 31267 31267 E THREAD_STATE:     com.google.firebase.concurrent.CustomThreadFactory.lambda$newThread$0$com-google-firebase-concurrent-CustomThreadFactory(CustomThreadFactory.java:47)
02-14 15:20:35.745 31267 31267 E THREAD_STATE:     com.google.firebase.concurrent.CustomThreadFactory$$ExternalSyntheticLambda0.run(D8$$SyntheticClass:0)
02-14 15:20:35.745 31267 31267 E THREAD_STATE:     java.lang.Thread.run(Thread.java:1012)
02-14 15:20:35.745 31267 31267 E THREAD_STATE:
02-14 15:20:35.745 31267 31267 E THREAD_STATE:   Thread[DefaultDispatcher-worker-1,5,main]
02-14 15:20:35.745 31267 31267 E THREAD_STATE:     jdk.internal.misc.Unsafe.park(Native Method)
02-14 15:20:35.745 31267 31267 E THREAD_STATE:     java.util.concurrent.locks.LockSupport.parkNanos(LockSupport.java:376)
02-14 15:20:35.745 31267 31267 E THREAD_STATE:     kotlinx.coroutines.scheduling.CoroutineScheduler$Worker.park(CoroutineScheduler.kt:838)
02-14 15:20:35.745 31267 31267 E THREAD_STATE:     kotlinx.coroutines.scheduling.CoroutineScheduler$Worker.tryPark(CoroutineScheduler.kt:783)
02-14 15:20:35.745 31267 31267 E THREAD_STATE:     kotlinx.coroutines.scheduling.CoroutineScheduler$Worker.runWorker(CoroutineScheduler.kt:731)
02-14 15:20:35.745 31267 31267 E THREAD_STATE:     kotlinx.coroutines.scheduling.CoroutineScheduler$Worker.run(CoroutineScheduler.kt:684)
02-14 15:20:35.745 31267 31267 E THREAD_STATE:
02-14 15:20:35.745 31267 31267 E THREAD_STATE:   Thread[Firebase Background Thread #1,5,main]
02-14 15:20:35.745 31267 31267 E THREAD_STATE:     jdk.internal.misc.Unsafe.park(Native Method)
02-14 15:20:35.745 31267 31267 E THREAD_STATE:     java.util.concurrent.locks.LockSupport.park(LockSupport.java:341)
02-14 15:20:35.745 31267 31267 E THREAD_STATE:     java.util.concurrent.locks.AbstractQueuedSynchronizer$ConditionNode.block(AbstractQueuedSynchronizer.java:506)
02-14 15:20:35.745 31267 31267 E THREAD_STATE:     java.util.concurrent.ForkJoinPool.unmanagedBlock(ForkJoinPool.java:3466)
02-14 15:20:35.745 31267 31267 E THREAD_STATE:     java.util.concurrent.ForkJoinPool.managedBlock(ForkJoinPool.java:3437)
02-14 15:20:35.745 31267 31267 E THREAD_STATE:     java.util.concurrent.locks.AbstractQueuedSynchronizer$ConditionObject.await(AbstractQueuedSynchronizer.java:1623)
02-14 15:20:35.745 31267 31267 E THREAD_STATE:     java.util.concurrent.LinkedBlockingQueue.take(LinkedBlockingQueue.java:435)
02-14 15:20:35.745 31267 31267 E THREAD_STATE:     java.util.concurrent.ThreadPoolExecutor.getTask(ThreadPoolExecutor.java:1071)
02-14 15:20:35.745 31267 31267 E THREAD_STATE:     java.util.concurrent.ThreadPoolExecutor.runWorker(ThreadPoolExecutor.java:1131)
02-14 15:20:35.745 31267 31267 E THREAD_STATE:     java.util.concurrent.ThreadPoolExecutor$Worker.run(ThreadPoolExecutor.java:644)
02-14 15:20:35.745 31267 31267 E THREAD_STATE:     com.google.firebase.concurrent.CustomThreadFactory.lambda$newThread$0$com-google-firebase-concurrent-CustomThreadFactory(CustomThreadFactory.java:47)
02-14 15:20:35.745 31267 31267 E THREAD_STATE:     com.google.firebase.concurrent.CustomThreadFactory$$ExternalSyntheticLambda0.run(D8$$SyntheticClass:0)
02-14 15:20:35.745 31267 31267 E THREAD_STATE:     java.lang.Thread.run(Thread.java:1012)
02-14 15:20:35.745 31267 31267 E THREAD_STATE:
02-14 15:20:35.745 31267 31267 E THREAD_STATE:   Thread[UiAutomation,5,main]
02-14 15:20:35.745 31267 31267 E THREAD_STATE:     android.os.MessageQueue.nativePollOnce(Native Method)
02-14 15:20:35.745 31267 31267 E THREAD_STATE:     android.os.MessageQueue.next(MessageQueue.java:346)
02-14 15:20:35.745 31267 31267 E THREAD_STATE:     android.os.Looper.loopOnce(Looper.java:189)
02-14 15:20:35.745 31267 31267 E THREAD_STATE:     android.os.Looper.loop(Looper.java:317)
02-14 15:20:35.745 31267 31267 E THREAD_STATE:     android.os.HandlerThread.run(HandlerThread.java:85)
02-14 15:20:35.745 31267 31267 E THREAD_STATE:
02-14 15:20:35.745 31267 31267 E THREAD_STATE:   Thread[binder:31267_2,5,main]
02-14 15:20:35.745 31267 31267 E THREAD_STATE:
02-14 15:20:35.745 31267 31267 E THREAD_STATE:   Thread[binder:31267_3,5,main]
02-14 15:20:35.745 31267 31267 E THREAD_STATE:
02-14 15:20:35.745 31267 31267 E THREAD_STATE:   Thread[GmsDynamite,5,dynamiteLoader]
02-14 15:20:35.745 31267 31267 E THREAD_STATE:     java.lang.Object.wait(Native Method)
02-14 15:20:35.745 31267 31267 E THREAD_STATE:     java.lang.Object.wait(Object.java:405)
02-14 15:20:35.745 31267 31267 E THREAD_STATE:     java.lang.Object.wait(Object.java:543)
02-14 15:20:35.745 31267 31267 E THREAD_STATE:     com.google.android.gms.dynamite.zza.run(com.google.android.gms:play-services-basement@@18.5.0:2)
02-14 15:20:35.745 31267 31267 E THREAD_STATE:
02-14 15:20:35.745 31267 31267 E THREAD_STATE:   Thread[ReferenceQueueDaemon,5,system]
02-14 15:20:35.745 31267 31267 E THREAD_STATE:     java.lang.Object.wait(Native Method)
02-14 15:20:35.745 31267 31267 E THREAD_STATE:     java.lang.Object.wait(Object.java:405)
02-14 15:20:35.745 31267 31267 E THREAD_STATE:     java.lang.Object.wait(Object.java:543)
02-14 15:20:35.745 31267 31267 E THREAD_STATE:     java.lang.Daemons$ReferenceQueueDaemon.runInternal(Daemons.java:251)
02-14 15:20:35.745 31267 31267 E THREAD_STATE:     java.lang.Daemons$Daemon.run(Daemons.java:131)
02-14 15:20:35.745 31267 31267 E THREAD_STATE:     java.lang.Thread.run(Thread.java:1012)
02-14 15:20:35.745 31267 31267 E THREAD_STATE:
02-14 15:20:35.746 31267 31267 E MonitoringInstr: Dying now...
02-14 15:20:35.750 31267 31267 D AndroidRuntime: Shutting down VM
--------- beginning of crash
02-14 15:20:35.751 31267 31267 E AndroidRuntime: FATAL EXCEPTION: main
02-14 15:20:35.751 31267 31267 E AndroidRuntime: Process: com.example.group8_bartertrader, PID: 31267
02-14 15:20:35.751 31267 31267 E AndroidRuntime: java.lang.RuntimeException: Unable to start activity ComponentInfo{com.example.group8_bartertrader/com.example.group8_bartertrader.SettingsActivity}: java.lang.NullPointerException: Attempt to invoke virtual method 'void android.widget.Button.setOnClickListener(android.view.View$OnClickListener)' on a null object reference
02-14 15:20:35.751 31267 31267 E AndroidRuntime: 	at android.app.ActivityThread.performLaunchActivity(ActivityThread.java:4048)
02-14 15:20:35.751 31267 31267 E AndroidRuntime: 	at android.app.ActivityThread.handleLaunchActivity(ActivityThread.java:4235)
02-14 15:20:35.751 31267 31267 E AndroidRuntime: 	at android.app.servertransaction.LaunchActivityItem.execute(LaunchActivityItem.java:112)
02-14 15:20:35.751 31267 31267 E AndroidRuntime: 	at android.app.servertransaction.TransactionExecutor.executeNonLifecycleItem(TransactionExecutor.java:174)
02-14 15:20:35.751 31267 31267 E AndroidRuntime: 	at android.app.servertransaction.TransactionExecutor.executeTransactionItems(TransactionExecutor.java:109)
02-14 15:20:35.751 31267 31267 E AndroidRuntime: 	at android.app.servertransaction.TransactionExecutor.execute(TransactionExecutor.java:81)
02-14 15:20:35.751 31267 31267 E AndroidRuntime: 	at android.app.ActivityThread$H.handleMessage(ActivityThread.java:2636)
02-14 15:20:35.751 31267 31267 E AndroidRuntime: 	at android.os.Handler.dispatchMessage(Handler.java:107)
02-14 15:20:35.751 31267 31267 E AndroidRuntime: 	at android.os.Looper.loopOnce(Looper.java:232)
02-14 15:20:35.751 31267 31267 E AndroidRuntime: 	at android.os.Looper.loop(Looper.java:317)
02-14 15:20:35.751 31267 31267 E AndroidRuntime: 	at android.app.ActivityThread.main(ActivityThread.java:8705)
02-14 15:20:35.751 31267 31267 E AndroidRuntime: 	at java.lang.reflect.Method.invoke(Native Method)
02-14 15:20:35.751 31267 31267 E AndroidRuntime: 	at com.android.internal.os.RuntimeInit$MethodAndArgsCaller.run(RuntimeInit.java:580)
02-14 15:20:35.751 31267 31267 E AndroidRuntime: 	at com.android.internal.os.ZygoteInit.main(ZygoteInit.java:886)
02-14 15:20:35.751 31267 31267 E AndroidRuntime: Caused by: java.lang.NullPointerException: Attempt to invoke virtual method 'void android.widget.Button.setOnClickListener(android.view.View$OnClickListener)' on a null object reference
02-14 15:20:35.751 31267 31267 E AndroidRuntime: 	at com.example.group8_bartertrader.SettingsActivity.onCreate(SettingsActivity.java:47)
02-14 15:20:35.751 31267 31267 E AndroidRuntime: 	at android.app.Activity.performCreate(Activity.java:9002)
02-14 15:20:35.751 31267 31267 E AndroidRuntime: 	at android.app.Activity.performCreate(Activity.java:8980)
02-14 15:20:35.751 31267 31267 E AndroidRuntime: 	at android.app.Instrumentation.callActivityOnCreate(Instrumentation.java:1526)
02-14 15:20:35.751 31267 31267 E AndroidRuntime: 	at androidx.test.runner.MonitoringInstrumentation.callActivityOnCreate(MonitoringInstrumentation.java:766)
02-14 15:20:35.751 31267 31267 E AndroidRuntime: 	at android.app.ActivityThread.performLaunchActivity(ActivityThread.java:4030)
02-14 15:20:35.751 31267 31267 E AndroidRuntime: 	... 13 more
02-14 15:20:35.753 31267 31267 D MonitoringInstr: Handling an uncaught exception thrown on the thread main.
02-14 15:20:35.753 31267 31267 D MonitoringInstr: java.lang.RuntimeException: Unable to start activity ComponentInfo{com.example.group8_bartertrader/com.example.group8_bartertrader.SettingsActivity}: java.lang.NullPointerException: Attempt to invoke virtual method 'void android.widget.Button.setOnClickListener(android.view.View$OnClickListener)' on a null object reference
02-14 15:20:35.753 31267 31267 D MonitoringInstr: 	at android.app.ActivityThread.performLaunchActivity(ActivityThread.java:4048)
