03-15 15:01:08.159  6977  7083 I DynamicLanguageModelOperation: DynamicLanguageModelOperation.perform():43 perform() : 4 : dxm : Completed
03-15 15:01:08.162  6977  6977 I ShortcutsDataManager: AbstractContentDataManager$ImportContentTask.onPostExecute():266 onPostExecute() : Result = [2,0]
03-15 15:01:08.162  6977  6977 I ShortcutsDataManager: ShortcutsDataManager.onImportFinished():82 onImportFinished() : Result = 2 : Count = 0
03-15 15:01:08.180  6368  6368 D BoundBrokerSvc: onBind: Intent { act=com.google.android.gms.auth.service.START pkg=com.google.android.gms }
03-15 15:01:08.180  6368  6368 D BoundBrokerSvc: Loading bound service for intent: Intent { act=com.google.android.gms.auth.service.START pkg=com.google.android.gms }
03-15 15:01:08.221  6352  7532 W GLSUser : [DeviceKeyStore] Cannot load key: Device key file not found.
03-15 15:01:08.272   403   508 D audioserver: logFgsApiEnd: FGS Logger Transaction failed, -129
03-15 15:01:08.599   576  2179 D FileUtils: Rounded bytes from 8324567040 to 16000000000
03-15 15:01:08.626  6745  7011 W libc    : Access denied finding property "persist.adb.tls_server.enable"
03-15 15:01:08.620  6745  6745 W binder:6745_5: type=1400 audit(0.0:878): avc:  denied  { read } for  name="u:object_r:system_adbd_prop:s0" dev="tmpfs" ino=305 scontext=u:r:gmscore_app:s0:c512,c768 tcontext=u:object_r:system_adbd_prop:s0 tclass=file permissive=0 app=com.google.android.gms
03-15 15:01:08.665  6352  7532 W GmsUrlRequestImpl: Content-Type header is overwritten.
03-15 15:01:08.713  6352  7047 D TrafficStats: tagSocket(177) with statsTag=0x401, statsUid=10144
03-15 15:01:08.910  6352  7532 W GLSUser : [AppCertManager] Exception while requesting key:
03-15 15:01:08.910  6352  7532 W GLSUser : java.util.concurrent.ExecutionException: bzgl: Parse Proto Exception with response code 400
03-15 15:01:08.910  6352  7532 W GLSUser : 	at fodw.s(:com.google.android.gms@250832035@25.08.32 (260400-731361394):21)
03-15 15:01:08.910  6352  7532 W GLSUser : 	at fodw.get(:com.google.android.gms@250832035@25.08.32 (260400-731361394):10)
03-15 15:01:08.910  6352  7532 W GLSUser : 	at acaz.b(:com.google.android.gms@250832035@25.08.32 (260400-731361394):454)
03-15 15:01:08.910  6352  7532 W GLSUser : 	at acax.a(:com.google.android.gms@250832035@25.08.32 (260400-731361394):69)
03-15 15:01:08.910  6352  7532 W GLSUser : 	at acax.fD(:com.google.android.gms@250832035@25.08.32 (260400-731361394):16)
03-15 15:01:08.910  6352  7532 W GLSUser : 	at rhm.onTransact(:com.google.android.gms@250832035@25.08.32 (260400-731361394):97)
03-15 15:01:08.910  6352  7532 W GLSUser : 	at android.os.Binder.transact(Binder.java:1345)
03-15 15:01:08.910  6352  7532 W GLSUser : 	at brmg.onTransact(:com.google.android.gms@250832035@25.08.32 (260400-731361394):10)
03-15 15:01:08.910  6352  7532 W GLSUser : 	at android.os.Binder.transact(Binder.java:1345)
03-15 15:01:08.910  6352  7532 W GLSUser : 	at bimh.onTransact(:com.google.android.gms@250832035@25.08.32 (260400-731361394):148)
03-15 15:01:08.910  6352  7532 W GLSUser : 	at android.os.Binder.execTransactInternal(Binder.java:1505)
03-15 15:01:08.910  6352  7532 W GLSUser : 	at android.os.Binder.execTransact(Binder.java:1444)
03-15 15:01:08.910  6352  7532 W GLSUser : Caused by: bzgl: Parse Proto Exception with response code 400
03-15 15:01:08.910  6352  7532 W GLSUser : 	at bzhn.b(:com.google.android.gms@250832035@25.08.32 (260400-731361394):80)
03-15 15:01:08.910  6352  7532 W GLSUser : 	at bzkg.d(:com.google.android.gms@250832035@25.08.32 (260400-731361394):18)
03-15 15:01:08.910  6352  7532 W GLSUser : 	at bzku.onSucceeded(:com.google.android.gms@250832035@25.08.32 (260400-731361394):9)
03-15 15:01:08.910  6352  7532 W GLSUser : 	at m.li.onSucceeded(:com.google.android.gms.dynamite_cronetdynamite@250832035@25.08.32 (260400-0):3)
03-15 15:01:08.910  6352  7532 W GLSUser : 	at m.kg.run(:com.google.android.gms.dynamite_cronetdynamite@250832035@25.08.32 (260400-0):25)
03-15 15:01:08.910  6352  7532 W GLSUser : 	at m.ka.run(:com.google.android.gms.dynamite_cronetdynamite@250832035@25.08.32 (260400-0):31)
03-15 15:01:08.910  6352  7532 W GLSUser : 	at atim.c(:com.google.android.gms@250832035@25.08.32 (260400-731361394):50)
03-15 15:01:08.910  6352  7532 W GLSUser : 	at atim.run(:com.google.android.gms@250832035@25.08.32 (260400-731361394):76)
03-15 15:01:08.910  6352  7532 W GLSUser : 	at java.util.concurrent.ThreadPoolExecutor.runWorker(ThreadPoolExecutor.java:1145)
03-15 15:01:08.910  6352  7532 W GLSUser : 	at java.util.concurrent.ThreadPoolExecutor$Worker.run(ThreadPoolExecutor.java:644)
03-15 15:01:08.910  6352  7532 W GLSUser : 	at atnz.run(:com.google.android.gms@250832035@25.08.32 (260400-731361394):8)
03-15 15:01:08.910  6352  7532 W GLSUser : 	at java.lang.Thread.run(Thread.java:1012)
03-15 15:01:08.910  6352  7532 W GLSUser : Caused by: ggyc: Protocol message contained an invalid tag (zero).
03-15 15:01:08.910  6352  7532 W GLSUser : 	at ggva.l(:com.google.android.gms@250832035@25.08.32 (260400-731361394):43)
03-15 15:01:08.910  6352  7532 W GLSUser : 	at ggzb.c(:com.google.android.gms@250832035@25.08.32 (260400-731361394):394)
03-15 15:01:08.910  6352  7532 W GLSUser : 	at ggzb.i(:com.google.android.gms@250832035@25.08.32 (260400-731361394):8)
03-15 15:01:08.910  6352  7532 W GLSUser : 	at ggxg.A(:com.google.android.gms@250832035@25.08.32 (260400-731361394):23)
03-15 15:01:08.910  6352  7532 W GLSUser : 	at ggxb.g(:com.google.android.gms@250832035@25.08.32 (260400-731361394):3)
03-15 15:01:08.910  6352  7532 W GLSUser : 	at gguw.e(:com.google.android.gms@250832035@25.08.32 (260400-731361394):1)
03-15 15:01:08.910  6352  7532 W GLSUser : 	at gguw.d(:com.google.android.gms@250832035@25.08.32 (260400-731361394):3)
03-15 15:01:08.910  6352  7532 W GLSUser : 	at gguw.p(:com.google.android.gms@250832035@25.08.32 (260400-731361394):1)
03-15 15:01:08.910  6352  7532 W GLSUser : 	at bzhn.g(:com.google.android.gms@250832035@25.08.32 (260400-731361394):69)
03-15 15:01:08.910  6352  7532 W GLSUser : 	at bzhn.b(:com.google.android.gms@250832035@25.08.32 (260400-731361394):11)
03-15 15:01:08.910  6352  7532 W GLSUser : 	... 11 more
03-15 15:01:08.911  6352  7532 W GLSUser : [DeviceKeyStore] Cannot load key: Device key file not found.
03-15 15:01:08.936  6352 10512 E gzzv    : *~*~*~ Previous channel {0} was garbage collected without being shut down! ~*~*~*
03-15 15:01:08.936  6352 10512 E gzzv    :     Make sure to call shutdown()/shutdownNow()
03-15 15:01:08.936  6352 10512 E gzzv    : java.lang.RuntimeException: ManagedChannel allocation site
03-15 15:01:08.936  6352 10512 E gzzv    : 	at gzzu.<init>(:com.google.android.gms@250832035@25.08.32 (260400-731361394):21)
03-15 15:01:08.936  6352 10512 E gzzv    : 	at gzzv.<init>(:com.google.android.gms@250832035@25.08.32 (260400-731361394):10)
03-15 15:01:08.936  6352 10512 E gzzv    : 	at gzzt.a(:com.google.android.gms@250832035@25.08.32 (260400-731361394):251)
03-15 15:01:08.936  6352 10512 E gzzv    : 	at gzkt.a(:com.google.android.gms@250832035@25.08.32 (260400-731361394):5)
03-15 15:01:08.936  6352 10512 E gzzv    : 	at caoy.g(:com.google.android.gms@250832035@25.08.32 (260400-731361394):81)
03-15 15:01:08.936  6352 10512 E gzzv    : 	at frnx.a(:com.google.android.gms@250832035@25.08.32 (260400-731361394):219)
03-15 15:01:08.936  6352 10512 E gzzv    : 	at fgkk.a(:com.google.android.gms@250832035@25.08.32 (260400-731361394):13)
03-15 15:01:08.936  6352 10512 E gzzv    : 	at fohx.a(:com.google.android.gms@250832035@25.08.32 (260400-731361394):3)
03-15 15:01:08.936  6352 10512 E gzzv    : 	at fogy.run(:com.google.android.gms@250832035@25.08.32 (260400-731361394):19)
03-15 15:01:08.936  6352 10512 E gzzv    : 	at fohz.run(:com.google.android.gms@250832035@25.08.32 (260400-731361394):5)
03-15 15:01:08.936  6352 10512 E gzzv    : 	at atim.c(:com.google.android.gms@250832035@25.08.32 (260400-731361394):50)
03-15 15:01:08.936  6352 10512 E gzzv    : 	at atim.run(:com.google.android.gms@250832035@25.08.32 (260400-731361394):76)
03-15 15:01:08.936  6352 10512 E gzzv    : 	at java.util.concurrent.ThreadPoolExecutor.runWorker(ThreadPoolExecutor.java:1145)
03-15 15:01:08.936  6352 10512 E gzzv    : 	at java.util.concurrent.ThreadPoolExecutor$Worker.run(ThreadPoolExecutor.java:644)
03-15 15:01:08.936  6352 10512 E gzzv    : 	at atnz.run(:com.google.android.gms@250832035@25.08.32 (260400-731361394):8)
03-15 15:01:08.936  6352 10512 E gzzv    : 	at java.lang.Thread.run(Thread.java:1012)
03-15 15:01:08.941  6352  7047 D TrafficStats: tagSocket(182) with statsTag=0x2c000608, statsUid=10223
03-15 15:01:09.054  6352  7047 I cn_CronetUrlRequestContext: destroyNativeStreamLocked org.chromium.net.impl.CronetBidirectionalStream@f10bde3
03-15 15:01:09.062 10578 10578 I Choreographer: Skipped 57 frames!  The application may be doing too much work on its main thread.
03-15 15:01:09.068 10578 10600 D EGL_emulation: app_time_stats: avg=137.80ms min=0.95ms max=981.34ms count=12
03-15 15:01:09.086 10578 10587 I HWUI    : Davey! duration=969ms; Flags=0, FrameTimelineVsyncId=29345, IntendedVsync=1241412771471, Vsync=1242362771433, InputEventId=-167741208, HandleInputStart=1242374977757, AnimationStart=1242374978840, PerformTraversalsStart=1242374979424, DrawStart=1242375246340, FrameDeadline=1241446104803, FrameInterval=1242374767757, FrameStartTime=16666666, SyncQueued=1242376534549, SyncStart=1242376610590, IssueDrawCommandsStart=1242376725674, SwapBuffers=1242378284924, FrameCompleted=1242382563174, DequeueBufferDuration=23416, QueueBufferDuration=1153083, GpuCompleted=1242382563174, SwapBuffersCompleted=1242381211882, DisplayPresentTime=0, CommandSubmissionCompleted=1242378284924,
03-15 15:01:09.237   576   919 D InetDiagMessage: Destroyed 0 sockets, proto=IPPROTO_TCP, family=AF_INET, states=14
03-15 15:01:09.238   576   919 D InetDiagMessage: Destroyed 0 sockets, proto=IPPROTO_TCP, family=AF_INET6, states=14
03-15 15:01:09.238   576   919 D InetDiagMessage: Destroyed live tcp sockets for uids={10102} in 1ms
03-15 15:01:09.287 10578 10578 I ViewInteraction: Performing 'Wait for 3000 milliseconds.' action on view view.getRootView() to equal view
03-15 15:01:10.879   576   919 W IPCThreadState: Sending oneway calls to frozen process.
03-15 15:01:10.879   576   919 W IPCThreadState: Sending oneway calls to frozen process.
03-15 15:01:10.879   576   919 W IPCThreadState: Sending oneway calls to frozen process.
03-15 15:01:10.880   576   919 W IPCThreadState: Sending oneway calls to frozen process.
03-15 15:01:10.892  6352  6483 I NullBinder: NullBinder for android.net.action.RECOMMEND_NETWORKS triggering remote TransactionTooLargeException due to Service without Chimera impl
03-15 15:01:10.892  6352  6483 W .gms.persistent: Large reply transaction of 1056768 bytes, interface descriptor , code 1
03-15 15:01:10.894  4628  4728 I BugleRcsEngine: handleMessage processing message:[NOTIFY_UPTIME_IGNORE_STATE_CHANGED] with [non-null]:RcsEngineImpl reference [CONTEXT log_prefix="RcsEngineImpl[DUAL_REG]:[e270b143-d6c6]>Handler" thread_id=65 ]
03-15 15:01:10.894  4628  4700 I BugleRcsEngine: Connected state: [1], networkType: [WIFI] [CONTEXT thread_id=60 ]
03-15 15:01:10.897   576   919 D InetDiagMessage: Destroyed 0 sockets, proto=IPPROTO_TCP, family=AF_INET, states=14
03-15 15:01:10.897   576   919 D InetDiagMessage: Destroyed 0 sockets, proto=IPPROTO_TCP, family=AF_INET6, states=14
03-15 15:01:10.897   576   919 D InetDiagMessage: Destroyed live tcp sockets for uids={10143} in 2ms
03-15 15:01:10.898   576   919 D InetDiagMessage: Destroyed 0 sockets, proto=IPPROTO_TCP, family=AF_INET, states=14
03-15 15:01:10.898   576   919 D InetDiagMessage: Destroyed 0 sockets, proto=IPPROTO_TCP, family=AF_INET6, states=14
03-15 15:01:10.898   576   919 D InetDiagMessage: Destroyed live tcp sockets for uids={20143} in 0ms
03-15 15:01:10.906  4628  4728 I BugleRcsEngine: No RCS Configuration was found in Bugle for simID: redacted-pii:sim_id[chars:20,last3:897] [CONTEXT log_prefix="ProvisioningEngineDataRetriever" thread_id=65 ]
03-15 15:01:11.193   371  4131 D android.hardware.audio@7.1-impl.ranchu: threadLoop: entering standby, frames: 2556800
03-15 15:01:11.356 10578 10583 W p8_bartertrader: Cleared Reference was only reachable from finalizer (only reported once)
03-15 15:01:11.389 10578 10585 W System  : A resource failed to call close.
03-15 15:01:11.390 10578 10585 W System  : A resource failed to call close.
03-15 15:01:11.390 10578 10585 W System  : A resource failed to call close.
03-15 15:01:12.298 10578 10578 I ViewInteraction: Performing 'single click' action on view view.getId() is <2131296744/com.example.group8_bartertrader:id/submitProduct>
03-15 15:01:12.347 10578 10600 D EGL_emulation: app_time_stats: avg=1630.82ms min=1.40ms max=3260.25ms count=2
03-15 15:01:12.366   403   670 D audioserver: logFgsApiBegin: FGS Logger Transaction failed, -129
03-15 15:01:12.367   576  1111 W AS.PlaybackActivityMon: No piid assigned for invalid/internal port id 15
03-15 15:01:12.578   403   508 D audioserver: logFgsApiEnd: FGS Logger Transaction failed, -129
03-15 15:01:12.641 10578 10596 I TestRunner: finished: testSubmitOffer(com.example.group8_bartertrader.SubmitFormUITest)
