02-14 15:20:35.753 31267 31267 D MonitoringInstr: 	at android.app.ActivityThread.handleLaunchActivity(ActivityThread.java:4235)
02-14 15:20:35.753 31267 31267 D MonitoringInstr: 	at android.app.servertransaction.LaunchActivityItem.execute(LaunchActivityItem.java:112)
02-14 15:20:35.753 31267 31267 D MonitoringInstr: 	at android.app.servertransaction.TransactionExecutor.executeNonLifecycleItem(TransactionExecutor.java:174)
02-14 15:20:35.753 31267 31267 D MonitoringInstr: 	at android.app.servertransaction.TransactionExecutor.executeTransactionItems(TransactionExecutor.java:109)
02-14 15:20:35.753 31267 31267 D MonitoringInstr: 	at android.app.servertransaction.TransactionExecutor.execute(TransactionExecutor.java:81)
02-14 15:20:35.753 31267 31267 D MonitoringInstr: 	at android.app.ActivityThread$H.handleMessage(ActivityThread.java:2636)
02-14 15:20:35.753 31267 31267 D MonitoringInstr: 	at android.os.Handler.dispatchMessage(Handler.java:107)
02-14 15:20:35.753 31267 31267 D MonitoringInstr: 	at android.os.Looper.loopOnce(Looper.java:232)
02-14 15:20:35.753 31267 31267 D MonitoringInstr: 	at android.os.Looper.loop(Looper.java:317)
02-14 15:20:35.753 31267 31267 D MonitoringInstr: 	at android.app.ActivityThread.main(ActivityThread.java:8705)
02-14 15:20:35.753 31267 31267 D MonitoringInstr: 	at java.lang.reflect.Method.invoke(Native Method)
02-14 15:20:35.753 31267 31267 D MonitoringInstr: 	at com.android.internal.os.RuntimeInit$MethodAndArgsCaller.run(RuntimeInit.java:580)
02-14 15:20:35.753 31267 31267 D MonitoringInstr: 	at com.android.internal.os.ZygoteInit.main(ZygoteInit.java:886)
02-14 15:20:35.753 31267 31267 D MonitoringInstr: Caused by: java.lang.NullPointerException: Attempt to invoke virtual method 'void android.widget.Button.setOnClickListener(android.view.View$OnClickListener)' on a null object reference
02-14 15:20:35.753 31267 31267 D MonitoringInstr: 	at com.example.group8_bartertrader.SettingsActivity.onCreate(SettingsActivity.java:47)
02-14 15:20:35.753 31267 31267 D MonitoringInstr: 	at android.app.Activity.performCreate(Activity.java:9002)
02-14 15:20:35.753 31267 31267 D MonitoringInstr: 	at android.app.Activity.performCreate(Activity.java:8980)
02-14 15:20:35.753 31267 31267 D MonitoringInstr: 	at android.app.Instrumentation.callActivityOnCreate(Instrumentation.java:1526)
02-14 15:20:35.753 31267 31267 D MonitoringInstr: 	at androidx.test.runner.MonitoringInstrumentation.callActivityOnCreate(MonitoringInstrumentation.java:766)
02-14 15:20:35.753 31267 31267 D MonitoringInstr: 	at android.app.ActivityThread.performLaunchActivity(ActivityThread.java:4030)
02-14 15:20:35.753 31267 31267 D MonitoringInstr: 	... 13 more
02-14 15:20:35.753 31267 31267 D AndroidJUnitRunner: We've already handled this exception java.lang.NullPointerException. Ignoring.
02-14 15:20:35.754 31267 31267 W MonitoringInstr: Invoking default uncaught exception handler com.android.internal.os.RuntimeInit$KillApplicationHandler@73f4321 (a class com.android.internal.os.RuntimeInit$KillApplicationHandler)
02-14 15:20:35.779 31267 31267 I Process : Sending signal. PID: 31267 SIG: 9
02-14 15:20:35.790  1570  1570 D BoundBrokerSvc: onUnbind: Intent { act=com.google.android.gms.measurement.START pkg=com.google.android.gms }
02-14 15:20:35.794   476   476 I adbd    : Remote process closed the socket (on MSG_PEEK)
02-14 15:20:35.799   397   397 I Zygote  : Process 31267 exited due to signal 9 (Killed)
02-14 15:20:35.803   617   778 D InetDiagMessage: Destroyed 0 sockets, proto=IPPROTO_TCP, family=AF_INET, states=14
02-14 15:20:35.803   617   778 D InetDiagMessage: Destroyed 0 sockets, proto=IPPROTO_TCP, family=AF_INET6, states=14
02-14 15:20:35.803   617   778 D InetDiagMessage: Destroyed live tcp sockets for uids={10269} in 2ms
02-14 15:20:35.806   617   778 D InetDiagMessage: Destroyed 0 sockets, proto=IPPROTO_TCP, family=AF_INET, states=14
02-14 15:20:35.806   617   778 D InetDiagMessage: Destroyed 0 sockets, proto=IPPROTO_TCP, family=AF_INET6, states=14
02-14 15:20:35.806   617   778 D InetDiagMessage: Destroyed live tcp sockets for uids={20269} in 3ms
02-14 15:20:35.812   617   617 W IPCThreadState: Sending oneway calls to frozen process.
02-14 15:20:35.813   617   617 W IPCThreadState: Sending oneway calls to frozen process.
02-14 15:20:35.813   617   617 W IPCThreadState: Sending oneway calls to frozen process.
02-14 15:20:35.814   617   617 W IPCThreadState: Sending oneway calls to frozen process.
02-14 15:20:35.815 31220 31266 W Binder  : Caught a RuntimeException from the binder stub implementation.
02-14 15:20:35.815 31220 31266 W Binder  : java.lang.SecurityException: Calling from not trusted UID!
02-14 15:20:35.815 31220 31266 W Binder  : 	at android.app.UiAutomationConnection.throwIfCalledByNotTrustedUidLocked(UiAutomationConnection.java:723)
02-14 15:20:35.815 31220 31266 W Binder  : 	at android.app.UiAutomationConnection.shutdown(UiAutomationConnection.java:622)
02-14 15:20:35.815 31220 31266 W Binder  : 	at android.app.IUiAutomationConnection$Stub.onTransact(IUiAutomationConnection.java:432)
02-14 15:20:35.815 31220 31266 W Binder  : 	at android.os.Binder.execTransactInternal(Binder.java:1505)
02-14 15:20:35.815 31220 31266 W Binder  : 	at android.os.Binder.execTransact(Binder.java:1444)
02-14 15:20:35.817   617   655 I libprocessgroup: Removed cgroup /sys/fs/cgroup/uid_10269/pid_31267
02-14 15:20:35.819 31220 31220 I app_process: System.exit called, status: 0
02-14 15:20:35.819 31220 31220 I AndroidRuntime: VM exiting with result code 0.
02-14 15:20:35.819   468   468 I BpBinder: onLastStrongRef automatically unlinking death recipients:
02-14 15:20:35.822   617   617 W IPCThreadState: Sending oneway calls to frozen process.
02-14 15:20:35.822   617   617 W IPCThreadState: Sending oneway calls to frozen process.
02-14 15:20:35.822   617   617 W IPCThreadState: Sending oneway calls to frozen process.
02-14 15:20:35.822   617   617 W IPCThreadState: Sending oneway calls to frozen process.
02-14 15:20:35.822   617   617 W IPCThreadState: Sending oneway calls to frozen process.
02-14 15:20:35.824   617   617 W IPCThreadState: Sending oneway calls to frozen process.
02-14 15:20:35.824   617   617 W IPCThreadState: Sending oneway calls to frozen process.
02-14 15:20:35.824   617   617 W IPCThreadState: Sending oneway calls to frozen process.
02-14 15:20:35.824 29117 29141 I akvy    : NGA enabled in interactor.
02-14 15:20:35.825 29117 29141 I akvy    : (REDACTED) Nga state changed to %s
02-14 15:20:35.826 29117 29141 I akvy    : (REDACTED) isTngActive=%s
02-14 15:20:35.835   617   778 D InetDiagMessage: Destroyed 0 sockets, proto=IPPROTO_TCP, family=AF_INET, states=14
02-14 15:20:35.836   617   778 D InetDiagMessage: Destroyed 0 sockets, proto=IPPROTO_TCP, family=AF_INET6, states=14
02-14 15:20:35.836   617   778 D InetDiagMessage: Destroyed live tcp sockets for uids={10140} in 0ms
02-14 15:20:35.836   617   778 D InetDiagMessage: Destroyed 0 sockets, proto=IPPROTO_TCP, family=AF_INET, states=14
02-14 15:20:35.836   617   778 D InetDiagMessage: Destroyed 0 sockets, proto=IPPROTO_TCP, family=AF_INET6, states=14
02-14 15:20:35.836   617   778 D InetDiagMessage: Destroyed live tcp sockets for uids={20140} in 1ms
02-14 15:20:35.838 12433 12459 I skc     : Initializing all components
02-14 15:20:35.840 12433 12527 I sya     : (REDACTED) Nga on-device enabled based on TNG:MA active state: %b
02-14 15:20:35.840 12433 12527 I sya     : (REDACTED) Nga on-device enabled based on TNG:MA active state: %b
02-14 15:20:35.843 12433 12520 I wkz     : (REDACTED) onIsEnabledChanged, isEnabled: %s
02-14 15:20:35.843 12433 12520 W yqr     : Disposing empty manager. Did you forgot to subscribe observables?
02-14 15:20:35.843 12433 12520 W yqr     : Disposing empty manager. Did you forgot to subscribe observables?
02-14 15:20:35.845 12433 12520 W yqr     : Disposing empty manager. Did you forgot to subscribe observables?
02-14 15:20:35.845 12433 12520 W yqr     : Disposing empty manager. Did you forgot to subscribe observables?
02-14 15:20:35.846 12433 12520 W yqr     : Disposing empty manager. Did you forgot to subscribe observables?
02-14 15:20:35.846 12433 12520 W yqr     : Disposing empty manager. Did you forgot to subscribe observables?
02-14 15:20:35.846 12433 12520 W yqr     : Disposing empty manager. Did you forgot to subscribe observables?
02-14 15:20:35.846 12433 12520 W yqr     : Disposing empty manager. Did you forgot to subscribe observables?
02-14 15:20:35.846 12433 12520 W yqr     : Disposing empty manager. Did you forgot to subscribe observables?
02-14 15:20:35.846 12433 12520 W yqr     : Disposing empty manager. Did you forgot to subscribe observables?
02-14 15:20:35.846 12433 12520 W yqr     : Disposing empty manager. Did you forgot to subscribe observables?
02-14 15:20:35.847  1177  1177 D VRI[NexusLauncherActivity]: visibilityChanged oldVisibility=false newVisibility=true
02-14 15:20:35.848 12433 12522 I uzf     : (REDACTED) State changed: %s => %s by %s and %s with %s
02-14 15:20:35.851  1376 10075 I AiAiEcho: Settings changed for uri: content://settings/secure/accessibility_enabled
02-14 15:20:35.852  1376  1624 I AiAiEcho: Predicting[0]:  [CONTEXT sampling_count=5 ]
02-14 15:20:35.852  1376  1624 I AiAiEcho: EchoTargets:
02-14 15:20:35.852  1376  1624 I AiAiEcho: Filtered by AiAi flag check:
02-14 15:20:35.852  1376  1624 I AiAiEcho: [CONTEXT ratelimit_period="10 SECONDS" ]
02-14 15:20:35.852  1376  1624 I AiAiEcho: Ranked targets strategy: SORT, count: 0, ranking metadata:  [CONTEXT ratelimit_period="10 SECONDS" ]
02-14 15:20:35.854  1177  1177 D NexusLauncherModelDelegate: notifySmartspaceEvent: SmartspaceTargetEvent{mSmartspaceTarget=null, mSmartspaceActionId='null', mEventType=6}
02-14 15:20:35.854  1376  1624 I AiAiEcho: #remoteViewsTwiddler: feature disabled.
02-14 15:20:35.854 12433 12520 I wzj     : (REDACTED) Setting session to type: %s
02-14 15:20:35.855 12433 12520 W yqr     : Disposing empty manager. Did you forgot to subscribe observables?
02-14 15:20:35.855 12433 12520 W yqr     : Disposing empty manager. Did you forgot to subscribe observables?
02-14 15:20:35.857 12433 12520 W yqr     : Disposing empty manager. Did you forgot to subscribe observables?
02-14 15:20:35.857 12433 12520 W yqr     : Disposing empty manager. Did you forgot to subscribe observables?
02-14 15:20:35.857 12433 12520 W yqr     : Disposing empty manager. Did you forgot to subscribe observables?
02-14 15:20:35.858 12433 12520 W yqr     : Disposing empty manager. Did you forgot to subscribe observables?
02-14 15:20:35.858 12433 12520 I xav     : (REDACTED) setNavBarVisible: %s
02-14 15:20:35.861  1376  1624 I AiAiEcho: Predicting[0]:  [CONTEXT sampling_count=5 ]
02-14 15:20:35.861  1376  1624 I AiAiEcho: EchoTargets:
02-14 15:20:35.861  1376  1624 I AiAiEcho: Filtered by AiAi flag check:
02-14 15:20:35.861  1376  1624 I AiAiEcho: [CONTEXT ratelimit_period="10 SECONDS" ]
02-14 15:20:35.862 12433 12520 W yqr     : Disposing empty manager. Did you forgot to subscribe observables?
02-14 15:20:35.863 12433 12520 W yqr     : Disposing empty manager. Did you forgot to subscribe observables?
02-14 15:20:35.863 12433 12520 W yqr     : Disposing empty manager. Did you forgot to subscribe observables?
02-14 15:20:35.863 12433 12520 W yqr     : Disposing empty manager. Did you forgot to subscribe observables?
02-14 15:20:35.864 12433 12520 W yqr     : Disposing empty manager. Did you forgot to subscribe observables?
02-14 15:20:35.865 12433 12520 W yqr     : Disposing empty manager. Did you forgot to subscribe observables?
02-14 15:20:35.865  1376  1624 I AiAiEcho: Ranked targets strategy: SORT, count: 0, ranking metadata:  [CONTEXT ratelimit_period="10 SECONDS" ]
02-14 15:20:35.866  1376  1624 I AiAiEcho: #remoteViewsTwiddler: feature disabled.
02-14 15:20:35.867 12433 12526 I wdy     : (REDACTED) stopListening(%s, %s)
02-14 15:20:35.869 12433 12522 I vfd     : (REDACTED) Recognizer choice: (recognizer_type: %s, recognizer_mode: %s, choice_reason: %s)
02-14 15:20:35.881  1376  1624 I AiAiEcho: Predicting[0]:  [CONTEXT sampling_count=5 ]
02-14 15:20:35.889  1376  1624 I AiAiEcho: EchoTargets:
02-14 15:20:35.889  1376  1624 I AiAiEcho: Filtered by AiAi flag check:
02-14 15:20:35.889  1376  1624 I AiAiEcho: [CONTEXT ratelimit_period="10 SECONDS" ]
02-14 15:20:35.890  1376  1624 I AiAiEcho: Ranked targets strategy: SORT, count: 0, ranking metadata:  [CONTEXT ratelimit_period="10 SECONDS" ]
02-14 15:20:35.890  1376  1624 I AiAiEcho: #remoteViewsTwiddler: feature disabled.
02-14 15:20:35.894  1376  1624 I AiAiEcho: #postPredictionTargets: Sending updates to UISurface media_data_manager with targets# 0 (types=[])
02-14 15:20:35.894  1376  1624 I AiAiEcho: #postPredictionTargets: Sending updates to UISurface lockscreen with targets# 0 (types=[])
02-14 15:20:35.895  1376  1624 I AiAiEcho: #postPredictionTargets: Sending updates to UISurface home with targets# 0 (types=[])
02-14 15:20:35.910 12433 12522 I wvu     : (REDACTED) onActiveStateChangeEvent: %s => %s
02-14 15:20:35.914 12433 12527 I suv     : Initialize
02-14 15:20:35.915   617   644 V GrammaticalInflectionUtils: AttributionSource: android.content.AttributionSource@1f0eb52a does not have READ_SYSTEM_GRAMMATICAL_GENDER permission.
02-14 15:20:35.921   873   873 D SsMediaDataProvider: Forwarding Smartspace updates []
02-14 15:20:35.922   873   873 W PageIndicator: Total number of pages invalid: 0. Assuming 1 page.
02-14 15:20:35.949 12433 12522 I uuu     : (REDACTED) #onActiveStateChangeEvent, newState: %s, previousState: %s.
02-14 15:20:35.950   397   397 D Zygote  : Forked child process 31315
02-14 15:20:35.956 12433 12527 I eeqq    : showGestureNav
02-14 15:20:35.963 12433 12527 I eeqo    : (REDACTED) setUiHints(hints = %s)
02-14 15:20:35.983 12433 12520 I thl     : (REDACTED) on opa visibility changed %s
02-14 15:20:35.997 12433 12522 I sya     : (REDACTED) Nga on-device enabled based on TNG:MA active state: %b
02-14 15:20:36.001 12433 12520 I thl     : (REDACTED) on opa visibility changed %s
02-14 15:20:36.005  1135 30346 W GetConfigSnapshotOp: Succeeded but not registered: com.google.android.libraries.performance.primes#com.android.vending [CONTEXT service_id=51 ]
02-14 15:20:36.007  1177  1191 E FrameEvents: addRelease: Did not find frame.
02-14 15:20:36.010  1376  1404 I AiAiEcho: Settings changed for uri: content://settings/secure/accessibility_enabled
02-14 15:20:36.011  1177  1177 D SsBaseTemplateCard: No text view can be set up
02-14 15:20:36.011  1177  1177 D SsBaseTemplateCard: Passed-in item info is null
02-14 15:20:36.011  1177  1177 D SsBaseTemplateCard: Passed-in item info is null
02-14 15:20:36.011  1177  1177 D SsBaseTemplateCard: Passed-in item info is null
02-14 15:20:36.011  1177  1177 I SsBaseTemplateCard: Secondary card pane is null
02-14 15:20:36.012  1177  1177 D StatsLog: LAUNCHER_ONRESUME
02-14 15:20:36.012  1376  1624 I AiAiEcho: Predicting[0]:  [CONTEXT sampling_count=5 ]
02-14 15:20:36.012  1376  1624 I AiAiEcho: EchoTargets:
02-14 15:20:36.012  1376  1624 I AiAiEcho: Filtered by AiAi flag check:
02-14 15:20:36.012  1376  1624 I AiAiEcho: [CONTEXT ratelimit_period="10 SECONDS" ]
02-14 15:20:36.012  1376  1624 I AiAiEcho: Ranked targets strategy: SORT, count: 0, ranking metadata:  [CONTEXT ratelimit_period="10 SECONDS" ]
02-14 15:20:36.012  1376  1624 I AiAiEcho: #remoteViewsTwiddler: feature disabled.
02-14 15:20:36.013  1376  1624 I AiAiEcho: #postPredictionTargets: Sending updates to UISurface media_data_manager with targets# 0 (types=[])
02-14 15:20:36.013 31315 31315 I p8_bartertrader: Late-enabling -Xcheck:jni
02-14 15:20:36.014   873   873 D SsMediaDataProvider: Forwarding Smartspace updates []
02-14 15:20:36.029  1376  1624 I AiAiEcho: Predicting[0]:  [CONTEXT sampling_count=5 ]
02-14 15:20:36.029  1376  1624 I AiAiEcho: EchoTargets:
02-14 15:20:36.029  1376  1624 I AiAiEcho: Filtered by AiAi flag check:
02-14 15:20:36.029  1376  1624 I AiAiEcho: [CONTEXT ratelimit_period="10 SECONDS" ]
02-14 15:20:36.029  1376  1624 I AiAiEcho: Ranked targets strategy: SORT, count: 0, ranking metadata:  [CONTEXT ratelimit_period="10 SECONDS" ]
02-14 15:20:36.030  1376  1624 I AiAiEcho: #remoteViewsTwiddler: feature disabled.
02-14 15:20:36.030  1376  1624 I AiAiEcho: Predicting[0]:  [CONTEXT sampling_count=5 ]
02-14 15:20:36.030  1376  1624 I AiAiEcho: EchoTargets:
02-14 15:20:36.030  1376  1624 I AiAiEcho: Filtered by AiAi flag check:
02-14 15:20:36.030  1376  1624 I AiAiEcho: [CONTEXT ratelimit_period="10 SECONDS" ]
02-14 15:20:36.030  1376  1624 I AiAiEcho: Ranked targets strategy: SORT, count: 0, ranking metadata:  [CONTEXT ratelimit_period="10 SECONDS" ]
02-14 15:20:36.030  1376  1624 I AiAiEcho: #remoteViewsTwiddler: feature disabled.
02-14 15:20:36.030  1376  1624 I AiAiEcho: #postPredictionTargets: Sending updates to UISurface lockscreen with targets# 0 (types=[])
02-14 15:20:36.031   873   873 W PageIndicator: Total number of pages invalid: 0. Assuming 1 page.
02-14 15:20:36.031  1376  1624 I AiAiEcho: #postPredictionTargets: Sending updates to UISurface home with targets# 0 (types=[])
02-14 15:20:36.037   468   468 E SurfaceFlinger: Out of order buffers detected for RequestedLayerState{com.google.android.apps.nexuslauncher/com.google.android.apps.nexuslauncher.NexusLauncherActivity#2686 parentId=84} producedId=79 frameNumber=242 -> producedId=79 frameNumber=2
02-14 15:20:36.051 31315 31315 I p8_bartertrader: Using CollectorTypeCMC GC.
02-14 15:20:36.053 31315 31315 W p8_bartertrader: Unexpected CPU variant for x86: x86_64.
02-14 15:20:36.053 31315 31315 W p8_bartertrader: Known variants: atom, sandybridge, silvermont, goldmont, goldmont-plus, goldmont-without-sha-xsaves, tremont, kabylake, default
02-14 15:20:36.065   476   494 I adbd    : jdwp connection from 31315
02-14 15:20:36.092 12433 12520 I skc     : Successfully initialized all components
02-14 15:20:36.108  1177  1224 D QuickstepModelDelegate: notifyAppTargetEvent action=1 launchLocation=workspace/0/[-1,-1]/[1,1]
02-14 15:20:36.108 31315 31315 D nativeloader: Load libframework-connectivity-tiramisu-jni.so using APEX ns com_android_tethering for caller /apex/com.android.tethering/javalib/framework-connectivity-t.jar: ok
02-14 15:20:36.111  1177  1177 D SsBaseTemplateCard: No text view can be set up
02-14 15:20:36.111  1177  1177 D SsBaseTemplateCard: Passed-in item info is null
02-14 15:20:36.111  1177  1177 D SsBaseTemplateCard: Passed-in item info is null
02-14 15:20:36.111  1177  1177 D SsBaseTemplateCard: Passed-in item info is null
02-14 15:20:36.111  1177  1177 I SsBaseTemplateCard: Secondary card pane is null
02-14 15:20:36.111  1376  1624 I AiAiEcho: Predicting[0]:  [CONTEXT sampling_count=5 ]
02-14 15:20:36.112  1376  1624 I AiAiEcho: EchoTargets:
02-14 15:20:36.112  1376  1624 I AiAiEcho: Filtered by AiAi flag check:
02-14 15:20:36.112  1376  1624 I AiAiEcho: [CONTEXT ratelimit_period="10 SECONDS" ]
02-14 15:20:36.114  1376  1624 I AiAiEcho: Ranked targets strategy: SORT, count: 0, ranking metadata:  [CONTEXT ratelimit_period="10 SECONDS" ]
02-14 15:20:36.115  1376  1624 I AiAiEcho: #remoteViewsTwiddler: feature disabled.
02-14 15:20:36.129  1376  1624 I AiAiEcho: #postPredictionTargets: Sending updates to UISurface home with targets# 0 (types=[])
02-14 15:20:36.149  1177  1177 D SsBaseTemplateCard: No text view can be set up
02-14 15:20:36.155  1177  1177 D SsBaseTemplateCard: Passed-in item info is null
02-14 15:20:36.155  1177  1177 D SsBaseTemplateCard: Passed-in item info is null
02-14 15:20:36.155  1177  1177 D SsBaseTemplateCard: Passed-in item info is null
02-14 15:20:36.155  1177  1177 I SsBaseTemplateCard: Secondary card pane is null
02-14 15:20:36.156   468   468 E SurfaceFlinger: Out of order buffers detected for RequestedLayerState{com.google.android.apps.nexuslauncher/com.google.android.apps.nexuslauncher.NexusLauncherActivity#2686 parentId=84} producedId=79 frameNumber=242 -> producedId=79 frameNumber=3
02-14 15:20:36.176   617   740 I ImeTracker: com.google.android.apps.nexuslauncher:87918557: onRequestHide at ORIGIN_SERVER reason HIDE_SAME_WINDOW_FOCUSED_WITHOUT_EDITOR fromUser false
02-14 15:20:36.177   617   740 I ImeTracker: com.google.android.apps.nexuslauncher:87918557: onCancelled at PHASE_SERVER_SHOULD_HIDE
02-14 15:20:36.181 12433 12526 I eeqo    : setUiHints: finished successfully
02-14 15:20:36.187   468   468 E SurfaceFlinger: Out of order buffers detected for RequestedLayerState{com.google.android.apps.nexuslauncher/com.google.android.apps.nexuslauncher.NexusLauncherActivity#2686 parentId=84} producedId=79 frameNumber=242 -> producedId=79 frameNumber=4
02-14 15:20:36.195 12880 12880 I GoogleInputMethodService: GoogleInputMethodService.onFinishInput():2589
02-14 15:20:36.207   873   989 W WindowOnBackDispatcher: sendCancelIfRunning: isInProgress=false callback=android.view.ViewRootImpl$$ExternalSyntheticLambda11@e4bfa07
02-14 15:20:36.215   617  1783 W InputManager-JNI: Input channel object '9809bb3 Splash Screen com.example.group8_bartertrader (client)' was disposed without first being removed with the input manager!
02-14 15:20:36.216 31315 31315 W ziparchive: Unable to open '/data/app/~~TMW5PE-Ed9Tz-Ujst1OHLA==/com.example.group8_bartertrader-jaMRnCxPRFFrpg_OX3HW-w==/base.dm': No such file or directory
02-14 15:20:36.216 31315 31315 W ziparchive: Unable to open '/data/app/~~TMW5PE-Ed9Tz-Ujst1OHLA==/com.example.group8_bartertrader-jaMRnCxPRFFrpg_OX3HW-w==/base.dm': No such file or directory
02-14 15:20:36.219   468   468 E SurfaceFlinger: Out of order buffers detected for RequestedLayerState{com.google.android.apps.nexuslauncher/com.google.android.apps.nexuslauncher.NexusLauncherActivity#2686 parentId=84} producedId=79 frameNumber=242 -> producedId=79 frameNumber=5
02-14 15:20:36.231 12880 12880 I Module  : DeviceLockedStatusModuleProvider$Module.updateDeviceLockedStatus():100 repeatCheckTimes = 0, locked = false
02-14 15:20:36.243 12880 12880 I GoogleInputMethodService: GoogleInputMethodService.onStartInput():1568 onStartInput(EditorInfo{EditorInfo{packageName=com.google.android.apps.nexuslauncher, inputType=0, inputTypeString=NULL, enableLearning=false, autoCorrection=false, autoComplete=false, imeOptions=0, privateImeOptions=null, actionName=UNSPECIFIED, actionLabel=null, initialSelStart=-1, initialSelEnd=-1, initialCapsMode=0, label=null, fieldId=0, fieldName=null, extras=null, hintText=null, hintLocales=[]}}, false)
02-14 15:20:36.250  1177  1568 D EGL_emulation: app_time_stats: avg=24.70ms min=0.95ms max=484.04ms count=27
02-14 15:20:36.269   468   468 E SurfaceFlinger: Out of order buffers detected for RequestedLayerState{com.google.android.apps.nexuslauncher/com.google.android.apps.nexuslauncher.NexusLauncherActivity#2686 parentId=84} producedId=79 frameNumber=242 -> producedId=79 frameNumber=6
02-14 15:20:36.270 12880 12880 I Module  : DeviceLockedStatusModuleProvider$Module.updateDeviceLockedStatus():100 repeatCheckTimes = 1, locked = false
02-14 15:20:36.290   873  1072 D EGL_emulation: app_time_stats: avg=82.65ms min=1.90ms max=831.95ms count=11
02-14 15:20:36.291 12880 12880 I AndroidIME: InputBundleManager.loadActiveInputBundleId():407 loadActiveInputBundleId: und-Latn-x-password, password
02-14 15:20:36.319   468   468 E SurfaceFlinger: Out of order buffers detected for RequestedLayerState{com.google.android.apps.nexuslauncher/com.google.android.apps.nexuslauncher.NexusLauncherActivity#2686 parentId=84} producedId=79 frameNumber=242 -> producedId=79 frameNumber=7
02-14 15:20:36.320   617  1453 W AppSearchIcing: icing-search-engine.cc:321: Error: 5, Message: Document (com.google.android.googlequicksearchbox$OneSearchZeroStateGoogleSuggestions/default, zp) not found.
02-14 15:20:36.335   468   468 E SurfaceFlinger: Out of order buffers detected for RequestedLayerState{com.google.android.apps.nexuslauncher/com.google.android.apps.nexuslauncher.NexusLauncherActivity#2686 parentId=84} producedId=79 frameNumber=242 -> producedId=79 frameNumber=8
02-14 15:20:36.353   468   468 E SurfaceFlinger: Out of order buffers detected for RequestedLayerState{com.google.android.apps.nexuslauncher/com.google.android.apps.nexuslauncher.NexusLauncherActivity#2686 parentId=84} producedId=79 frameNumber=242 -> producedId=79 frameNumber=9
02-14 15:20:36.357  1177  1612 D OneSearchSuggestProvider: AppSearch 0-state cache not available, fallback to AGA
02-14 15:20:36.357  1177  1612 D OneSearchSuggestProvider: java.util.concurrent.CompletionException: java.util.NoSuchElementException: No value present
02-14 15:20:36.357  1177  1612 D OneSearchSuggestProvider: 	at java.util.concurrent.CompletableFuture.encodeThrowable(CompletableFuture.java:308)
02-14 15:20:36.357  1177  1612 D OneSearchSuggestProvider: 	at java.util.concurrent.CompletableFuture.completeThrowable(CompletableFuture.java:323)
02-14 15:20:36.357  1177  1612 D OneSearchSuggestProvider: 	at java.util.concurrent.CompletableFuture$UniAccept.tryFire(CompletableFuture.java:684)
02-14 15:20:36.357  1177  1612 D OneSearchSuggestProvider: 	at java.util.concurrent.CompletableFuture.postComplete(CompletableFuture.java:486)
02-14 15:20:36.357  1177  1612 D OneSearchSuggestProvider: 	at java.util.concurrent.CompletableFuture.completeExceptionally(CompletableFuture.java:2138)
02-14 15:20:36.357  1177  1612 D OneSearchSuggestProvider: 	at com.google.android.apps.nexuslauncher.allapps.E0.onResult(go/retraceme 2855a437b73635ce9cad76b9289087e631bbb67fc90008a0da13d343a00e5041:67)
02-14 15:20:36.357  1177  1612 D OneSearchSuggestProvider: 	at android.app.appsearch.SearchSessionUtil$1.lambda$onResult$0(go/retraceme 64eee9e9f568ff45978879ad2ff83146f2618ee8a88278736fbdf5fae931976e:144)
02-14 15:20:36.357  1177  1612 D OneSearchSuggestProvider: 	at android.app.appsearch.SearchSessionUtil$1.$r8$lambda$CEk3q8sDAQVhU3rQwVueB8FAj_M(go/retraceme 64eee9e9f568ff45978879ad2ff83146f2618ee8a88278736fbdf5fae931976e:1)
02-14 15:20:36.357  1177  1612 D OneSearchSuggestProvider: 	at android.app.appsearch.SearchSessionUtil$1$$ExternalSyntheticLambda0.run(go/retraceme 64eee9e9f568ff45978879ad2ff83146f2618ee8a88278736fbdf5fae931976e:22)
02-14 15:20:36.357  1177  1612 D OneSearchSuggestProvider: 	at android.os.Handler.handleCallback(Handler.java:959)
02-14 15:20:36.357  1177  1612 D OneSearchSuggestProvider: 	at android.os.Handler.dispatchMessage(Handler.java:100)
02-14 15:20:36.357  1177  1612 D OneSearchSuggestProvider: 	at android.os.Looper.loopOnce(Looper.java:232)
02-14 15:20:36.357  1177  1612 D OneSearchSuggestProvider: 	at android.os.Looper.loop(Looper.java:317)
02-14 15:20:36.357  1177  1612 D OneSearchSuggestProvider: 	at android.os.HandlerThread.run(HandlerThread.java:85)
02-14 15:20:36.357  1177  1612 D OneSearchSuggestProvider: Caused by: java.util.NoSuchElementException: No value present
02-14 15:20:36.357  1177  1612 D OneSearchSuggestProvider: 	at java.util.Optional.get(Optional.java:143)
02-14 15:20:36.357  1177  1612 D OneSearchSuggestProvider: 	at com.google.android.apps.nexuslauncher.allapps.E0.onResult(go/retraceme 2855a437b73635ce9cad76b9289087e631bbb67fc90008a0da13d343a00e5041:28)
02-14 15:20:36.357  1177  1612 D OneSearchSuggestProvider: 	... 8 more
02-14 15:20:36.364  1177  1612 D OneSearchSuggestProvider: Established or reuse existing binder channel authority=com.google.android.googlequicksearchbox
02-14 15:20:36.414  1177  1177 I TopTaskTracker: onTaskRemoved: taskId=83
02-14 15:20:36.414  1177  1177 I TopTaskTracker: onTaskRemoved: taskId=83
02-14 15:20:36.535   468   468 E SurfaceFlinger: Out of order buffers detected for RequestedLayerState{com.google.android.apps.nexuslauncher/com.google.android.apps.nexuslauncher.NexusLauncherActivity#2686 parentId=84} producedId=79 frameNumber=242 -> producedId=79 frameNumber=10
02-14 15:20:36.625 29117 29117 I fmec    : (REDACTED) Created gRPC endpoint for service %s
02-14 15:20:36.629 31315 31315 D nativeloader: Configuring clns-7 for other apk /data/app/~~TMW5PE-Ed9Tz-Ujst1OHLA==/com.example.group8_bartertrader-jaMRnCxPRFFrpg_OX3HW-w==/base.apk. target_sdk_version=35, uses_libraries=, library_path=/data/app/~~TMW5PE-Ed9Tz-Ujst1OHLA==/com.example.group8_bartertrader-jaMRnCxPRFFrpg_OX3HW-w==/lib/x86_64, permitted_path=/data:/mnt/expand:/data/user/0/com.example.group8_bartertrader
02-14 15:20:36.638 31315 31315 D CompatChangeReporter: Compat change id reported: 202956589; UID 10269; state: ENABLED
02-14 15:20:36.661 31315 31315 V GraphicsEnvironment: Currently set values for:
02-14 15:20:36.661 31315 31315 V GraphicsEnvironment:   angle_gl_driver_selection_pkgs=[]
02-14 15:20:36.662 31315 31315 V GraphicsEnvironment:   angle_gl_driver_selection_values=[]
02-14 15:20:36.662 31315 31315 V GraphicsEnvironment: Global.Settings values are invalid: number of packages: 0, number of values: 0
02-14 15:20:36.662 31315 31315 V GraphicsEnvironment: Neither updatable production driver nor prerelease driver is supported.
02-14 15:20:36.847 31315 31315 I FirebaseApp: Device unlocked: initializing all Firebase APIs for app [DEFAULT]
02-14 15:20:36.875  1135  6581 I ChimeraSrvcProxy: NullBinder for android.net.action.RECOMMEND_NETWORKS triggering remote TransactionTooLargeException due to Service without Chimera impl
02-14 15:20:36.875  1135  6581 W .gms.persistent: Large reply transaction of 1056768 bytes, interface descriptor , code 1
02-14 15:20:36.880 12166 12302 D WM-NetworkStateTracker: Network capabilities changed: [ Transports: WIFI Capabilities: NOT_METERED&INTERNET&NOT_RESTRICTED&TRUSTED&NOT_VPN&NOT_ROAMING&FOREGROUND&NOT_CONGESTED&NOT_SUSPENDED&NOT_VCN_MANAGED&NOT_BANDWIDTH_CONSTRAINED LinkUpBandwidth>=12000Kbps LinkDnBandwidth>=30000Kbps TransportInfo: <SSID: <unknown ssid>, BSSID: 02:00:00:00:00:00, MAC: 02:00:00:00:00:00, IP: /10.0.2.16, Security type: 0, Supplicant state: COMPLETED, Wi-Fi standard: legacy, RSSI: -50, Link speed: 1Mbps, Tx Link speed: 1Mbps, Max Supported Tx Link speed: 11Mbps, Rx Link speed: 2Mbps, Max Supported Rx Link speed: 11Mbps, Frequency: 2447MHz, Net ID: -1, Metered hint: false, score: 60, isUsable: true, CarrierMerged: false, SubscriptionId: -1, IsPrimary: -1, Trusted: true, Restricted: false, Ephemeral: false, OEM paid: false, OEM private: false, OSU AP: false, FQDN: <none>, Provider friendly name: <none>, Requesting package name: <none><none>MLO Information: , Is TID-To-Link negotiation supported by the AP: false, AP MLD Address: <none>, AP MLO Link Id: <none>, AP MLO Affiliated links: <none>, Vendor Data: <none>> SignalStrength: -50 UnderlyingNetworks: Null]
02-14 15:20:36.881 12179 12299 I BugleRcsEngine: handleMessage processing message:[NOTIFY_UPTIME_IGNORE_STATE_CHANGED] with [non-null]:RcsEngineImpl reference [CONTEXT log_prefix="RcsEngineImpl[DUAL_REG]:[e2c47468-d1c6]>Handler" thread_id=101 ]
02-14 15:20:36.884   617   778 W IPCThreadState: Sending oneway calls to frozen process.
02-14 15:20:36.885   617   778 W IPCThreadState: Sending oneway calls to frozen process.
02-14 15:20:36.888   617   778 W IPCThreadState: Sending oneway calls to frozen process.
02-14 15:20:36.889   617   778 W IPCThreadState: Sending oneway calls to frozen process.
02-14 15:20:36.895 29117 29177 D WM-NetworkStateTracker: Network capabilities changed: [ Transports: WIFI Capabilities: NOT_METERED&INTERNET&NOT_RESTRICTED&TRUSTED&NOT_VPN&NOT_ROAMING&FOREGROUND&NOT_CONGESTED&NOT_SUSPENDED&NOT_VCN_MANAGED&NOT_BANDWIDTH_CONSTRAINED LinkUpBandwidth>=12000Kbps LinkDnBandwidth>=30000Kbps TransportInfo: <SSID: <unknown ssid>, BSSID: 02:00:00:00:00:00, MAC: 02:00:00:00:00:00, IP: /10.0.2.16, Security type: 0, Supplicant state: COMPLETED, Wi-Fi standard: legacy, RSSI: -50, Link speed: 1Mbps, Tx Link speed: 1Mbps, Max Supported Tx Link speed: 11Mbps, Rx Link speed: 2Mbps, Max Supported Rx Link speed: 11Mbps, Frequency: 2447MHz, Net ID: -1, Metered hint: false, score: 60, isUsable: true, CarrierMerged: false, SubscriptionId: -1, IsPrimary: -1, Trusted: true, Restricted: false, Ephemeral: false, OEM paid: false, OEM private: false, OSU AP: false, FQDN: <none>, Provider friendly name: <none>, Requesting package name: <none><none>MLO Information: , Is TID-To-Link negotiation supported by the AP: false, AP MLD Address: <none>, AP MLO Link Id: <none>, AP MLO Affiliated links: <none>, Vendor Data: <none>> SignalStrength: -50 UnderlyingNetworks: Null]
02-14 15:20:36.898 12179 12263 I BugleRcsEngine: Connected state: [1], networkType: [WIFI] [CONTEXT thread_id=93 ]
02-14 15:20:36.902 12179 12299 I BugleRcsEngine: No RCS Configuration was found in Bugle for simID: redacted-pii:sim_id[chars:20,last3:897] [CONTEXT log_prefix="ProvisioningEngineDataRetriever" thread_id=101 ]
02-14 15:20:36.925 31315 31315 I FirebaseInitProvider: FirebaseApp initialization successful
02-14 15:20:36.959 31315 31315 D CompatChangeReporter: Compat change id reported: 279646685; UID 10269; state: ENABLED
02-14 15:20:36.973 31315 31353 W p8_bartertrader: ClassLoaderContext classpath size mismatch. expected=1, found=0 (DLC[];PCL[base.apk*3944633261]{PCL[/system/framework/org.apache.http.legacy.jar*437079508]#PCL[/system/framework/com.android.media.remotedisplay.jar*2042759013]#PCL[/system/framework/com.android.location.provider.jar*3414091812]#PCL[/system_ext/framework/androidx.window.extensions.jar*1060046784]#PCL[/system_ext/framework/androidx.window.sidecar.jar*2147524027]} | DLC[];PCL[])
02-14 15:20:36.985 31315 31353 I DynamiteModule: Considering local module com.google.android.gms.measurement.dynamite:136 and remote module com.google.android.gms.measurement.dynamite:134
02-14 15:20:36.985 31315 31353 I DynamiteModule: Selected local version of com.google.android.gms.measurement.dynamite
02-14 15:20:37.230 31315 31356 I FA      : App measurement initialized, version: 114010
02-14 15:20:37.230 31315 31356 I FA      : To enable debug logging run: adb shell setprop log.tag.FA VERBOSE
02-14 15:20:37.230 31315 31356 I FA      : To enable faster debug mode event logging run:
02-14 15:20:37.230 31315 31356 I FA      :   adb shell setprop debug.firebase.analytics.app com.example.group8_bartertrader
02-14 15:20:37.244 31315 31356 D MeasurementManager: AdServicesInfo.version=13
02-14 15:20:37.332 29117 29145 I DynamiteModule: Considering local module com.google.android.gms.cronet_dynamite:0 and remote module com.google.android.gms.cronet_dynamite:3411
02-14 15:20:37.332 29117 29145 I DynamiteModule: Selected remote version of com.google.android.gms.cronet_dynamite, version >= 3411
02-14 15:20:37.332 29117 29145 V DynamiteModule: Dynamite loader version >= 2, using loadModule2NoCrashUtils
02-14 15:20:37.351 29117 29145 W earchbox:search: ClassLoaderContext classpath element checksum mismatch. expected=3944633261, found=4266453930 (DLC[];PCL[base.apk*3944633261]{PCL[/system/framework/org.apache.http.legacy.jar*437079508]#PCL[/system/framework/com.android.media.remotedisplay.jar*2042759013]#PCL[/system/framework/com.android.location.provider.jar*3414091812]#PCL[/system_ext/framework/androidx.window.extensions.jar*1060046784]#PCL[/system_ext/framework/androidx.window.sidecar.jar*2147524027]} | DLC[];PCL[/data/app/~~xBV8MTcTEWusS7LY2Hr5jw==/com.google.android.googlequicksearchbox-orAO6hqDSXvuAwefjjlkbQ==/base.apk*4266453930]{PCL[/system/framework/org.apache.http.legacy.jar*437079508]#PCL[/system_ext/framework/androidx.window.extensions.jar*1060046784]#PCL[/system_ext/framework/androidx.window.sidecar.jar*2147524027]})
02-14 15:20:37.401 29117 31358 I cn_CronetLibraryLoader: HTTP flags log line: Using live production flag values from Google
02-14 15:20:37.414   617   700 D ConnectivityService: requestNetwork for uid/pid:10145/29117 activeRequest: null callbackRequest: 398 [NetworkRequest [ REQUEST id=399, [ Capabilities: INTERNET&NOT_RESTRICTED&TRUSTED&NOT_VCN_MANAGED&NOT_BANDWIDTH_CONSTRAINED Uid: 10145 RequestorUid: 10145 RequestorPkg: com.google.android.googlequicksearchbox UnderlyingNetworks: Null] ]] callback flags: 0 order: 2147483647 isUidTracked: false
02-14 15:20:37.418   617   778 D ConnectivityService: NetReassign [399 : null  108] [c 0] [a 1] [i 0]
02-14 15:20:37.421   617   771 D WifiNetworkFactory: got request NetworkRequest [ REQUEST id=399, [ Capabilities: INTERNET&NOT_RESTRICTED&TRUSTED&NOT_VCN_MANAGED&NOT_BANDWIDTH_CONSTRAINED Uid: 10145 RequestorUid: 10145 RequestorPkg: com.google.android.googlequicksearchbox UnderlyingNetworks: Null] ]
02-14 15:20:37.422   617   771 D UntrustedWifiNetworkFactory: got request NetworkRequest [ REQUEST id=399, [ Capabilities: INTERNET&NOT_RESTRICTED&TRUSTED&NOT_VCN_MANAGED&NOT_BANDWIDTH_CONSTRAINED Uid: 10145 RequestorUid: 10145 RequestorPkg: com.google.android.googlequicksearchbox UnderlyingNetworks: Null] ]
02-14 15:20:37.423   617   778 D ConnectivityService: NetReassign [no changes] [c 1] [a 1] [i 0]
02-14 15:20:37.429   617   771 D OemPaidWifiNetworkFactory: got request NetworkRequest [ REQUEST id=399, [ Capabilities: INTERNET&NOT_RESTRICTED&TRUSTED&NOT_VCN_MANAGED&NOT_BANDWIDTH_CONSTRAINED Uid: 10145 RequestorUid: 10145 RequestorPkg: com.google.android.googlequicksearchbox UnderlyingNetworks: Null] ]
02-14 15:20:37.430   617   771 D MultiInternetWifiNetworkFactory: got request NetworkRequest [ REQUEST id=399, [ Capabilities: INTERNET&NOT_RESTRICTED&TRUSTED&NOT_VCN_MANAGED&NOT_BANDWIDTH_CONSTRAINED Uid: 10145 RequestorUid: 10145 RequestorPkg: com.google.android.googlequicksearchbox UnderlyingNetworks: Null] ]
02-14 15:20:37.431 28505 28505 E adservices.measurement: DeleteUninstalledJobService is disabled, skip scheduling
02-14 15:20:37.441 28505 28505 E adservices: Encryption key fetch job is disabled, skip scheduling.
02-14 15:20:37.452 28505 28809 W adservices: Skip logging because Cobalt logger is null
02-14 15:20:37.457 29117 29145 D nativeloader: Load /data/app/~~xBV8MTcTEWusS7LY2Hr5jw==/com.google.android.googlequicksearchbox-orAO6hqDSXvuAwefjjlkbQ==/base.apk!/lib/x86_64/libcronet.133.0.6889.2.so using ns clns-7 from class loader (caller=/data/app/~~xBV8MTcTEWusS7LY2Hr5jw==/com.google.android.googlequicksearchbox-orAO6hqDSXvuAwefjjlkbQ==/base.apk!classes3.dex): ok
02-14 15:20:37.475 29117 29145 I cn_CronetLibraryLoader: Cronet version: 133.0.6889.2, arch: x86_64
02-14 15:20:37.551  1177  1177 D SearchTargetUtil: queryLength=0 size=15
02-14 15:20:37.552  1177  1177 D SearchTargetUtil: layoutType=short_icon_row resultType=131072 packageName=com.google.android.googlequicksearchbox extras=Bundle{suggestion_type=33,suggest_truncate_start=false,is_answer=false,is_entity=false,is_personal=false,suggest_raw_text=canadian cities affected by us tariffs,input_query=android.app.search.Query@a01c64,group_id=web67138019,response_id=c6aa333b-1ee6-4695-844e-1434cee69a7a,support_query_builder=false,} searchAction=canadian cities affected by us tariffs searchActionExtras=Bundle{learn_more_url=https://support.google.com/websearch/answer/106230?hl=106230,suggestion_action_text=Report this,should_start_for_result=true,allow_pinning=true,skip_logging_in_target_handler=true,suggestion_action_rpc=2,}ParentID: null targetID: 6a0d9355-41a3-4e1c-96b1-cb3bff68c122
02-14 15:20:37.553  1177  1177 D SearchTargetUtil: layoutType=short_icon_row resultType=131072 packageName=com.google.android.googlequicksearchbox extras=Bundle{suggestion_type=33,suggest_truncate_start=false,is_answer=false,is_entity=false,is_personal=false,suggest_raw_text=fema,input_query=android.app.search.Query@a01c64,group_id=web67138019,response_id=c6aa333b-1ee6-4695-844e-1434cee69a7a,support_query_builder=false,} searchAction=fema searchActionExtras=Bundle{learn_more_url=https://support.google.com/websearch/answer/106230?hl=106230,suggestion_action_text=Report this,should_start_for_result=true,allow_pinning=true,skip_logging_in_target_handler=true,suggestion_action_rpc=2,}ParentID: null targetID: 208ce5af-01c5-4dde-9273-b26673f8b090
02-14 15:20:37.554  1177  1177 D SearchTargetUtil: layoutType=short_icon_row resultType=131072 packageName=com.google.android.googlequicksearchbox extras=Bundle{suggestion_type=33,suggest_truncate_start=false,is_answer=false,is_entity=false,is_personal=false,suggest_raw_text=juno nominations 2025,input_query=android.app.search.Query@a01c64,group_id=web67138019,response_id=c6aa333b-1ee6-4695-844e-1434cee69a7a,support_query_builder=false,} searchAction=juno nominations 2025 searchActionExtras=Bundle{learn_more_url=https://support.google.com/websearch/answer/106230?hl=106230,suggestion_action_text=Report this,should_start_for_result=true,allow_pinning=true,skip_logging_in_target_handler=true,suggestion_action_rpc=2,}ParentID: null targetID: 970b266d-ad5b-487f-b52f-b3194d41a52d
02-14 15:20:37.566  1177  1177 D SearchTargetUtil: layoutType=extra_tall_icon_row resultType=131072 packageName=com.google.android.googlequicksearchbox extras=Bundle{bitmap_url=data:image/jpeg;base64,/9j/4AAQSkZJRgABAQAAAQABAAD/2wCEAAkGBwgHBgkIBwgKCgkLDRYPDQwMDRsUFRAWIB0iIiAdHx8kKDQsJCYxJx8fLT0tMTU3Ojo6Iys/RD84QzQ5OjcBCgoKDQwNGg8PGjclHyU3Nzc3Nzc3Nzc3Nzc3Nzc3Nzc3Nzc3Nzc3Nzc3Nzc3Nzc3Nzc3Nzc3Nzc3Nzc3Nzc3N//AABEIAHwAfAMBIgACEQEDEQH/xAAbAAACAwEBAQAAAAAAAAAAAAAFBgMEBwIBAP/EAD8QAAIBAwIDBQUFBQYHAAAAAAECAwAEEQUSBiExEyJBUWEUMnGBkQdCobHwFSNSwdEkM0NTkuEWF2Jjk6Lx/8QAGQEAAwEBAQAAAAAAAAAAAAAAAgMEAQAF/8QAJxEAAgICAgEDBAMBAAAAAAAAAQIAEQMSITFBBBNhIjJR8HGh4SP/2gAMAwEAAhEDEQA/AGiThhT791M3xag3EWnxR3tspIVAp3N05Cnxxmk7jyFpLOQRe+YJAuPPaakKgStWJgDha50/iCC4eGIxvBJt2M2SUPut8/zBo1+yoR0Ssf0LWJtE1OG9gJ2ocSIPvoeq/rxxW8RBJ4kmiYNG6hlYeIPMURUCYj2IFm06FYWbaBgZzSjwfr632vzadfFZYrmR/ZJNoBXBJC/Ajp6/GnPjAPDwtqjxkhhbsMjwzyP51iul3BstaspwxHY3EcmR5KwJ/I1oWC7kETTOItE2SY2nAO5fX0pn4G0peye9khKCTGyNui+tGLzTo72MK3UHkaK2kSwxKijAUVgHMFkUtv5k3ZIE5Io+VWVUbRyFQt7hqRG7o+FHMnzgVWlFTu1V5G9a4zhKkyAq3wpc0qABLhcdJTTLK3Kg+nxlJLncpAMhI9aX5jR1K0tsPKqzWoz0oy6ioGQZ8KPidcJvdR+Lr9aD6ysM5gaSZVTd186qfse5PvMf9VdXdgy6fHFJglXpTEwgAJiHEWlyaVqUtk/e2uOzcdHTPdYfL8c+VOWi8U3VpocenK+x42ISTqdnXAoh9odtZWGnWiXG1rqWTdCAOYA68/Acx+hWfvdqrbvHrTBbHmK4TqNGpcRX0+m3NnJcPKlxHsYSHOB50t6Rpkl7xHZwuu2DerSMf4Act88fnVX27cwJHUYo1omsNY3cFzLaGSCPHaOnvBfHl8K02OpgpjzNoGu24OQH+ldjiKEdI3Pyrq20yxuIUlibfG4BVh4irK6RZjqmaCmjDrKcnEyhDthc+VRjiSeMbZbUq3XGaJHS7MKf3QrtLS3fDPGpOMc66jfc61/EDPxHct7sH41A+s379I1FMns1uOkS/SuXiiHRF+ldrODD8RZTUNReeMMO6WAOBUdwb8X0ywytszkDHSmRwgAwo+lVbfHt03qBQheYW0BmDUX6ySV5+z74/wCJL9aacjyr7NGEEEvPCedU74F4sAZO6qvtd0/NUABr4vcyW0nPbIDyxQFoQET/ALSx20tuGVQsFsx3Hrlj0/CssSGSWZVAyWIUDzpr4p1S/udZvbDUAUdGyq9crju/gR86cPs94R0nW7RLy4jZZ7Q4YKxxJ5Eijx3fMXkojiJ78Px2kU8N8qqvZdpFK3LB5ZqrocDToyIc/wALAePqKYvtCla51k2CtiK3TbyPX4/hSXMtzFAsNujsxb7pIx5ZrXOxoTFGoszYvs9vUg0iKznfazSyCJT4YJ7v0GfrTh2yDxFY3w7du8E1szntIpFaOQYzuXqfXx+uKdP2xp3ZBnusvjvIjZwfKlBzZWN0sAiNzXEePeH1qtFf2/MCUHB86W7LVdLvrhbaK6Hbv7qM2N3wPQ0TbTB3dsRJ8a0sZlCEn1CAdZB9ary6tbD74quNLb/IHzr46W/+Ug+VdbTuJFc61bhDjJNIt1xbqkF7MIY4wM4BZvCna40mVlxhefpSHrGixzapKuG3BgMLSyW2j8YWiTOZOMdbb/EgX51XbizWied7EKlv9E0XSYYpNVuuzMmdoxknFK11q2lrMwtbJ5Ih0ZjgmjCtObLiHiavHryw2cSvCqylBtJbKmrEOrTm27R44lDdWzypZs7q1u7COIgRTQBlkZuYYY5Ukatr9wY4re3mZUjzuA6elEyFuAYjdV5MaeP2a5vtPmkjjDBGXco5kZHL8afvshVk0vUI2BG2Xr8VFYzZ6rPfdkl3KXWE90t1/XStW4A4h0/SkvV1C6jgimCMpbPebmD+GKHHsuQBprU+MlYocT7W4m1LYDg3BGT6cv5ULnt1BXPzFFdVlin1W5uUkR0lkdwUYeJ8qG3t1Crbc8wNxPrQm9odDWBYruW3uplglKSSEqp/hyxyfpWj6Bwdoc8ccl0ZpXwC/f8AfNZT/e6jbLnDMwznlWqaPrV7aQwRJYkhSELNjnk465/lTmX6rgYCCDcNXPBXD4s5YoVmjmk5pKGOUPhivrTie6sNFg9piN3dxuYJmBxuZR73zGK9l164N7JaSWB7hK71880AktZRd3kA9w3IkDH1XnQuCPtjCohd+OtQY7YtLGT0y9eJxRrVy22C0h3dCMnIodgZKI5DD+FaJ6FfW+lPJJNbNNI5zv8AKsW/JglQOhPF1XVE7aSRGMkfN1PurQOfUrm+uDnEZJBPZjH40z3V/FePfvCUiWaHo/UkeFJtv2iXruCBhAR9aW9jKPxK8SqfTuSOZY+0Ph9bDhi2uJGLzvMCSTkgEVl4Cx5Umte+1e8jThSwgAZ5p8NuJ6YFZXFpEskEUpYHtF3VTsF7nlMCx4jNFM1p+0JuyLbUxz92kuNXmyY1Z+fPapNOc91MILm2LDsuzJ248aXbHX720tnhi7Pa3jt5j4VyG5uQURLOjaPdXl4tulu6naW3upVU6cyfAU+8EcE291LrMess081tAu1kcgKSSeXrgAc/Wu+DZLuXSVu727EsdwpkUDB2beXMDxB6DzIpv4XHs+ia7fTLGkpXbsQ7gqqvIE+Lc+frnr1pXuf9aHUeMYGK5ksujxSyhV7RY1XmA5x9KCXUU0MhTvvEGCqT1yeQFPiLEjbcnOME9aX7ucJd6hboFXsEYAnx3Llj/wCPcPiaVgyM7VGeoxqq3FuYMl5FPjkSChPpitJk1y+9ks4hCjhdroSvdf8AWDWdxo1xY7R3nV8jzOaZNDvDaO9nqySpsbCkfdI5EVQDtdxOM6mrjva69cvM+LcAyElwo5L6586pXmpsszKEXAYknxYnz+GKmh7TVFP7KSR4oQDNPIeQJ6D1PpV2fhSSeVZILgIjAAo6lip/pW5MbkWgjRmW6JlGyPtQIjik3HmVZDj61Deac7qTDI0b+WaZoNH1mytxGrpIEHd7N8jHzHKh1y0glK3cckbkffXBqanB+oVGbKejEltWv9KuuwuwWXyb+RorZ3un386tLK8B28jGAcmrGsWkWoWrW9wvL/Cl8Ub+lI8MU9ldGOXuvG+CKMEHuLJZOujHDifU+HblorK9uL6cwDaUgxhj8fP4UEOr8KQ/uhpmpkJ3ec+3HpigF1cG31GV1jUsJFdGP3cHNULqRri4lmdu/IxdviaoABE81srbGNCSxRXgluE7SPadynxpNkePtpezXCsxKjyGeVP+sWHYa3c22CoRCVDDmRWey924YY8TQYxRMpynqPXCWqSWvDrwCQq6SM8OBnAI5j8z8/StD4MxfcBXBhZo/aEO0v1OBtJPxINZXw1pk8mmyXsIEhZH7gPe5MAMDy5N9fSmXhrjKbSrXT9Lv49sABiDKhDZBPJh8PyrceJfcJMJsjDGBBeqahNpymeNA7KxVlY9D5V1p0cOuy3t0zSQxzwxbo0xksu4Ebj0HIfWueOzYPqaiJgoeInesmU3H4elTcPwpDophYAyCXtN3iOQwPpRYsCo0HJmZzzKsFtbW+p6eGtxHbC6
02-14 15:20:37.567  1177  1177 D SearchTargetUtil: layoutType=short_icon_row resultType=131072 packageName=com.google.android.googlequicksearchbox extras=Bundle{suggestion_type=33,suggest_truncate_start=false,is_answer=false,is_entity=false,is_personal=false,suggest_raw_text=monaco vs benfica prediction,input_query=android.app.search.Query@a01c64,group_id=web67138019,response_id=c6aa333b-1ee6-4695-844e-1434cee69a7a,support_query_builder=false,} searchAction=monaco vs benfica prediction searchActionExtras=Bundle{learn_more_url=https://support.google.com/websearch/answer/106230?hl=106230,suggestion_action_text=Report this,should_start_for_result=true,allow_pinning=true,skip_logging_in_target_handler=true,suggestion_action_rpc=2,}ParentID: null targetID: fbae950c-ac95-4b9c-bf44-967d056694dd
02-14 15:20:37.567  1177  1177 D SearchTargetUtil: layoutType=short_icon_row resultType=131072 packageName=com.google.android.googlequicksearchbox extras=Bundle{suggestion_type=33,suggest_truncate_start=false,is_answer=false,is_entity=false,is_personal=false,suggest_raw_text=women voting rights,input_query=android.app.search.Query@a01c64,group_id=web67138019,response_id=c6aa333b-1ee6-4695-844e-1434cee69a7a,support_query_builder=false,} searchAction=women voting rights searchActionExtras=Bundle{learn_more_url=https://support.google.com/websearch/answer/106230?hl=106230,suggestion_action_text=Report this,should_start_for_result=true,allow_pinning=true,skip_logging_in_target_handler=true,suggestion_action_rpc=2,}ParentID: null targetID: 411dd2f0-5079-414a-9943-3479facdf015
02-14 15:20:37.568  1177  1177 D SearchTargetUtil: layoutType=short_icon_row resultType=131072 packageName=com.google.android.googlequicksearchbox extras=Bundle{suggestion_type=33,suggest_truncate_start=false,is_answer=false,is_entity=false,is_personal=false,suggest_raw_text=stranger things season 5 release date,input_query=android.app.search.Query@a01c64,group_id=web67138019,response_id=c6aa333b-1ee6-4695-844e-1434cee69a7a,support_query_builder=false,} searchAction=stranger things season 5 release date searchActionExtras=Bundle{learn_more_url=https://support.google.com/websearch/answer/106230?hl=106230,suggestion_action_text=Report this,should_start_for_result=true,allow_pinning=true,skip_logging_in_target_handler=true,suggestion_action_rpc=2,}ParentID: null targetID: b8000440-7514-4c24-bea9-1e8f051bc4fa
02-14 15:20:37.568  1177  1177 D SearchTargetUtil: layoutType=short_icon_row resultType=131072 packageName=com.google.android.googlequicksearchbox extras=Bundle{suggestion_type=33,suggest_truncate_start=false,is_answer=false,is_entity=false,is_personal=false,suggest_raw_text=psn outage playstation plus compensation,input_query=android.app.search.Query@a01c64,group_id=web67138019,response_id=c6aa333b-1ee6-4695-844e-1434cee69a7a,support_query_builder=false,} searchAction=psn outage playstation plus compensation searchActionExtras=Bundle{learn_more_url=https://support.google.com/websearch/answer/106230?hl=106230,suggestion_action_text=Report this,should_start_for_result=true,allow_pinning=true,skip_logging_in_target_handler=true,suggestion_action_rpc=2,}ParentID: null targetID: 21c81d86-df29-434c-8605-58821452b93f
02-14 15:20:37.569  1177  1177 D SearchTargetUtil: layoutType=short_icon_row resultType=131072 packageName=com.google.android.googlequicksearchbox extras=Bundle{suggestion_type=33,suggest_truncate_start=false,is_answer=false,is_entity=false,is_personal=false,suggest_raw_text=luigi mangione crowdfunding,input_query=android.app.search.Query@a01c64,group_id=web67138019,response_id=c6aa333b-1ee6-4695-844e-1434cee69a7a,support_query_builder=false,} searchAction=luigi mangione crowdfunding searchActionExtras=Bundle{learn_more_url=https://support.google.com/websearch/answer/106230?hl=106230,suggestion_action_text=Report this,should_start_for_result=true,allow_pinning=true,skip_logging_in_target_handler=true,suggestion_action_rpc=2,}ParentID: null targetID: f7ca28c0-1a17-49f8-b512-920bb33abbde
02-14 15:20:37.570  1177  1177 D SearchTargetUtil: layoutType=short_icon_row resultType=131072 packageName=com.google.android.googlequicksearchbox extras=Bundle{suggestion_type=33,suggest_truncate_start=false,is_answer=false,is_entity=false,is_personal=false,suggest_raw_text=nurses australia,input_query=android.app.search.Query@a01c64,group_id=web67138019,response_id=c6aa333b-1ee6-4695-844e-1434cee69a7a,support_query_builder=false,} searchAction=nurses australia searchActionExtras=Bundle{learn_more_url=https://support.google.com/websearch/answer/106230?hl=106230,suggestion_action_text=Report this,should_start_for_result=true,allow_pinning=true,skip_logging_in_target_handler=true,suggestion_action_rpc=2,}ParentID: null targetID: 320ae08c-21ad-4dd2-9136-9fc9eb809c06
