02-16 11:54:53.434  1312  1312 I AccessoryInputModeManager: AccessoryInputModeManager.onModeStarted():321 Accessory input mode started: STYLUS
02-16 11:54:53.434  1312  1312 W ExtensionWrapper: ExtensionWrapper.setAllowUpdateNavigationBarStyle():801 class idy is not activate
02-16 11:54:53.435  1312  1312 I WidgetViewShowingController: WidgetViewShowingController.showWidgetKeyboardInternal():505 Show companion widget
02-16 11:54:53.437  1312  1312 W ExtensionWrapper: ExtensionWrapper.setAllowUpdateNavigationBarStyle():801 class idy is not activate
02-16 11:54:53.438  1312  1312 I WidgetViewShowingPositionHandler: WidgetViewShowingPositionHandler.updateAvailableArea():194 update available area Rect(21, 84 - 1059, 2333)
02-16 11:54:53.438  1312  1312 I KeyboardModeManager: KeyboardModeManager.setSupportedKeyboardModes():1294 supportsSplitMode=true supportsOneHandedMode=true, needUpdateKeyboardMode=false
02-16 11:54:53.438  1312  1312 I KeyboardModeUtils: KeyboardModeUtils.getKeyboardBottomOffset():442 inch: 0.000000 ydpi: 420.000000 adjustKeyboardBottomByDisplaySize: false currentDensityDpi: 420 defaultDensityDpi: 420 keyboardBottomToScreenPx: 0 keyboardBottomToNavBarPx: -63 navBarHeight: 63
02-16 11:54:53.438  1312  1312 I ResizableKeyboardModeController: ResizableKeyboardModeController.getKeyboardBottomOffset():176 currentPrimeKeyboardType:SOFT keyboardBottomOffset:0 navBarHeight:63 isInLandscape:false
02-16 11:54:53.442  1312  1312 I Module  : DeviceLockedStatusModuleProvider$Module.updateDeviceLockedStatus():100 repeatCheckTimes = 1, locked = false
02-16 11:54:53.445  1312  1312 I CurrentMicStatusHolder: CurrentMicStatusHolder.onStartInputView():81 Current Mic status = {MicIconHidden-EmailInputType,}
02-16 11:54:53.445  1312  1312 I VoiceImeExtension: VoiceImeExtension.shouldStartVoiceInputAutomaticallyInCurrentInputBox():469 No private IME option set to start voice input.
02-16 11:54:53.459  1312  1312 I WindowMetricsNotification: WindowMetricsNotification.notifyWithWindow():175
02-16 11:54:53.460  1312  1312 I WindowMetricsNotification: WindowMetricsNotification.notify():168 WindowMetricsNotification{bounds=Rect(0, 63 - 1080, 2400), insets=Rect(0, 0 - 0, 63), densityDpi=420, smallestScreenWidthDp=411, displayWidth=1080, displayHeight=2400, xdpi=420.0, ydpi=420.0, isTrustable=true, displayId=0}; DisplayMetrics{density=2.625, width=1080, height=2400, scaledDensity=2.625, xdpi=420.0, ydpi=420.0}
02-16 11:54:53.462 19646 19668 D EGL_emulation: app_time_stats: avg=143.26ms min=21.37ms max=524.27ms count=8
02-16 11:54:53.467 19646 19646 D VRI[SettingsActivity]: visibilityChanged oldVisibility=true newVisibility=false
02-16 11:54:53.676 15362 15423 D WM-NetworkStateTracker: Network capabilities changed: [ Transports: WIFI Capabilities: NOT_METERED&INTERNET&NOT_RESTRICTED&TRUSTED&NOT_VPN&VALIDATED&NOT_ROAMING&FOREGROUND&NOT_CONGESTED&NOT_SUSPENDED&NOT_VCN_MANAGED&NOT_BANDWIDTH_CONSTRAINED LinkUpBandwidth>=12000Kbps LinkDnBandwidth>=30000Kbps TransportInfo: <SSID: <unknown ssid>, BSSID: 02:00:00:00:00:00, MAC: 02:00:00:00:00:00, IP: /10.0.2.16, Security type: 0, Supplicant state: COMPLETED, Wi-Fi standard: legacy, RSSI: -50, Link speed: 1Mbps, Tx Link speed: 1Mbps, Max Supported Tx Link speed: 11Mbps, Rx Link speed: 2Mbps, Max Supported Rx Link speed: 11Mbps, Frequency: 2447MHz, Net ID: -1, Metered hint: false, score: 60, isUsable: true, CarrierMerged: false, SubscriptionId: -1, IsPrimary: -1, Trusted: true, Restricted: false, Ephemeral: false, OEM paid: false, OEM private: false, OSU AP: false, FQDN: <none>, Provider friendly name: <none>, Requesting package name: <none><none>MLO Information: , Is TID-To-Link negotiation supported by the AP: false, AP MLD Address: <none>, AP MLO Link Id: <none>, AP MLO Affiliated links: <none>, Vendor Data: <none>> SignalStrength: -50 UnderlyingNetworks: Null]
02-16 11:54:53.679  1440  1789 I BugleRcsEngine: Connected state: [1], networkType: [WIFI] [CONTEXT thread_id=55 ]
02-16 11:54:53.680  1440  1997 I BugleRcsEngine: handleMessage processing message:[NOTIFY_UPTIME_IGNORE_STATE_CHANGED] with [non-null]:RcsEngineImpl reference [CONTEXT log_prefix="RcsEngineImpl[DUAL_REG]:[4a573ecf-6eed]>Handler" thread_id=62 ]
02-16 11:54:53.680  1906  2142 D WM-NetworkStateTracker: Network capabilities changed: [ Transports: WIFI Capabilities: NOT_METERED&INTERNET&NOT_RESTRICTED&TRUSTED&NOT_VPN&VALIDATED&NOT_ROAMING&FOREGROUND&NOT_CONGESTED&NOT_SUSPENDED&NOT_VCN_MANAGED&NOT_BANDWIDTH_CONSTRAINED LinkUpBandwidth>=12000Kbps LinkDnBandwidth>=30000Kbps TransportInfo: <SSID: <unknown ssid>, BSSID: 02:00:00:00:00:00, MAC: 02:00:00:00:00:00, IP: /10.0.2.16, Security type: 0, Supplicant state: COMPLETED, Wi-Fi standard: legacy, RSSI: -50, Link speed: 1Mbps, Tx Link speed: 1Mbps, Max Supported Tx Link speed: 11Mbps, Rx Link speed: 2Mbps, Max Supported Rx Link speed: 11Mbps, Frequency: 2447MHz, Net ID: -1, Metered hint: false, score: 60, isUsable: true, CarrierMerged: false, SubscriptionId: -1, IsPrimary: -1, Trusted: true, Restricted: false, Ephemeral: false, OEM paid: false, OEM private: false, OSU AP: false, FQDN: <none>, Provider friendly name: <none>, Requesting package name: <none><none>MLO Information: , Is TID-To-Link negotiation supported by the AP: false, AP MLD Address: <none>, AP MLO Link Id: <none>, AP MLO Affiliated links: <none>, Vendor Data: <none>> SignalStrength: -50 UnderlyingNetworks: Null]
02-16 11:54:53.688  4321  4464 I ChimeraSrvcProxy: NullBinder for android.net.action.RECOMMEND_NETWORKS triggering remote TransactionTooLargeException due to Service without Chimera impl
02-16 11:54:53.688  4321  4464 W .gms.persistent: Large reply transaction of 1056768 bytes, interface descriptor , code 1
02-16 11:54:53.691  1440  1997 I BugleRcsEngine: No RCS Configuration was found in Bugle for simID: redacted-pii:sim_id[chars:20,last3:897] [CONTEXT log_prefix="ProvisioningEngineDataRetriever" thread_id=62 ]
02-16 11:54:53.701 19646 19646 D LifecycleMonitor: Lifecycle status change: com.example.group8_bartertrader.SettingsActivity@87019b0 in: STOPPED
02-16 11:54:53.702 19646 19646 V ActivityScenario: Update currentActivityStage to STOPPED, currentActivity=com.example.group8_bartertrader.SettingsActivity@87019b0
02-16 11:54:53.704  1312  1312 I GoogleInputMethodService: GoogleInputMethodService$1.onKeyboardViewShown():370 onKeyboardViewShown: keyboardType=accessory, keyboardViewType=HEADER keyboardView=null
02-16 11:54:53.704  1312  1312 I GoogleInputMethodService: GoogleInputMethodService$1.onKeyboardViewShown():370 onKeyboardViewShown: keyboardType=accessory, keyboardViewType=BODY keyboardView=null
02-16 11:54:53.705 19646 19646 D LifecycleMonitor: Lifecycle status change: com.example.group8_bartertrader.SettingsActivity@87019b0 in: DESTROYED
02-16 11:54:53.705  1312  1312 I WindowMetricsNotification: WindowMetricsNotification.notifyWithWindow():175
02-16 11:54:53.705 19646 19646 V ActivityScenario: Update currentActivityStage to DESTROYED, currentActivity=null
02-16 11:54:53.705  1312  1312 I WindowMetricsNotification: WindowMetricsNotification.notify():168 WindowMetricsNotification{bounds=Rect(0, 63 - 1080, 2400), insets=Rect(0, 0 - 0, 63), densityDpi=420, smallestScreenWidthDp=411, displayWidth=1080, displayHeight=2400, xdpi=420.0, ydpi=420.0, isTrustable=true, displayId=0}; DisplayMetrics{density=2.625, width=1080, height=2400, scaledDensity=2.625, xdpi=420.0, ydpi=420.0}
02-16 11:54:53.705 19646 19646 W WindowOnBackDispatcher: sendCancelIfRunning: isInProgress=false callback=android.view.ViewRootImpl$$ExternalSyntheticLambda11@2dee1f2
02-16 11:54:53.709  1312  1312 W TooltipLifecycleManager: TooltipLifecycleManager.dismissTooltips():154 Tooltip with id spell_check_add_to_dictionary not found in tooltipManager.
02-16 11:54:53.710   617   633 W InputManager-JNI: Input channel object 'c8f2d86 com.example.group8_bartertrader/com.example.group8_bartertrader.SettingsActivity (client)' was disposed without first being removed with the input manager!
02-16 11:54:53.720 19646 19646 D InsetsController: show(ime(), fromIme=true)
02-16 11:54:53.737 19646 19717 W InteractionJankMonitor: Initializing without READ_DEVICE_CONFIG permission. enabled=false, interval=1, missedFrameThreshold=3, frameTimeThreshold=64, package=com.example.group8_bartertrader
02-16 11:54:53.940 19646 19646 I ImeTracker: com.example.group8_bartertrader:844946fd: onShown
02-16 11:54:53.967 19646 19646 D UiControllerImpl: Injecting string: "DO_NOT_Register@dal.ca"
02-16 11:54:53.995  1312  1312 I StylusModule: StylusModule.onUpdateToolType():803 Update tool type = 0
02-16 11:54:54.064  1312  1312 I Delight5Decoder: Delight5DecoderWrapper.setKeyboardLayout():520 setKeyboardLayout()
02-16 11:54:54.239  1312  1312 I StylusModule: StylusModule.onUpdateToolType():803 Update tool type = 0
02-16 11:54:54.329  1312  1312 I StylusModule: StylusModule.onUpdateToolType():803 Update tool type = 0
02-16 11:54:54.463  1312  1312 I StylusModule: StylusModule.onUpdateToolType():803 Update tool type = 0
02-16 11:54:54.496 19646 19668 D EGL_emulation: app_time_stats: avg=78.56ms min=31.78ms max=187.40ms count=11
02-16 11:54:54.594  1312  1312 I StylusModule: StylusModule.onUpdateToolType():803 Update tool type = 0
02-16 11:54:54.603   403  5083 D android.hardware.audio@7.1-impl.ranchu: threadLoop: entering standby, frames: 14540032
02-16 11:54:54.724  1312  1312 I StylusModule: StylusModule.onUpdateToolType():803 Update tool type = 0
02-16 11:54:54.886  1312  1312 I StylusModule: StylusModule.onUpdateToolType():803 Update tool type = 0
02-16 11:54:55.010  1312  1312 I StylusModule: StylusModule.onUpdateToolType():803 Update tool type = 0
02-16 11:54:55.048  6903  6903 D BoundBrokerSvc: onUnbind: Intent { act=com.google.android.gms.feedback.internal.IFeedbackService dat=chimera-action:/... cmp=com.google.android.gms/.chimera.GmsBoundBrokerService }
02-16 11:54:55.156 19646 19719 D ProfileInstaller: Installing profile for com.example.group8_bartertrader
02-16 11:54:55.485  1312  1312 I StylusModule: StylusModule.onUpdateToolType():803 Update tool type = 0
02-16 11:54:55.498 19646 19668 D EGL_emulation: app_time_stats: avg=37.26ms min=19.48ms max=68.22ms count=22
02-16 11:54:55.904 19646 19646 I ViewInteraction: Performing 'single click' action on view view.getId() is <2131231175/com.example.group8_bartertrader:id/submitEmailButton>
02-16 11:54:56.077 19646 19646 I FirebaseAuth: Logging in as DO_NOT_Register@dal.ca with empty reCAPTCHA token
02-16 11:54:56.081   446  8533 D audioserver: logFgsApiBegin: FGS Logger Transaction failed, -129
02-16 11:54:56.081   617  1027 W AS.PlaybackActivityMon: No piid assigned for invalid/internal port id 15
02-16 11:54:56.086   446   562 D AudioFlinger: mixer(0x7c5039d588e0) throttle end: throttle time(28)
02-16 11:54:56.094 19646 19676 W System  : Ignoring header X-Firebase-Locale because its value was null.
02-16 11:54:56.127 19646 19676 D TrafficStats: tagSocket(130) with statsTag=0xffffffff, statsUid=-1
02-16 11:54:56.248   446   562 D audioserver: logFgsApiEnd: FGS Logger Transaction failed, -129
02-16 11:54:56.317 19646 19646 E RecaptchaCallWrapper: Initial task failed for action RecaptchaAction(action=signInWithPassword)with exception - The supplied auth credential is incorrect, malformed or has expired.
02-16 11:54:56.321   617  1027 V GrammaticalInflectionUtils: AttributionSource: android.content.AttributionSource@12d88f08 does not have READ_SYSTEM_GRAMMATICAL_GENDER permission.
02-16 11:54:56.331 19646 19646 D LifecycleMonitor: Lifecycle status change: com.example.group8_bartertrader.ResetPasswordActivity@720c380 in: PAUSED
02-16 11:54:56.332 19646 19646 V ActivityScenario: Activity lifecycle changed event received but ignored because the intent does not match. startActivityIntent=Intent { act=android.intent.action.MAIN cat=[android.intent.category.LAUNCHER] flg=0x10008000 cmp=com.example.group8_bartertrader/.SettingsActivity }, activity.getIntent()=Intent { flg=0x14000000 cmp=com.example.group8_bartertrader/.ResetPasswordActivity }, activity=com.example.group8_bartertrader.ResetPasswordActivity@720c380
02-16 11:54:56.349 19646 19646 D LifecycleMonitor: Lifecycle status change: com.example.group8_bartertrader.ResetPasswordFormActivity@ddbd819 in: PRE_ON_CREATE
02-16 11:54:56.350 19646 19646 V ActivityScenario: Activity lifecycle changed event received but ignored because the intent does not match. startActivityIntent=Intent { act=android.intent.action.MAIN cat=[android.intent.category.LAUNCHER] flg=0x10008000 cmp=com.example.group8_bartertrader/.SettingsActivity }, activity.getIntent()=Intent { cmp=com.example.group8_bartertrader/.ResetPasswordFormActivity (has extras) }, activity=com.example.group8_bartertrader.ResetPasswordFormActivity@ddbd819
02-16 11:54:56.369   451   451 I BpBinder: onLastStrongRef automatically unlinking death recipients:
02-16 11:54:56.384 19646 19646 D LifecycleMonitor: Lifecycle status change: com.example.group8_bartertrader.ResetPasswordFormActivity@ddbd819 in: CREATED
02-16 11:54:56.384 19646 19646 V ActivityScenario: Activity lifecycle changed event received but ignored because the intent does not match. startActivityIntent=Intent { act=android.intent.action.MAIN cat=[android.intent.category.LAUNCHER] flg=0x10008000 cmp=com.example.group8_bartertrader/.SettingsActivity }, activity.getIntent()=Intent { cmp=com.example.group8_bartertrader/.ResetPasswordFormActivity (has extras) }, activity=com.example.group8_bartertrader.ResetPasswordFormActivity@ddbd819
02-16 11:54:56.387 19646 19646 D LifecycleMonitor: Lifecycle status change: com.example.group8_bartertrader.ResetPasswordFormActivity@ddbd819 in: STARTED
02-16 11:54:56.387 19646 19646 V ActivityScenario: Activity lifecycle changed event received but ignored because the intent does not match. startActivityIntent=Intent { act=android.intent.action.MAIN cat=[android.intent.category.LAUNCHER] flg=0x10008000 cmp=com.example.group8_bartertrader/.SettingsActivity }, activity.getIntent()=Intent { cmp=com.example.group8_bartertrader/.ResetPasswordFormActivity (has extras) }, activity=com.example.group8_bartertrader.ResetPasswordFormActivity@ddbd819
02-16 11:54:56.392 19646 19646 D LifecycleMonitor: Lifecycle status change: com.example.group8_bartertrader.ResetPasswordFormActivity@ddbd819 in: RESUMED
02-16 11:54:56.392 19646 19646 V ActivityScenario: Activity lifecycle changed event received but ignored because the intent does not match. startActivityIntent=Intent { act=android.intent.action.MAIN cat=[android.intent.category.LAUNCHER] flg=0x10008000 cmp=com.example.group8_bartertrader/.SettingsActivity }, activity.getIntent()=Intent { cmp=com.example.group8_bartertrader/.ResetPasswordFormActivity (has extras) }, activity=com.example.group8_bartertrader.ResetPasswordFormActivity@ddbd819
02-16 11:54:56.498  4321 19693 W NetworkScheduler.ATC: Called cancelTask for already completed task com.google.android.gms/.measurement.PackageMeasurementTaskService{u=0 tag="Measurement.PackageMeasurementTaskService.UPLOAD_TASK_TAG" trigger=window{start=0s,end=1s,earliest=-258s,latest=-257s} requirements=[NET_CONNECTED,PREFERRED_NET_UNMETERED,PREFERRED_CHARGING] attributes=[PERSISTED] scheduled=-258s last_run=-258s exec_window_multiplier=1.0000 jid=N/A status=ACTIVE retries=0 client_lib=GMS_TASK_SCHEDULER-245034000} :1 [CONTEXT service_id=218 ]
02-16 11:54:56.530 19646 19668 D EGL_emulation: app_time_stats: avg=38.02ms min=22.26ms max=54.05ms count=22
02-16 11:54:56.545  4321 19693 W NetworkScheduler.ATC: Called cancelTask for already completed task com.google.android.gms/.measurement.PackageMeasurementTaskService{u=0 tag="Measurement.PackageMeasurementTaskService.UPLOAD_TASK_TAG" trigger=window{start=0s,end=1s,earliest=-258s,latest=-257s} requirements=[NET_CONNECTED,PREFERRED_NET_UNMETERED,PREFERRED_CHARGING] attributes=[PERSISTED] scheduled=-258s last_run=-258s exec_window_multiplier=1.0000 jid=N/A status=ACTIVE retries=0 client_lib=GMS_TASK_SCHEDULER-245034000} :1 [CONTEXT service_id=218 ]
02-16 11:54:56.755   403 19720 W android.hardware.audio@7.1-impl.ranchu: pcmWrite:259 pcm_writei failed with 'cannot read/write stream data: I/O error' (-1)
02-16 11:54:56.755   403 19720 E android.hardware.audio@7.1-impl.ranchu: pcmWrite:260 failure: -1
02-16 11:54:56.860   403 19720 W android.hardware.audio@7.1-impl.ranchu: pcmWrite:259 pcm_writei failed with 'cannot read/write stream data: I/O error' (-1)
02-16 11:54:56.861   403 19720 E android.hardware.audio@7.1-impl.ranchu: pcmWrite:260 failure: -1
02-16 11:54:56.915   617   775 D WifiConfigStore: Writing to stores completed in 14 ms.
02-16 11:54:56.963   403 19720 W android.hardware.audio@7.1-impl.ranchu: pcmWrite:259 pcm_writei failed with 'cannot read/write stream data: I/O error' (-1)
02-16 11:54:56.963   403 19720 E android.hardware.audio@7.1-impl.ranchu: pcmWrite:260 failure: -1
02-16 11:54:56.981   617   639 I ActivityTaskManager: Displayed com.example.group8_bartertrader/.ResetPasswordFormActivity for user 0: +659ms
02-16 11:54:57.016 19646 19646 I Choreographer: Skipped 30 frames!  The application may be doing too much work on its main thread.
02-16 11:54:57.068   403 19720 W android.hardware.audio@7.1-impl.ranchu: pcmWrite:259 pcm_writei failed with 'cannot read/write stream data: I/O error' (-1)
02-16 11:54:57.068   403 19720 E android.hardware.audio@7.1-impl.ranchu: pcmWrite:260 failure: -1
02-16 11:54:57.176   403 19720 W android.hardware.audio@7.1-impl.ranchu: pcmWrite:259 pcm_writei failed with 'cannot read/write stream data: I/O error' (-1)
02-16 11:54:57.176   403 19720 E android.hardware.audio@7.1-impl.ranchu: pcmWrite:260 failure: -1
02-16 11:54:57.242 19646 19646 I AssistStructure: Flattened final assist data: 1688 bytes, containing 1 windows, 6 views
02-16 11:54:57.279   403 19720 W android.hardware.audio@7.1-impl.ranchu: pcmWrite:259 pcm_writei failed with 'cannot read/write stream data: I/O error' (-1)
02-16 11:54:57.279   403 19720 E android.hardware.audio@7.1-impl.ranchu: pcmWrite:260 failure: -1
02-16 11:54:57.361 19646 19690 I HWUI    : Davey! duration=703ms; Flags=0, FrameTimelineVsyncId=278184, IntendedVsync=17602838273276, Vsync=17603338273256, InputEventId=0, HandleInputStart=17603354732780, AnimationStart=17603354756180, PerformTraversalsStart=17603355124180, DrawStart=17603476016080, FrameDeadline=17603438273252, FrameInterval=17603353780080, FrameStartTime=16666666, SyncQueued=17603477597580, SyncStart=17603574936480, IssueDrawCommandsStart=17603575125180, SwapBuffers=17603575889580, FrameCompleted=17603639471080, DequeueBufferDuration=27300, QueueBufferDuration=536500, GpuCompleted=17603639471080, SwapBuffersCompleted=17603622068380, DisplayPresentTime=3349886612571955244, CommandSubmissionCompleted=17603575889580,
02-16 11:54:57.384   403 19720 W android.hardware.audio@7.1-impl.ranchu: pcmWrite:259 pcm_writei failed with 'cannot read/write stream data: I/O error' (-1)
02-16 11:54:57.384   403 19720 E android.hardware.audio@7.1-impl.ranchu: pcmWrite:260 failure: -1
02-16 11:54:57.486   403 19720 W android.hardware.audio@7.1-impl.ranchu: pcmWrite:259 pcm_writei failed with 'cannot read/write stream data: I/O error' (-1)
02-16 11:54:57.487   403 19720 E android.hardware.audio@7.1-impl.ranchu: pcmWrite:260 failure: -1
02-16 11:54:57.519 19646 19664 I TestRunner: finished: checkNotRegisteredEmail(com.example.group8_bartertrader.ResetPasswordActivityEspressoTest)
