03-15 17:05:52.396 15785 15803 I TestRunner: started: testSettingsButtonClick(com.example.group8_bartertrader.MyOffersActivityUITest)
03-15 17:05:52.403 15785 15803 W Settings: Setting always_finish_activities has moved from android.provider.Settings.System to android.provider.Settings.Global, returning read-only value.
03-15 17:05:52.424   576   673 V GrammaticalInflectionUtils: AttributionSource: android.content.AttributionSource@7e6385f4 does not have READ_SYSTEM_GRAMMATICAL_GENDER permission.
03-15 17:05:52.488  1266  1266 W SplitSelectStateCtor: Missing session instanceIds
03-15 17:05:52.488  1266  1266 D StatsLog: LAUNCHER_SPLIT_SELECTION_EXIT_INTERRUPTED
03-15 17:05:52.518  1266  1266 I TopTaskTracker: onTaskMovedToFront: (moved taskInfo to front) taskId=31, baseIntent=Intent { act=android.intent.action.MAIN cat=[android.intent.category.LAUNCHER] flg=0x10008000 cmp=com.example.group8_bartertrader/.MyOffersActivity }
03-15 17:05:52.528 15785 15805 E p8_bartertrader: No package ID 76 found for resource ID 0x760b000f.
03-15 17:05:52.528 15785 15805 E p8_bartertrader: No package ID 76 found for resource ID 0x760b000f.
03-15 17:05:52.567   422   422 I BpBinder: onLastStrongRef automatically unlinking death recipients:
03-15 17:05:52.573 15785 15805 I FA      : App measurement initialized, version: 118001
03-15 17:05:52.580  1563  1813 I AssistantForeground: (REDACTED) Get launcher package: %s
03-15 17:05:52.599 15785 15805 I FA      : To enable debug logging run: adb shell setprop log.tag.FA VERBOSE
03-15 17:05:52.605 15785 15805 I FA      : To enable faster debug mode event logging run:
03-15 17:05:52.605 15785 15805 I FA      :   adb shell setprop debug.firebase.analytics.app com.example.group8_bartertrader
03-15 17:05:52.612 15785 15785 D AppCompatDelegate: Checking for metadata for AppLocalesMetadataHolderService : Service not found
03-15 17:05:52.647 15785 15785 D LifecycleMonitor: Lifecycle status change: com.example.group8_bartertrader.MyOffersActivity@8eece5d in: PRE_ON_CREATE
03-15 17:05:52.648 15785 15785 V ActivityScenario: Activity lifecycle changed event received but ignored because the reported transition was not ON_CREATE while the last known transition was PRE_ON_CREATE
03-15 17:05:52.701 15785 15785 D CompatChangeReporter: Compat change id reported: 309578419; UID 10247; state: ENABLED
03-15 17:05:52.711  1266  1645 D EGL_emulation: app_time_stats: avg=5063.63ms min=5063.63ms max=5063.63ms count=1
03-15 17:05:52.723   422   422 E SurfaceFlinger: Out of order buffers detected for RequestedLayerState{com.google.android.apps.nexuslauncher/com.google.android.apps.nexuslauncher.NexusLauncherActivity#939 parentId=99} producedId=22 frameNumber=23 -> producedId=22 frameNumber=17
03-15 17:05:52.739   422   422 E SurfaceFlinger: Out of order buffers detected for RequestedLayerState{com.google.android.apps.nexuslauncher/com.google.android.apps.nexuslauncher.NexusLauncherActivity#939 parentId=99} producedId=22 frameNumber=23 -> producedId=22 frameNumber=18
03-15 17:05:52.764 15785 15785 W p8_bartertrader: Accessing hidden method Landroid/view/ViewGroup;->makeOptionalFitsSystemWindows()V (unsupported, reflection, allowed)
03-15 17:05:52.818 15785 15785 D CompatChangeReporter: Compat change id reported: 63938206; UID 10247; state: ENABLED
03-15 17:05:52.919  1266  1645 D EGL_emulation: app_time_stats: avg=10795.65ms min=73.54ms max=42658.70ms count=4
03-15 17:05:52.925  1266  1266 D VRI[NexusLauncherActivity]: visibilityChanged oldVisibility=true newVisibility=false
03-15 17:05:52.938   422   422 E SurfaceFlinger: Out of order buffers detected for RequestedLayerState{com.google.android.apps.nexuslauncher/com.google.android.apps.nexuslauncher.NexusLauncherActivity#939 parentId=99} producedId=22 frameNumber=23 -> producedId=22 frameNumber=19
03-15 17:05:52.945  1266  1266 D NexusLauncherModelDelegate: notifySmartspaceEvent: SmartspaceTargetEvent{mSmartspaceTarget=null, mSmartspaceActionId='null', mEventType=7}
03-15 17:05:52.997 15785 15785 D LifecycleMonitor: Lifecycle status change: com.example.group8_bartertrader.MyOffersActivity@8eece5d in: CREATED
03-15 17:05:52.997 15785 15785 V ActivityScenario: Update currentActivityStage to CREATED, currentActivity=com.example.group8_bartertrader.MyOffersActivity@8eece5d
03-15 17:05:53.002 15785 15785 D LifecycleMonitor: Lifecycle status change: com.example.group8_bartertrader.MyOffersActivity@8eece5d in: STARTED
03-15 17:05:53.002 15785 15785 V ActivityScenario: Update currentActivityStage to STARTED, currentActivity=com.example.group8_bartertrader.MyOffersActivity@8eece5d
03-15 17:05:53.011 15785 15785 D LifecycleMonitor: Lifecycle status change: com.example.group8_bartertrader.MyOffersActivity@8eece5d in: RESUMED
03-15 17:05:53.011 15785 15785 V ActivityScenario: Update currentActivityStage to RESUMED, currentActivity=com.example.group8_bartertrader.MyOffersActivity@8eece5d
03-15 17:05:53.024 15785 15785 W HWUI    : Unknown dataspace 0
03-15 17:05:53.041  1000  1149 D EGL_emulation: app_time_stats: avg=27670.10ms min=27670.10ms max=27670.10ms count=1
03-15 17:05:53.197 14391 14414 E adservices.measurement: Consent notification has not been displayed.
03-15 17:05:53.198   422   544 W ServiceManagerCppClient: Permission failure: android.permission.ACCESS_SURFACE_FLINGER from uid=10247 pid=0
03-15 17:05:53.198   422   544 D PermissionCache: checking android.permission.ACCESS_SURFACE_FLINGER for uid=10247 => denied (181 us)
03-15 17:05:53.200   422   544 W ServiceManagerCppClient: Permission failure: android.permission.ROTATE_SURFACE_FLINGER from uid=10247 pid=0
03-15 17:05:53.200   422   544 D PermissionCache: checking android.permission.ROTATE_SURFACE_FLINGER for uid=10247 => denied (1988 us)
03-15 17:05:53.200   422   504 W ServiceManagerCppClient: Permission failure: android.permission.INTERNAL_SYSTEM_WINDOW from uid=10247 pid=15785
03-15 17:05:53.200   422   504 D PermissionCache: checking android.permission.INTERNAL_SYSTEM_WINDOW for uid=10247 => denied (144 us)
03-15 17:05:53.200   422   544 W ServiceManagerCppClient: Permission failure: android.permission.INTERNAL_SYSTEM_WINDOW from uid=10247 pid=0
03-15 17:05:53.200   422   544 D PermissionCache: checking android.permission.INTERNAL_SYSTEM_WINDOW for uid=10247 => denied (374 us)
03-15 17:05:53.202 15785 15808 I EGL_emulation: Opening libGLESv1_CM_emulation.so
03-15 17:05:53.202 15785 15808 I EGL_emulation: Opening libGLESv2_emulation.so
03-15 17:05:53.203 15785 15785 E RecyclerView: No adapter attached; skipping layout
03-15 17:05:53.226 14391 14415 W adservices: Skip logging because Cobalt logger is null
03-15 17:05:53.307 15785 15808 W HWUI    : Failed to choose config with EGL_SWAP_BEHAVIOR_PRESERVED, retrying without...
03-15 17:05:53.307 15785 15808 W HWUI    : Failed to initialize 101010-2 format, error = EGL_SUCCESS
03-15 17:05:53.360   159   159 I hwservicemanager: getTransport: Cannot find entry android.hardware.graphics.mapper@4.0::IMapper/default in either framework or device VINTF manifest.
03-15 17:05:53.360 15785 15808 I Gralloc4: mapper 4.x is not supported
03-15 17:05:53.382 15785 15819 D TrafficStats: tagSocket(129) with statsTag=0x8001, statsUid=-1
03-15 17:05:53.395   576   673 D WifiNl80211Manager: Scan result ready event
03-15 17:05:53.397   576   673 D WifiNative: Scan result ready event
03-15 17:05:53.407 15785 15789 I p8_bartertrader: Compiler allocated 4206KB to compile void android.widget.TextView.<init>(android.content.Context, android.util.AttributeSet, int, int)
03-15 17:05:53.458   576   912 I HalDevMgr: bestIfaceCreationProposal is null, requestIface=STA, existingIface=[name=wlan0 type=STA]
03-15 17:05:53.496  6368  6368 D BoundBrokerSvc: onBind: Intent { act=com.google.android.gms.measurement.START pkg=com.google.android.gms }
03-15 17:05:53.496  6368  6368 D BoundBrokerSvc: Loading bound service for intent: Intent { act=com.google.android.gms.measurement.START pkg=com.google.android.gms }
03-15 17:05:53.504   576  1106 W ServiceManagerCppClient: Permission failure: android.permission.ACCESS_SURFACE_FLINGER from uid=10247 pid=0
03-15 17:05:53.504   576  1106 D PermissionCache: checking android.permission.ACCESS_SURFACE_FLINGER for uid=10247 => denied (576 us)
03-15 17:05:53.504   576  1106 W ServiceManagerCppClient: Permission failure: android.permission.ROTATE_SURFACE_FLINGER from uid=10247 pid=0
03-15 17:05:53.504   576  1106 D PermissionCache: checking android.permission.ROTATE_SURFACE_FLINGER for uid=10247 => denied (74 us)
03-15 17:05:53.504   576  1106 W ServiceManagerCppClient: Permission failure: android.permission.INTERNAL_SYSTEM_WINDOW from uid=10247 pid=0
03-15 17:05:53.504   576  1106 D PermissionCache: checking android.permission.INTERNAL_SYSTEM_WINDOW for uid=10247 => denied (37 us)
03-15 17:05:53.516   576   595 W ziparchive: Unable to open '/data/app/~~XxDUvYI8dtJXjTXQ1P18VQ==/com.example.group8_bartertrader-qrXnL3IpuAAt3UFqjTDofQ==/base.dm': No such file or directory
03-15 17:05:53.529  1266  1266 D BaseDepthController: setSurface:
03-15 17:05:53.529  1266  1266 D BaseDepthController: 	mWaitingOnSurfaceValidity: false
03-15 17:05:53.529  1266  1266 D BaseDepthController: 	mSurface: null
03-15 17:05:53.530   576   595 I ActivityTaskManager: Displayed com.example.group8_bartertrader/.MyOffersActivity for user 0: +1s101ms
03-15 17:05:53.529  1266  1266 D BaseDepthController: mSurface is null and mCurrentBlur is: 0
03-15 17:05:53.553  1000  1085 W WindowOnBackDispatcher: sendCancelIfRunning: isInProgress=false callback=android.view.ViewRootImpl$$ExternalSyntheticLambda11@de095ad
03-15 17:05:53.556   576  1106 W InputManager-JNI: Input channel object '7540049 Splash Screen com.example.group8_bartertrader (client)' was disposed without first being removed with the input manager!
03-15 17:05:53.559  1266  1266 D StateManager: goToState - fromState: Normal, toState: Normal, partial trace:
03-15 17:05:53.559  1266  1266 D StateManager: 	at com.android.launcher3.statemanager.StateManager.moveToRestState(go/retraceme 2855a437b73635ce9cad76b9289087e631bbb67fc90008a0da13d343a00e5041:4)
03-15 17:05:53.559  1266  1266 D StateManager: 	at com.android.launcher3.statemanager.StateManager.moveToRestState(go/retraceme 2855a437b73635ce9cad76b9289087e631bbb67fc90008a0da13d343a00e5041:1)
03-15 17:05:53.559  1266  1266 D StateManager: 	at com.android.launcher3.statemanager.StatefulActivity.onStop(go/retraceme 2855a437b73635ce9cad76b9289087e631bbb67fc90008a0da13d343a00e5041:34)
03-15 17:05:53.563 15785 15805 I FA      : Tag Manager is not found and thus will not be used
03-15 17:05:53.568  6352  6482 I FontLog : (REDACTED) Received query %s, URI %s
03-15 17:05:53.570   576   712 I ImeTracker: com.example.group8_bartertrader:d930ec43: onRequestHide at ORIGIN_SERVER reason HIDE_UNSPECIFIED_WINDOW fromUser false
03-15 17:05:53.571   576   712 I ImeTracker: com.example.group8_bartertrader:d930ec43: onCancelled at PHASE_SERVER_SHOULD_HIDE
03-15 17:05:53.571  6352  6482 I FontLog : (REDACTED) Query [%s] resolved to %s
03-15 17:05:53.582  1266  1266 D StatsLog: LAUNCHER_ONSTOP
03-15 17:05:53.585  1266  1996 D OneSearchSuggestProvider: Shut down the binder channel
03-15 17:05:53.590  1266  1266 D StatsLog: LAUNCHER_GOOGLE_SEARCH_RESTORE_LIST_SIZE_AFTER_ACTIVITY_RESTART
03-15 17:05:53.592 15785 15803 I FirebaseAuth: Logging in as testreset@gmail.com with empty reCAPTCHA token
03-15 17:05:53.599 15785 15830 W System  : Ignoring header X-Firebase-Locale because its value was null.
03-15 17:05:53.610  6352  6482 I FontLog : (REDACTED) Fetch %s end status %s
03-15 17:05:53.621  6352  6493 I FontLog : (REDACTED) Pulling font file for id = %d, cache size = %d
03-15 17:05:53.626  1266  1431 I IPCThreadState: oneway function results for code 2 on binder at 0xb400007a3e2603f0 will be dropped but finished with status UNKNOWN_TRANSACTION
03-15 17:05:53.648  6352  6493 I FontLog : (REDACTED) Pulling font file for id = %d, cache size = %d
03-15 17:05:53.670  6977  6977 I GoogleInputMethodService: GoogleInputMethodService.onFinishInput():3157
03-15 17:05:53.709  6977  6977 I GoogleInputMethodService: GoogleInputMethodService.updateDeviceLockedStatus():2248 repeatCheckTimes = 0, locked = false
03-15 17:05:53.709  6977  6977 I GoogleInputMethodService: GoogleInputMethodService.onStartInput():1986 onStartInput(EditorInfo{EditorInfo{packageName=com.example.group8_bartertrader, inputType=0, inputTypeString=NULL, enableLearning=false, autoCorrection=false, autoComplete=false, imeOptions=0, privateImeOptions=null, actionName=UNSPECIFIED, actionLabel=null, initialSelStart=-1, initialSelEnd=-1, initialCapsMode=0, label=null, fieldId=0, fieldName=null, extras=null, hintText=null, hintLocales=[]}}, false)
03-15 17:05:53.712  6977  6977 I GoogleInputMethodService: GoogleInputMethodService.updateDeviceLockedStatus():2248 repeatCheckTimes = 1, locked = false
03-15 17:05:53.722  6977  6977 I AndroidIME: InputBundleManager.loadActiveInputBundleId():450 loadActiveInputBundleId: und-Latn-x-password, password
03-15 17:05:53.789  6368 15836 D AdvertisingIdClient: AdvertisingIdClient already created.
03-15 17:05:53.791  6368 15836 D AdvertisingIdClient: AdvertisingIdClient is not bounded. Starting to bind it...
03-15 17:05:53.800  6368 15836 D AdvertisingIdClient: AdvertisingIdClient is bounded
03-15 17:05:53.811  6368 15836 I AdvertisingIdClient: shouldSendLog 7003214
03-15 17:05:53.811  6368 15836 I AdvertisingIdClient: GetInfoInternal elapse 20ms
03-15 17:05:53.819 15785 15789 I p8_bartertrader: Compiler allocated 5250KB to compile void android.view.ViewRootImpl.performTraversals()
03-15 17:05:53.849  6352 15514 W NetworkScheduler.ATC: Called cancelTask for already completed task com.google.android.gms/.measurement.PackageMeasurementTaskService{u=0 tag="Measurement.PackageMeasurementTaskService.UPLOAD_TASK_TAG" trigger=window{start=9s,end=20s,earliest=-356s,latest=-345s} requirements=[NET_CONNECTED,PREFERRED_NET_UNMETERED,PREFERRED_CHARGING] attributes=[PERSISTED] scheduled=-365s last_run=-41s exec_window_multiplier=1.0000 jid=N/A status=ACTIVE retries=0 client_lib=GMS_TASK_SCHEDULER-250832000} :1 [CONTEXT service_id=218 ]
03-15 17:05:53.881  6352 15731 W NetworkScheduler.ATC: Called cancelTask for already completed task com.google.android.gms/.measurement.PackageMeasurementTaskService{u=0 tag="Measurement.PackageMeasurementTaskService.UPLOAD_TASK_TAG" trigger=window{start=9s,end=20s,earliest=-356s,latest=-345s} requirements=[NET_CONNECTED,PREFERRED_NET_UNMETERED,PREFERRED_CHARGING] attributes=[PERSISTED] scheduled=-365s last_run=-41s exec_window_multiplier=1.0000 jid=N/A status=ACTIVE retries=0 client_lib=GMS_TASK_SCHEDULER-250832000} :1 [CONTEXT service_id=218 ]
03-15 17:05:53.896  6352 15731 W NetworkScheduler.ATC: Called cancelTask for already completed task com.google.android.gms/.measurement.PackageMeasurementTaskService{u=0 tag="Measurement.PackageMeasurementTaskService.UPLOAD_TASK_TAG" trigger=window{start=9s,end=20s,earliest=-356s,latest=-345s} requirements=[NET_CONNECTED,PREFERRED_NET_UNMETERED,PREFERRED_CHARGING] attributes=[PERSISTED] scheduled=-365s last_run=-41s exec_window_multiplier=1.0000 jid=N/A status=ACTIVE retries=0 client_lib=GMS_TASK_SCHEDULER-250832000} :1 [CONTEXT service_id=218 ]
03-15 17:05:53.915  6652  9543 I Finsky  : [200] arcf.L(185): Package com.google.android.gms is verified.
03-15 17:05:53.925  6368 15836 W FA-SVC  : Service response is missing Install Referrer install timestamp
03-15 17:05:53.928  6652  6652 I Finsky  : [2] zhu.onTrimMemory(11): Memory trim requested to level 40
03-15 17:05:53.929  6652  6652 I Finsky  : [2] adua.accept(139): Flushing in-memory image cache
03-15 17:05:54.008 15785 15830 D TrafficStats: tagSocket(125) with statsTag=0xffffffff, statsUid=-1
03-15 17:05:54.235 15785 15830 W System  : Ignoring header X-Firebase-Locale because its value was null.
03-15 17:05:54.426 15785 15830 D FirebaseAuth: Notifying id token listeners about user ( TXImQm98VlUgP7vwEb6X5K6gyju2 ).
03-15 17:05:54.426 15785 15830 D FirebaseAuth: Notifying auth state listeners about user ( TXImQm98VlUgP7vwEb6X5K6gyju2 ).
03-15 17:05:54.429 15785 15785 D FirebaseTest: Test user signed in: testreset@gmail.com
03-15 17:05:54.438 15785 15803 W FileTestStorage: Output properties is not supported.
03-15 17:05:54.438 15785 15803 I Tracing : Tracer added: class androidx.test.platform.tracing.AndroidXTracer
03-15 17:05:54.444 15785 15803 D EventInjectionStrategy: Creating injection strategy with input manager.
03-15 17:05:54.444 15785 15803 W p8_bartertrader: Accessing hidden method Landroid/hardware/input/InputManager;->getInstance()Landroid/hardware/input/InputManager; (unsupported, reflection, allowed)
03-15 17:05:54.446 15785 15803 W p8_bartertrader: Accessing hidden method Landroid/hardware/input/InputManager;->injectInputEvent(Landroid/view/InputEvent;I)Z (unsupported, reflection, allowed)
03-15 17:05:54.447 15785 15803 W p8_bartertrader: Accessing hidden field Landroid/hardware/input/InputManager;->INJECT_INPUT_EVENT_MODE_WAIT_FOR_FINISH:I (unsupported, reflection, allowed)
03-15 17:05:54.451 15785 15803 W p8_bartertrader: Accessing hidden method Landroid/view/ViewConfiguration;->getDoubleTapMinTime()I (unsupported, reflection, allowed)
03-15 17:05:54.453 15785 15785 W p8_bartertrader: Accessing hidden method Landroid/os/MessageQueue;->next()Landroid/os/Message; (unsupported, reflection, allowed)
03-15 17:05:54.453 15785 15785 W p8_bartertrader: Accessing hidden field Landroid/os/MessageQueue;->mMessages:Landroid/os/Message; (unsupported, reflection, allowed)
03-15 17:05:54.453 15785 15785 W p8_bartertrader: Accessing hidden method Landroid/os/Message;->recycleUnchecked()V (unsupported, reflection, allowed)
03-15 17:05:54.456 15785 15785 I ViewInteraction: Performing 'single click' action on view view.getId() is <2131296668/com.example.group8_bartertrader:id/recsettingbutton>
03-15 17:05:54.517 15785 15808 D EGL_emulation: app_time_stats: avg=254.21ms min=14.66ms max=921.60ms count=4
03-15 17:05:54.767 15785 15785 I ViewInteraction: Checking 'MatchesViewAssertion{viewMatcher=(view has effective visibility <VISIBLE> and view.getGlobalVisibleRect() to return non-empty rectangle)}' assertion on view view.getId() is <2131296328/com.example.group8_bartertrader:id/activity_settings>
03-15 17:05:54.769 15785 15803 I UiAutomation: Initialized for user 0 on display 0
03-15 17:05:54.779   576   576 W IPCThreadState: Sending oneway calls to frozen process.
03-15 17:05:54.780  1553  2044 I AiAiEcho: Settings changed for uri: content://settings/secure/accessibility_enabled
03-15 17:05:54.781   576   576 W IPCThreadState: Sending oneway calls to frozen process.
03-15 17:05:54.781   576   576 W IPCThreadState: Sending oneway calls to frozen process.
03-15 17:05:54.809  1553  1668 I AiAiEcho: Predicting[0]:  [CONTEXT sampling_count=5 ]
03-15 17:05:54.812  1553  1668 I AiAiEcho: EchoTargets:
03-15 17:05:54.812  1553  1668 I AiAiEcho: Filtered by AiAi flag check:
03-15 17:05:54.812  1553  1668 I AiAiEcho: [CONTEXT ratelimit_period="10 SECONDS" ]
03-15 17:05:54.812  1553  1668 I AiAiEcho: Ranked targets strategy: SORT, count: 0, ranking metadata:  [CONTEXT ratelimit_period="10 SECONDS" ]
03-15 17:05:54.813  1553  1668 I AiAiEcho: #remoteViewsTwiddler: feature disabled.
03-15 17:05:54.813  1553  1668 I AiAiEcho: Predicting[0]:  [CONTEXT sampling_count=5 ]
03-15 17:05:54.813  1553  1668 I AiAiEcho: EchoTargets:
03-15 17:05:54.813  1553  1668 I AiAiEcho: Filtered by AiAi flag check:
03-15 17:05:54.813  1553  1668 I AiAiEcho: [CONTEXT ratelimit_period="10 SECONDS" ]
03-15 17:05:54.813  1553  1668 I AiAiEcho: Ranked targets strategy: SORT, count: 0, ranking metadata:  [CONTEXT ratelimit_period="10 SECONDS" ]
03-15 17:05:54.813  1553  1668 I AiAiEcho: #remoteViewsTwiddler: feature disabled.
03-15 17:05:54.814  1553  1668 I AiAiEcho: #postPredictionTargets: Sending updates to UISurface lockscreen with targets# 0 (types=[])
03-15 17:05:54.814  1553  1668 I AiAiEcho: #postPredictionTargets: Sending updates to UISurface home with targets# 0 (types=[])
03-15 17:05:54.817  1266  1266 D SsBaseTemplateCard: No text view can be set up
03-15 17:05:54.819  1266  1266 D SsBaseTemplateCard: Passed-in item info is null
03-15 17:05:54.819  1266  1266 D SsBaseTemplateCard: Passed-in item info is null
03-15 17:05:54.819  1266  1266 D SsBaseTemplateCard: Passed-in item info is null
03-15 17:05:54.819  1266  1266 I SsBaseTemplateCard: Secondary card pane is null
03-15 17:05:54.823  1000  1000 W PageIndicator: Total number of pages invalid: 0. Assuming 1 page.
03-15 17:05:54.825 15785 15785 D DeviceCapture: Found 1 global views to redraw
03-15 17:05:54.830  6585  6684 I A       : NGA enabled in interactor.
03-15 17:05:54.834  6585  6694 I A       : NGA enabled in interactor.
03-15 17:05:54.840 15785 15785 I forceRedraw: FrameCommitCallback complete
03-15 17:05:54.966 15785 15785 I DeviceCapture: got bitmap, returning
03-15 17:05:54.968 15785 15803 D FileTestStorage: openOutputFile from /sdcard/Android/media/com.example.group8_bartertrader/additional_test_output/view-op-error-1.png
03-15 17:05:54.987  1537  2784 W MediaProvider: isAppCloneUserPair for user 0: false
03-15 17:05:55.098 15785 15803 D FileTestStorage: openOutputFile from /sdcard/Android/media/com.example.group8_bartertrader/additional_test_output/view-hierarchy-1.txt
03-15 17:05:55.101  1537  3617 W MediaProvider: isAppCloneUserPair for user 0: false
03-15 17:05:55.105 15785 15803 W ViewHierarchyExceptionHandler: The complete view hierarchy is available in artifact file 'view-hierarchy-1.txt'.
03-15 17:05:55.116   576   593 V GrammaticalInflectionUtils: AttributionSource: android.content.AttributionSource@80185e93 does not have READ_SYSTEM_GRAMMATICAL_GENDER permission.
03-15 17:05:55.129   576   598 V GrammaticalInflectionUtils: AttributionSource: android.content.AttributionSource@80185e93 does not have READ_SYSTEM_GRAMMATICAL_GENDER permission.
03-15 17:05:55.130 15785 15785 D LifecycleMonitor: Lifecycle status change: com.example.group8_bartertrader.MyOffersActivity@8eece5d in: PAUSED
03-15 17:05:55.130 15785 15785 V ActivityScenario: Update currentActivityStage to PAUSED, currentActivity=com.example.group8_bartertrader.MyOffersActivity@8eece5d
03-15 17:05:55.134  1266  1266 I TopTaskTracker: onTaskMovedToFront: (moved taskInfo to front) taskId=32, baseIntent=Intent { act=android.intent.action.MAIN cat=[android.intent.category.LAUNCHER] flg=0x10000000 cmp=com.example.group8_bartertrader.test/androidx.test.core.app.InstrumentationActivityInvoker$EmptyActivity }
03-15 17:05:55.138   422   422 I BpBinder: onLastStrongRef automatically unlinking death recipients:
03-15 17:05:55.258  1563  1813 I AssistantForeground: (REDACTED) Get launcher package: %s
03-15 17:05:55.305 15785 15785 D VRI[MyOffersActivity]: visibilityChanged oldVisibility=true newVisibility=false
03-15 17:05:55.332   576  1347 W InputManager-JNI: Input channel object 'd21640a Toast (client)' was disposed without first being removed with the input manager!
03-15 17:05:55.339  6352 15731 W NetworkScheduler.ATC: Called cancelTask for already completed task com.google.android.gms/.measurement.PackageMeasurementTaskService{u=0 tag="Measurement.PackageMeasurementTaskService.UPLOAD_TASK_TAG" trigger=window{start=9s,end=20s,earliest=-357s,latest=-346s} requirements=[NET_CONNECTED,PREFERRED_NET_UNMETERED,PREFERRED_CHARGING] attributes=[PERSISTED] scheduled=-366s last_run=-43s exec_window_multiplier=1.0000 jid=N/A status=ACTIVE retries=0 client_lib=GMS_TASK_SCHEDULER-250832000} :1 [CONTEXT service_id=218 ]
03-15 17:05:55.391   363   363 D Zygote  : Forked child process 15845
03-15 17:05:55.465 15845 15845 I rtertrader.test: Late-enabling -Xcheck:jni
03-15 17:05:55.511 15845 15845 I rtertrader.test: Using CollectorTypeCMC GC.
03-15 17:05:55.518  1989  2036 I adbd    : jdwp connection from 15845
03-15 17:05:55.526 15845 15845 D nativeloader: Load libframework-connectivity-tiramisu-jni.so using APEX ns com_android_tethering for caller /apex/com.android.tethering/javalib/framework-connectivity-t.jar: ok
03-15 17:05:55.556 15845 15845 D ApplicationLoaders: Returning zygote-cached class loader: /system/framework/android.test.base.jar
03-15 17:05:55.563 15845 15845 D nativeloader: Configuring clns-7 for other apk /system/framework/android.test.mock.jar. target_sdk_version=35, uses_libraries=ALL, library_path=/data/app/~~TYm23xoAod6VJKPxaCG9FQ==/com.example.group8_bartertrader.test-4ZCjmOQc6UwX-udoOUF0kQ==/lib/arm64, permitted_path=/data:/mnt/expand:/data/user/0/com.example.group8_bartertrader.test
03-15 17:05:55.566 15845 15845 D ApplicationLoaders: Returning zygote-cached class loader: /system/framework/android.test.base.jar
03-15 17:05:55.573 15845 15845 D nativeloader: Configuring clns-8 for other apk /system/framework/android.test.runner.jar. target_sdk_version=35, uses_libraries=ALL, library_path=/data/app/~~TYm23xoAod6VJKPxaCG9FQ==/com.example.group8_bartertrader.test-4ZCjmOQc6UwX-udoOUF0kQ==/lib/arm64, permitted_path=/data:/mnt/expand:/data/user/0/com.example.group8_bartertrader.test
03-15 17:05:55.578 15845 15845 W ziparchive: Unable to open '/data/app/~~TYm23xoAod6VJKPxaCG9FQ==/com.example.group8_bartertrader.test-4ZCjmOQc6UwX-udoOUF0kQ==/base.dm': No such file or directory
03-15 17:05:55.578 15845 15845 W ziparchive: Unable to open '/data/app/~~TYm23xoAod6VJKPxaCG9FQ==/com.example.group8_bartertrader.test-4ZCjmOQc6UwX-udoOUF0kQ==/base.dm': No such file or directory
03-15 17:05:55.627 15845 15845 D nativeloader: Configuring clns-9 for other apk /data/app/~~TYm23xoAod6VJKPxaCG9FQ==/com.example.group8_bartertrader.test-4ZCjmOQc6UwX-udoOUF0kQ==/base.apk. target_sdk_version=35, uses_libraries=, library_path=/data/app/~~TYm23xoAod6VJKPxaCG9FQ==/com.example.group8_bartertrader.test-4ZCjmOQc6UwX-udoOUF0kQ==/lib/arm64, permitted_path=/data:/mnt/expand:/data/user/0/com.example.group8_bartertrader.test
03-15 17:05:55.628 15845 15845 D CompatChangeReporter: Compat change id reported: 202956589; UID 10248; state: ENABLED
03-15 17:05:55.636 15845 15845 V GraphicsEnvironment: Currently set values for:
03-15 17:05:55.636 15845 15845 V GraphicsEnvironment:   angle_gl_driver_selection_pkgs=[]
03-15 17:05:55.636 15845 15845 V GraphicsEnvironment:   angle_gl_driver_selection_values=[]
03-15 17:05:55.636 15845 15845 V GraphicsEnvironment: Global.Settings values are invalid: number of packages: 0, number of values: 0
03-15 17:05:55.636 15845 15845 V GraphicsEnvironment: Neither updatable production driver nor prerelease driver is supported.
03-15 17:05:55.673 15845 15845 D CompatChangeReporter: Compat change id reported: 279646685; UID 10248; state: ENABLED
03-15 17:05:55.676 15845 15845 D CompatChangeReporter: Compat change id reported: 309578419; UID 10248; state: ENABLED
03-15 17:05:55.693 15845 15845 W HWUI    : Unknown dataspace 0
03-15 17:05:55.698 15785 15785 D LifecycleMonitor: Lifecycle status change: com.example.group8_bartertrader.MyOffersActivity@8eece5d in: STOPPED
03-15 17:05:55.698 15785 15785 V ActivityScenario: Update currentActivityStage to STOPPED, currentActivity=com.example.group8_bartertrader.MyOffersActivity@8eece5d
03-15 17:05:55.707 15785 15785 D LifecycleMonitor: Lifecycle status change: com.example.group8_bartertrader.MyOffersActivity@8eece5d in: DESTROYED
03-15 17:05:55.708 15785 15785 V ActivityScenario: Update currentActivityStage to DESTROYED, currentActivity=null
03-15 17:05:55.712 15785 15785 W WindowOnBackDispatcher: sendCancelIfRunning: isInProgress=false callback=android.view.ViewRootImpl$$ExternalSyntheticLambda11@6b5ab3e
03-15 17:05:55.723   576  1347 W InputManager-JNI: Input channel object '509815f com.example.group8_bartertrader/com.example.group8_bartertrader.MyOffersActivity (client)' was disposed without first being removed with the input manager!
03-15 17:05:55.732  1266  1266 I TopTaskTracker: onTaskMovedToFront: (moved taskInfo to front) taskId=7, baseIntent=Intent { act=android.intent.action.MAIN cat=[android.intent.category.HOME] flg=0x10000100 cmp=com.google.android.apps.nexuslauncher/.NexusLauncherActivity }
03-15 17:05:55.738   422   422 I BpBinder: onLastStrongRef automatically unlinking death recipients:
03-15 17:05:55.740   422   505 W ServiceManagerCppClient: Permission failure: android.permission.ACCESS_SURFACE_FLINGER from uid=10248 pid=0
03-15 17:05:55.740   422   505 D PermissionCache: checking android.permission.ACCESS_SURFACE_FLINGER for uid=10248 => denied (1325 us)
03-15 17:05:55.740   422   504 W ServiceManagerCppClient: Permission failure: android.permission.ACCESS_SURFACE_FLINGER from uid=10248 pid=15845
03-15 17:05:55.740   422   504 D PermissionCache: checking android.permission.ACCESS_SURFACE_FLINGER for uid=10248 => denied (1249 us)
03-15 17:05:55.740   422   505 W ServiceManagerCppClient: Permission failure: android.permission.ROTATE_SURFACE_FLINGER from uid=10248 pid=0
03-15 17:05:55.740   422   505 D PermissionCache: checking android.permission.ROTATE_SURFACE_FLINGER for uid=10248 => denied (271 us)
03-15 17:05:55.740   422   504 W ServiceManagerCppClient: Permission failure: android.permission.ROTATE_SURFACE_FLINGER from uid=10248 pid=15845
03-15 17:05:55.740   422   504 D PermissionCache: checking android.permission.ROTATE_SURFACE_FLINGER for uid=10248 => denied (542 us)
03-15 17:05:55.740   422   505 W ServiceManagerCppClient: Permission failure: android.permission.INTERNAL_SYSTEM_WINDOW from uid=10248 pid=0
03-15 17:05:55.740   422   505 D PermissionCache: checking android.permission.INTERNAL_SYSTEM_WINDOW for uid=10248 => denied (345 us)
03-15 17:05:55.741   422   504 W ServiceManagerCppClient: Permission failure: android.permission.INTERNAL_SYSTEM_WINDOW from uid=10248 pid=15845
03-15 17:05:55.741   422   504 D PermissionCache: checking android.permission.INTERNAL_SYSTEM_WINDOW for uid=10248 => denied (440 us)
03-15 17:05:55.742 15845 15858 I EGL_emulation: Opening libGLESv1_CM_emulation.so
03-15 17:05:55.742 15845 15858 I EGL_emulation: Opening libGLESv2_emulation.so
03-15 17:05:55.745 15785 15803 E TestRunner: failed: testSettingsButtonClick(com.example.group8_bartertrader.MyOffersActivityUITest)
03-15 17:05:55.745  1266  1266 I TopTaskTracker: onTaskRemoved: taskId=31
03-15 17:05:55.745  1266  1266 I TopTaskTracker: onTaskRemoved: taskId=31
03-15 17:05:55.748 15785 15803 E TestRunner: ----- begin exception -----
03-15 17:05:55.748 15785 15803 E TestRunner: androidx.test.espresso.NoMatchingViewException: No views in hierarchy found matching: view.getId() is <2131296328/com.example.group8_bartertrader:id/activity_settings>
03-15 17:05:55.748 15785 15803 E TestRunner:
03-15 17:05:55.748 15785 15803 E TestRunner: View Hierarchy:
03-15 17:05:55.748 15785 15803 E TestRunner: +>DecorView{id=-1, visibility=VISIBLE, width=1080, height=2400, has-focus=false, has-focusable=true, has-window-focus=true, is-clickable=false, is-enabled=true, is-focused=false, is-focusable=false, is-layout-requested=false, is-selected=false, layout-params={(0,0)(fillxfill) layoutInDisplayCutoutMode=always ty=BASE_APPLICATION wanim=0x1030309
03-15 17:05:55.748 15785 15803 E TestRunner:   fl=LAYOUT_IN_SCREEN LAYOUT_INSET_DECOR SPLIT_TOUCH HARDWARE_ACCELERATED DRAWS_SYSTEM_BAR_BACKGROUNDS
03-15 17:05:55.748 15785 15803 E TestRunner:   pfl=NO_MOVE_ANIMATION EDGE_TO_EDGE_ENFORCED FORCE_DRAW_STATUS_BAR_BACKGROUND FIT_INSETS_CONTROLLED
03-15 17:05:55.748 15785 15803 E TestRunner:   bhv=DEFAULT
03-15 17:05:55.748 15785 15803 E TestRunner:   fitSides=
03-15 17:05:55.748 15785 15803 E TestRunner:   frameRateBoostOnTouch=true
03-15 17:05:55.748 15785 15803 E TestRunner:   dvrrWindowFrameRateHint=true}, tag=null, root-is-layout-requested=false, has-input-connection=false, x=0.0, y=0.0, child-count=1}
03-15 17:05:55.748 15785 15803 E TestRunner: |
03-15 17:05:55.748 15785 15803 E TestRunner: +->LinearLayout{id=-1, visibility=VISIBLE, width=1080, height=2400, has-focus=false, has-focusable=true, has-window-focus=true, is-clickable=false, is-enabled=true, is-focused=false, is-focusable=false, is-layout-requested=false, is-selected=false, layout-params=android.widget.FrameLayout$LayoutParams@YYYYYY, tag=null, root-is-layout-requested=false, has-input-connection=false, x=0.0, y=0.0, child-count=2}
03-15 17:05:55.748 15785 15803 E TestRunner: |
03-15 17:05:55.748 15785 15803 E TestRunner: +-->ViewStub{id=16908747, res-name=action_mode_bar_stub, visibility=GONE, width=0, height=0, has-focus=false, has-focusable=false, has-window-focus=true, is-clickable=false, is-enabled=true, is-focused=false, is-focusable=false, is-layout-requested=true, is-selected=false, layout-params=android.widget.LinearLayout$LayoutParams@YYYYYY, tag=null, root-is-layout-requested=false, has-input-connection=false, x=0.0, y=0.0}
03-15 17:05:55.748 15785 15803 E TestRunner: |
03-15 17:05:55.748 15785 15803 E TestRunner: +-->FrameLayout{id=-1, visibility=VISIBLE, width=1080, height=2400, has-focus=false, has-focusable=true, has-window-focus=true, is-clickable=false, is-enabled=true, is-focused=false, is-focusable=false, is-layout-requested=false, is-selected=false, layout-params=android.widget.LinearLayout$LayoutParams@YYYYYY, tag=null, root-is-layout-requested=false, has-input-connection=false, x=0.0, y=0.0, child-count=1}
03-15 17:05:55.748 15785 15803 E TestRunner: |
03-15 17:05:55.748 15785 15803 E TestRunner: +--->FitWindowsLinearLayout{id=2131296312, res-name=action_bar_root, visibility=VISIBLE, width=1080, height=2400, has-focus=false, has-focusable=true, has-window-focus=true, is-clickable=false, is-enabled=true, is-focused=false, is-focusable=false, is-layout-requested=false, is-selected=false, layout-params=android.widget.FrameLayout$LayoutParams@YYYYYY, tag=null, root-is-layout-requested=false, has-input-connection=false, x=0.0, y=0.0, child-count=2}
03-15 17:05:55.748 15785 15803 E TestRunner: |
03-15 17:05:55.748 15785 15803 E TestRunner: +---->ViewStubCompat{id=2131296323, res-name=action_mode_bar_stub, visibility=GONE, width=0, height=0, has-focus=false, has-focusable=false, has-window-focus=true, is-clickable=false, is-enabled=true, is-focused=false, is-focusable=false, is-layout-requested=true, is-selected=false, layout-params=android.widget.LinearLayout$LayoutParams@YYYYYY, tag=null, root-is-layout-requested=false, has-input-connection=false, x=0.0, y=0.0}
03-15 17:05:55.748 15785 15803 E TestRunner: |
03-15 17:05:55.748 15785 15803 E TestRunner: +---->ContentFrameLayout{id=16908290, res-name=content, visibility=VISIBLE, width=1080, height=2400, has-focus=false, has-focusable=true, has-window-focus=true, is-clickable=false, is-enabled=true, is-focused=false, is-focusable=false, is-layout-requested=false, is-selected=false, layout-params=android.widget.LinearLayout$LayoutParams@YYYYYY, tag=null, root-is-layout-requested=false, has-input-connection=false, x=0.0, y=0.0, child-count=1}
03-15 17:05:55.748 15785 15803 E TestRunner: |
03-15 17:05:55.748 15785 15803 E TestRunner: +----->ConstraintLayout{id=2131296536, res-name=main, visibility=VISIBLE, width=1080, height=2400, has-focus=false, has-focusable=true, has-window-focus=true, is-clickable=false, is-enabled=true, is-focused=false, is-focusable=false, is-layout-requested=false, is-selected=false, layout-params=android.widget.FrameLayout$LayoutParams@YYYYYY, tag=null, root-is-layout-requested=false, has-input-connection=false, x=0.0, y=0.0, child-count=3}
03-15 17:05:55.748 15785 15803 E TestRunner: |
03-15 17:05:55.750 15785 15803 E TestRunner: +------>MaterialTextView{id=2131296775, res-name=textView2, visibility=VISIBLE, width=209, height=63, has-focus=false, has-focusable=false, has-window-focus=true, is-clickable=false, is-enabled=true, is-focused=false, is-focusable=false, is-layout-requested=false, is-selected=false, layout-params=androidx.constraintlayout.widget.ConstraintLayout$LayoutParams@YYYYYY, tag=null, root-is-layout-requested=false, has-input-connection=false, x=436.0, y=42.0, text=My Offers, input-type=0, ime-target=false, has-links=false}
03-15 17:05:55.750 15785 15803 E TestRunner: |
03-15 17:05:55.750 15785 15803 E TestRunner: +------>RecyclerView{id=2131296663, res-name=productRecyclerView, visibility=VISIBLE, width=1080, height=2043, has-focus=false, has-focusable=true, has-window-focus=true, is-clickable=false, is-enabled=true, is-focused=false, is-focusable=true, is-layout-requested=false, is-selected=false, layout-params=androidx.constraintlayout.widget.ConstraintLayout$LayoutParams@YYYYYY, tag=null, root-is-layout-requested=false, has-input-connection=false, x=0.0, y=147.0, child-count=0}
03-15 17:05:55.750 15785 15803 E TestRunner: |
03-15 17:05:55.750 15785 15803 E TestRunner: +------>MaterialButton{id=2131296668, res-name=recsettingbutton, visibility=VISIBLE, width=363, height=126, has-focus=false, has-focusable=true, has-window-focus=true, is-clickable=true, is-enabled=true, is-focused=false, is-focusable=true, is-layout-requested=false, is-selected=false, layout-params=androidx.constraintlayout.widget.ConstraintLayout$LayoutParams@YYYYYY, tag=null, root-is-layout-requested=false, has-input-connection=false, x=359.0, y=2232.0, text=Go to Settings, input-type=0, ime-target=false, has-links=false, is-checked=false}
03-15 17:05:55.750 15785 15803 E TestRunner: The complete view hierarchy is available in artifact file 'view-hierarchy-1.txt'.
03-15 17:05:55.750 15785 15803 E TestRunner: 	at androidx.test.espresso.NoMatchingViewException$Builder.build(NoMatchingViewException.java:185)
03-15 17:05:55.750 15785 15803 E TestRunner: 	at androidx.test.espresso.base.DefaultFailureHandler.lambda$getNoMatchingViewExceptionTruncater$0(DefaultFailureHandler.java:93)
03-15 17:05:55.750 15785 15803 E TestRunner: 	at androidx.test.espresso.base.DefaultFailureHandler$$ExternalSyntheticLambda1.truncateExceptionMessage(D8$$SyntheticClass:0)
03-15 17:05:55.750 15785 15803 E TestRunner: 	at androidx.test.espresso.base.ViewHierarchyExceptionHandler.handleSafely(ViewHierarchyExceptionHandler.java:72)
03-15 17:05:55.750 15785 15803 E TestRunner: 	at androidx.test.espresso.base.ViewHierarchyExceptionHandler.handleSafely(ViewHierarchyExceptionHandler.java:38)
03-15 17:05:55.750 15785 15803 E TestRunner: 	at androidx.test.espresso.base.DefaultFailureHandler$TypedFailureHandler.handle(DefaultFailureHandler.java:158)
03-15 17:05:55.750 15785 15803 E TestRunner: 	at androidx.test.espresso.base.DefaultFailureHandler.handle(DefaultFailureHandler.java:120)
03-15 17:05:55.750 15785 15803 E TestRunner: 	at androidx.test.espresso.ViewInteraction.waitForAndHandleInteractionResults(ViewInteraction.java:385)
03-15 17:05:55.750 15785 15803 E TestRunner: 	at androidx.test.espresso.ViewInteraction.check(ViewInteraction.java:366)
03-15 17:05:55.750 15785 15803 E TestRunner: 	at com.example.group8_bartertrader.MyOffersActivityUITest.testSettingsButtonClick(MyOffersActivityUITest.java:67)
03-15 17:05:55.750 15785 15803 E TestRunner: 	at java.lang.reflect.Method.invoke(Native Method)
03-15 17:05:55.750 15785 15803 E TestRunner: 	at org.junit.runners.model.FrameworkMethod$1.runReflectiveCall(FrameworkMethod.java:59)
03-15 17:05:55.750 15785 15803 E TestRunner: 	at org.junit.internal.runners.model.ReflectiveCallable.run(ReflectiveCallable.java:12)
03-15 17:05:55.750 15785 15803 E TestRunner: 	at org.junit.runners.model.FrameworkMethod.invokeExplosively(FrameworkMethod.java:56)
03-15 17:05:55.750 15785 15803 E TestRunner: 	at org.junit.internal.runners.statements.InvokeMethod.evaluate(InvokeMethod.java:17)
03-15 17:05:55.750 15785 15803 E TestRunner: 	at androidx.test.internal.runner.junit4.statement.RunBefores.evaluate(RunBefores.java:80)
03-15 17:05:55.750 15785 15803 E TestRunner: 	at org.junit.rules.ExternalResource$1.evaluate(ExternalResource.java:54)
03-15 17:05:55.750 15785 15803 E TestRunner: 	at org.junit.runners.ParentRunner$3.evaluate(ParentRunner.java:306)
03-15 17:05:55.750 15785 15803 E TestRunner: 	at org.junit.runners.BlockJUnit4ClassRunner$1.evaluate(BlockJUnit4ClassRunner.java:100)
03-15 17:05:55.750 15785 15803 E TestRunner: 	at org.junit.runners.ParentRunner.runLeaf(ParentRunner.java:366)
03-15 17:05:55.750 15785 15803 E TestRunner: 	at org.junit.runners.BlockJUnit4ClassRunner.runChild(BlockJUnit4ClassRunner.java:103)
03-15 17:05:55.750 15785 15803 E TestRunner: 	at org.junit.runners.BlockJUnit4ClassRunner.runChild(BlockJUnit4ClassRunner.java:63)
03-15 17:05:55.750 15785 15803 E TestRunner: 	at org.junit.runners.ParentRunner$4.run(ParentRunner.java:331)
03-15 17:05:55.750 15785 15803 E TestRunner: 	at org.junit.runners.ParentRunner$1.schedule(ParentRunner.java:79)
03-15 17:05:55.750 15785 15803 E TestRunner: 	at org.junit.runners.ParentRunner.runChildren(ParentRunner.java:329)
03-15 17:05:55.750 15785 15803 E TestRunner: 	at org.junit.runners.ParentRunner.access$100(ParentRunner.java:66)
03-15 17:05:55.750 15785 15803 E TestRunner: 	at org.junit.runners.ParentRunner$2.evaluate(ParentRunner.java:293)
03-15 17:05:55.752 15785 15803 E TestRunner: 	at org.junit.runners.ParentRunner$3.evaluate(ParentRunner.java:306)
03-15 17:05:55.752 15785 15803 E TestRunner: 	at org.junit.runners.ParentRunner.run(ParentRunner.java:413)
03-15 17:05:55.752 15785 15803 E TestRunner: 	at androidx.test.ext.junit.runners.AndroidJUnit4.run(AndroidJUnit4.java:162)
03-15 17:05:55.752 15785 15803 E TestRunner: 	at org.junit.runners.Suite.runChild(Suite.java:128)
03-15 17:05:55.752 15785 15803 E TestRunner: 	at org.junit.runners.Suite.runChild(Suite.java:27)
03-15 17:05:55.752 15785 15803 E TestRunner: 	at org.junit.runners.ParentRunner$4.run(ParentRunner.java:331)
03-15 17:05:55.752 15785 15803 E TestRunner: 	at org.junit.runners.ParentRunner$1.schedule(ParentRunner.java:79)
03-15 17:05:55.752 15785 15803 E TestRunner: 	at org.junit.runners.ParentRunner.runChildren(ParentRunner.java:329)
03-15 17:05:55.752 15785 15803 E TestRunner: 	at org.junit.runners.ParentRunner.access$100(ParentRunner.java:66)
03-15 17:05:55.752 15785 15803 E TestRunner: 	at org.junit.runners.ParentRunner$2.evaluate(ParentRunner.java:293)
03-15 17:05:55.752 15785 15803 E TestRunner: 	at org.junit.runners.ParentRunner$3.evaluate(ParentRunner.java:306)
03-15 17:05:55.752 15785 15803 E TestRunner: 	at org.junit.runners.ParentRunner.run(ParentRunner.java:413)
03-15 17:05:55.752 15785 15803 E TestRunner: 	at org.junit.runner.JUnitCore.run(JUnitCore.java:137)
03-15 17:05:55.752 15785 15803 E TestRunner: 	at org.junit.runner.JUnitCore.run(JUnitCore.java:115)
03-15 17:05:55.752 15785 15803 E TestRunner: 	at androidx.test.internal.runner.TestExecutor.execute(TestExecutor.java:68)
03-15 17:05:55.752 15785 15803 E TestRunner: 	at androidx.test.internal.runner.TestExecutor.execute(TestExecutor.java:59)
03-15 17:05:55.752 15785 15803 E TestRunner: 	at androidx.test.runner.AndroidJUnitRunner.onStart(AndroidJUnitRunner.java:463)
03-15 17:05:55.752 15785 15803 E TestRunner: 	at android.app.Instrumentation$InstrumentationThread.run(Instrumentation.java:2594)
03-15 17:05:55.752 15785 15803 E TestRunner: ----- end exception -----
03-15 17:05:55.756 15785 15803 I TestRunner: finished: testSettingsButtonClick(com.example.group8_bartertrader.MyOffersActivityUITest)
