03-15 16:02:50.905  6977  7083 I ShortcutsDataManager: AbstractContentDataManager.importContentData():295 importContentData() : Ending import process
03-15 16:02:50.926   576  2184 W AS.PlaybackActivityMon: No piid assigned for invalid/internal port id 15
03-15 16:02:50.932  6977  6994 I AndroidSpellCheckerService: AndroidSpellCheckerService.createSession():139 com.google.android.keyboard.client.delight5.LanguageIdentifier@f2265c6 is created
03-15 16:02:50.944   403   508 D AudioFlinger: mixer(0xb400007efbc458e0) throttle end: throttle time(40)
03-15 16:02:50.946  6352 12916 I GmsCoreXrpcWrapper: (REDACTED) Returning a channel provider with trafficStatsTag=%d trafficStatsUid=%d
03-15 16:02:50.959  6977  7083 I PersonalLanguageModelUpdater: PersonalLanguageModelUpdater$UpdateOperation.performInternal():165 run() : Added 0 words and 0 shortcuts
03-15 16:02:50.959  6977  7083 I DynamicLanguageModelOperation: DynamicLanguageModelOperation.perform():43 perform() : 4 : dxm : Completed
03-15 16:02:50.963  6977  6977 I ShortcutsDataManager: AbstractContentDataManager$ImportContentTask.onPostExecute():266 onPostExecute() : Result = [2,0]
03-15 16:02:50.963  6977  6977 I ShortcutsDataManager: ShortcutsDataManager.onImportFinished():82 onImportFinished() : Result = 2 : Count = 0
03-15 16:02:50.978  6368  6368 D BoundBrokerSvc: onBind: Intent { act=com.google.android.gms.auth.service.START pkg=com.google.android.gms }
03-15 16:02:50.978  6368  6368 D BoundBrokerSvc: Loading bound service for intent: Intent { act=com.google.android.gms.auth.service.START pkg=com.google.android.gms }
03-15 16:02:51.008  6352  6489 W GLSUser : [DeviceKeyStore] Cannot load key: Device key file not found.
03-15 16:02:51.104   403   508 D audioserver: logFgsApiEnd: FGS Logger Transaction failed, -129
03-15 16:02:51.311   576  1350 D FileUtils: Rounded bytes from 8324567040 to 16000000000
03-15 16:02:51.341  6745  6762 W libc    : Access denied finding property "persist.adb.tls_server.enable"
03-15 16:02:51.336  6745  6745 W binder:6745_1: type=1400 audit(0.0:1341): avc:  denied  { read } for  name="u:object_r:system_adbd_prop:s0" dev="tmpfs" ino=305 scontext=u:r:gmscore_app:s0:c512,c768 tcontext=u:object_r:system_adbd_prop:s0 tclass=file permissive=0 app=com.google.android.gms
03-15 16:02:51.382  6352  6489 W GmsUrlRequestImpl: Content-Type header is overwritten.
03-15 16:02:51.629  6352  7047 D TrafficStats: tagSocket(124) with statsTag=0x401, statsUid=10144
03-15 16:02:51.821  6352  6489 W GLSUser : [AppCertManager] Exception while requesting key:
03-15 16:02:51.821  6352  6489 W GLSUser : java.util.concurrent.ExecutionException: bzgl: Parse Proto Exception with response code 400
03-15 16:02:51.821  6352  6489 W GLSUser : 	at fodw.s(:com.google.android.gms@250832035@25.08.32 (260400-731361394):21)
03-15 16:02:51.821  6352  6489 W GLSUser : 	at fodw.get(:com.google.android.gms@250832035@25.08.32 (260400-731361394):10)
03-15 16:02:51.821  6352  6489 W GLSUser : 	at acaz.b(:com.google.android.gms@250832035@25.08.32 (260400-731361394):454)
03-15 16:02:51.821  6352  6489 W GLSUser : 	at acax.a(:com.google.android.gms@250832035@25.08.32 (260400-731361394):69)
03-15 16:02:51.821  6352  6489 W GLSUser : 	at acax.fD(:com.google.android.gms@250832035@25.08.32 (260400-731361394):16)
03-15 16:02:51.821  6352  6489 W GLSUser : 	at rhm.onTransact(:com.google.android.gms@250832035@25.08.32 (260400-731361394):97)
03-15 16:02:51.821  6352  6489 W GLSUser : 	at android.os.Binder.transact(Binder.java:1345)
03-15 16:02:51.821  6352  6489 W GLSUser : 	at brmg.onTransact(:com.google.android.gms@250832035@25.08.32 (260400-731361394):10)
03-15 16:02:51.821  6352  6489 W GLSUser : 	at android.os.Binder.transact(Binder.java:1345)
03-15 16:02:51.821  6352  6489 W GLSUser : 	at bimh.onTransact(:com.google.android.gms@250832035@25.08.32 (260400-731361394):148)
03-15 16:02:51.821  6352  6489 W GLSUser : 	at android.os.Binder.execTransactInternal(Binder.java:1505)
03-15 16:02:51.821  6352  6489 W GLSUser : 	at android.os.Binder.execTransact(Binder.java:1444)
03-15 16:02:51.821  6352  6489 W GLSUser : Caused by: bzgl: Parse Proto Exception with response code 400
03-15 16:02:51.821  6352  6489 W GLSUser : 	at bzhn.b(:com.google.android.gms@250832035@25.08.32 (260400-731361394):80)
03-15 16:02:51.821  6352  6489 W GLSUser : 	at bzkg.d(:com.google.android.gms@250832035@25.08.32 (260400-731361394):18)
03-15 16:02:51.821  6352  6489 W GLSUser : 	at bzku.onSucceeded(:com.google.android.gms@250832035@25.08.32 (260400-731361394):9)
03-15 16:02:51.821  6352  6489 W GLSUser : 	at m.li.onSucceeded(:com.google.android.gms.dynamite_cronetdynamite@250832035@25.08.32 (260400-0):3)
03-15 16:02:51.821  6352  6489 W GLSUser : 	at m.kg.run(:com.google.android.gms.dynamite_cronetdynamite@250832035@25.08.32 (260400-0):25)
03-15 16:02:51.821  6352  6489 W GLSUser : 	at m.ka.run(:com.google.android.gms.dynamite_cronetdynamite@250832035@25.08.32 (260400-0):31)
03-15 16:02:51.821  6352  6489 W GLSUser : 	at atim.c(:com.google.android.gms@250832035@25.08.32 (260400-731361394):50)
03-15 16:02:51.821  6352  6489 W GLSUser : 	at atim.run(:com.google.android.gms@250832035@25.08.32 (260400-731361394):76)
03-15 16:02:51.821  6352  6489 W GLSUser : 	at java.util.concurrent.ThreadPoolExecutor.runWorker(ThreadPoolExecutor.java:1145)
03-15 16:02:51.821  6352  6489 W GLSUser : 	at java.util.concurrent.ThreadPoolExecutor$Worker.run(ThreadPoolExecutor.java:644)
03-15 16:02:51.821  6352  6489 W GLSUser : 	at atnz.run(:com.google.android.gms@250832035@25.08.32 (260400-731361394):8)
03-15 16:02:51.821  6352  6489 W GLSUser : 	at java.lang.Thread.run(Thread.java:1012)
03-15 16:02:51.821  6352  6489 W GLSUser : Caused by: ggyc: Protocol message contained an invalid tag (zero).
03-15 16:02:51.821  6352  6489 W GLSUser : 	at ggva.l(:com.google.android.gms@250832035@25.08.32 (260400-731361394):43)
03-15 16:02:51.821  6352  6489 W GLSUser : 	at ggzb.c(:com.google.android.gms@250832035@25.08.32 (260400-731361394):394)
03-15 16:02:51.821  6352  6489 W GLSUser : 	at ggzb.i(:com.google.android.gms@250832035@25.08.32 (260400-731361394):8)
03-15 16:02:51.821  6352  6489 W GLSUser : 	at ggxg.A(:com.google.android.gms@250832035@25.08.32 (260400-731361394):23)
03-15 16:02:51.821  6352  6489 W GLSUser : 	at ggxb.g(:com.google.android.gms@250832035@25.08.32 (260400-731361394):3)
03-15 16:02:51.821  6352  6489 W GLSUser : 	at gguw.e(:com.google.android.gms@250832035@25.08.32 (260400-731361394):1)
03-15 16:02:51.821  6352  6489 W GLSUser : 	at gguw.d(:com.google.android.gms@250832035@25.08.32 (260400-731361394):3)
03-15 16:02:51.821  6352  6489 W GLSUser : 	at gguw.p(:com.google.android.gms@250832035@25.08.32 (260400-731361394):1)
03-15 16:02:51.821  6352  6489 W GLSUser : 	at bzhn.g(:com.google.android.gms@250832035@25.08.32 (260400-731361394):69)
03-15 16:02:51.821  6352  6489 W GLSUser : 	at bzhn.b(:com.google.android.gms@250832035@25.08.32 (260400-731361394):11)
03-15 16:02:51.821  6352  6489 W GLSUser : 	... 11 more
03-15 16:02:51.822  6352  6489 W GLSUser : [DeviceKeyStore] Cannot load key: Device key file not found.
03-15 16:02:51.848  6352 12916 E gzzv    : *~*~*~ Previous channel {0} was garbage collected without being shut down! ~*~*~*
03-15 16:02:51.848  6352 12916 E gzzv    :     Make sure to call shutdown()/shutdownNow()
03-15 16:02:51.848  6352 12916 E gzzv    : java.lang.RuntimeException: ManagedChannel allocation site
03-15 16:02:51.848  6352 12916 E gzzv    : 	at gzzu.<init>(:com.google.android.gms@250832035@25.08.32 (260400-731361394):21)
03-15 16:02:51.848  6352 12916 E gzzv    : 	at gzzv.<init>(:com.google.android.gms@250832035@25.08.32 (260400-731361394):10)
03-15 16:02:51.848  6352 12916 E gzzv    : 	at gzzt.a(:com.google.android.gms@250832035@25.08.32 (260400-731361394):251)
03-15 16:02:51.848  6352 12916 E gzzv    : 	at gzkt.a(:com.google.android.gms@250832035@25.08.32 (260400-731361394):5)
03-15 16:02:51.848  6352 12916 E gzzv    : 	at caoy.g(:com.google.android.gms@250832035@25.08.32 (260400-731361394):81)
03-15 16:02:51.848  6352 12916 E gzzv    : 	at frnx.a(:com.google.android.gms@250832035@25.08.32 (260400-731361394):219)
03-15 16:02:51.848  6352 12916 E gzzv    : 	at fgkk.a(:com.google.android.gms@250832035@25.08.32 (260400-731361394):13)
03-15 16:02:51.848  6352 12916 E gzzv    : 	at fohx.a(:com.google.android.gms@250832035@25.08.32 (260400-731361394):3)
03-15 16:02:51.848  6352 12916 E gzzv    : 	at fogy.run(:com.google.android.gms@250832035@25.08.32 (260400-731361394):19)
03-15 16:02:51.848  6352 12916 E gzzv    : 	at fohz.run(:com.google.android.gms@250832035@25.08.32 (260400-731361394):5)
03-15 16:02:51.848  6352 12916 E gzzv    : 	at atim.c(:com.google.android.gms@250832035@25.08.32 (260400-731361394):50)
03-15 16:02:51.848  6352 12916 E gzzv    : 	at atim.run(:com.google.android.gms@250832035@25.08.32 (260400-731361394):76)
03-15 16:02:51.848  6352 12916 E gzzv    : 	at java.util.concurrent.ThreadPoolExecutor.runWorker(ThreadPoolExecutor.java:1145)
03-15 16:02:51.848  6352 12916 E gzzv    : 	at java.util.concurrent.ThreadPoolExecutor$Worker.run(ThreadPoolExecutor.java:644)
03-15 16:02:51.848  6352 12916 E gzzv    : 	at atnz.run(:com.google.android.gms@250832035@25.08.32 (260400-731361394):8)
03-15 16:02:51.848  6352 12916 E gzzv    : 	at java.lang.Thread.run(Thread.java:1012)
03-15 16:02:51.905  6352  7047 D TrafficStats: tagSocket(127) with statsTag=0x2c000608, statsUid=10233
03-15 16:02:51.998  6352  7047 D TrafficStats: tagSocket(130) with statsTag=0x2c000608, statsUid=10233
03-15 16:02:52.012  6352  7047 D TrafficStats: tagSocket(130) with statsTag=0x2c000608, statsUid=10233
03-15 16:02:52.017  6352  7047 D TrafficStats: tagSocket(130) with statsTag=0x2c000608, statsUid=10233
03-15 16:02:52.019  6352  7047 D TrafficStats: tagSocket(130) with statsTag=0x2c000608, statsUid=10233
03-15 16:02:52.021  6352  7047 D TrafficStats: tagSocket(130) with statsTag=0x2c000608, statsUid=10233
03-15 16:02:52.105  6352  7047 I cn_CronetUrlRequestContext: destroyNativeStreamLocked org.chromium.net.impl.CronetBidirectionalStream@8acfd04
03-15 16:02:52.118 12979 12979 I Choreographer: Skipped 71 frames!  The application may be doing too much work on its main thread.
03-15 16:02:52.129 12979 13003 D EGL_emulation: app_time_stats: avg=295.53ms min=1.77ms max=1194.22ms count=5
03-15 16:02:52.133   576   919 D InetDiagMessage: Destroyed 0 sockets, proto=IPPROTO_TCP, family=AF_INET, states=14
03-15 16:02:52.138 12979 13049 I HWUI    : Davey! duration=1196ms; Flags=0, FrameTimelineVsyncId=38274, IntendedVsync=4944245956691, Vsync=4945429289977, InputEventId=-358288990, HandleInputStart=4945431336190, AnimationStart=4945431344231, PerformTraversalsStart=4945431344856, DrawStart=4945431987273, FrameDeadline=4944295956689, FrameInterval=4945430515356, FrameStartTime=16666666, SyncQueued=4945435858065, SyncStart=4945435976231, IssueDrawCommandsStart=4945436287773, SwapBuffers=4945438976648, FrameCompleted=4945442548190, DequeueBufferDuration=70250, QueueBufferDuration=466792, GpuCompleted=4945442373981, SwapBuffersCompleted=4945442548190, DisplayPresentTime=-53635847957690294, CommandSubmissionCompleted=4945438976648,
03-15 16:02:52.139   576   919 D InetDiagMessage: Destroyed 0 sockets, proto=IPPROTO_TCP, family=AF_INET6, states=14
03-15 16:02:52.139   576   919 D InetDiagMessage: Destroyed live tcp sockets for uids={10102} in 7ms
03-15 16:02:52.356 12979 12979 I ViewInteraction: Performing 'Wait for 3000 milliseconds.' action on view view.getRootView() to equal view
03-15 16:02:53.107   576   919 D InetDiagMessage: Destroyed 0 sockets, proto=IPPROTO_TCP, family=AF_INET, states=14
03-15 16:02:53.107   576   919 D InetDiagMessage: Destroyed 0 sockets, proto=IPPROTO_TCP, family=AF_INET6, states=14
03-15 16:02:53.107   576   919 D InetDiagMessage: Destroyed live tcp sockets for uids={99000} in 2ms
03-15 16:02:53.714  1563  1722 I BistoHotwordHelper: (REDACTED) getHotwordActive::active query: %s, watch: %s, devices connected: %s
03-15 16:02:53.932   576   919 D InetDiagMessage: Destroyed 0 sockets, proto=IPPROTO_TCP, family=AF_INET, states=14
03-15 16:02:53.932   576   919 D InetDiagMessage: Destroyed 0 sockets, proto=IPPROTO_TCP, family=AF_INET6, states=14
03-15 16:02:53.932   576   919 D InetDiagMessage: Destroyed live tcp sockets for uids={10143} in 2ms
03-15 16:02:53.933   576   919 D InetDiagMessage: Destroyed 0 sockets, proto=IPPROTO_TCP, family=AF_INET, states=14
03-15 16:02:53.935   576   919 D InetDiagMessage: Destroyed 0 sockets, proto=IPPROTO_TCP, family=AF_INET6, states=14
03-15 16:02:53.935   576   919 D InetDiagMessage: Destroyed live tcp sockets for uids={20143} in 3ms
03-15 16:02:54.020   371  4131 D android.hardware.audio@7.1-impl.ranchu: threadLoop: entering standby, frames: 4086528
03-15 16:02:55.096   576   919 W IPCThreadState: Sending oneway calls to frozen process.
03-15 16:02:55.097  6352  6489 I NullBinder: NullBinder for android.net.action.RECOMMEND_NETWORKS triggering remote TransactionTooLargeException due to Service without Chimera impl
03-15 16:02:55.099   576   919 W IPCThreadState: Sending oneway calls to frozen process.
03-15 16:02:55.100   576   919 W IPCThreadState: Sending oneway calls to frozen process.
03-15 16:02:55.100   576   919 W IPCThreadState: Sending oneway calls to frozen process.
03-15 16:02:55.101   576   919 W IPCThreadState: Sending oneway calls to frozen process.
03-15 16:02:55.101   576   919 W IPCThreadState: Sending oneway calls to frozen process.
03-15 16:02:55.102   576   919 W IPCThreadState: Sending oneway calls to frozen process.
03-15 16:02:55.102   576   919 W IPCThreadState: Sending oneway calls to frozen process.
03-15 16:02:55.103   576   919 W IPCThreadState: Sending oneway calls to frozen process.
03-15 16:02:55.106  6352  6489 W .gms.persistent: Large reply transaction of 1056768 bytes, interface descriptor , code 1
03-15 16:02:55.120  4628  4700 I BugleRcsEngine: Connected state: [1], networkType: [WIFI] [CONTEXT thread_id=60 ]
03-15 16:02:55.120  4628  4728 I BugleRcsEngine: handleMessage processing message:[NOTIFY_UPTIME_IGNORE_STATE_CHANGED] with [non-null]:RcsEngineImpl reference [CONTEXT log_prefix="RcsEngineImpl[DUAL_REG]:[e270b143-d6c6]>Handler" thread_id=65 ]
03-15 16:02:55.132  4628  4728 I BugleRcsEngine: No RCS Configuration was found in Bugle for simID: redacted-pii:sim_id[chars:20,last3:897] [CONTEXT log_prefix="ProvisioningEngineDataRetriever" thread_id=65 ]
03-15 16:02:55.375 12979 12979 I ViewInteraction: Performing 'single click' action on view view.getId() is <2131296744/com.example.group8_bartertrader:id/submitProduct>
03-15 16:02:55.407 12979 12984 W p8_bartertrader: Cleared Reference was only reachable from finalizer (only reported once)
03-15 16:02:55.422 12979 13003 D EGL_emulation: app_time_stats: avg=1646.01ms min=8.74ms max=3283.27ms count=2
03-15 16:02:55.456   403  3939 D audioserver: logFgsApiBegin: FGS Logger Transaction failed, -129
03-15 16:02:55.458   576  2184 W AS.PlaybackActivityMon: No piid assigned for invalid/internal port id 15
03-15 16:02:55.514 12979 12984 I p8_bartertrader: Background concurrent mark compact GC freed 6501KB AllocSpace bytes, 43(1692KB) LOS objects, 49% free, 5974KB/11MB, paused 202us,5.328ms total 134.358ms
03-15 16:02:55.529 12979 12986 W System  : A resource failed to call close.
03-15 16:02:55.530 12979 12986 W System  : A resource failed to call close.
03-15 16:02:55.530 12979 12986 W System  : A resource failed to call close.
03-15 16:02:55.575 12979 12979 E SubmitHelper: Offer already exists for this product.
03-15 16:02:55.657   403   508 D audioserver: logFgsApiEnd: FGS Logger Transaction failed, -129
03-15 16:02:55.737 12979 12996 I TestRunner: finished: testSubmitOffer(com.example.group8_bartertrader.SubmitFormUITest)
