03-11 21:10:37.524  3737  3737 W artd    : Could not get dex checksums for location /data/app/~~sVoEUZSHgSEOQF1gGpEg4Q==/com.android.vending-7gERttiZQ3goJ1oNoahgDg==/base.apk, fd=-1
03-11 21:10:37.525  3737  3737 I artd    : Dex parent of /data/user_de/0/com.google.android.gms/app_chimera/m/00000019/dl-MapsCoreDynamite.integ_245125201100400.apk is not writable: Permission denied
03-11 21:10:37.525  3737  3737 I artd    : GetBestInfo checking odex in dalvik-cache (/data/dalvik-cache/arm64/data@user_de@0@com.google.android.gms@app_chimera@m@00000019@dl-MapsCoreDynamite.integ_245125201100400.apk@classes.dex)
03-11 21:10:37.525  3737  3737 I artd    : Loading /data/dalvik-cache/arm64/data@user_de@0@com.google.android.gms@app_chimera@m@00000019@dl-MapsCoreDynamite.integ_245125201100400.apk@classes.dex with executable: 0
03-11 21:10:37.525  3737  3737 I artd    : OatFileAssistant test for existing oat file /data/dalvik-cache/arm64/data@user_de@0@com.google.android.gms@app_chimera@m@00000019@dl-MapsCoreDynamite.integ_245125201100400.apk@classes.dex: File /data/dalvik-cache/arm64/data@user_de@0@com.google.android.gms@app_chimera@m@00000019@dl-MapsCoreDynamite.integ_245125201100400.apk@classes.vdex does not exist.
03-11 21:10:37.525  3737  3737 I artd    : GetBestInfo checking odex next to the dex file (/data/user_de/0/com.google.android.gms/app_chimera/m/00000019/oat/arm64/dl-MapsCoreDynamite.integ_245125201100400.odex)
03-11 21:10:37.525  3737  3737 I artd    : Loading /data/user_de/0/com.google.android.gms/app_chimera/m/00000019/oat/arm64/dl-MapsCoreDynamite.integ_245125201100400.odex with executable: 0
03-11 21:10:37.525  3737  3737 I artd    : OatFileAssistant test for existing oat file /data/user_de/0/com.google.android.gms/app_chimera/m/00000019/oat/arm64/dl-MapsCoreDynamite.integ_245125201100400.odex: File /data/user_de/0/com.google.android.gms/app_chimera/m/00000019/oat/arm64/dl-MapsCoreDynamite.integ_245125201100400.vdex does not exist.
03-11 21:10:37.525  3737  3737 I artd    : GetBestInfo checking vdex in dalvik-cache (/data/dalvik-cache/arm64/data@user_de@0@com.google.android.gms@app_chimera@m@00000019@dl-MapsCoreDynamite.integ_245125201100400.apk@classes.vdex)
03-11 21:10:37.525  3737  3737 I artd    : unable to open vdex file /data/dalvik-cache/arm64/data@user_de@0@com.google.android.gms@app_chimera@m@00000019@dl-MapsCoreDynamite.integ_245125201100400.apk@classes.vdex: File /data/dalvik-cache/arm64/data@user_de@0@com.google.android.gms@app_chimera@m@00000019@dl-MapsCoreDynamite.integ_245125201100400.apk@classes.vdex does not exist.
03-11 21:10:37.525  3737  3737 I artd    : OatFileAssistant test for existing oat file /data/dalvik-cache/arm64/data@user_de@0@com.google.android.gms@app_chimera@m@00000019@dl-MapsCoreDynamite.integ_245125201100400.apk@classes.vdex: File /data/dalvik-cache/arm64/data@user_de@0@com.google.android.gms@app_chimera@m@00000019@dl-MapsCoreDynamite.integ_245125201100400.apk@classes.vdex does not exist.
03-11 21:10:37.525  3737  3737 I artd    : GetBestInfo checking vdex next to the dex file (/data/user_de/0/com.google.android.gms/app_chimera/m/00000019/oat/arm64/dl-MapsCoreDynamite.integ_245125201100400.vdex)
03-11 21:10:37.525  3737  3737 I artd    : unable to open vdex file /data/user_de/0/com.google.android.gms/app_chimera/m/00000019/oat/arm64/dl-MapsCoreDynamite.integ_245125201100400.vdex: File /data/user_de/0/com.google.android.gms/app_chimera/m/00000019/oat/arm64/dl-MapsCoreDynamite.integ_245125201100400.vdex does not exist.
03-11 21:10:37.525  3737  3737 I artd    : OatFileAssistant test for existing oat file /data/user_de/0/com.google.android.gms/app_chimera/m/00000019/oat/arm64/dl-MapsCoreDynamite.integ_245125201100400.vdex: File /data/user_de/0/com.google.android.gms/app_chimera/m/00000019/oat/arm64/dl-MapsCoreDynamite.integ_245125201100400.vdex does not exist.
03-11 21:10:37.525  3737  3737 I artd    : GetBestInfo checking dm (/data/user_de/0/com.google.android.gms/app_chimera/m/00000019/dl-MapsCoreDynamite.integ_245125201100400.dm)
03-11 21:10:37.525  3737  3737 W ziparchive: Unable to open '/data/user_de/0/com.google.android.gms/app_chimera/m/00000019/dl-MapsCoreDynamite.integ_245125201100400.dm': No such file or directory
03-11 21:10:37.525  3737  3737 I artd    : OatFileAssistant test for existing oat file /data/user_de/0/com.google.android.gms/app_chimera/m/00000019/dl-MapsCoreDynamite.integ_245125201100400.dm: I/O error
03-11 21:10:37.525  3737  3737 I artd    : GetBestInfo checking dm (/data/user_de/0/com.google.android.gms/app_chimera/m/00000019/dl-MapsCoreDynamite.integ_245125201100400.dm)
03-11 21:10:37.525  3737  3737 W ziparchive: Unable to open '/data/user_de/0/com.google.android.gms/app_chimera/m/00000019/dl-MapsCoreDynamite.integ_245125201100400.dm': No such file or directory
03-11 21:10:37.525  3737  3737 I artd    : OatFileAssistant test for existing oat file /data/user_de/0/com.google.android.gms/app_chimera/m/00000019/dl-MapsCoreDynamite.integ_245125201100400.dm: I/O error
03-11 21:10:37.525  3737  3737 I artd    : GetBestInfo no usable artifacts
03-11 21:10:37.923   598   779 D InetDiagMessage: Destroyed 0 sockets, proto=IPPROTO_TCP, family=AF_INET, states=14
03-11 21:10:37.924   598   779 D InetDiagMessage: Destroyed 0 sockets, proto=IPPROTO_TCP, family=AF_INET6, states=14
03-11 21:10:37.924   598   779 D InetDiagMessage: Destroyed live tcp sockets for uids={10143} in 1ms
03-11 21:10:37.924   598   779 D InetDiagMessage: Destroyed 0 sockets, proto=IPPROTO_TCP, family=AF_INET, states=14
03-11 21:10:37.925   598   779 D InetDiagMessage: Destroyed 0 sockets, proto=IPPROTO_TCP, family=AF_INET6, states=14
03-11 21:10:37.925   598   779 D InetDiagMessage: Destroyed live tcp sockets for uids={20143} in 1ms
03-11 21:10:37.956  9301  9321 I FA      : Application backgrounded at: timestamp_millis: 1741738235952
03-11 21:10:38.421  5013  5013 I GrantPermissionsViewModel: Logged buttons presented and clicked permissionGroupName=android.permission-group.LOCATION uid=10218 selectedPrecision=3 package=com.example.group8_bartertrader presentedButtons=44 clickedButton=4 isPermissionRationaleShown=false sessionId=-133718729462619109 targetSdk=35
03-11 21:10:38.422   403  3533 D audioserver: logFgsApiBegin: FGS Logger Transaction failed, -129
03-11 21:10:38.423   598   950 W AS.PlaybackActivityMon: No piid assigned for invalid/internal port id 15
03-11 21:10:38.430   598   626 W IPCThreadState: Sending oneway calls to frozen process.
03-11 21:10:38.434   598   626 W IPCThreadState: Sending oneway calls to frozen process.
03-11 21:10:38.436   598   626 W IPCThreadState: Sending oneway calls to frozen process.
03-11 21:10:38.437   598   626 W IPCThreadState: Sending oneway calls to frozen process.
03-11 21:10:38.438   598   626 W IPCThreadState: Sending oneway calls to frozen process.
03-11 21:10:38.463   408   408 I BpBinder: onLastStrongRef automatically unlinking death recipients:
03-11 21:10:38.502  9301  9301 D LifecycleMonitor: Lifecycle status change: com.example.group8_bartertrader.SubmitForm@f16ba3 in: RESUMED
03-11 21:10:38.502  9301  9301 V ActivityScenario: Activity lifecycle changed event received but ignored because the intent does not match. startActivityIntent=Intent { act=android.intent.action.MAIN cat=[android.intent.category.LAUNCHER] flg=0x10008000 cmp=com.example.group8_bartertrader/.SubmitForm }, activity.getIntent()=Intent { flg=0x10008000 cmp=com.example.group8_bartertrader/.SubmitForm (has extras) }, activity=com.example.group8_bartertrader.SubmitForm@f16ba3
03-11 21:10:38.502  9301  9301 V ActivityScenario: Update currentActivityStage to RESUMED, currentActivity=com.example.group8_bartertrader.SubmitForm@f16ba3
03-11 21:10:38.529  5013  5013 D VRI[GrantPermissionsActivity]: visibilityChanged oldVisibility=true newVisibility=false
03-11 21:10:38.560   598   735 I ImeTracker: com.example.group8_bartertrader:8a76cd04: onRequestHide at ORIGIN_SERVER reason HIDE_UNSPECIFIED_WINDOW fromUser false
03-11 21:10:38.562  5013  5013 W WindowOnBackDispatcher: sendCancelIfRunning: isInProgress=false callback=android.view.ViewRootImpl$$ExternalSyntheticLambda11@24469c9
03-11 21:10:38.584   598   735 I ImeTracker: com.example.group8_bartertrader:8a76cd04: onCancelled at PHASE_SERVER_SHOULD_HIDE
03-11 21:10:38.593   598  1867 W InputManager-JNI: Input channel object '53f751b com.google.android.permissioncontroller/com.android.permissioncontroller.permission.ui.GrantPermissionsActivity (client)' was disposed without first being removed with the input manager!
03-11 21:10:38.593  9301  9329 D EGL_emulation: app_time_stats: avg=328.41ms min=2.34ms max=2702.86ms count=9
03-11 21:10:38.626  1184  1732 D EGL_emulation: app_time_stats: avg=2486.96ms min=2486.96ms max=2486.96ms count=1
03-11 21:10:38.628  1409  1409 I GoogleInputMethodService: GoogleInputMethodService.onFinishInput():3157
03-11 21:10:38.633  9301  9306 W p8_bartertrader: Cleared Reference was only reachable from finalizer (only reported once)
03-11 21:10:38.638  1409  1409 I GoogleInputMethodService: GoogleInputMethodService.updateDeviceLockedStatus():2248 repeatCheckTimes = 0, locked = false
03-11 21:10:38.639  1409  1409 I GoogleInputMethodService: GoogleInputMethodService.onStartInput():1986 onStartInput(EditorInfo{EditorInfo{packageName=com.example.group8_bartertrader, inputType=0, inputTypeString=NULL, enableLearning=false, autoCorrection=false, autoComplete=false, imeOptions=0, privateImeOptions=null, actionName=UNSPECIFIED, actionLabel=null, initialSelStart=-1, initialSelEnd=-1, initialCapsMode=0, label=null, fieldId=0, fieldName=null, extras=null, hintText=null, hintLocales=[]}}, false)
03-11 21:10:38.641  1409  1409 I GoogleInputMethodService: GoogleInputMethodService.updateDeviceLockedStatus():2248 repeatCheckTimes = 1, locked = false
03-11 21:10:38.642  1409  1409 I AndroidIME: InputBundleManager.loadActiveInputBundleId():450 loadActiveInputBundleId: und-Latn-x-password, password
03-11 21:10:38.657   403   531 D audioserver: logFgsApiEnd: FGS Logger Transaction failed, -129
03-11 21:10:38.721  9301  9306 I p8_bartertrader: Background concurrent mark compact GC freed 6509KB AllocSpace bytes, 49(2004KB) LOS objects, 49% free, 5834KB/11MB, paused 1.791ms,4.315ms total 213.674ms
03-11 21:10:38.725  5013  5026 W ssioncontroller: ApkAssets: Deleting an ApkAssets object '<empty> and /data/app/~~0JYRWmC6mi3Q5P6ZF7lFgg==/com.example.group8_bartertrader-L5O7521AO5omhkmfH693Kg==/base.apk' with 1 weak references
03-11 21:10:38.744  9301  9308 W System  : A resource failed to call close.
03-11 21:10:38.744  9301  9308 W System  : A resource failed to call close.
03-11 21:10:38.745  9301  9308 W System  : A resource failed to call close.
03-11 21:10:38.766  9301  9301 I ViewInteraction: Performing 'Wait for 2000 milliseconds.' action on view view.getRootView() to equal view
03-11 21:10:40.449  9301  9329 D EGL_emulation: app_time_stats: avg=923.43ms min=11.38ms max=1835.48ms count=2
03-11 21:10:40.508  1386  3000 D TrafficStats: tagSocket(166) with statsTag=0x3300, statsUid=10157
03-11 21:10:40.524   403  3533 D audioserver: logFgsApiBegin: FGS Logger Transaction failed, -129
03-11 21:10:40.524   598  1950 W AS.PlaybackActivityMon: No piid assigned for invalid/internal port id 15
03-11 21:10:40.544  1157  9194 I GmsCoreXrpcWrapper: (REDACTED) Returning a channel provider with trafficStatsTag=%d trafficStatsUid=%d
03-11 21:10:40.580  1157  1504 W GLSUser : [DeviceKeyStore] Cannot load key: Device key file not found.
03-11 21:10:40.581  1157  1504 W GLSUser : [DeviceKeyStore] Cannot load key: Device key file not found.
03-11 21:10:40.595  1157  9194 E gzzv    : *~*~*~ Previous channel {0} was garbage collected without being shut down! ~*~*~*
03-11 21:10:40.595  1157  9194 E gzzv    :     Make sure to call shutdown()/shutdownNow()
03-11 21:10:40.595  1157  9194 E gzzv    : java.lang.RuntimeException: ManagedChannel allocation site
03-11 21:10:40.595  1157  9194 E gzzv    : 	at gzzu.<init>(:com.google.android.gms@250832035@25.08.32 (260400-731361394):21)
03-11 21:10:40.595  1157  9194 E gzzv    : 	at gzzv.<init>(:com.google.android.gms@250832035@25.08.32 (260400-731361394):10)
03-11 21:10:40.595  1157  9194 E gzzv    : 	at gzzt.a(:com.google.android.gms@250832035@25.08.32 (260400-731361394):251)
03-11 21:10:40.595  1157  9194 E gzzv    : 	at gzkt.a(:com.google.android.gms@250832035@25.08.32 (260400-731361394):5)
03-11 21:10:40.595  1157  9194 E gzzv    : 	at caoy.g(:com.google.android.gms@250832035@25.08.32 (260400-731361394):81)
03-11 21:10:40.595  1157  9194 E gzzv    : 	at frnx.a(:com.google.android.gms@250832035@25.08.32 (260400-731361394):219)
03-11 21:10:40.595  1157  9194 E gzzv    : 	at fgkk.a(:com.google.android.gms@250832035@25.08.32 (260400-731361394):13)
03-11 21:10:40.595  1157  9194 E gzzv    : 	at fohx.a(:com.google.android.gms@250832035@25.08.32 (260400-731361394):3)
03-11 21:10:40.595  1157  9194 E gzzv    : 	at fogy.run(:com.google.android.gms@250832035@25.08.32 (260400-731361394):19)
03-11 21:10:40.595  1157  9194 E gzzv    : 	at fohz.run(:com.google.android.gms@250832035@25.08.32 (260400-731361394):5)
03-11 21:10:40.595  1157  9194 E gzzv    : 	at atim.c(:com.google.android.gms@250832035@25.08.32 (260400-731361394):50)
03-11 21:10:40.595  1157  9194 E gzzv    : 	at atim.run(:com.google.android.gms@250832035@25.08.32 (260400-731361394):76)
03-11 21:10:40.595  1157  9194 E gzzv    : 	at java.util.concurrent.ThreadPoolExecutor.runWorker(ThreadPoolExecutor.java:1145)
03-11 21:10:40.595  1157  9194 E gzzv    : 	at java.util.concurrent.ThreadPoolExecutor$Worker.run(ThreadPoolExecutor.java:644)
03-11 21:10:40.595  1157  9194 E gzzv    : 	at atnz.run(:com.google.android.gms@250832035@25.08.32 (260400-731361394):8)
03-11 21:10:40.595  1157  9194 E gzzv    : 	at java.lang.Thread.run(Thread.java:1012)
03-11 21:10:40.638  1157  3009 D TrafficStats: tagSocket(199) with statsTag=0x2c000608, statsUid=10218
03-11 21:10:40.655  1386  3000 D TrafficStats: tagSocket(167) with statsTag=0x3300, statsUid=10218
03-11 21:10:40.726   598   779 W IPCThreadState: Sending oneway calls to frozen process.
03-11 21:10:40.733   598   779 W IPCThreadState: Sending oneway calls to frozen process.
03-11 21:10:40.734   598   779 W IPCThreadState: Sending oneway calls to frozen process.
03-11 21:10:40.734   598   779 W IPCThreadState: Sending oneway calls to frozen process.
03-11 21:10:40.741  1157  1504 I NullBinder: NullBinder for android.net.action.RECOMMEND_NETWORKS triggering remote TransactionTooLargeException due to Service without Chimera impl
03-11 21:10:40.741  1157  1504 W .gms.persistent: Large reply transaction of 1056768 bytes, interface descriptor , code 1
03-11 21:10:40.748   598   779 W IPCThreadState: Sending oneway calls to frozen process.
03-11 21:10:40.750   598   779 W IPCThreadState: Sending oneway calls to frozen process.
03-11 21:10:40.750   598   779 W IPCThreadState: Sending oneway calls to frozen process.
03-11 21:10:40.755  1472  1817 I BugleRcsEngine: Connected state: [1], networkType: [WIFI] [CONTEXT thread_id=54 ]
03-11 21:10:40.755  1472  2066 I BugleRcsEngine: handleMessage processing message:[NOTIFY_UPTIME_IGNORE_STATE_CHANGED] with [non-null]:RcsEngineImpl reference [CONTEXT log_prefix="RcsEngineImpl[DUAL_REG]:[4a15dd23-b1a9]>Handler" thread_id=60 ]
03-11 21:10:40.763   598   779 D InetDiagMessage: Destroyed 0 sockets, proto=IPPROTO_TCP, family=AF_INET, states=14
03-11 21:10:40.767   598   779 D InetDiagMessage: Destroyed 1 sockets, proto=IPPROTO_TCP, family=AF_INET6, states=14
03-11 21:10:40.767   598   779 D InetDiagMessage: Destroyed live tcp sockets for uids={10142} in 8ms
03-11 21:10:40.768   403   531 D audioserver: logFgsApiEnd: FGS Logger Transaction failed, -129
03-11 21:10:40.780  1472  2066 I BugleRcsEngine: No RCS Configuration was found in Bugle for simID: redacted-pii:sim_id[chars:20,last3:897] [CONTEXT log_prefix="ProvisioningEngineDataRetriever" thread_id=60 ]
03-11 21:10:40.825  1157  3009 I cn_CronetUrlRequestContext: destroyNativeStreamLocked org.chromium.net.impl.CronetBidirectionalStream@41957b3
03-11 21:10:40.854  1409  1497 I AndroidSpellCheckerService: AndroidSpellCheckerService.createSession():139 com.google.android.keyboard.client.delight5.LanguageIdentifier@ef37a79 is created
03-11 21:10:40.855  9301  9301 I ViewInteraction: Performing 'single click' action on view view.getId() is <2131296734/com.example.group8_bartertrader:id/submitProduct>
03-11 21:10:40.909   403  3533 D audioserver: logFgsApiBegin: FGS Logger Transaction failed, -129
03-11 21:10:40.909   598  1607 W AS.PlaybackActivityMon: No piid assigned for invalid/internal port id 15
03-11 21:10:40.933  1443  2061 I BistoHotwordHelper: (REDACTED) getHotwordActive::active query: %s, watch: %s, devices connected: %s
03-11 21:10:40.997  9301  9301 D Product Form: Product offered successfully
03-11 21:10:41.044  1184  1184 I TopTaskTracker: onTaskMovedToFront: (moved taskInfo to front) taskId=34, baseIntent=Intent { act=android.intent.action.MAIN cat=[android.intent.category.LAUNCHER] flg=0x10200000 cmp=com.google.android.apps.maps/com.google.android.maps.MapsActivity }
03-11 21:10:41.049  9301  9301 D LifecycleMonitor: Lifecycle status change: com.example.group8_bartertrader.SubmitForm@f16ba3 in: PAUSED
03-11 21:10:41.049  9301  9301 V ActivityScenario: Activity lifecycle changed event received but ignored because the intent does not match. startActivityIntent=Intent { act=android.intent.action.MAIN cat=[android.intent.category.LAUNCHER] flg=0x10008000 cmp=com.example.group8_bartertrader/.SubmitForm }, activity.getIntent()=Intent { flg=0x10008000 cmp=com.example.group8_bartertrader/.SubmitForm (has extras) }, activity=com.example.group8_bartertrader.SubmitForm@f16ba3
03-11 21:10:41.049  9301  9301 V ActivityScenario: Update currentActivityStage to PAUSED, currentActivity=com.example.group8_bartertrader.SubmitForm@f16ba3
03-11 21:10:41.053   408   408 I BpBinder: onLastStrongRef automatically unlinking death recipients:
03-11 21:10:41.158   403   531 D audioserver: logFgsApiEnd: FGS Logger Transaction failed, -129
03-11 21:10:41.215  9301  9319 I TestRunner: finished: testSubmitOffer(com.example.group8_bartertrader.SubmitFormUITest)
