03-12 10:05:22.854  1362  1377 W .apps.wellbeing: ApkAssets: Deleting an ApkAssets object '<empty> and /system/priv-app/TeleService/TeleService.apk' with 1 weak references
03-12 10:05:22.854  1362  1377 W .apps.wellbeing: ApkAssets: Deleting an ApkAssets object '/vendor/overlay/TeleService__sdk_gphone64_arm64__auto_generated_rro_vendor.apk' with 1 weak references
03-12 10:05:22.854  1362  1377 W .apps.wellbeing: ApkAssets: Deleting an ApkAssets object '/product/overlay/TeleService__sdk_gphone64_arm64__auto_generated_rro_product.apk' with 1 weak references
03-12 10:05:22.854  1362  1377 W .apps.wellbeing: ApkAssets: Deleting an ApkAssets object '<empty> and /system/priv-app/Shell/Shell.apk' with 1 weak references
03-12 10:05:22.854  1362  1377 W .apps.wellbeing: ApkAssets: Deleting an ApkAssets object '<empty> and /system/priv-app/BlockedNumberProvider/BlockedNumberProvider.apk' with 1 weak references
03-12 10:05:22.854  1362  1377 W .apps.wellbeing: ApkAssets: Deleting an ApkAssets object '<empty> and /system/priv-app/UserDictionaryProvider/UserDictionaryProvider.apk' with 1 weak references
03-12 10:05:22.854  1362  1377 W .apps.wellbeing: ApkAssets: Deleting an ApkAssets object '<empty> and /system_ext/app/EmergencyInfoGoogleNoUi/EmergencyInfoGoogleNoUi.apk' with 1 weak references
03-12 10:05:22.854  1362  1377 W .apps.wellbeing: ApkAssets: Deleting an ApkAssets object '<empty> and /product/overlay/NavigationBarModeGestural/NavigationBarModeGesturalOverlay.apk' with 1 weak references
03-12 10:05:22.854  1362  1377 W .apps.wellbeing: ApkAssets: Deleting an ApkAssets object '<empty> and /system/priv-app/FusedLocation/FusedLocation.apk' with 1 weak references
03-12 10:05:22.854  1362  1377 W .apps.wellbeing: ApkAssets: Deleting an ApkAssets object '<empty> and /system_ext/priv-app/SystemUIGoogle/SystemUIGoogle.apk' with 1 weak references
03-12 10:05:22.854  1362  1377 W .apps.wellbeing: ApkAssets: Deleting an ApkAssets object '/vendor/overlay/SystemUIGoogle__sdk_gphone64_arm64__auto_generated_rro_vendor.apk' with 1 weak references
03-12 10:05:22.854  1362  1377 W .apps.wellbeing: ApkAssets: Deleting an ApkAssets object '/product/overlay/SystemUIGoogle__sdk_gphone64_arm64__auto_generated_rro_product.apk' with 1 weak references
03-12 10:05:22.854  1362  1377 W .apps.wellbeing: ApkAssets: Deleting an ApkAssets object '/product/overlay/SystemUIEmulationPixel9/SystemUIEmulationPixel9Overlay.apk' with 1 weak references
03-12 10:05:22.855  1362  1377 W .apps.wellbeing: ApkAssets: Deleting an ApkAssets object '<empty> and /product/app/YouTubeMusicPrebuilt/YouTubeMusicPrebuilt.apk' with 1 weak references
03-12 10:05:22.855  1362  1377 W .apps.wellbeing: ApkAssets: Deleting an ApkAssets object '<empty> and /system/app/BluetoothMidiService/BluetoothMidiService.apk' with 1 weak references
03-12 10:05:22.855  1362  1377 W .apps.wellbeing: ApkAssets: Deleting an ApkAssets object '<empty> and /system/app/Traceur/Traceur.apk' with 1 weak references
03-12 10:05:22.855  1362  1377 W .apps.wellbeing: ApkAssets: Deleting an ApkAssets object '<empty> and /apex/com.android.cellbroadcast/priv-app/GoogleCellBroadcastApp@350820300/GoogleCellBroadcastApp.apk' with 1 weak references
03-12 10:05:22.855  1362  1377 W .apps.wellbeing: ApkAssets: Deleting an ApkAssets object '<empty> and /system/priv-app/ContactsProvider/ContactsProvider.apk' with 1 weak references
03-12 10:05:22.855  1362  1377 W .apps.wellbeing: ApkAssets: Deleting an ApkAssets object '/product/overlay/ContactsProvider__sdk_gphone64_arm64__auto_generated_rro_product.apk' with 1 weak references
03-12 10:05:22.855  1362  1377 W .apps.wellbeing: ApkAssets: Deleting an ApkAssets object '<empty> and /product/app/LatinIMEGooglePrebuilt/LatinIMEGooglePrebuilt.apk' with 1 weak references
03-12 10:05:22.855  1362  1377 W .apps.wellbeing: ApkAssets: Deleting an ApkAssets object '<empty> and /product/priv-app/GoogleRestorePrebuilt-v526684/GoogleRestorePrebuilt-v526684.apk' with 1 weak references
03-12 10:05:23.381  8804  8903 W Settings: Setting always_finish_activities has moved from android.provider.Settings.System to android.provider.Settings.Global, returning read-only value.
03-12 10:05:23.391   578   835 V GrammaticalInflectionUtils: AttributionSource: android.content.AttributionSource@e95d0744 does not have READ_SYSTEM_GRAMMATICAL_GENDER permission.
03-12 10:05:23.428  8804  8804 D LifecycleMonitor: Lifecycle status change: com.example.group8_bartertrader.SubmitForm@d2ee4da in: PAUSED
03-12 10:05:23.428  8804  8804 V ActivityScenario: Update currentActivityStage to PAUSED, currentActivity=com.example.group8_bartertrader.SubmitForm@d2ee4da
03-12 10:05:23.428  8804  8804 V ActivityScenario: Activity lifecycle changed event received but ignored because the intent does not match. startActivityIntent=Intent { flg=0x10008000 cmp=com.example.group8_bartertrader/.SubmitForm (has extras) }, activity.getIntent()=Intent { act=android.intent.action.MAIN cat=[android.intent.category.LAUNCHER] flg=0x10008000 cmp=com.example.group8_bartertrader/.SubmitForm }, activity=com.example.group8_bartertrader.SubmitForm@d2ee4da
03-12 10:05:23.447   406   406 I BpBinder: onLastStrongRef automatically unlinking death recipients:
03-12 10:05:23.475  8804  8804 D LifecycleMonitor: Lifecycle status change: com.example.group8_bartertrader.SubmitForm@23c09a7 in: PRE_ON_CREATE
03-12 10:05:23.475  8804  8804 V ActivityScenario: Activity lifecycle changed event received but ignored because the intent does not match. startActivityIntent=Intent { act=android.intent.action.MAIN cat=[android.intent.category.LAUNCHER] flg=0x10008000 cmp=com.example.group8_bartertrader/.SubmitForm }, activity.getIntent()=Intent { flg=0x10008000 cmp=com.example.group8_bartertrader/.SubmitForm (has extras) }, activity=com.example.group8_bartertrader.SubmitForm@23c09a7
03-12 10:05:23.475  8804  8804 V ActivityScenario: Activity lifecycle changed event received but ignored because the reported transition was not ON_CREATE while the last known transition was PRE_ON_CREATE
03-12 10:05:23.476   578   762 D InetDiagMessage: Destroyed 0 sockets, proto=IPPROTO_TCP, family=AF_INET, states=14
03-12 10:05:23.476   578   762 D InetDiagMessage: Destroyed 0 sockets, proto=IPPROTO_TCP, family=AF_INET6, states=14
03-12 10:05:23.477   578   762 D InetDiagMessage: Destroyed live tcp sockets for uids={10143} in 1ms
03-12 10:05:23.477   578   762 D InetDiagMessage: Destroyed 0 sockets, proto=IPPROTO_TCP, family=AF_INET, states=14
03-12 10:05:23.477   578   762 D InetDiagMessage: Destroyed 0 sockets, proto=IPPROTO_TCP, family=AF_INET6, states=14
03-12 10:05:23.477   578   762 D InetDiagMessage: Destroyed live tcp sockets for uids={20143} in 1ms
03-12 10:05:23.523  8804  8814 I p8_bartertrader: Background concurrent mark compact GC freed 4782KB AllocSpace bytes, 27(796KB) LOS objects, 49% free, 5307KB/10MB, paused 209us,5.959ms total 82.561ms
03-12 10:05:23.544  8804  8804 D LifecycleMonitor: Lifecycle status change: com.example.group8_bartertrader.SubmitForm@23c09a7 in: CREATED
03-12 10:05:23.544  8804  8804 V ActivityScenario: Activity lifecycle changed event received but ignored because the intent does not match. startActivityIntent=Intent { act=android.intent.action.MAIN cat=[android.intent.category.LAUNCHER] flg=0x10008000 cmp=com.example.group8_bartertrader/.SubmitForm }, activity.getIntent()=Intent { flg=0x10008000 cmp=com.example.group8_bartertrader/.SubmitForm (has extras) }, activity=com.example.group8_bartertrader.SubmitForm@23c09a7
03-12 10:05:23.544  8804  8804 V ActivityScenario: Update currentActivityStage to CREATED, currentActivity=com.example.group8_bartertrader.SubmitForm@23c09a7
03-12 10:05:23.546  8804  8804 D LifecycleMonitor: Lifecycle status change: com.example.group8_bartertrader.SubmitForm@23c09a7 in: STARTED
03-12 10:05:23.546  8804  8804 V ActivityScenario: Activity lifecycle changed event received but ignored because the intent does not match. startActivityIntent=Intent { act=android.intent.action.MAIN cat=[android.intent.category.LAUNCHER] flg=0x10008000 cmp=com.example.group8_bartertrader/.SubmitForm }, activity.getIntent()=Intent { flg=0x10008000 cmp=com.example.group8_bartertrader/.SubmitForm (has extras) }, activity=com.example.group8_bartertrader.SubmitForm@23c09a7
03-12 10:05:23.546  8804  8804 V ActivityScenario: Update currentActivityStage to STARTED, currentActivity=com.example.group8_bartertrader.SubmitForm@23c09a7
03-12 10:05:23.548  8804  8804 D LifecycleMonitor: Lifecycle status change: com.example.group8_bartertrader.SubmitForm@23c09a7 in: RESUMED
03-12 10:05:23.549  8804  8804 V ActivityScenario: Activity lifecycle changed event received but ignored because the intent does not match. startActivityIntent=Intent { act=android.intent.action.MAIN cat=[android.intent.category.LAUNCHER] flg=0x10008000 cmp=com.example.group8_bartertrader/.SubmitForm }, activity.getIntent()=Intent { flg=0x10008000 cmp=com.example.group8_bartertrader/.SubmitForm (has extras) }, activity=com.example.group8_bartertrader.SubmitForm@23c09a7
03-12 10:05:23.549  8804  8804 V ActivityScenario: Update currentActivityStage to RESUMED, currentActivity=com.example.group8_bartertrader.SubmitForm@23c09a7
03-12 10:05:23.557  8804  8804 D VRI[SubmitForm]: visibilityChanged oldVisibility=true newVisibility=false
03-12 10:05:23.595   858  1002 D EGL_emulation: app_time_stats: avg=933.14ms min=10.79ms max=2573.64ms count=3
03-12 10:05:23.616   578   628 I ActivityTaskManager: Displayed com.example.group8_bartertrader/.SubmitForm for user 0: +227ms
03-12 10:05:23.629  8804  8804 D LifecycleMonitor: Lifecycle status change: com.example.group8_bartertrader.SubmitForm@d2ee4da in: STOPPED
03-12 10:05:23.630  8804  8804 V ActivityScenario: Update currentActivityStage to STOPPED, currentActivity=com.example.group8_bartertrader.SubmitForm@d2ee4da
03-12 10:05:23.630  8804  8804 V ActivityScenario: Activity lifecycle changed event received but ignored because the intent does not match. startActivityIntent=Intent { flg=0x10008000 cmp=com.example.group8_bartertrader/.SubmitForm (has extras) }, activity.getIntent()=Intent { act=android.intent.action.MAIN cat=[android.intent.category.LAUNCHER] flg=0x10008000 cmp=com.example.group8_bartertrader/.SubmitForm }, activity=com.example.group8_bartertrader.SubmitForm@d2ee4da
03-12 10:05:23.632  8804  8903 W SurfaceComposerClient: Sync transaction timed out waiting for commit callback.
03-12 10:05:23.639   858   943 W WindowOnBackDispatcher: sendCancelIfRunning: isInProgress=false callback=android.view.ViewRootImpl$$ExternalSyntheticLambda11@c501b04
03-12 10:05:23.640   578   835 W InputManager-JNI: Input channel object '3d6d88 Splash Screen com.example.group8_bartertrader (client)' was disposed without first being removed with the input manager!
03-12 10:05:23.642  8804  8804 D LifecycleMonitor: Lifecycle status change: com.example.group8_bartertrader.SubmitForm@d2ee4da in: DESTROYED
03-12 10:05:23.642  8804  8804 V ActivityScenario: Update currentActivityStage to DESTROYED, currentActivity=null
03-12 10:05:23.643  8804  8804 V ActivityScenario: Activity lifecycle changed event received but ignored because the intent does not match. startActivityIntent=Intent { flg=0x10008000 cmp=com.example.group8_bartertrader/.SubmitForm (has extras) }, activity.getIntent()=Intent { act=android.intent.action.MAIN cat=[android.intent.category.LAUNCHER] flg=0x10008000 cmp=com.example.group8_bartertrader/.SubmitForm }, activity=com.example.group8_bartertrader.SubmitForm@d2ee4da
03-12 10:05:23.643  8804  8804 W WindowOnBackDispatcher: sendCancelIfRunning: isInProgress=false callback=android.view.ViewRootImpl$$ExternalSyntheticLambda11@e4de809
03-12 10:05:23.646   578  1658 W InputManager-JNI: Input channel object '18c78b9 com.example.group8_bartertrader/com.example.group8_bartertrader.SubmitForm (client)' was disposed without first being removed with the input manager!
03-12 10:05:23.654   578   721 I ImeTracker: com.example.group8_bartertrader:fa6618ab: onRequestHide at ORIGIN_SERVER reason HIDE_UNSPECIFIED_WINDOW fromUser false
03-12 10:05:23.654   578   721 I ImeTracker: com.example.group8_bartertrader:fa6618ab: onCancelled at PHASE_SERVER_SHOULD_HIDE
03-12 10:05:23.670  1339  1339 I GoogleInputMethodService: GoogleInputMethodService.onFinishInput():3157
03-12 10:05:23.678  1339  1339 I GoogleInputMethodService: GoogleInputMethodService.updateDeviceLockedStatus():2248 repeatCheckTimes = 0, locked = false
03-12 10:05:23.678  1339  1339 I GoogleInputMethodService: GoogleInputMethodService.onStartInput():1986 onStartInput(EditorInfo{EditorInfo{packageName=com.example.group8_bartertrader, inputType=0, inputTypeString=NULL, enableLearning=false, autoCorrection=false, autoComplete=false, imeOptions=0, privateImeOptions=null, actionName=UNSPECIFIED, actionLabel=null, initialSelStart=-1, initialSelEnd=-1, initialCapsMode=0, label=null, fieldId=0, fieldName=null, extras=null, hintText=null, hintLocales=[]}}, false)
03-12 10:05:23.678  1339  1339 I GoogleInputMethodService: GoogleInputMethodService.updateDeviceLockedStatus():2248 repeatCheckTimes = 1, locked = false
03-12 10:05:23.679  1339  1339 I AndroidIME: InputBundleManager.loadActiveInputBundleId():450 loadActiveInputBundleId: und-Latn-x-password, password
03-12 10:05:23.684  8804  8903 I UiAutomation: Initialized for user 0 on display 0
03-12 10:05:23.742   578   578 W IPCThreadState: Sending oneway calls to frozen process.
03-12 10:05:23.742   578   578 W IPCThreadState: Sending oneway calls to frozen process.
03-12 10:05:23.742   578   578 W IPCThreadState: Sending oneway calls to frozen process.
03-12 10:05:23.746   578   578 W IPCThreadState: Sending oneway calls to frozen process.
03-12 10:05:23.746   578   578 W IPCThreadState: Sending oneway calls to frozen process.
03-12 10:05:23.746   578   578 W IPCThreadState: Sending oneway calls to frozen process.
03-12 10:05:23.751   578   578 W IPCThreadState: Sending oneway calls to frozen process.
03-12 10:05:23.751   578   578 W IPCThreadState: Sending oneway calls to frozen process.
03-12 10:05:23.751   578   578 W IPCThreadState: Sending oneway calls to frozen process.
03-12 10:05:23.753  1423  4347 I AiAiEcho: Settings changed for uri: content://settings/secure/accessibility_enabled
03-12 10:05:23.788  1423  1675 I AiAiEcho: Predicting[0]:  [CONTEXT sampling_count=5 ]
03-12 10:05:23.789  1423  1675 I AiAiEcho: EchoTargets:
03-12 10:05:23.789  1423  1675 I AiAiEcho: Filtered by AiAi flag check:
03-12 10:05:23.789  1423  1675 I AiAiEcho: [CONTEXT ratelimit_period="10 SECONDS" ]
03-12 10:05:23.789  1423  1675 I AiAiEcho: Ranked targets strategy: SORT, count: 0, ranking metadata:  [CONTEXT ratelimit_period="10 SECONDS" ]
03-12 10:05:23.789  1423  1675 I AiAiEcho: #remoteViewsTwiddler: feature disabled.
03-12 10:05:23.789  1423  1675 I AiAiEcho: Predicting[0]:  [CONTEXT sampling_count=5 ]
03-12 10:05:23.789  1423  1675 I AiAiEcho: EchoTargets:
03-12 10:05:23.789  1423  1675 I AiAiEcho: Filtered by AiAi flag check:
03-12 10:05:23.789  1423  1675 I AiAiEcho: [CONTEXT ratelimit_period="10 SECONDS" ]
03-12 10:05:23.789  1423  1675 I AiAiEcho: Ranked targets strategy: SORT, count: 0, ranking metadata:  [CONTEXT ratelimit_period="10 SECONDS" ]
03-12 10:05:23.789  1423  1675 I AiAiEcho: #remoteViewsTwiddler: feature disabled.
03-12 10:05:23.789  1423  1675 I AiAiEcho: Predicting[0]:  [CONTEXT sampling_count=5 ]
03-12 10:05:23.789  1423  1675 I AiAiEcho: EchoTargets:
03-12 10:05:23.789  1423  1675 I AiAiEcho: Filtered by AiAi flag check:
03-12 10:05:23.789  1423  1675 I AiAiEcho: [CONTEXT ratelimit_period="10 SECONDS" ]
03-12 10:05:23.789  1423  1675 I AiAiEcho: Ranked targets strategy: SORT, count: 0, ranking metadata:  [CONTEXT ratelimit_period="10 SECONDS" ]
03-12 10:05:23.789  1423  1675 I AiAiEcho: #remoteViewsTwiddler: feature disabled.
03-12 10:05:23.823  1423  1675 I AiAiEcho: #postPredictionTargets: Sending updates to UISurface media_data_manager with targets# 0 (types=[])
03-12 10:05:23.823  1423  1675 I AiAiEcho: #postPredictionTargets: Sending updates to UISurface lockscreen with targets# 0 (types=[])
03-12 10:05:23.823  1423  1675 I AiAiEcho: #postPredictionTargets: Sending updates to UISurface home with targets# 0 (types=[])
03-12 10:05:23.850  8804  8965 D ProfileInstaller: Installing profile for com.example.group8_bartertrader
03-12 10:05:23.930   858   858 D SsMediaDataProvider: Forwarding Smartspace updates []
03-12 10:05:23.930   858   858 W PageIndicator: Total number of pages invalid: 0. Assuming 1 page.
03-12 10:05:23.945  8804  8903 W FileTestStorage: Output properties is not supported.
03-12 10:05:23.959  8804  8903 I Tracing : Tracer added: class androidx.test.platform.tracing.AndroidXTracer
03-12 10:05:23.963  8804  8903 D EventInjectionStrategy: Creating injection strategy with input manager.
03-12 10:05:23.963  8804  8903 W p8_bartertrader: Accessing hidden method Landroid/hardware/input/InputManager;->getInstance()Landroid/hardware/input/InputManager; (unsupported, reflection, allowed)
03-12 10:05:23.972  8804  8903 W p8_bartertrader: Accessing hidden method Landroid/hardware/input/InputManager;->injectInputEvent(Landroid/view/InputEvent;I)Z (unsupported, reflection, allowed)
03-12 10:05:23.972  8804  8903 W p8_bartertrader: Accessing hidden field Landroid/hardware/input/InputManager;->INJECT_INPUT_EVENT_MODE_WAIT_FOR_FINISH:I (unsupported, reflection, allowed)
03-12 10:05:23.979  8804  8804 W p8_bartertrader: Accessing hidden method Landroid/os/MessageQueue;->next()Landroid/os/Message; (unsupported, reflection, allowed)
03-12 10:05:23.979  8804  8804 W p8_bartertrader: Accessing hidden field Landroid/os/MessageQueue;->mMessages:Landroid/os/Message; (unsupported, reflection, allowed)
03-12 10:05:23.979  8804  8804 W p8_bartertrader: Accessing hidden method Landroid/os/Message;->recycleUnchecked()V (unsupported, reflection, allowed)
03-12 10:05:23.982  8804  8804 I ViewInteraction: Performing 'replace text(Test Offer Item)' action on view view.getId() is <2131296652/com.example.group8_bartertrader:id/productName>
03-12 10:05:24.037  8724  8834 I Finsky:background: [52] pfw.d(124): playLoggingServerUrl: https://play.googleapis.com/play/log
03-12 10:05:24.037  8724  8834 I Finsky:background: [52] pfw.d(143): playLoggingServerTimestampUrl: https://play.googleapis.com/play/log/timestamp
03-12 10:05:24.047  8804  8804 I ViewInteraction: Performing 'close keyboard' action on view view.getId() is <2131296652/com.example.group8_bartertrader:id/productName>
03-12 10:05:24.048  8804  8804 D IdlingRegistry: Registering idling resources: [androidx.test.espresso.action.CloseKeyboardAction$CloseKeyboardIdlingResult@420dc85]
03-12 10:05:24.048  8804  8804 I ImeTracker: com.example.group8_bartertrader:e74422f9: onRequestHide at ORIGIN_CLIENT reason HIDE_SOFT_INPUT fromUser false
03-12 10:05:24.062   578   721 I ImeTracker: com.example.group8_bartertrader:e74422f9: onCancelled at PHASE_SERVER_SHOULD_HIDE
03-12 10:05:24.074  1070  8500 W GetConfigSnapshotOp: Succeeded but not registered: com.google.android.libraries.performance.primes#com.android.vending [CONTEXT service_id=51 ]
03-12 10:05:24.112  1024  1024 V InlineSuggestionRenderService: handleDestroySuggestionViews called for 0:352274728
03-12 10:05:24.160  8804  8804 I AssistStructure: Flattened final assist data: 2508 bytes, containing 1 windows, 11 views
03-12 10:05:24.166  1024  1024 V InlineSuggestionRenderService: handleDestroySuggestionViews called for 0:360145281
03-12 10:05:24.197  1339  1339 W AndroidSpellCheckerService: AndroidSpellCheckerService.initialize():73 initialize...
03-12 10:05:24.207  1339  1339 I ShortcutsDataManager: ShortcutsDataManager.onContentChanged():72 onContentChanged()
03-12 10:05:24.210  1339  1339 I ContactsDataManager: ContactsDataManager.onContentChanged():159 onContentChanged()
03-12 10:05:24.316  1339  1339 W AndroidSpellCheckerService: AndroidSpellCheckerService.initialize():83 initialize...done
03-12 10:05:24.346  1339  2155 I AndroidSpellCheckerService: AndroidSpellCheckerService.createSession():139 com.google.android.keyboard.client.delight5.LanguageIdentifier@b81792b is created
03-12 10:05:24.466  8804  8804 D IdlingRegistry: Unregistering idling resources: [androidx.test.espresso.action.CloseKeyboardAction$CloseKeyboardIdlingResult@420dc85]
03-12 10:05:24.469  8804  8804 I ViewInteraction: Performing 'replace text(Test Offer Description)' action on view view.getId() is <2131296650/com.example.group8_bartertrader:id/productDescription>
03-12 10:05:24.476  1339  2155 I AndroidSpellCheckerService: AndroidSpellCheckerService.createSession():139 com.google.android.keyboard.client.delight5.LanguageIdentifier@52f945d is created
03-12 10:05:24.482  8804  8804 I ViewInteraction: Performing 'close keyboard' action on view view.getId() is <2131296650/com.example.group8_bartertrader:id/productDescription>
03-12 10:05:24.483  8804  8804 D IdlingRegistry: Registering idling resources: [androidx.test.espresso.action.CloseKeyboardAction$CloseKeyboardIdlingResult@252cce7]
03-12 10:05:24.483  8804  8804 I ImeTracker: com.example.group8_bartertrader:2e4f6162: onRequestHide at ORIGIN_CLIENT reason HIDE_SOFT_INPUT fromUser false
03-12 10:05:24.484   578   721 I ImeTracker: com.example.group8_bartertrader:2e4f6162: onCancelled at PHASE_SERVER_SHOULD_HIDE
03-12 10:05:24.538   578   762 W IPCThreadState: Sending oneway calls to frozen process.
03-12 10:05:24.539   578   762 W IPCThreadState: Sending oneway calls to frozen process.
03-12 10:05:24.540   578   762 W IPCThreadState: Sending oneway calls to frozen process.
03-12 10:05:24.540   578   762 W IPCThreadState: Sending oneway calls to frozen process.
03-12 10:05:24.540   578   762 W IPCThreadState: Sending oneway calls to frozen process.
03-12 10:05:24.541   578   762 W IPCThreadState: Sending oneway calls to frozen process.
03-12 10:05:24.543  1070  1505 I NullBinder: NullBinder for android.net.action.RECOMMEND_NETWORKS triggering remote TransactionTooLargeException due to Service without Chimera impl
03-12 10:05:24.543  1070  1505 W .gms.persistent: Large reply transaction of 1056768 bytes, interface descriptor , code 1
03-12 10:05:24.543   578   762 W IPCThreadState: Sending oneway calls to frozen process.
03-12 10:05:24.544   578   762 W IPCThreadState: Sending oneway calls to frozen process.
03-12 10:05:24.544   578   762 W IPCThreadState: Sending oneway calls to frozen process.
03-12 10:05:24.545   578   762 W IPCThreadState: Sending oneway calls to frozen process.
03-12 10:05:24.545  1479  2468 I BugleRcsEngine: handleMessage processing message:[NOTIFY_UPTIME_IGNORE_STATE_CHANGED] with [non-null]:RcsEngineImpl reference [CONTEXT log_prefix="RcsEngineImpl[DUAL_REG]:[eeb3e96e-c936]>Handler" thread_id=63 ]
03-12 10:05:24.546  1479  2037 I BugleRcsEngine: Connected state: [1], networkType: [WIFI] [CONTEXT thread_id=56 ]
03-12 10:05:24.560  1479  2468 I BugleRcsEngine: No RCS Configuration was found in Bugle for simID: redacted-pii:sim_id[chars:20,last3:897] [CONTEXT log_prefix="ProvisioningEngineDataRetriever" thread_id=63 ]
03-12 10:05:24.787  8804  8804 D IdlingRegistry: Unregistering idling resources: [androidx.test.espresso.action.CloseKeyboardAction$CloseKeyboardIdlingResult@252cce7]
03-12 10:05:24.788  8804  8903 W p8_bartertrader: Accessing hidden method Landroid/view/ViewConfiguration;->getDoubleTapMinTime()I (unsupported, reflection, allowed)
03-12 10:05:24.790  8804  8804 I ViewInteraction: Performing 'single click' action on view view.getId() is <2131296649/com.example.group8_bartertrader:id/productCategory>
03-12 10:05:24.834  8804  8907 D EGL_emulation: app_time_stats: avg=204.47ms min=8.50ms max=434.84ms count=6
03-12 10:05:25.169  8804  8804 I ViewInteraction: Performing 'single click' action on view an instance of android.widget.TextView and view.getText() with or without transformation to match: is "Electronics"
03-12 10:05:25.321  8804  8804 W WindowOnBackDispatcher: sendCancelIfRunning: isInProgress=false callback=android.view.ViewRootImpl$$ExternalSyntheticLambda11@8aaf0f5
03-12 10:05:25.324   578  1721 W InputManager-JNI: Input channel object '87372a7 PopupWindow:b8d487e (client)' was disposed without first being removed with the input manager!
03-12 10:05:25.326   578   721 I ImeTracker: com.example.group8_bartertrader:1fff8d84: onRequestHide at ORIGIN_SERVER reason HIDE_SAME_WINDOW_FOCUSED_WITHOUT_EDITOR fromUser false
03-12 10:05:25.326   578   721 I ImeTracker: com.example.group8_bartertrader:1fff8d84: onCancelled at PHASE_SERVER_SHOULD_HIDE
03-12 10:05:25.327  1339  1339 I GoogleInputMethodService: GoogleInputMethodService.onFinishInput():3157
03-12 10:05:25.328  1339  1339 I GoogleInputMethodService: GoogleInputMethodService.updateDeviceLockedStatus():2248 repeatCheckTimes = 0, locked = false
03-12 10:05:25.334  1339  1339 I GoogleInputMethodService: GoogleInputMethodService.onStartInput():1986 onStartInput(EditorInfo{EditorInfo{packageName=com.example.group8_bartertrader, inputType=0, inputTypeString=NULL, enableLearning=false, autoCorrection=false, autoComplete=false, imeOptions=0, privateImeOptions=null, actionName=UNSPECIFIED, actionLabel=null, initialSelStart=-1, initialSelEnd=-1, initialCapsMode=0, label=null, fieldId=0, fieldName=null, extras=null, hintText=null, hintLocales=[]}}, false)
03-12 10:05:25.334  1339  1339 I GoogleInputMethodService: GoogleInputMethodService.updateDeviceLockedStatus():2248 repeatCheckTimes = 1, locked = false
03-12 10:05:25.335  1339  1339 I AndroidIME: InputBundleManager.loadActiveInputBundleId():450 loadActiveInputBundleId: und-Latn-x-password, password
03-12 10:05:25.337  1339  1339 I ShortcutsDataManager: AbstractContentDataManager.startImportContentTask():240 startImportContentTask()
03-12 10:05:25.347  1339  2214 I ShortcutsDataManager: AbstractContentDataManager$ImportContentTask.doInBackground():255 doInBackground()
03-12 10:05:25.355  1339  2214 I PersonalDictionaryDataHandler: PersonalDictionaryDataHandler.beginProcess():114 LanguageTags = [en-US]
03-12 10:05:25.359   578   988 V GrammaticalInflectionUtils: AttributionSource: android.content.AttributionSource@d3bdf25 does not have READ_SYSTEM_GRAMMATICAL_GENDER permission.
03-12 10:05:25.420   401   794 D audioserver: logFgsApiBegin: FGS Logger Transaction failed, -129
03-12 10:05:25.425   363   363 D Zygote  : Forked child process 8993
03-12 10:05:25.428   578   988 W AS.PlaybackActivityMon: No piid assigned for invalid/internal port id 15
03-12 10:05:25.468  8804  8804 I ViewInteraction: Performing 'single click' action on view view.getId() is <2131296479/com.example.group8_bartertrader:id/getLocationButton>
03-12 10:05:25.485  8993  8993 I d.process.acore: Using CollectorTypeCMC GC.
03-12 10:05:25.489  8993  8993 E d.process.acore: Not starting debugger since process cannot load the jdwp agent.
03-12 10:05:25.495  8993  8993 D nativeloader: Load libframework-connectivity-tiramisu-jni.so using APEX ns com_android_tethering for caller /apex/com.android.tethering/javalib/framework-connectivity-t.jar: ok
03-12 10:05:25.514   401   794 D audioserver: logFgsApiBegin: FGS Logger Transaction failed, -129
03-12 10:05:25.515   578   988 W AS.PlaybackActivityMon: No piid assigned for invalid/internal port id 16
03-12 10:05:25.525  8993  8993 D nativeloader: Configuring clns-shared-7 for other apk /system/priv-app/UserDictionaryProvider/UserDictionaryProvider.apk. target_sdk_version=35, uses_libraries=, library_path=/system/priv-app/UserDictionaryProvider/lib/arm64:/system/lib64:/system_ext/lib64, permitted_path=/data:/mnt/expand:/data/user/0/com.android.providers.userdictionary:/system/priv-app/UserDictionaryProvider:/system/lib64:/system_ext/lib64
03-12 10:05:25.526  8993  8993 D CompatChangeReporter: Compat change id reported: 202956589; UID 10091; state: ENABLED
03-12 10:05:25.539  8993  8993 V GraphicsEnvironment: Currently set values for:
03-12 10:05:25.539  8993  8993 V GraphicsEnvironment:   angle_gl_driver_selection_pkgs=[]
03-12 10:05:25.539  8993  8993 V GraphicsEnvironment:   angle_gl_driver_selection_values=[]
03-12 10:05:25.539  8993  8993 V GraphicsEnvironment: Global.Settings values are invalid: number of packages: 0, number of values: 0
03-12 10:05:25.539  8993  8993 V GraphicsEnvironment: Neither updatable production driver nor prerelease driver is supported.
03-12 10:05:25.557  8993  8993 D nativeloader: Configuring clns-shared-8 for other apk /system/priv-app/BlockedNumberProvider/BlockedNumberProvider.apk. target_sdk_version=35, uses_libraries=, library_path=/system/priv-app/BlockedNumberProvider/lib/arm64:/system/lib64:/system_ext/lib64, permitted_path=/data:/mnt/expand:/data/user_de/0/com.android.providers.blockednumber:/system/priv-app/BlockedNumberProvider:/system/lib64:/system_ext/lib64
03-12 10:05:26.345   401   544 W AudioFlinger: write blocked for 836 msecs, 3 delayed writes, thread 13
03-12 10:05:26.404  1070  8639 I GmsCoreXrpcWrapper: (REDACTED) Returning a channel provider with trafficStatsTag=%d trafficStatsUid=%d
03-12 10:05:26.407  8993  8993 D nativeloader: Configuring clns-shared-9 for other apk /system/priv-app/ContactsProvider/ContactsProvider.apk. target_sdk_version=35, uses_libraries=, library_path=/system/priv-app/ContactsProvider/lib/arm64:/system/lib64:/system_ext/lib64, permitted_path=/data:/mnt/expand:/data/user/0/com.android.providers.contacts:/system/priv-app/ContactsProvider:/system/lib64:/system_ext/lib64
03-12 10:05:26.425   401   544 D AudioFlinger: mixer(0xb40000792211d8e0) throttle end: throttle time(27)
03-12 10:05:26.436  8993  8993 I ContactsPerf: VoicemailContentProvider.onCreate start
03-12 10:05:26.442   578   762 D InetDiagMessage: Destroyed 0 sockets, proto=IPPROTO_TCP, family=AF_INET, states=14
03-12 10:05:26.442   578   762 D InetDiagMessage: Destroyed 0 sockets, proto=IPPROTO_TCP, family=AF_INET6, states=14
03-12 10:05:26.442   578   762 D InetDiagMessage: Destroyed live tcp sockets for uids={10194} in 1ms
03-12 10:05:26.450  1750  1750 D BoundBrokerSvc: onUnbind: Intent { act=com.google.android.gms.feedback.internal.IFeedbackService dat=chimera-action:/... cmp=com.google.android.gms/.chimera.GmsBoundBrokerService }
03-12 10:05:26.460  8993  8993 I ContactsPerf: VoicemailContentProvider.onCreate finish
03-12 10:05:26.476  8993  8993 D nativeloader: Configuring clns-shared-10 for other apk /system/priv-app/E2eeContactKeysProvider/E2eeContactKeysProvider.apk. target_sdk_version=35, uses_libraries=, library_path=/system/priv-app/E2eeContactKeysProvider/lib/arm64:/system/lib64:/system_ext/lib64, permitted_path=/data:/mnt/expand:/data/user/0/com.android.providers.contactkeys:/system/priv-app/E2eeContactKeysProvider:/system/lib64:/system_ext/lib64
03-12 10:05:26.483  8993  9008 I PhoneAccountHandleMigrationUtils_CallLogDatabaseHelper: updatePhoneAccountHandleMigrationPendingStatus false
03-12 10:05:26.512   401   544 D audioserver: logFgsApiEnd: FGS Logger Transaction failed, -129
03-12 10:05:26.535   401   544 D audioserver: logFgsApiEnd: FGS Logger Transaction failed, -129
03-12 10:05:26.545  1070  3039 W GLSUser : [DeviceKeyStore] Cannot load key: Device key file not found.
03-12 10:05:26.545  1070  3039 W GLSUser : [DeviceKeyStore] Cannot load key: Device key file not found.
03-12 10:05:26.551  8993  8993 I ContactsDatabaseHelper: updateUseStrictPhoneNumberComparison: US
03-12 10:05:26.564  8993  8993 I ContactsDatabaseHelper: updateUseStrictPhoneNumberComparison: US
03-12 10:05:26.648  8993  9011 I PhoneAccountHandleMigrationUtils_CallLogDatabaseHelper: updatePhoneAccountHandleMigrationPendingStatus false
03-12 10:05:26.649  8993  9009 I PhoneAccountHandleMigrationUtils_CallLogDatabaseHelper: updatePhoneAccountHandleMigrationPendingStatus false
03-12 10:05:26.652  1339  2214 I ShortcutsDataManager: AbstractContentDataManager.importRecords():345 importRecords() : Success : Count = 0
03-12 10:05:26.662  8993  9012 D ContactsDatabaseHelper: WAL enabled for contacts2.db: true
03-12 10:05:26.672  8993  9008 I CallLogProvider: syncEntriesFrom: fromUserId=0, srcIsShadow=true, forAllUsers=false; previousTimeStamp=0, newTimeStamp=0, entries=0
03-12 10:05:26.674  8993  9008 I CallLogProvider: delete uid/pid=10091/8993, uri=content://call_log_shadow/calls, numChanged=0
03-12 10:05:26.708  8993  9008 I CallLogProvider: Syncing call composer pics -- source user=0, isShadow=true, forAllUser=false
03-12 10:05:26.708  8993  9008 I CallLogProvider: Fetching list of Uris to sync
03-12 10:05:26.710  8993  9008 I CallLogProvider: Will sync following Uris:[]
03-12 10:05:26.710  8993  9008 I CallLogProvider: Syncing call composer pics -- got []
03-12 10:05:26.738  1070  3323 D TrafficStats: tagSocket(123) with statsTag=0x2c000608, statsUid=10220
03-12 10:05:26.856  1339  2214 I ShortcutsDataManager: AbstractContentDataManager.importContentData():295 importContentData() : Ending import process
03-12 10:05:26.870  8993  9012 I PhoneAccountHandleMigrationUtils_ContactsDatabaseHelper: updatePhoneAccountHandleMigrationPendingStatus false
03-12 10:05:26.875  8993  9012 D CompatChangeReporter: Compat change id reported: 291868760; UID 10091; state: ENABLED
03-12 10:05:26.875  1339  2194 I Delight5Decoder: Delight5DecoderWrapper.unloadLanguageModel():943 unloadLanguageModel() : 4, version [n/a]
03-12 10:05:26.918  1070  3323 I cn_CronetUrlRequestContext: destroyNativeStreamLocked org.chromium.net.impl.CronetBidirectionalStream@5cd449e
03-12 10:05:26.958  8993  9012 I ContactLocale: AddressBook Labels [[en_US]]: [, A, B, C, D, E, F, G, H, I, J, K, L, M, N, O, P, Q, R, S, T, U, V, W, X, Y, Z, , , , , , , , , , , , , , , , , , , , , , , , , , , , , , , , , , , , , , , , , , , , , , , , , , , , , , , , , , , , , , , , , , , , , , , , , , , , , , , , , , , , , , , , , , , , , , , , , , , , , , , , , , , , , , , , , , , , , , , , , , , , , , , , , , , , , , , , , , , , , , , , , , , , , , , , , , , , , , , , , , , , , , , , , , , , , , , , , , , , , , , , , , , #, ]
03-12 10:05:26.968  8993  9012 D ContactsDatabaseHelper: WAL enabled for profile.db: false
03-12 10:05:26.990  1339  2155 I AndroidSpellCheckerService: AndroidSpellCheckerService.createSession():139 com.google.android.keyboard.client.delight5.LanguageIdentifier@938191e is created
03-12 10:05:27.008  8804  8907 D EGL_emulation: app_time_stats: avg=161.35ms min=1.91ms max=1460.26ms count=13
03-12 10:05:27.065  8804  8804 I ViewInteraction: Performing 'Wait for 2000 milliseconds.' action on view view.getRootView() to equal view
03-12 10:05:27.544   578   762 W IPCThreadState: Sending oneway calls to frozen process.
03-12 10:05:27.544   578   762 W IPCThreadState: Sending oneway calls to frozen process.
03-12 10:05:27.544   578   762 W IPCThreadState: Sending oneway calls to frozen process.
03-12 10:05:27.544   578   762 W IPCThreadState: Sending oneway calls to frozen process.
03-12 10:05:27.544   578   762 W IPCThreadState: Sending oneway calls to frozen process.
03-12 10:05:27.549   578   762 W IPCThreadState: Sending oneway calls to frozen process.
03-12 10:05:27.551   578   762 W IPCThreadState: Sending oneway calls to frozen process.
03-12 10:05:27.551   578   762 W IPCThreadState: Sending oneway calls to frozen process.
03-12 10:05:27.551  1479  2468 I BugleRcsEngine: handleMessage processing message:[NOTIFY_UPTIME_IGNORE_STATE_CHANGED] with [non-null]:RcsEngineImpl reference [CONTEXT log_prefix="RcsEngineImpl[DUAL_REG]:[eeb3e96e-c936]>Handler" thread_id=63 ]
03-12 10:05:27.552   578   762 W IPCThreadState: Sending oneway calls to frozen process.
03-12 10:05:27.552   578   762 W IPCThreadState: Sending oneway calls to frozen process.
03-12 10:05:27.554  1479  2037 I BugleRcsEngine: Connected state: [1], networkType: [WIFI] [CONTEXT thread_id=56 ]
03-12 10:05:27.571  1070  1505 I NullBinder: NullBinder for android.net.action.RECOMMEND_NETWORKS triggering remote TransactionTooLargeException due to Service without Chimera impl
03-12 10:05:27.571  1070  1505 W .gms.persistent: Large reply transaction of 1056768 bytes, interface descriptor , code 1
03-12 10:05:27.575  1479  2468 I BugleRcsEngine: No RCS Configuration was found in Bugle for simID: redacted-pii:sim_id[chars:20,last3:897] [CONTEXT log_prefix="ProvisioningEngineDataRetriever" thread_id=63 ]
03-12 10:05:27.646   578   762 D InetDiagMessage: Destroyed 1 sockets, proto=IPPROTO_TCP, family=AF_INET, states=14
03-12 10:05:27.647   578   762 D InetDiagMessage: Destroyed 2 sockets, proto=IPPROTO_TCP, family=AF_INET6, states=14
03-12 10:05:27.647   578   762 D InetDiagMessage: Destroyed live tcp sockets for uids={10142} in 2ms
03-12 10:05:27.658  8993  9012 D CompatChangeReporter: Compat change id reported: 279646685; UID 10091; state: ENABLED
03-12 10:05:27.684  8993  9012 V ContactsProvider: 0 Dangling Contacts have been cleaned up.
03-12 10:05:27.687  1339  2214 I PersonalLanguageModelUpdater: PersonalLanguageModelUpdater$UpdateOperation.performInternal():165 run() : Added 0 words and 0 shortcuts
03-12 10:05:27.687  1339  2214 I DynamicLanguageModelOperation: DynamicLanguageModelOperation.perform():43 perform() : 4 : dxm : Completed
03-12 10:05:27.690  1339  2194 I Delight5Decoder: Delight5DecoderWrapper.loadLanguageModel():730 loadLanguageModel() : 4, version [n/a]
03-12 10:05:27.693  1339  1339 I ShortcutsDataManager: AbstractContentDataManager$ImportContentTask.onPostExecute():266 onPostExecute() : Result = [2,0]
03-12 10:05:27.693  1339  1339 I ShortcutsDataManager: ShortcutsDataManager.onImportFinished():82 onImportFinished() : Result = 2 : Count = 0
03-12 10:05:27.698  1339  2194 I Delight5Decoder: Delight5DecoderWrapper.loadLanguageModel():771 Loaded dynamic LM 4.en
03-12 10:05:27.994   578   762 D InetDiagMessage: Destroyed 0 sockets, proto=IPPROTO_TCP, family=AF_INET, states=14
03-12 10:05:27.994   578   762 D InetDiagMessage: Destroyed 0 sockets, proto=IPPROTO_TCP, family=AF_INET6, states=14
03-12 10:05:27.994   578   762 D InetDiagMessage: Destroyed live tcp sockets for uids={10101} in 2ms
03-12 10:05:29.075  8804  8804 I ViewInteraction: Performing 'single click' action on view view.getId() is <2131296735/com.example.group8_bartertrader:id/submitProduct>
03-12 10:05:29.116  8804  8907 D EGL_emulation: app_time_stats: avg=2108.04ms min=2108.04ms max=2108.04ms count=1
03-12 10:05:29.139   401   794 D audioserver: logFgsApiBegin: FGS Logger Transaction failed, -129
03-12 10:05:29.141   578   988 W AS.PlaybackActivityMon: No piid assigned for invalid/internal port id 16
03-12 10:05:29.198  8804  8804 D Product Form: Product offered successfully
03-12 10:05:29.231  8804  8804 D LifecycleMonitor: Lifecycle status change: com.example.group8_bartertrader.SubmitForm@23c09a7 in: PAUSED
03-12 10:05:29.232  8804  8804 V ActivityScenario: Activity lifecycle changed event received but ignored because the intent does not match. startActivityIntent=Intent { act=android.intent.action.MAIN cat=[android.intent.category.LAUNCHER] flg=0x10008000 cmp=com.example.group8_bartertrader/.SubmitForm }, activity.getIntent()=Intent { flg=0x10008000 cmp=com.example.group8_bartertrader/.SubmitForm (has extras) }, activity=com.example.group8_bartertrader.SubmitForm@23c09a7
03-12 10:05:29.232  8804  8804 V ActivityScenario: Update currentActivityStage to PAUSED, currentActivity=com.example.group8_bartertrader.SubmitForm@23c09a7
03-12 10:05:29.233   406   406 I BpBinder: onLastStrongRef automatically unlinking death recipients:
03-12 10:05:29.257  1152  1152 I TopTaskTracker: onTaskMovedToFront: (moved taskInfo to front) taskId=44, baseIntent=Intent { act=android.intent.action.MAIN cat=[android.intent.category.LAUNCHER] flg=0x10200000 cmp=com.google.android.apps.maps/com.google.android.maps.MapsActivity }
03-12 10:05:29.313  8724  8738 W ding:background: Suspending all threads took: 23.237ms
03-12 10:05:29.324  8583  8594 W android.vending: Suspending all threads took: 15.456ms
03-12 10:05:29.367   578   835 D FileUtils: Rounded bytes from 7597248512 to 8000000000
03-12 10:05:29.373   401   544 D audioserver: logFgsApiEnd: FGS Logger Transaction failed, -129
03-12 10:05:29.422  8804  8903 I TestRunner: finished: testSubmitOffer(com.example.group8_bartertrader.SubmitFormUITest)
