03-11 21:10:29.056  9301  9319 I TestRunner: started: testSubmitOffer(com.example.group8_bartertrader.SubmitFormUITest)
03-11 21:10:29.066  9301  9319 W Settings: Setting always_finish_activities has moved from android.provider.Settings.System to android.provider.Settings.Global, returning read-only value.
03-11 21:10:29.072  9301  9321 E p8_bartertrader: No package ID 76 found for resource ID 0x760b000f.
03-11 21:10:29.073  9301  9321 E p8_bartertrader: No package ID 76 found for resource ID 0x760b000f.
03-11 21:10:29.076  9301  9321 I FA      : App measurement initialized, version: 118001
03-11 21:10:29.076  9301  9321 I FA      : To enable debug logging run: adb shell setprop log.tag.FA VERBOSE
03-11 21:10:29.077  9301  9321 I FA      : To enable faster debug mode event logging run:
03-11 21:10:29.077  9301  9321 I FA      :   adb shell setprop debug.firebase.analytics.app com.example.group8_bartertrader
03-11 21:10:29.095   598  1607 V GrammaticalInflectionUtils: AttributionSource: android.content.AttributionSource@19434f67 does not have READ_SYSTEM_GRAMMATICAL_GENDER permission.
03-11 21:10:29.139  2507  4468 E adservices.measurement: Consent notification has not been displayed.
03-11 21:10:29.146   408   408 I BpBinder: onLastStrongRef automatically unlinking death recipients:
03-11 21:10:29.153  2507  4470 W adservices: Skip logging because Cobalt logger is null
03-11 21:10:29.162  1184  1184 I TopTaskTracker: onTaskMovedToFront: (moved taskInfo to front) taskId=41, baseIntent=Intent { act=android.intent.action.MAIN cat=[android.intent.category.LAUNCHER] flg=0x10008000 cmp=com.example.group8_bartertrader/.SubmitForm }
03-11 21:10:29.377  1386  1386 D BoundBrokerSvc: onBind: Intent { act=com.google.android.gms.measurement.START pkg=com.google.android.gms }
03-11 21:10:29.377  1386  1386 D BoundBrokerSvc: Loading bound service for intent: Intent { act=com.google.android.gms.measurement.START pkg=com.google.android.gms }
03-11 21:10:29.401  9301  9301 D AppCompatDelegate: Checking for metadata for AppLocalesMetadataHolderService : Service not found
03-11 21:10:29.406   925  8693 D android.hardware.gnss-service.ranchu: GnssHwListener:consume:87 sz=64
03-11 21:10:29.414   925  8693 D android.hardware.gnss-service.ranchu: GnssHwListener:consume:87 sz=62
03-11 21:10:29.414   925  8693 D android.hardware.gnss-service.ranchu: Gnss:onGnssLocationCb:311
03-11 21:10:29.414   925  8693 D android.hardware.gnss-service.ranchu: Gnss:onGnssLocationCb:333
03-11 21:10:29.422  9301  9301 D LifecycleMonitor: Lifecycle status change: com.example.group8_bartertrader.SubmitForm@ac239b0 in: PRE_ON_CREATE
03-11 21:10:29.423  9301  9301 V ActivityScenario: Activity lifecycle changed event received but ignored because the reported transition was not ON_CREATE while the last known transition was PRE_ON_CREATE
03-11 21:10:29.446  5511  5546 D EGL_emulation: app_time_stats: avg=10283.21ms min=10283.21ms max=10283.21ms count=1
03-11 21:10:29.491  1157  1576 I FusedLocation: (REDACTED) location delivery to %s blocked - too close
03-11 21:10:29.506   388   388 I RanchuHwc: logCompositionFallbackIfChanged: layer 119 CompositionType fallback from 3 to 1
03-11 21:10:29.526  5511  5511 D VRI[MapsActivity]: visibilityChanged oldVisibility=true newVisibility=false
03-11 21:10:29.580  9301  9301 D CompatChangeReporter: Compat change id reported: 309578419; UID 10218; state: ENABLED
03-11 21:10:29.592  1157  9063 I FrewleTileCacheManagerV: (REDACTED) Fetched %d AP models from cache
03-11 21:10:29.599  9301  9330 D TrafficStats: tagSocket(117) with statsTag=0x8001, statsUid=-1
03-11 21:10:29.602  5511  5625 D EGL_emulation: app_time_stats: avg=2107.22ms min=2107.22ms max=2107.22ms count=1
03-11 21:10:29.651  9301  9301 W p8_bartertrader: Accessing hidden method Landroid/view/ViewGroup;->makeOptionalFitsSystemWindows()V (unsupported, reflection, allowed)
03-11 21:10:29.695  9301  9301 D CompatChangeReporter: Compat change id reported: 63938206; UID 10218; state: ENABLED
03-11 21:10:29.702  1157  4061 W GLSUser : [DeviceKeyStore] Cannot load key: Device key file not found.
03-11 21:10:29.702  1157  4061 W GLSUser : [DeviceKeyStore] Cannot load key: Device key file not found.
03-11 21:10:29.761  9301  9321 I FA      : Tag Manager is not found and thus will not be used
03-11 21:10:29.809  9301  9301 D CompatChangeReporter: Compat change id reported: 303326708; UID 10218; state: ENABLED
03-11 21:10:29.832  1157  3009 I cn_CronetUrlRequestContext: destroyNativeStreamLocked org.chromium.net.impl.CronetBidirectionalStream@61c17f0
03-11 21:10:29.843  1157  9194 I FrewleTileCacheManagerV: (REDACTED) Fetched %d AP models from cache
03-11 21:10:29.849  1157  1683 I ActivityScheduler: nextTriggerTime: 2334392, in 139923ms, detectorType: 39, FULL_TYPE alarmWindowMillis: 333
03-11 21:10:29.923  1390  2138 I AiAiTextClassifier: [VisualCortexAdapter]: provideRegistration: Registered Prominent Screen Entities for updates.
03-11 21:10:29.927  9301  9301 D LifecycleMonitor: Lifecycle status change: com.example.group8_bartertrader.SubmitForm@ac239b0 in: CREATED
03-11 21:10:29.928  9301  9301 V ActivityScenario: Update currentActivityStage to CREATED, currentActivity=com.example.group8_bartertrader.SubmitForm@ac239b0
03-11 21:10:29.936  9301  9301 D LifecycleMonitor: Lifecycle status change: com.example.group8_bartertrader.SubmitForm@ac239b0 in: STARTED
03-11 21:10:29.937  9301  9301 V ActivityScenario: Update currentActivityStage to STARTED, currentActivity=com.example.group8_bartertrader.SubmitForm@ac239b0
03-11 21:10:29.942  9301  9301 D LifecycleMonitor: Lifecycle status change: com.example.group8_bartertrader.SubmitForm@ac239b0 in: RESUMED
03-11 21:10:29.942  9301  9301 V ActivityScenario: Update currentActivityStage to RESUMED, currentActivity=com.example.group8_bartertrader.SubmitForm@ac239b0
03-11 21:10:29.954  9301  9301 W HWUI    : Unknown dataspace 0
03-11 21:10:30.055   408   660 W ServiceManagerCppClient: Permission failure: android.permission.ACCESS_SURFACE_FLINGER from uid=10218 pid=0
03-11 21:10:30.055   408   660 D PermissionCache: checking android.permission.ACCESS_SURFACE_FLINGER for uid=10218 => denied (372 us)
03-11 21:10:30.056   408   660 W ServiceManagerCppClient: Permission failure: android.permission.ROTATE_SURFACE_FLINGER from uid=10218 pid=0
03-11 21:10:30.056   408   660 D PermissionCache: checking android.permission.ROTATE_SURFACE_FLINGER for uid=10218 => denied (517 us)
03-11 21:10:30.056   408   514 W ServiceManagerCppClient: Permission failure: android.permission.ROTATE_SURFACE_FLINGER from uid=10218 pid=9301
03-11 21:10:30.056   408   514 D PermissionCache: checking android.permission.ROTATE_SURFACE_FLINGER for uid=10218 => denied (212 us)
03-11 21:10:30.056   408   660 W ServiceManagerCppClient: Permission failure: android.permission.INTERNAL_SYSTEM_WINDOW from uid=10218 pid=0
03-11 21:10:30.056   408   660 D PermissionCache: checking android.permission.INTERNAL_SYSTEM_WINDOW for uid=10218 => denied (542 us)
03-11 21:10:30.056   408   514 W ServiceManagerCppClient: Permission failure: android.permission.INTERNAL_SYSTEM_WINDOW from uid=10218 pid=9301
03-11 21:10:30.056   408   514 D PermissionCache: checking android.permission.INTERNAL_SYSTEM_WINDOW for uid=10218 => denied (449 us)
03-11 21:10:30.059  9301  9329 I EGL_emulation: Opening libGLESv1_CM_emulation.so
03-11 21:10:30.061  9301  9329 I EGL_emulation: Opening libGLESv2_emulation.so
03-11 21:10:30.080  9301  9329 W HWUI    : Failed to choose config with EGL_SWAP_BEHAVIOR_PRESERVED, retrying without...
03-11 21:10:30.080  9301  9329 W HWUI    : Failed to initialize 101010-2 format, error = EGL_SUCCESS
03-11 21:10:30.124   162   162 I hwservicemanager: getTransport: Cannot find entry android.hardware.graphics.mapper@4.0::IMapper/default in either framework or device VINTF manifest.
03-11 21:10:30.124  9301  9329 I Gralloc4: mapper 4.x is not supported
03-11 21:10:30.157  9301  9344 D TrafficStats: tagSocket(127) with statsTag=0xffffffff, statsUid=-1
03-11 21:10:30.217   598  1835 W ServiceManagerCppClient: Permission failure: android.permission.ACCESS_SURFACE_FLINGER from uid=10218 pid=0
03-11 21:10:30.217   598  1835 D PermissionCache: checking android.permission.ACCESS_SURFACE_FLINGER for uid=10218 => denied (131 us)
03-11 21:10:30.217   598  1835 W ServiceManagerCppClient: Permission failure: android.permission.ROTATE_SURFACE_FLINGER from uid=10218 pid=0
03-11 21:10:30.217   598  1835 D PermissionCache: checking android.permission.ROTATE_SURFACE_FLINGER for uid=10218 => denied (41 us)
03-11 21:10:30.217   598  1835 W ServiceManagerCppClient: Permission failure: android.permission.INTERNAL_SYSTEM_WINDOW from uid=10218 pid=0
03-11 21:10:30.217   598  1835 D PermissionCache: checking android.permission.INTERNAL_SYSTEM_WINDOW for uid=10218 => denied (12 us)
03-11 21:10:30.220   598   626 W ziparchive: Unable to open '/data/app/~~0JYRWmC6mi3Q5P6ZF7lFgg==/com.example.group8_bartertrader-L5O7521AO5omhkmfH693Kg==/base.dm': No such file or directory
03-11 21:10:30.240   598   626 I ActivityTaskManager: Displayed com.example.group8_bartertrader/.SubmitForm for user 0: +1s141ms
03-11 21:10:30.263   882   951 W WindowOnBackDispatcher: sendCancelIfRunning: isInProgress=false callback=android.view.ViewRootImpl$$ExternalSyntheticLambda11@b6387e4
03-11 21:10:30.265   598  1845 W InputManager-JNI: Input channel object 'd05dd94 Splash Screen com.example.group8_bartertrader (client)' was disposed without first being removed with the input manager!
03-11 21:10:30.269   598   735 I ImeTracker: com.example.group8_bartertrader:50e8a638: onRequestHide at ORIGIN_SERVER reason HIDE_UNSPECIFIED_WINDOW fromUser false
03-11 21:10:30.270   598   735 I ImeTracker: com.example.group8_bartertrader:50e8a638: onCancelled at PHASE_SERVER_SHOULD_HIDE
03-11 21:10:30.291  1386  9339 D AdvertisingIdClient: AdvertisingIdClient already created.
03-11 21:10:30.291  1386  9339 D AdvertisingIdClient: AdvertisingIdClient is not bounded. Starting to bind it...
03-11 21:10:30.308  1386  9339 D AdvertisingIdClient: AdvertisingIdClient is bounded
03-11 21:10:30.324  9301  9319 I FirebaseAuth: Logging in as testreset@gmail.com with empty reCAPTCHA token
03-11 21:10:30.333  1409  1409 I GoogleInputMethodService: GoogleInputMethodService.onFinishInput():3157
03-11 21:10:30.334  1157  9161 I FusedLocation: (REDACTED) stationary throttling engaged @%s
03-11 21:10:30.349   925  8693 D android.hardware.gnss-service.ranchu: GnssHwConn:workerThread:119
03-11 21:10:30.351   598   626 W AlarmManager: Unrecognized alarm listener com.android.server.location.gnss.GnssLocationProvider$$ExternalSyntheticLambda14@1c181df
03-11 21:10:30.351   598   626 W AlarmManager: Unrecognized alarm listener com.android.server.location.gnss.GnssLocationProvider$$ExternalSyntheticLambda13@6706e2c
03-11 21:10:30.368   925  9358 D android.hardware.gnss-service.ranchu: GnssHwConn:workerThread:70
03-11 21:10:30.369  1386  9339 I AdvertisingIdClient: shouldSendLog 54886
03-11 21:10:30.370   925  9358 D android.hardware.gnss-service.ranchu: GnssHwConn:workerThread:119
03-11 21:10:30.371  1386  9339 I AdvertisingIdClient: GetInfoInternal elapse 78ms
03-11 21:10:30.371   598   626 W AlarmManager: Unrecognized alarm listener com.android.server.location.gnss.GnssLocationProvider$$ExternalSyntheticLambda14@1c181df
03-11 21:10:30.371   598   626 W AlarmManager: Unrecognized alarm listener com.android.server.location.gnss.GnssLocationProvider$$ExternalSyntheticLambda13@6706e2c
03-11 21:10:30.375   925  9360 D android.hardware.gnss-service.ranchu: GnssHwConn:workerThread:70
03-11 21:10:30.381  1409  1409 I GoogleInputMethodService: GoogleInputMethodService.updateDeviceLockedStatus():2248 repeatCheckTimes = 0, locked = false
03-11 21:10:30.384  1409  1409 I GoogleInputMethodService: GoogleInputMethodService.onStartInput():1986 onStartInput(EditorInfo{EditorInfo{packageName=com.example.group8_bartertrader, inputType=0, inputTypeString=NULL, enableLearning=false, autoCorrection=false, autoComplete=false, imeOptions=0, privateImeOptions=null, actionName=UNSPECIFIED, actionLabel=null, initialSelStart=-1, initialSelEnd=-1, initialCapsMode=0, label=null, fieldId=0, fieldName=null, extras=null, hintText=null, hintLocales=[]}}, false)
03-11 21:10:30.385  1409  1409 I GoogleInputMethodService: GoogleInputMethodService.updateDeviceLockedStatus():2248 repeatCheckTimes = 1, locked = false
03-11 21:10:30.388  1409  1409 I AndroidIME: InputBundleManager.loadActiveInputBundleId():450 loadActiveInputBundleId: und-Latn-x-password, password
03-11 21:10:30.401  9301  9330 W System  : Ignoring header X-Firebase-Locale because its value was null.
03-11 21:10:30.414   925  9360 D android.hardware.gnss-service.ranchu: GnssHwListener:consume:87 sz=64
03-11 21:10:30.419   925  9360 D android.hardware.gnss-service.ranchu: GnssHwListener:consume:87 sz=62
03-11 21:10:30.419   925  9360 D android.hardware.gnss-service.ranchu: Gnss:onGnssLocationCb:311
03-11 21:10:30.419   925  9360 D android.hardware.gnss-service.ranchu: Gnss:onGnssLocationCb:321
03-11 21:10:30.456   882  1012 D EGL_emulation: app_time_stats: avg=30382.94ms min=30382.94ms max=30382.94ms count=1
03-11 21:10:30.463  1157  1173 I FontLog : (REDACTED) Received query %s, URI %s
03-11 21:10:30.468  1157  1173 I FontLog : (REDACTED) Query [%s] resolved to %s
03-11 21:10:30.478  1386  1386 I AdvertisingIdClient: getting error as 17: API: ClientTelemetry.API is not available on this device. Connection failed with: ConnectionResult{statusCode=API_DISABLED_FOR_CONNECTION, resolution=null, message=null}
03-11 21:10:30.493  1157  9161 I FusedOrientationManager: Unregistering orientation client. [CONTEXT service_id=6 ]
03-11 21:10:30.507  1157  1173 I FontLog : (REDACTED) Fetch %s end status %s
03-11 21:10:30.521  9301  9330 D TrafficStats: tagSocket(149) with statsTag=0xffffffff, statsUid=-1
03-11 21:10:30.535  1157  1173 I FontLog : (REDACTED) Pulling font file for id = %d, cache size = %d
03-11 21:10:30.556  1157  1173 I FontLog : (REDACTED) Pulling font file for id = %d, cache size = %d
03-11 21:10:30.561  1157  9195 I FrewleTileCacheManagerV: (REDACTED) Fetched %d AP models from cache
03-11 21:10:30.585  9301  9305 I p8_bartertrader: Compiler allocated 4206KB to compile void android.widget.TextView.<init>(android.content.Context, android.util.AttributeSet, int, int)
03-11 21:10:30.639   925  9360 D android.hardware.gnss-service.ranchu: GnssHwConn:workerThread:119
03-11 21:10:30.639   598   626 W AlarmManager: Unrecognized alarm listener com.android.server.location.gnss.GnssLocationProvider$$ExternalSyntheticLambda14@1c181df
03-11 21:10:30.639   598   626 W AlarmManager: Unrecognized alarm listener com.android.server.location.gnss.GnssLocationProvider$$ExternalSyntheticLambda13@6706e2c
03-11 21:10:30.657  2163  3638 I Finsky  : [109] arcf.L(185): Package com.google.android.gms is verified.
03-11 21:10:30.672  1157  1504 W GLSUser : [DeviceKeyStore] Cannot load key: Device key file not found.
03-11 21:10:30.672  1157  1504 W GLSUser : [DeviceKeyStore] Cannot load key: Device key file not found.
03-11 21:10:30.699  1386  9339 W FA-SVC  : Service response is missing Install Referrer install timestamp
03-11 21:10:30.721  2163  2163 I Finsky  : [2] zhu.onTrimMemory(11): Memory trim requested to level 40
03-11 21:10:30.724  2163  2163 I Finsky  : [2] adua.accept(139): Flushing in-memory image cache
03-11 21:10:30.798  9301  9330 W System  : Ignoring header X-Firebase-Locale because its value was null.
03-11 21:10:30.876  1157  3009 I cn_CronetUrlRequestContext: destroyNativeStreamLocked org.chromium.net.impl.CronetBidirectionalStream@14a4986
03-11 21:10:30.879  1157  9195 I FrewleTileCacheManagerV: (REDACTED) Fetched %d AP models from cache
03-11 21:10:30.884  1157  1683 I ActivityScheduler: nextTriggerTime: 2392492, in 196988ms, detectorType: 39, FULL_TYPE alarmWindowMillis: 80000
03-11 21:10:30.910  9301  9330 D FirebaseAuth: Notifying id token listeners about user ( TXImQm98VlUgP7vwEb6X5K6gyju2 ).
03-11 21:10:30.911  9301  9330 D FirebaseAuth: Notifying auth state listeners about user ( TXImQm98VlUgP7vwEb6X5K6gyju2 ).
03-11 21:10:30.913  9301  9301 D FirebaseTest: Test user signed in: testreset@gmail.com
03-11 21:10:31.026  9301  9305 I p8_bartertrader: Compiler allocated 5250KB to compile void android.view.ViewRootImpl.performTraversals()
03-11 21:10:31.048  1741  1741 I GmmNavBroadcastRec: canHotwordForGmm is false
03-11 21:10:31.067  1741  2033 I A       : NGA enabled in interactor.
03-11 21:10:31.372  5511  9328 I FA      : Application backgrounded at: timestamp_millis: 1741738229371
03-11 21:10:33.335  9301  9319 W Settings: Setting always_finish_activities has moved from android.provider.Settings.System to android.provider.Settings.Global, returning read-only value.
03-11 21:10:33.350   598  1835 V GrammaticalInflectionUtils: AttributionSource: android.content.AttributionSource@19434f67 does not have READ_SYSTEM_GRAMMATICAL_GENDER permission.
03-11 21:10:33.370   408   408 I BpBinder: onLastStrongRef automatically unlinking death recipients:
03-11 21:10:33.372  9301  9301 D LifecycleMonitor: Lifecycle status change: com.example.group8_bartertrader.SubmitForm@ac239b0 in: PAUSED
03-11 21:10:33.372  9301  9301 V ActivityScenario: Update currentActivityStage to PAUSED, currentActivity=com.example.group8_bartertrader.SubmitForm@ac239b0
03-11 21:10:33.373  9301  9301 V ActivityScenario: Activity lifecycle changed event received but ignored because the intent does not match. startActivityIntent=Intent { flg=0x10008000 cmp=com.example.group8_bartertrader/.SubmitForm (has extras) }, activity.getIntent()=Intent { act=android.intent.action.MAIN cat=[android.intent.category.LAUNCHER] flg=0x10008000 cmp=com.example.group8_bartertrader/.SubmitForm }, activity=com.example.group8_bartertrader.SubmitForm@ac239b0
03-11 21:10:33.417  9301  9301 D LifecycleMonitor: Lifecycle status change: com.example.group8_bartertrader.SubmitForm@f16ba3 in: PRE_ON_CREATE
03-11 21:10:33.417  9301  9301 V ActivityScenario: Activity lifecycle changed event received but ignored because the intent does not match. startActivityIntent=Intent { act=android.intent.action.MAIN cat=[android.intent.category.LAUNCHER] flg=0x10008000 cmp=com.example.group8_bartertrader/.SubmitForm }, activity.getIntent()=Intent { flg=0x10008000 cmp=com.example.group8_bartertrader/.SubmitForm (has extras) }, activity=com.example.group8_bartertrader.SubmitForm@f16ba3
03-11 21:10:33.418  9301  9301 V ActivityScenario: Activity lifecycle changed event received but ignored because the reported transition was not ON_CREATE while the last known transition was PRE_ON_CREATE
03-11 21:10:33.473  9301  9301 D LifecycleMonitor: Lifecycle status change: com.example.group8_bartertrader.SubmitForm@f16ba3 in: CREATED
03-11 21:10:33.474  9301  9301 V ActivityScenario: Activity lifecycle changed event received but ignored because the intent does not match. startActivityIntent=Intent { act=android.intent.action.MAIN cat=[android.intent.category.LAUNCHER] flg=0x10008000 cmp=com.example.group8_bartertrader/.SubmitForm }, activity.getIntent()=Intent { flg=0x10008000 cmp=com.example.group8_bartertrader/.SubmitForm (has extras) }, activity=com.example.group8_bartertrader.SubmitForm@f16ba3
03-11 21:10:33.474  9301  9301 V ActivityScenario: Update currentActivityStage to CREATED, currentActivity=com.example.group8_bartertrader.SubmitForm@f16ba3
03-11 21:10:33.479  9301  9301 D LifecycleMonitor: Lifecycle status change: com.example.group8_bartertrader.SubmitForm@f16ba3 in: STARTED
03-11 21:10:33.483  9301  9301 V ActivityScenario: Activity lifecycle changed event received but ignored because the intent does not match. startActivityIntent=Intent { act=android.intent.action.MAIN cat=[android.intent.category.LAUNCHER] flg=0x10008000 cmp=com.example.group8_bartertrader/.SubmitForm }, activity.getIntent()=Intent { flg=0x10008000 cmp=com.example.group8_bartertrader/.SubmitForm (has extras) }, activity=com.example.group8_bartertrader.SubmitForm@f16ba3
03-11 21:10:33.483  9301  9301 V ActivityScenario: Update currentActivityStage to STARTED, currentActivity=com.example.group8_bartertrader.SubmitForm@f16ba3
03-11 21:10:33.484  9301  9301 D LifecycleMonitor: Lifecycle status change: com.example.group8_bartertrader.SubmitForm@f16ba3 in: RESUMED
03-11 21:10:33.484  9301  9301 V ActivityScenario: Activity lifecycle changed event received but ignored because the intent does not match. startActivityIntent=Intent { act=android.intent.action.MAIN cat=[android.intent.category.LAUNCHER] flg=0x10008000 cmp=com.example.group8_bartertrader/.SubmitForm }, activity.getIntent()=Intent { flg=0x10008000 cmp=com.example.group8_bartertrader/.SubmitForm (has extras) }, activity=com.example.group8_bartertrader.SubmitForm@f16ba3
03-11 21:10:33.484  9301  9301 V ActivityScenario: Update currentActivityStage to RESUMED, currentActivity=com.example.group8_bartertrader.SubmitForm@f16ba3
03-11 21:10:33.527   882  1012 D EGL_emulation: app_time_stats: avg=1017.47ms min=2.31ms max=2892.42ms count=3
03-11 21:10:33.562  9301  9301 D VRI[SubmitForm]: visibilityChanged oldVisibility=true newVisibility=false
03-11 21:10:33.569   598   626 I ActivityTaskManager: Displayed com.example.group8_bartertrader/.SubmitForm for user 0: +226ms
03-11 21:10:33.589   882   951 W WindowOnBackDispatcher: sendCancelIfRunning: isInProgress=false callback=android.view.ViewRootImpl$$ExternalSyntheticLambda11@c29b609
03-11 21:10:33.591   598  1607 W InputManager-JNI: Input channel object '9215880 Splash Screen com.example.group8_bartertrader (client)' was disposed without first being removed with the input manager!
03-11 21:10:33.600   598   735 I ImeTracker: com.example.group8_bartertrader:4313ca3f: onRequestHide at ORIGIN_SERVER reason HIDE_UNSPECIFIED_WINDOW fromUser false
03-11 21:10:33.600   598   735 I ImeTracker: com.example.group8_bartertrader:4313ca3f: onCancelled at PHASE_SERVER_SHOULD_HIDE
03-11 21:10:33.603  9301  9319 W SurfaceComposerClient: Sync transaction timed out waiting for commit callback.
03-11 21:10:33.605  1409  1409 I GoogleInputMethodService: GoogleInputMethodService.onFinishInput():3157
03-11 21:10:33.610  1409  1409 I GoogleInputMethodService: GoogleInputMethodService.updateDeviceLockedStatus():2248 repeatCheckTimes = 0, locked = false
03-11 21:10:33.610  1409  1409 I GoogleInputMethodService: GoogleInputMethodService.onStartInput():1986 onStartInput(EditorInfo{EditorInfo{packageName=com.example.group8_bartertrader, inputType=0, inputTypeString=NULL, enableLearning=false, autoCorrection=false, autoComplete=false, imeOptions=0, privateImeOptions=null, actionName=UNSPECIFIED, actionLabel=null, initialSelStart=-1, initialSelEnd=-1, initialCapsMode=0, label=null, fieldId=0, fieldName=null, extras=null, hintText=null, hintLocales=[]}}, false)
03-11 21:10:33.611  1409  1409 I GoogleInputMethodService: GoogleInputMethodService.updateDeviceLockedStatus():2248 repeatCheckTimes = 1, locked = false
03-11 21:10:33.611  1409  1409 I AndroidIME: InputBundleManager.loadActiveInputBundleId():450 loadActiveInputBundleId: und-Latn-x-password, password
03-11 21:10:33.613  9301  9301 D LifecycleMonitor: Lifecycle status change: com.example.group8_bartertrader.SubmitForm@ac239b0 in: STOPPED
03-11 21:10:33.614  9301  9301 V ActivityScenario: Update currentActivityStage to STOPPED, currentActivity=com.example.group8_bartertrader.SubmitForm@ac239b0
03-11 21:10:33.614  9301  9301 V ActivityScenario: Activity lifecycle changed event received but ignored because the intent does not match. startActivityIntent=Intent { flg=0x10008000 cmp=com.example.group8_bartertrader/.SubmitForm (has extras) }, activity.getIntent()=Intent { act=android.intent.action.MAIN cat=[android.intent.category.LAUNCHER] flg=0x10008000 cmp=com.example.group8_bartertrader/.SubmitForm }, activity=com.example.group8_bartertrader.SubmitForm@ac239b0
03-11 21:10:33.617  9301  9301 D LifecycleMonitor: Lifecycle status change: com.example.group8_bartertrader.SubmitForm@ac239b0 in: DESTROYED
03-11 21:10:33.618  9301  9301 V ActivityScenario: Update currentActivityStage to DESTROYED, currentActivity=null
03-11 21:10:33.619  9301  9301 V ActivityScenario: Activity lifecycle changed event received but ignored because the intent does not match. startActivityIntent=Intent { flg=0x10008000 cmp=com.example.group8_bartertrader/.SubmitForm (has extras) }, activity.getIntent()=Intent { act=android.intent.action.MAIN cat=[android.intent.category.LAUNCHER] flg=0x10008000 cmp=com.example.group8_bartertrader/.SubmitForm }, activity=com.example.group8_bartertrader.SubmitForm@ac239b0
03-11 21:10:33.619  9301  9301 W WindowOnBackDispatcher: sendCancelIfRunning: isInProgress=false callback=android.view.ViewRootImpl$$ExternalSyntheticLambda11@963d413
03-11 21:10:33.623   598   869 W InputManager-JNI: Input channel object 'b2bcac1 com.example.group8_bartertrader/com.example.group8_bartertrader.SubmitForm (client)' was disposed without first being removed with the input manager!
03-11 21:10:33.633  9301  9319 I UiAutomation: Initialized for user 0 on display 0
03-11 21:10:33.653  1390  2255 I AiAiEcho: Settings changed for uri: content://settings/secure/accessibility_enabled
03-11 21:10:33.655   598   598 W IPCThreadState: Sending oneway calls to frozen process.
03-11 21:10:33.655   598   598 W IPCThreadState: Sending oneway calls to frozen process.
03-11 21:10:33.655   598   598 W IPCThreadState: Sending oneway calls to frozen process.
03-11 21:10:33.655   598   598 W IPCThreadState: Sending oneway calls to frozen process.
03-11 21:10:33.655   598   598 W IPCThreadState: Sending oneway calls to frozen process.
03-11 21:10:33.656   598   598 W IPCThreadState: Sending oneway calls to frozen process.
03-11 21:10:33.656   598   598 W IPCThreadState: Sending oneway calls to frozen process.
03-11 21:10:33.656   598   598 W IPCThreadState: Sending oneway calls to frozen process.
03-11 21:10:33.656   598   598 W IPCThreadState: Sending oneway calls to frozen process.
03-11 21:10:33.658  1390  1684 I AiAiEcho: Predicting[0]:  [CONTEXT sampling_count=5 ]
03-11 21:10:33.658  1390  1684 I AiAiEcho: EchoTargets:
03-11 21:10:33.658  1390  1684 I AiAiEcho: Filtered by AiAi flag check:
03-11 21:10:33.658  1390  1684 I AiAiEcho: [CONTEXT ratelimit_period="10 SECONDS" ]
03-11 21:10:33.668  1390  1684 I AiAiEcho: Ranked targets strategy: SORT, count: 0, ranking metadata:  [CONTEXT ratelimit_period="10 SECONDS" ]
03-11 21:10:33.674  1390  1684 I AiAiEcho: #remoteViewsTwiddler: feature disabled.
03-11 21:10:33.689  1390  1684 I AiAiEcho: Predicting[0]:  [CONTEXT sampling_count=5 ]
03-11 21:10:33.689  1741  2033 I A       : NGA enabled in interactor.
03-11 21:10:33.689  1390  1684 I AiAiEcho: EchoTargets:
03-11 21:10:33.689  1390  1684 I AiAiEcho: Filtered by AiAi flag check:
03-11 21:10:33.689  1390  1684 I AiAiEcho: [CONTEXT ratelimit_period="10 SECONDS" ]
03-11 21:10:33.689  1390  1684 I AiAiEcho: Ranked targets strategy: SORT, count: 0, ranking metadata:  [CONTEXT ratelimit_period="10 SECONDS" ]
03-11 21:10:33.690  1390  1684 I AiAiEcho: #remoteViewsTwiddler: feature disabled.
03-11 21:10:33.690  1390  1684 I AiAiEcho: Predicting[0]:  [CONTEXT sampling_count=5 ]
03-11 21:10:33.690  1390  1684 I AiAiEcho: EchoTargets:
03-11 21:10:33.690  1390  1684 I AiAiEcho: Filtered by AiAi flag check:
03-11 21:10:33.690  1390  1684 I AiAiEcho: [CONTEXT ratelimit_period="10 SECONDS" ]
03-11 21:10:33.690  1390  1684 I AiAiEcho: Ranked targets strategy: SORT, count: 0, ranking metadata:  [CONTEXT ratelimit_period="10 SECONDS" ]
03-11 21:10:33.690  1390  1684 I AiAiEcho: #remoteViewsTwiddler: feature disabled.
03-11 21:10:33.691  1390  1684 I AiAiEcho: #postPredictionTargets: Sending updates to UISurface media_data_manager with targets# 0 (types=[])
03-11 21:10:33.692  1741  2033 I A       : NGA enabled in interactor.
03-11 21:10:33.694  1390  1684 I AiAiEcho: #postPredictionTargets: Sending updates to UISurface lockscreen with targets# 0 (types=[])
03-11 21:10:33.697  1390  1684 I AiAiEcho: #postPredictionTargets: Sending updates to UISurface home with targets# 0 (types=[])
03-11 21:10:33.703   882   882 D SsMediaDataProvider: Forwarding Smartspace updates []
03-11 21:10:33.704   882   882 W PageIndicator: Total number of pages invalid: 0. Assuming 1 page.
03-11 21:10:33.714  1184  1184 D SsBaseTemplateCard: No text view can be set up
03-11 21:10:33.727  1184  1184 D SsBaseTemplateCard: Passed-in item info is null
03-11 21:10:33.728  1184  1184 D SsBaseTemplateCard: Passed-in item info is null
03-11 21:10:33.728  1184  1184 D SsBaseTemplateCard: Passed-in item info is null
03-11 21:10:33.728  1184  1184 I SsBaseTemplateCard: Secondary card pane is null
03-11 21:10:33.743  9301  9319 W FileTestStorage: Output properties is not supported.
03-11 21:10:33.746  9301  9319 I Tracing : Tracer added: class androidx.test.platform.tracing.AndroidXTracer
03-11 21:10:33.756  9301  9319 D EventInjectionStrategy: Creating injection strategy with input manager.
03-11 21:10:33.756  9301  9319 W p8_bartertrader: Accessing hidden method Landroid/hardware/input/InputManager;->getInstance()Landroid/hardware/input/InputManager; (unsupported, reflection, allowed)
03-11 21:10:33.759  9301  9319 W p8_bartertrader: Accessing hidden method Landroid/hardware/input/InputManager;->injectInputEvent(Landroid/view/InputEvent;I)Z (unsupported, reflection, allowed)
03-11 21:10:33.759  9301  9319 W p8_bartertrader: Accessing hidden field Landroid/hardware/input/InputManager;->INJECT_INPUT_EVENT_MODE_WAIT_FOR_FINISH:I (unsupported, reflection, allowed)
03-11 21:10:33.767  9301  9301 W p8_bartertrader: Accessing hidden method Landroid/os/MessageQueue;->next()Landroid/os/Message; (unsupported, reflection, allowed)
03-11 21:10:33.767  9301  9301 W p8_bartertrader: Accessing hidden field Landroid/os/MessageQueue;->mMessages:Landroid/os/Message; (unsupported, reflection, allowed)
03-11 21:10:33.767  9301  9301 W p8_bartertrader: Accessing hidden method Landroid/os/Message;->recycleUnchecked()V (unsupported, reflection, allowed)
03-11 21:10:33.770  9301  9301 I ViewInteraction: Performing 'replace text(Test Offer Item)' action on view view.getId() is <2131296651/com.example.group8_bartertrader:id/productName>
03-11 21:10:33.792  1409  1409 W AndroidSpellCheckerService: AndroidSpellCheckerService.initialize():73 initialize...
03-11 21:10:33.792  1409  1409 I ShortcutsDataManager: ShortcutsDataManager.onContentChanged():72 onContentChanged()
03-11 21:10:33.793  1409  1409 I ContactsDataManager: ContactsDataManager.onContentChanged():159 onContentChanged()
03-11 21:10:33.793  1409  1409 W AndroidSpellCheckerService: AndroidSpellCheckerService.initialize():83 initialize...done
03-11 21:10:33.798  1409  2608 I AndroidSpellCheckerService: AndroidSpellCheckerService.createSession():139 com.google.android.keyboard.client.delight5.LanguageIdentifier@8e6f27 is created
03-11 21:10:33.809  9301  9301 I AssistStructure: Flattened final assist data: 2508 bytes, containing 1 windows, 11 views
03-11 21:10:33.813  9301  9301 I ViewInteraction: Performing 'close keyboard' action on view view.getId() is <2131296651/com.example.group8_bartertrader:id/productName>
03-11 21:10:33.814  9301  9301 D IdlingRegistry: Registering idling resources: [androidx.test.espresso.action.CloseKeyboardAction$CloseKeyboardIdlingResult@59537b]
03-11 21:10:33.815  9301  9301 I ImeTracker: com.example.group8_bartertrader:2fd735d4: onRequestHide at ORIGIN_CLIENT reason HIDE_SOFT_INPUT fromUser false
03-11 21:10:33.817   598   735 I ImeTracker: com.example.group8_bartertrader:2fd735d4: onCancelled at PHASE_SERVER_SHOULD_HIDE
03-11 21:10:34.122  9301  9301 D IdlingRegistry: Unregistering idling resources: [androidx.test.espresso.action.CloseKeyboardAction$CloseKeyboardIdlingResult@59537b]
03-11 21:10:34.126  9301  9301 I ViewInteraction: Performing 'replace text(Test Offer Description)' action on view view.getId() is <2131296649/com.example.group8_bartertrader:id/productDescription>
03-11 21:10:34.135  1409  2608 I AndroidSpellCheckerService: AndroidSpellCheckerService.createSession():139 com.google.android.keyboard.client.delight5.LanguageIdentifier@1d3237d is created
03-11 21:10:34.138  9301  9301 I ViewInteraction: Performing 'close keyboard' action on view view.getId() is <2131296649/com.example.group8_bartertrader:id/productDescription>
03-11 21:10:34.140  9301  9301 D IdlingRegistry: Registering idling resources: [androidx.test.espresso.action.CloseKeyboardAction$CloseKeyboardIdlingResult@bc91344]
03-11 21:10:34.141  9301  9301 I ImeTracker: com.example.group8_bartertrader:5098ea07: onRequestHide at ORIGIN_CLIENT reason HIDE_SOFT_INPUT fromUser false
03-11 21:10:34.142   598   735 I ImeTracker: com.example.group8_bartertrader:5098ea07: onCancelled at PHASE_SERVER_SHOULD_HIDE
03-11 21:10:34.444  9301  9301 D IdlingRegistry: Unregistering idling resources: [androidx.test.espresso.action.CloseKeyboardAction$CloseKeyboardIdlingResult@bc91344]
03-11 21:10:34.457  9301  9319 W p8_bartertrader: Accessing hidden method Landroid/view/ViewConfiguration;->getDoubleTapMinTime()I (unsupported, reflection, allowed)
03-11 21:10:34.460  9301  9301 I ViewInteraction: Performing 'single click' action on view view.getId() is <2131296648/com.example.group8_bartertrader:id/productCategory>
03-11 21:10:34.592  9301  9329 D EGL_emulation: app_time_stats: avg=114.27ms min=1.47ms max=363.54ms count=9
03-11 21:10:34.692  9301  9403 D ProfileInstaller: Installing profile for com.example.group8_bartertrader
03-11 21:10:34.841  9301  9301 I ViewInteraction: Performing 'single click' action on view an instance of android.widget.TextView and view.getText() with or without transformation to match: is "Electronics"
03-11 21:10:34.965   403  3538 D audioserver: logFgsApiBegin: FGS Logger Transaction failed, -129
03-11 21:10:34.966   598   950 W AS.PlaybackActivityMon: No piid assigned for invalid/internal port id 15
03-11 21:10:35.602   598   779 D InetDiagMessage: Destroyed 0 sockets, proto=IPPROTO_TCP, family=AF_INET, states=14
03-11 21:10:35.606   598   779 D InetDiagMessage: Destroyed 0 sockets, proto=IPPROTO_TCP, family=AF_INET6, states=14
03-11 21:10:35.606   598   779 D InetDiagMessage: Destroyed live tcp sockets for uids={10101} in 6ms
03-11 21:10:35.610  9301  9329 D EGL_emulation: app_time_stats: avg=209.00ms min=17.16ms max=685.56ms count=5
03-11 21:10:35.613  9301  9329 D EGL_emulation: app_time_stats: avg=340.36ms min=15.24ms max=988.53ms count=3
03-11 21:10:35.613   598   630 I Choreographer: Skipped 37 frames!  The application may be doing too much work on its main thread.
03-11 21:10:35.614   403   531 W AudioFlinger: write blocked for 640 msecs, 4 delayed writes, thread 13
03-11 21:10:35.624  9301  9301 I Choreographer: Skipped 38 frames!  The application may be doing too much work on its main thread.
03-11 21:10:35.627  9301  9301 W WindowOnBackDispatcher: sendCancelIfRunning: isInProgress=false callback=android.view.ViewRootImpl$$ExternalSyntheticLambda11@bf8beba
03-11 21:10:35.636   598   950 W InputManager-JNI: Input channel object 'a84bc58 PopupWindow:3edcf4f (client)' was disposed without first being removed with the input manager!
03-11 21:10:35.644   598   735 I ImeTracker: com.example.group8_bartertrader:6ab1b4b5: onRequestHide at ORIGIN_SERVER reason HIDE_SAME_WINDOW_FOCUSED_WITHOUT_EDITOR fromUser false
03-11 21:10:35.644   598   735 I ImeTracker: com.example.group8_bartertrader:6ab1b4b5: onCancelled at PHASE_SERVER_SHOULD_HIDE
03-11 21:10:35.648  1409  1409 I GoogleInputMethodService: GoogleInputMethodService.onFinishInput():3157
03-11 21:10:35.650  1409  1409 I GoogleInputMethodService: GoogleInputMethodService.updateDeviceLockedStatus():2248 repeatCheckTimes = 0, locked = false
03-11 21:10:35.652  1409  1409 I GoogleInputMethodService: GoogleInputMethodService.onStartInput():1986 onStartInput(EditorInfo{EditorInfo{packageName=com.example.group8_bartertrader, inputType=0, inputTypeString=NULL, enableLearning=false, autoCorrection=false, autoComplete=false, imeOptions=0, privateImeOptions=null, actionName=UNSPECIFIED, actionLabel=null, initialSelStart=-1, initialSelEnd=-1, initialCapsMode=0, label=null, fieldId=0, fieldName=null, extras=null, hintText=null, hintLocales=[]}}, false)
03-11 21:10:35.655  1409  1409 I GoogleInputMethodService: GoogleInputMethodService.updateDeviceLockedStatus():2248 repeatCheckTimes = 1, locked = false
03-11 21:10:35.656  1409  1409 I AndroidIME: InputBundleManager.loadActiveInputBundleId():450 loadActiveInputBundleId: und-Latn-x-password, password
03-11 21:10:35.658  1409  1409 I ShortcutsDataManager: AbstractContentDataManager.startImportContentTask():240 startImportContentTask()
03-11 21:10:35.661  1409  2124 I ShortcutsDataManager: AbstractContentDataManager$ImportContentTask.doInBackground():255 doInBackground()
03-11 21:10:35.664  1409  2124 I PersonalDictionaryDataHandler: PersonalDictionaryDataHandler.beginProcess():114 LanguageTags = [en-US]
03-11 21:10:35.737  1409  2124 I ShortcutsDataManager: AbstractContentDataManager.importRecords():345 importRecords() : Success : Count = 0
03-11 21:10:35.741  9301  9301 I ViewInteraction: Performing 'single click' action on view view.getId() is <2131296479/com.example.group8_bartertrader:id/getLocationButton>
03-11 21:10:35.747  1409  2124 I ShortcutsDataManager: AbstractContentDataManager.importContentData():295 importContentData() : Ending import process
03-11 21:10:35.752  1409  2121 I Delight5Decoder: Delight5DecoderWrapper.unloadLanguageModel():943 unloadLanguageModel() : 4, version [n/a]
03-11 21:10:35.753   403   531 D audioserver: logFgsApiEnd: FGS Logger Transaction failed, -129
03-11 21:10:35.787   403  3533 D audioserver: logFgsApiBegin: FGS Logger Transaction failed, -129
03-11 21:10:35.787   598   964 W AS.PlaybackActivityMon: No piid assigned for invalid/internal port id 15
03-11 21:10:35.811  9301  9301 D LifecycleMonitor: Lifecycle status change: com.example.group8_bartertrader.SubmitForm@f16ba3 in: PAUSED
03-11 21:10:35.811  9301  9301 V ActivityScenario: Activity lifecycle changed event received but ignored because the intent does not match. startActivityIntent=Intent { act=android.intent.action.MAIN cat=[android.intent.category.LAUNCHER] flg=0x10008000 cmp=com.example.group8_bartertrader/.SubmitForm }, activity.getIntent()=Intent { flg=0x10008000 cmp=com.example.group8_bartertrader/.SubmitForm (has extras) }, activity=com.example.group8_bartertrader.SubmitForm@f16ba3
03-11 21:10:35.811  9301  9301 V ActivityScenario: Update currentActivityStage to PAUSED, currentActivity=com.example.group8_bartertrader.SubmitForm@f16ba3
03-11 21:10:35.819   403   531 D AudioFlinger: mixer(0xb400007bdda188e0) throttle end: throttle time(44)
03-11 21:10:35.819   408   408 I BpBinder: onLastStrongRef automatically unlinking death recipients:
03-11 21:10:35.882  1409  2124 I PersonalLanguageModelUpdater: PersonalLanguageModelUpdater$UpdateOperation.performInternal():165 run() : Added 0 words and 0 shortcuts
03-11 21:10:35.882  1409  2124 I DynamicLanguageModelOperation: DynamicLanguageModelOperation.perform():43 perform() : 4 : dxm : Completed
03-11 21:10:35.885  1409  2121 I Delight5Decoder: Delight5DecoderWrapper.loadLanguageModel():730 loadLanguageModel() : 4, version [n/a]
03-11 21:10:35.887  1409  2121 I Delight5Decoder: Delight5DecoderWrapper.loadLanguageModel():771 Loaded dynamic LM 4.en
03-11 21:10:35.890  1409  1409 I ShortcutsDataManager: AbstractContentDataManager$ImportContentTask.onPostExecute():266 onPostExecute() : Result = [2,0]
03-11 21:10:35.890  1409  1409 I ShortcutsDataManager: ShortcutsDataManager.onImportFinished():82 onImportFinished() : Result = 2 : Count = 0
03-11 21:10:36.001  5013  5856 I EGL_emulation: Opening libGLESv1_CM_emulation.so
03-11 21:10:36.006  5013  5856 I EGL_emulation: Opening libGLESv2_emulation.so
03-11 21:10:36.025   403   531 D audioserver: logFgsApiEnd: FGS Logger Transaction failed, -129
03-11 21:10:36.036  5013  5856 W HWUI    : Failed to choose config with EGL_SWAP_BEHAVIOR_PRESERVED, retrying without...
03-11 21:10:36.037  5013  5856 W HWUI    : Failed to initialize 101010-2 format, error = EGL_SUCCESS
03-11 21:10:36.075   598   626 I ActivityTaskManager: Displayed com.google.android.permissioncontroller/com.android.permissioncontroller.permission.ui.GrantPermissionsActivity for user 0: +259ms
03-11 21:10:36.098  9301  9301 W RootViewPicker: No activity currently resumed - waiting: 10ms for one to appear.
03-11 21:10:36.109  9301  9301 W RootViewPicker: No activity currently resumed - waiting: 50ms for one to appear.
03-11 21:10:36.139  1184  1732 D EGL_emulation: app_time_stats: avg=413784.16ms min=413784.16ms max=413784.16ms count=1
03-11 21:10:36.160  9301  9301 W RootViewPicker: No activity currently resumed - waiting: 100ms for one to appear.
03-11 21:10:36.240   598   735 I ImeTracker: com.google.android.permissioncontroller:e96556fd: onRequestHide at ORIGIN_SERVER reason HIDE_ALWAYS_HIDDEN_STATE fromUser false
03-11 21:10:36.240   598   735 I ImeTracker: com.google.android.permissioncontroller:e96556fd: onCancelled at PHASE_SERVER_SHOULD_HIDE
03-11 21:10:36.247  1409  1409 I GoogleInputMethodService: GoogleInputMethodService.onFinishInput():3157
03-11 21:10:36.249  1409  1409 I GoogleInputMethodService: GoogleInputMethodService.updateDeviceLockedStatus():2248 repeatCheckTimes = 0, locked = false
03-11 21:10:36.249  1409  1409 I GoogleInputMethodService: GoogleInputMethodService.onStartInput():1986 onStartInput(EditorInfo{EditorInfo{packageName=com.google.android.permissioncontroller, inputType=0, inputTypeString=NULL, enableLearning=false, autoCorrection=false, autoComplete=false, imeOptions=0, privateImeOptions=null, actionName=UNSPECIFIED, actionLabel=null, initialSelStart=-1, initialSelEnd=-1, initialCapsMode=0, label=null, fieldId=0, fieldName=null, extras=null, hintText=null, hintLocales=[]}}, false)
03-11 21:10:36.252  1409  1409 I GoogleInputMethodService: GoogleInputMethodService.updateDeviceLockedStatus():2248 repeatCheckTimes = 1, locked = false
03-11 21:10:36.252  1409  1409 I AndroidIME: InputBundleManager.loadActiveInputBundleId():450 loadActiveInputBundleId: und-Latn-x-password, password
03-11 21:10:36.261  9301  9301 W RootViewPicker: No activity currently resumed - waiting: 500ms for one to appear.
03-11 21:10:36.764  9301  9301 W RootViewPicker: No activity currently resumed - waiting: 2000ms for one to appear.
03-11 21:10:37.463  3737  7913 I artd    : Dex parent of /data/app/~~IpDfzShC4JabgRdOVkPRUw==/com.google.android.gms-DuCdpQNuAYEpjB6xHXY15g==/base.apk is not writable: Permission denied
03-11 21:10:37.463  3737  7913 I artd    : GetBestInfo checking odex in dalvik-cache (/data/dalvik-cache/arm64/data@app@~~IpDfzShC4JabgRdOVkPRUw==@com.google.android.gms-DuCdpQNuAYEpjB6xHXY15g==@base.apk@classes.dex)
03-11 21:10:37.463  3737  7913 I artd    : Loading /data/dalvik-cache/arm64/data@app@~~IpDfzShC4JabgRdOVkPRUw==@com.google.android.gms-DuCdpQNuAYEpjB6xHXY15g==@base.apk@classes.dex with executable: 0
03-11 21:10:37.463  3737  7913 I artd    : OatFileAssistant test for existing oat file /data/dalvik-cache/arm64/data@app@~~IpDfzShC4JabgRdOVkPRUw==@com.google.android.gms-DuCdpQNuAYEpjB6xHXY15g==@base.apk@classes.dex: File /data/dalvik-cache/arm64/data@app@~~IpDfzShC4JabgRdOVkPRUw==@com.google.android.gms-DuCdpQNuAYEpjB6xHXY15g==@base.apk@classes.vdex does not exist.
03-11 21:10:37.463  3737  7913 I artd    : GetBestInfo checking odex next to the dex file (/data/app/~~IpDfzShC4JabgRdOVkPRUw==/com.google.android.gms-DuCdpQNuAYEpjB6xHXY15g==/oat/arm64/base.odex)
03-11 21:10:37.463  3737  7913 I artd    : Loading /data/app/~~IpDfzShC4JabgRdOVkPRUw==/com.google.android.gms-DuCdpQNuAYEpjB6xHXY15g==/oat/arm64/base.odex with executable: 0
03-11 21:10:37.466  3737  7913 I artd    : Successfully loaded /data/app/~~IpDfzShC4JabgRdOVkPRUw==/com.google.android.gms-DuCdpQNuAYEpjB6xHXY15g==/oat/arm64/base.odex with executable: 0
03-11 21:10:37.466  3737  7913 I artd    : /data/app/~~IpDfzShC4JabgRdOVkPRUw==/com.google.android.gms-DuCdpQNuAYEpjB6xHXY15g==/oat/arm64/base.odex is kOatUpToDate with filter speed-profile
03-11 21:10:37.468  3737  7913 I artd    : Dex parent of /data/app/~~IpDfzShC4JabgRdOVkPRUw==/com.google.android.gms-DuCdpQNuAYEpjB6xHXY15g==/split_CronetDynamite_installtime.apk is not writable: Permission denied
03-11 21:10:37.468  3737  7913 I artd    : GetBestInfo checking odex in dalvik-cache (/data/dalvik-cache/arm64/data@app@~~IpDfzShC4JabgRdOVkPRUw==@com.google.android.gms-DuCdpQNuAYEpjB6xHXY15g==@split_CronetDynamite_installtime.apk@classes.dex)
03-11 21:10:37.468  3737  7913 I artd    : Loading /data/dalvik-cache/arm64/data@app@~~IpDfzShC4JabgRdOVkPRUw==@com.google.android.gms-DuCdpQNuAYEpjB6xHXY15g==@split_CronetDynamite_installtime.apk@classes.dex with executable: 0
03-11 21:10:37.468  3737  7913 I artd    : OatFileAssistant test for existing oat file /data/dalvik-cache/arm64/data@app@~~IpDfzShC4JabgRdOVkPRUw==@com.google.android.gms-DuCdpQNuAYEpjB6xHXY15g==@split_CronetDynamite_installtime.apk@classes.dex: File /data/dalvik-cache/arm64/data@app@~~IpDfzShC4JabgRdOVkPRUw==@com.google.android.gms-DuCdpQNuAYEpjB6xHXY15g==@split_CronetDynamite_installtime.apk@classes.vdex does not exist.
03-11 21:10:37.468  3737  7913 I artd    : GetBestInfo checking odex next to the dex file (/data/app/~~IpDfzShC4JabgRdOVkPRUw==/com.google.android.gms-DuCdpQNuAYEpjB6xHXY15g==/oat/arm64/split_CronetDynamite_installtime.odex)
03-11 21:10:37.468  3737  7913 I artd    : Loading /data/app/~~IpDfzShC4JabgRdOVkPRUw==/com.google.android.gms-DuCdpQNuAYEpjB6xHXY15g==/oat/arm64/split_CronetDynamite_installtime.odex with executable: 0
03-11 21:10:37.469  3737  7913 I artd    : Successfully loaded /data/app/~~IpDfzShC4JabgRdOVkPRUw==/com.google.android.gms-DuCdpQNuAYEpjB6xHXY15g==/oat/arm64/split_CronetDynamite_installtime.odex with executable: 0
03-11 21:10:37.469  3737  7913 I artd    : /data/app/~~IpDfzShC4JabgRdOVkPRUw==/com.google.android.gms-DuCdpQNuAYEpjB6xHXY15g==/oat/arm64/split_CronetDynamite_installtime.odex is kOatUpToDate with filter speed
03-11 21:10:37.470  3737  7913 I artd    : Dex parent of /data/app/~~IpDfzShC4JabgRdOVkPRUw==/com.google.android.gms-DuCdpQNuAYEpjB6xHXY15g==/split_DynamiteLoader_installtime.apk is not writable: Permission denied
03-11 21:10:37.470  3737  7913 I artd    : GetBestInfo checking odex in dalvik-cache (/data/dalvik-cache/arm64/data@app@~~IpDfzShC4JabgRdOVkPRUw==@com.google.android.gms-DuCdpQNuAYEpjB6xHXY15g==@split_DynamiteLoader_installtime.apk@classes.dex)
03-11 21:10:37.470  3737  7913 I artd    : Loading /data/dalvik-cache/arm64/data@app@~~IpDfzShC4JabgRdOVkPRUw==@com.google.android.gms-DuCdpQNuAYEpjB6xHXY15g==@split_DynamiteLoader_installtime.apk@classes.dex with executable: 0
03-11 21:10:37.470  3737  7913 I artd    : OatFileAssistant test for existing oat file /data/dalvik-cache/arm64/data@app@~~IpDfzShC4JabgRdOVkPRUw==@com.google.android.gms-DuCdpQNuAYEpjB6xHXY15g==@split_DynamiteLoader_installtime.apk@classes.dex: File /data/dalvik-cache/arm64/data@app@~~IpDfzShC4JabgRdOVkPRUw==@com.google.android.gms-DuCdpQNuAYEpjB6xHXY15g==@split_DynamiteLoader_installtime.apk@classes.vdex does not exist.
03-11 21:10:37.470  3737  7913 I artd    : GetBestInfo checking odex next to the dex file (/data/app/~~IpDfzShC4JabgRdOVkPRUw==/com.google.android.gms-DuCdpQNuAYEpjB6xHXY15g==/oat/arm64/split_DynamiteLoader_installtime.odex)
03-11 21:10:37.470  3737  7913 I artd    : Loading /data/app/~~IpDfzShC4JabgRdOVkPRUw==/com.google.android.gms-DuCdpQNuAYEpjB6xHXY15g==/oat/arm64/split_DynamiteLoader_installtime.odex with executable: 0
03-11 21:10:37.471  3737  7913 I artd    : Successfully loaded /data/app/~~IpDfzShC4JabgRdOVkPRUw==/com.google.android.gms-DuCdpQNuAYEpjB6xHXY15g==/oat/arm64/split_DynamiteLoader_installtime.odex with executable: 0
03-11 21:10:37.471  3737  7913 I artd    : /data/app/~~IpDfzShC4JabgRdOVkPRUw==/com.google.android.gms-DuCdpQNuAYEpjB6xHXY15g==/oat/arm64/split_DynamiteLoader_installtime.odex is kOatUpToDate with filter speed
03-11 21:10:37.472  3737  7913 I artd    : Dex parent of /data/app/~~IpDfzShC4JabgRdOVkPRUw==/com.google.android.gms-DuCdpQNuAYEpjB6xHXY15g==/split_DynamiteModulesA_installtime.apk is not writable: Permission denied
03-11 21:10:37.472  3737  7913 I artd    : GetBestInfo checking odex in dalvik-cache (/data/dalvik-cache/arm64/data@app@~~IpDfzShC4JabgRdOVkPRUw==@com.google.android.gms-DuCdpQNuAYEpjB6xHXY15g==@split_DynamiteModulesA_installtime.apk@classes.dex)
03-11 21:10:37.472  3737  7913 I artd    : Loading /data/dalvik-cache/arm64/data@app@~~IpDfzShC4JabgRdOVkPRUw==@com.google.android.gms-DuCdpQNuAYEpjB6xHXY15g==@split_DynamiteModulesA_installtime.apk@classes.dex with executable: 0
03-11 21:10:37.472  3737  7913 I artd    : OatFileAssistant test for existing oat file /data/dalvik-cache/arm64/data@app@~~IpDfzShC4JabgRdOVkPRUw==@com.google.android.gms-DuCdpQNuAYEpjB6xHXY15g==@split_DynamiteModulesA_installtime.apk@classes.dex: File /data/dalvik-cache/arm64/data@app@~~IpDfzShC4JabgRdOVkPRUw==@com.google.android.gms-DuCdpQNuAYEpjB6xHXY15g==@split_DynamiteModulesA_installtime.apk@classes.vdex does not exist.
03-11 21:10:37.472  3737  7913 I artd    : GetBestInfo checking odex next to the dex file (/data/app/~~IpDfzShC4JabgRdOVkPRUw==/com.google.android.gms-DuCdpQNuAYEpjB6xHXY15g==/oat/arm64/split_DynamiteModulesA_installtime.odex)
03-11 21:10:37.472  3737  7913 I artd    : Loading /data/app/~~IpDfzShC4JabgRdOVkPRUw==/com.google.android.gms-DuCdpQNuAYEpjB6xHXY15g==/oat/arm64/split_DynamiteModulesA_installtime.odex with executable: 0
